
> openclaw@2026.2.2 test:e2e C:\Users\rob_m\openclaw
> vitest run --config vitest.e2e.config.ts


[1m[46m RUN [49m[22m [36mv4.0.18 [39m[90mC:/Users/rob_m/openclaw[39m

[90mstdout[2m | src/gateway/server.chat.gateway-server-chat.e2e.test.ts
[22m[39m[ClarityBurst Config] Configuration loaded:
  Enabled: true
  Router URL: http://localhost:3001
  Router Timeout: 1200ms
  Log Level: info

[90mstdout[2m | src/gateway/server.config-patch.e2e.test.ts
[22m[39m[ClarityBurst Config] Configuration loaded:
  Enabled: true
  Router URL: http://localhost:3001
  Router Timeout: 1200ms
  Log Level: info

[90mstdout[2m | src/gateway/server.reload.e2e.test.ts
[22m[39m[ClarityBurst Config] Configuration loaded:
  Enabled: true
  Router URL: http://localhost:3001
  Router Timeout: 1200ms
  Log Level: info

[90mstdout[2m | src/gateway/server.health.e2e.test.ts
[22m[39m[ClarityBurst Config] Configuration loaded:
  Enabled: true
  Router URL: http://localhost:3001
  Router Timeout: 1200ms
  Log Level: info

[90mstdout[2m | src/gateway/server.chat.gateway-server-chat.e2e.test.ts
[22m[39m[ClarityBurst Config] Configuration loaded:
  Enabled: true
  Router URL: http://localhost:3001
  Router Timeout: 1200ms
  Log Level: info

 [31mΓ¥»[39m src/gateway/server.chat.gateway-server-chat.e2e.test.ts [2m([22m[2m3 tests[22m[2m | [22m[33m3 skipped[39m[2m)[22m[33m 118347[2mms[22m[39m
     [2m[90mΓåô[39m[22m handles chat send and history flows
     [2m[90mΓåô[39m[22m routes chat.send slash commands without agent runs
     [2m[90mΓåô[39m[22m agent events include sessionKey and agent.wait covers lifecycle flows
[90mstdout[2m | src/gateway/server.reload.e2e.test.ts[2m > [22m[2mgateway hot reload[2m > [22m[2mapplies hot reload actions and emits restart signal
[22m[39m[ClarityBurst Config] Configuration loaded:
  Enabled: true
  Router URL: http://localhost:3001
  Router Timeout: 1200ms
  Log Level: info

 [31mΓ¥»[39m src/gateway/server.reload.e2e.test.ts [2m([22m[2m2 tests[22m[2m | [22m[31m1 failed[39m[2m)[22m[33m 118768[2mms[22m[39m
[31m     [31m├ù[31m applies hot reload actions and emits restart signal[39m[33m 105848[2mms[22m[39m
     [32mΓ£ô[39m lists configured agents via agents.list RPC[32m 232[2mms[22m[39m
[90mstdout[2m | src/gateway/server.config-patch.e2e.test.ts
[22m[39m[ClarityBurst Config] Configuration loaded:
  Enabled: true
  Router URL: http://localhost:3001
  Router Timeout: 1200ms
  Log Level: info

[90mstdout[2m | src/gateway/server.roles-allowlist-update.e2e.test.ts
[22m[39m[ClarityBurst Config] Configuration loaded:
  Enabled: true
  Router URL: http://localhost:3001
  Router Timeout: 1200ms
  Log Level: info

 [31mΓ¥»[39m src/gateway/server.config-patch.e2e.test.ts [2m([22m[2m6 tests[22m[2m | [22m[33m6 skipped[39m[2m)[22m[33m 119197[2mms[22m[39m
     [2m[90mΓåô[39m[22m merges patches without clobbering unrelated config
     [2m[90mΓåô[39m[22m writes config, stores sentinel, and schedules restart
     [2m[90mΓåô[39m[22m requires base hash when config exists
     [2m[90mΓåô[39m[22m requires base hash for config.set when config exists
     [2m[90mΓåô[39m[22m filters sessions by agentId
     [2m[90mΓåô[39m[22m resolves and patches main alias to default agent main key
[90mstdout[2m | src/gateway/gateway.e2e.test.ts
[22m[39m[ClarityBurst Config] Configuration loaded:
  Enabled: true
  Router URL: http://localhost:3001
  Router Timeout: 1200ms
  Log Level: info

[90mstdout[2m | src/gateway/openai-http.e2e.test.ts
[22m[39m[ClarityBurst Config] Configuration loaded:
  Enabled: true
  Router URL: http://localhost:3001
  Router Timeout: 1200ms
  Log Level: info

[90mstdout[2m | src/gateway/server.health.e2e.test.ts
[22m[39m[ClarityBurst Config] Configuration loaded:
  Enabled: true
  Router URL: http://localhost:3001
  Router Timeout: 1200ms
  Log Level: info

 [31mΓ¥»[39m src/gateway/server.health.e2e.test.ts [2m([22m[2m8 tests[22m[2m | [22m[33m8 skipped[39m[2m)[22m[33m 120802[2mms[22m[39m
     [2m[90mΓåô[39m[22m connect + health + presence + status succeed
     [2m[90mΓåô[39m[22m broadcasts heartbeat events and serves last-heartbeat
     [2m[90mΓåô[39m[22m presence events carry seq + stateVersion
     [2m[90mΓåô[39m[22m agent events stream with seq
     [2m[90mΓåô[39m[22m shutdown event is broadcast on close
     [2m[90mΓåô[39m[22m presence broadcast reaches multiple clients
     [2m[90mΓåô[39m[22m presence includes client fingerprint
     [2m[90mΓåô[39m[22m cli connections are not tracked as instances
[90mstdout[2m | test/provider-timeout.e2e.test.ts
[22m[39m[ClarityBurst Config] Configuration loaded:
  Enabled: true
  Router URL: http://localhost:3001
  Router Timeout: 1200ms
  Log Level: info

[90mstdout[2m | src/gateway/server.roles-allowlist-update.e2e.test.ts
[22m[39m[ClarityBurst Config] Configuration loaded:
  Enabled: true
  Router URL: http://localhost:3001
  Router Timeout: 1200ms
  Log Level: info

 [31mΓ¥»[39m src/gateway/server.roles-allowlist-update.e2e.test.ts [2m([22m[2m3 tests[22m[2m | [22m[33m3 skipped[39m[2m)[22m[33m 179636[2mms[22m[39m
     [2m[90mΓåô[39m[22m enforces operator and node permissions
     [2m[90mΓåô[39m[22m writes sentinel and schedules restart
     [2m[90mΓåô[39m[22m enforces command allowlists across node clients
[90mstdout[2m | src/gateway/server.models-voicewake-misc.e2e.test.ts
[22m[39m[ClarityBurst Config] Configuration loaded:
  Enabled: true
  Router URL: http://localhost:3001
  Router Timeout: 1200ms
  Log Level: info

[90mstdout[2m | src/gateway/openai-http.e2e.test.ts
[22m[39m[ClarityBurst Config] Configuration loaded:
  Enabled: true
  Router URL: http://localhost:3001
  Router Timeout: 1200ms
  Log Level: info

 [31mΓ¥»[39m src/gateway/openai-http.e2e.test.ts [2m([22m[2m3 tests[22m[2m | [22m[33m3 skipped[39m[2m)[22m[33m 180105[2mms[22m[39m
     [2m[90mΓåô[39m[22m rejects when disabled (default + config)
     [2m[90mΓåô[39m[22m handles request validation and routing
     [2m[90mΓåô[39m[22m streams SSE chunks when stream=true
[90mstdout[2m | src/gateway/server.sessions-send.e2e.test.ts
[22m[39m[ClarityBurst Config] Configuration loaded:
  Enabled: true
  Router URL: http://localhost:3001
  Router Timeout: 1200ms
  Log Level: info

[90mstdout[2m | src/gateway/gateway.e2e.test.ts[2m > [22m[2mgateway e2e[2m > [22m[2mruns a mock OpenAI tool call end-to-end via gateway agent loop
[22m[39m[ClarityBurst Config] Configuration loaded:
  Enabled: true
  Router URL: http://localhost:3001
  Router Timeout: 1200ms
  Log Level: info

[90mstdout[2m | src/gateway/gateway.e2e.test.ts[2m > [22m[2mgateway e2e[2m > [22m[2mruns a mock OpenAI tool call end-to-end via gateway agent loop
[22m[39m[36m[heartbeat][39m [36mstarted[39m
[36m[gateway][39m [36magent model: anthropic/claude-opus-4-5[39m
[36m[gateway][39m [36mlistening on ws://127.0.0.1:35000 (PID 2260)[39m
[36m[gateway][39m [36mlistening on ws://[::1]:35000[39m
[36m[gateway][39m [36mlog file: \tmp\openclaw\openclaw-2026-02-18.log[39m

[90mstdout[2m | src/gateway/gateway.e2e.test.ts[2m > [22m[2mgateway e2e[2m > [22m[2mruns a mock OpenAI tool call end-to-end via gateway agent loop
[22m[39m[31m[gateway/channels][39m [36mskipping channel start (OPENCLAW_SKIP_CHANNELS=1 or OPENCLAW_SKIP_PROVIDERS=1)[39m

[90mstdout[2m | src/gateway/gateway.e2e.test.ts[2m > [22m[2mgateway e2e[2m > [22m[2mruns wizard over ws and writes auth token config
[22m[39m[36m[heartbeat][39m [36mstarted[39m
[36m[gateway][39m [36magent model: anthropic/claude-opus-4-5[39m
[36m[gateway][39m [36mlistening on ws://127.0.0.1:35008 (PID 2260)[39m
[36m[gateway][39m [36mlistening on ws://[::1]:35008[39m
[36m[gateway][39m [36mlog file: \tmp\openclaw\openclaw-2026-02-18.log[39m

[90mstdout[2m | src/gateway/gateway.e2e.test.ts[2m > [22m[2mgateway e2e[2m > [22m[2mruns wizard over ws and writes auth token config
[22m[39m[31m[gateway/channels][39m [36mskipping channel start (OPENCLAW_SKIP_CHANNELS=1 or OPENCLAW_SKIP_PROVIDERS=1)[39m

[90mstdout[2m | src/gateway/gateway.e2e.test.ts[2m > [22m[2mgateway e2e[2m > [22m[2mruns wizard over ws and writes auth token config
[22m[39m[36m[gateway][39m [36mdevice pairing auto-approved device=1efe1f42fd6d5cef8f1185826cf85444a67f8b084a23a92e23923dba9b54918e role=operator[39m

[90mstdout[2m | src/gateway/gateway.e2e.test.ts[2m > [22m[2mgateway e2e[2m > [22m[2mruns wizard over ws and writes auth token config
[22m[39m[36m[ws][39m [36mΓçä res Γ£ô sessions.patch 168ms conn=d98b8795ΓÇª6146 id=b4718765ΓÇª2382[39m

[90mstdout[2m | src/gateway/gateway.e2e.test.ts[2m > [22m[2mgateway e2e[2m > [22m[2mruns wizard over ws and writes auth token config
[22m[39m[36m[ws][39m [36mΓçä res Γ£ô wizard.next 75ms conn=11fd270fΓÇª1b7c id=47bb5757ΓÇª30fa[39m

[90mstdout[2m | src/gateway/gateway.e2e.test.ts[2m > [22m[2mgateway e2e[2m > [22m[2mruns wizard over ws and writes auth token config
[22m[39m[34m[gmail-watcher][39m [36mgmail watcher stopped[39m

[90mstdout[2m | src/gateway/gateway.e2e.test.ts[2m > [22m[2mgateway e2e[2m > [22m[2mruns wizard over ws and writes auth token config
[22m[39m[36m[heartbeat][39m [36mstarted[39m
[36m[gateway][39m [36magent model: anthropic/claude-opus-4-5[39m
[36m[gateway][39m [36mlistening on ws://127.0.0.1:35016 (PID 2260)[39m
[36m[gateway][39m [36mlistening on ws://[::1]:35016[39m
[36m[gateway][39m [36mlog file: \tmp\openclaw\openclaw-2026-02-18.log[39m

[90mstdout[2m | src/gateway/gateway.e2e.test.ts[2m > [22m[2mgateway e2e[2m > [22m[2mruns wizard over ws and writes auth token config
[22m[39m[31m[gateway/channels][39m [36mskipping channel start (OPENCLAW_SKIP_CHANNELS=1 or OPENCLAW_SKIP_PROVIDERS=1)[39m

node.exe : [90mstderr[2m | src/gateway/gateway.e2e.test.ts[2m > [22m[2mgateway e2e[2m > [22m[2mruns 
wizard over ws and writes auth token config
At C:\Users\rob_m\AppData\Roaming\npm\pnpm.ps1:24 char:5
+     & "node$exe"  "$basedir/node_modules/pnpm/bin/pnpm.cjs" $args
+     ~~~~~~~~~~~~~~~~~~~~~~~~~~~~~~~~~~~~~~~~~~~~~~~~~~~~~~~~~~~~~
    + CategoryInfo          : NotSpecified: ([90mstderr[2m...th token config:String) [], RemoteException
    + FullyQualifiedErrorId : NativeCommandError
 
[22m[39m[36m[ws][39m [33munauthorized conn=9ecae6da-2446-4a55-9548-50459ca7c73c remote=127.0.0.1 
client=vitest test vdev reason=token_missing[39m

[90mstderr[2m | src/gateway/gateway.e2e.test.ts[2m > [22m[2mgateway e2e[2m > [22m[2mruns wizard over 
ws and writes auth token config
[22m[39m[36m[ws][39m [33mclosed before connect conn=9ecae6da-2446-4a55-9548-50459ca7c73c 
remote=127.0.0.1 fwd=n/a origin=n/a host=127.0.0.1:35016 ua=n/a code=1008 reason=unauthorized: gateway token 
missing (provide gateway auth token)[39m

[90mstdout[2m | src/gateway/gateway.e2e.test.ts[2m > [22m[2mgateway e2e[2m > [22m[2mruns wizard over ws and writes auth token config
[22m[39m[36m[ws][39m [36mΓçä res Γ£ô agent 144ms runId=idem-b73721a6-4b07-4386-8dcb-f388d5559838 conn=d98b8795ΓÇª6146 id=b3456838ΓÇª3419[39m

[90mstdout[2m | src/gateway/gateway.e2e.test.ts[2m > [22m[2mgateway e2e[2m > [22m[2mruns wizard over ws and writes auth token config
[22m[39m[34m[gmail-watcher][39m [36mgmail watcher stopped[39m

 [31mΓ¥»[39m src/gateway/gateway.e2e.test.ts [2m([22m[2m2 tests[22m[2m | [22m[31m1 failed[39m[2m)[22m[33m 177366[2mms[22m[39m
[31m     [31m├ù[31m runs a mock OpenAI tool call end-to-end via gateway agent loop[39m[33m 176632[2mms[22m[39m
     [33m[2mΓ£ô[22m[39m runs wizard over ws and writes auth token config [33m 717[2mms[22m[39m
[90mstdout[2m | writeConsoleLine (C:\Users\rob_m\openclaw\src\logging\subsystem.ts:202:26)
[22m[39m[36m[ws][39m [36mΓçä res Γ£ù agent errorCode=UNAVAILABLE errorMessage=Error: ENOENT: no such file or directory, open 'C:\Users\rob_m\AppData\Local\Temp\openclaw-test-home-rD6Urs\.openclaw\workspace-dev\SOUL.md' runId=idem-b73721a6-4b07-4386-8dcb-f388d5559838 error=Error: ENOENT: no such file or directory, open 'C:\Users\rob_m\AppData\Local\Temp\openclaw-test-home-rD6Urs\.openclaw\workspace-dev\SOUL.md': code=ENOENT conn=d98b8795ΓÇª6146 id=b3456838ΓÇª3419[39m

[90mstdout[2m | writeConsoleLine (C:\Users\rob_m\openclaw\src\logging\subsystem.ts:202:26)
[22m[39m[34m[gmail-watcher][39m [36mgmail watcher stopped[39m

[90mstdout[2m | src/gateway/server.hooks.e2e.test.ts
[22m[39m[ClarityBurst Config] Configuration loaded:
  Enabled: true
  Router URL: http://localhost:3001
  Router Timeout: 1200ms
  Log Level: info

[90mstdout[2m | test/provider-timeout.e2e.test.ts[2m > [22m[2mprovider timeouts (e2e)[2m > [22m[2mfalls back when the primary provider aborts with a timeout-like AbortError
[22m[39m[ClarityBurst Config] Configuration loaded:
  Enabled: true
  Router URL: http://localhost:3001
  Router Timeout: 1200ms
  Log Level: info

[90mstdout[2m | test/provider-timeout.e2e.test.ts[2m > [22m[2mprovider timeouts (e2e)[2m > [22m[2mfalls back when the primary provider aborts with a timeout-like AbortError
[22m[39m[36m[heartbeat][39m [36mstarted[39m
[36m[gateway][39m [36magent model: primary/gpt-5.2[39m
[36m[gateway][39m [36mlistening on ws://127.0.0.1:37000 (PID 7268)[39m
[36m[gateway][39m [36mlistening on ws://[::1]:37000[39m
[36m[gateway][39m [36mlog file: \tmp\openclaw\openclaw-2026-02-18.log[39m

[90mstdout[2m | test/provider-timeout.e2e.test.ts[2m > [22m[2mprovider timeouts (e2e)[2m > [22m[2mfalls back when the primary provider aborts with a timeout-like AbortError
[22m[39m[35m[browser/service][39m [36mBrowser control service ready (profiles=2)[39m

[90mstdout[2m | test/provider-timeout.e2e.test.ts[2m > [22m[2mprovider timeouts (e2e)[2m > [22m[2mfalls back when the primary provider aborts with a timeout-like AbortError
[22m[39m[31m[gateway/channels][39m [36mskipping channel start (OPENCLAW_SKIP_CHANNELS=1 or OPENCLAW_SKIP_PROVIDERS=1)[39m

 [31mΓ¥»[39m test/provider-timeout.e2e.test.ts [2m([22m[2m1 test[22m[2m | [22m[31m1 failed[39m[2m)[22m[33m 178107[2mms[22m[39m
[31m     [31m├ù[31m falls back when the primary provider aborts with a timeout-like AbortError[39m[33m 178098[2mms[22m[39m
[90mstdout[2m | src/gateway/server.ios-client-id.e2e.test.ts
[22m[39m[ClarityBurst Config] Configuration loaded:
  Enabled: true
  Router URL: http://localhost:3001
  Router Timeout: 1200ms
  Log Level: info

[90mstdout[2m | src/gateway/server.sessions-send.e2e.test.ts
[22m[39m[ClarityBurst Config] Configuration loaded:
  Enabled: true
  Router URL: http://localhost:3001
  Router Timeout: 1200ms
  Log Level: info

 [31mΓ¥»[39m src/gateway/server.sessions-send.e2e.test.ts [2m([22m[2m4 tests[22m[2m | [22m[33m4 skipped[39m[2m)[22m[33m 156045[2mms[22m[39m
     [2m[90mΓåô[39m[22m returns reply when lifecycle ends before agent.wait
     [2m[90mΓåô[39m[22m finds session by label and sends message
     [2m[90mΓåô[39m[22m returns error when label not found
     [2m[90mΓåô[39m[22m returns error when neither sessionKey nor label provided
[90mstdout[2m | src/gateway/server.config-apply.e2e.test.ts
[22m[39m[ClarityBurst Config] Configuration loaded:
  Enabled: true
  Router URL: http://localhost:3001
  Router Timeout: 1200ms
  Log Level: info

[90mstdout[2m | src/gateway/server.models-voicewake-misc.e2e.test.ts
[22m[39m[ClarityBurst Config] Configuration loaded:
  Enabled: true
  Router URL: http://localhost:3001
  Router Timeout: 1200ms
  Log Level: info

[90mstdout[2m | src/gateway/server.hooks.e2e.test.ts[2m > [22m[2mgateway server hooks[2m > [22m[2mhandles auth, wake, and agent flows
[22m[39m[ClarityBurst Config] Configuration loaded:
  Enabled: true
  Router URL: http://localhost:3001
  Router Timeout: 1200ms
  Log Level: info

 [31mΓ¥»[39m src/gateway/server.models-voicewake-misc.e2e.test.ts [2m([22m[2m9 tests[22m[2m | [22m[33m9 skipped[39m[2m)[22m[33m 165323[2mms[22m[39m
     [2m[90mΓåô[39m[22m voicewake.get returns defaults and voicewake.set broadcasts
     [2m[90mΓåô[39m[22m pushes voicewake.changed to nodes on connect and on updates
     [2m[90mΓåô[39m[22m models.list returns model catalog
     [2m[90mΓåô[39m[22m models.list rejects unknown params
     [2m[90mΓåô[39m[22m hello-ok advertises the gateway port for canvas host
     [2m[90mΓåô[39m[22m send dedupes by idempotencyKey
     [2m[90mΓåô[39m[22m auto-enables configured channel plugins on startup
     [2m[90mΓåô[39m[22m refuses to start when port already bound
     [2m[90mΓåô[39m[22m releases port after close
 [31mΓ¥»[39m src/gateway/server.hooks.e2e.test.ts [2m([22m[2m1 test[22m[2m | [22m[31m1 failed[39m[2m)[22m[33m 161628[2mms[22m[39m
[31m     [31m├ù[31m handles auth, wake, and agent flows[39m[33m 156939[2mms[22m[39m
[90mstdout[2m | src/gateway/server.auth.e2e.test.ts
[22m[39m[ClarityBurst Config] Configuration loaded:
  Enabled: true
  Router URL: http://localhost:3001
  Router Timeout: 1200ms
  Log Level: info

[90mstdout[2m | src/gateway/server.chat.gateway-server-chat-b.e2e.test.ts
[22m[39m[ClarityBurst Config] Configuration loaded:
  Enabled: true
  Router URL: http://localhost:3001
  Router Timeout: 1200ms
  Log Level: info

[90mstdout[2m | src/gateway/server.ios-client-id.e2e.test.ts
[22m[39m[ClarityBurst Config] Configuration loaded:
  Enabled: true
  Router URL: http://localhost:3001
  Router Timeout: 1200ms
  Log Level: info

 [31mΓ¥»[39m src/gateway/server.ios-client-id.e2e.test.ts [2m([22m[2m2 tests[22m[2m | [22m[33m2 skipped[39m[2m)[22m[33m 162456[2mms[22m[39m
   [2m[90mΓåô[39m[22m accepts openclaw-ios as a valid gateway client id
   [2m[90mΓåô[39m[22m accepts openclaw-android as a valid gateway client id
[90mstdout[2m | src/gateway/server.agent.gateway-server-agent-a.e2e.test.ts
[22m[39m[ClarityBurst Config] Configuration loaded:
  Enabled: true
  Router URL: http://localhost:3001
  Router Timeout: 1200ms
  Log Level: info

[90mstdout[2m | src/gateway/server.agent.gateway-server-agent-a.e2e.test.ts
[22m[39m[34m[gmail-watcher][39m [36mgmail watcher stopped[39m

 [31mΓ¥»[39m src/gateway/server.agent.gateway-server-agent-a.e2e.test.ts [2m([22m[2m16 tests[22m[2m | [22m[31m1 failed[39m[2m)[22m[33m 5435[2mms[22m[39m
     [32mΓ£ô[39m agent marks implicit delivery when lastTo is stale[32m 72[2mms[22m[39m
     [32mΓ£ô[39m agent forwards sessionKey to agentCommand[32m 29[2mms[22m[39m
     [32mΓ£ô[39m agent derives sessionKey from agentId[32m 27[2mms[22m[39m
     [32mΓ£ô[39m agent rejects unknown reply channel[32m 15[2mms[22m[39m
     [32mΓ£ô[39m agent rejects mismatched agentId and sessionKey[32m 7[2mms[22m[39m
     [32mΓ£ô[39m agent forwards accountId to agentCommand[32m 29[2mms[22m[39m
     [32mΓ£ô[39m agent avoids lastAccountId when explicit to is provided[32m 32[2mms[22m[39m
     [32mΓ£ô[39m agent keeps explicit accountId when explicit to is provided[32m 23[2mms[22m[39m
     [32mΓ£ô[39m agent falls back to lastAccountId for implicit delivery[32m 24[2mms[22m[39m
[31m     [31m├ù[31m agent forwards image attachments as images[][39m[32m 38[2mms[22m[39m
     [32mΓ£ô[39m agent falls back to whatsapp when delivery requested and no last channel exists[32m 26[2mms[22m[39m
     [32mΓ£ô[39m agent routes main last-channel whatsapp[32m 24[2mms[22m[39m
     [32mΓ£ô[39m agent routes main last-channel telegram[32m 24[2mms[22m[39m
     [32mΓ£ô[39m agent routes main last-channel discord[32m 26[2mms[22m[39m
     [32mΓ£ô[39m agent routes main last-channel slack[32m 22[2mms[22m[39m
     [32mΓ£ô[39m agent routes main last-channel signal[32m 34[2mms[22m[39m
[90mstdout[2m | src/gateway/openresponses-http.e2e.test.ts
[22m[39m[ClarityBurst Config] Configuration loaded:
  Enabled: true
  Router URL: http://localhost:3001
  Router Timeout: 1200ms
  Log Level: info

[90mstdout[2m | src/gateway/server.auth.e2e.test.ts[2m > [22m[2mgateway server auth/connect[2m > [22m[2mdefault auth (token)
[22m[39m[ClarityBurst Config] Configuration loaded:
  Enabled: true
  Router URL: http://localhost:3001
  Router Timeout: 1200ms
  Log Level: info

[90mstdout[2m | src/gateway/server.auth.e2e.test.ts[2m > [22m[2mgateway server auth/connect[2m > [22m[2mpassword auth
[22m[39m[34m[gmail-watcher][39m [36mgmail watcher stopped[39m

[90mstderr[2m | src/gateway/server.auth.e2e.test.ts[2m > [22m[2mgateway server auth/connect[2m > 
[22m[2mpassword auth
[22m[39m[36m[ws][39m [33mclosed before connect conn=b9364c23-da63-4cc7-8ea3-a2988a920bb9 
remote=127.0.0.1 fwd=n/a origin=n/a host=127.0.0.1:43008 ua=n/a code=1008 reason=unauthorized: gateway 
password mismatch (provide gateway auth password)[39m

[90mstdout[2m | src/gateway/server.auth.e2e.test.ts[2m > [22m[2mgateway server auth/connect[2m > [22m[2mtoken auth
[22m[39m[36m[heartbeat][39m [36mstarted[39m
[36m[gateway][39m [36magent model: anthropic/claude-opus-4-5[39m
[36m[gateway][39m [36mlistening on ws://127.0.0.1:43016 (PID 12860)[39m
[36m[gateway][39m [36mlistening on ws://[::1]:43016[39m
[36m[gateway][39m [36mlog file: \tmp\openclaw\openclaw-2026-02-18.log[39m

[90mstdout[2m | src/gateway/server.auth.e2e.test.ts[2m > [22m[2mgateway server auth/connect[2m > [22m[2mtoken auth
[22m[39m[31m[gateway/channels][39m [36mskipping channel start (OPENCLAW_SKIP_CHANNELS=1 or OPENCLAW_SKIP_PROVIDERS=1)[39m

[90mstdout[2m | src/gateway/server.auth.e2e.test.ts[2m > [22m[2mgateway server auth/connect[2m > [22m[2mtoken auth
[22m[39m[34m[gmail-watcher][39m [36mgmail watcher stopped[39m

[90mstderr[2m | src/gateway/server.auth.e2e.test.ts[2m > [22m[2mgateway server auth/connect[2m > 
[22m[2mtoken auth
[22m[39m[36m[ws][39m [33mclosed before connect conn=56fe1d53-7099-4227-97a2-02995c879ddf 
remote=127.0.0.1 fwd=n/a origin=n/a host=127.0.0.1:43016 ua=n/a code=1008 reason=control ui requires HTTPS 
or localhost (secure context)[39m

[90mstdout[2m | src/gateway/server.auth.e2e.test.ts[2m > [22m[2mgateway server auth/connect[2m > [22m[2mtailscale auth
[22m[39m[36m[heartbeat][39m [36mstarted[39m
[36m[gateway][39m [36magent model: anthropic/claude-opus-4-5[39m
[36m[gateway][39m [36mlistening on ws://127.0.0.1:43024 (PID 12860)[39m
[36m[gateway][39m [36mlistening on ws://[::1]:43024[39m
[36m[gateway][39m [36mlog file: \tmp\openclaw\openclaw-2026-02-18.log[39m

[90mstdout[2m | src/gateway/server.auth.e2e.test.ts[2m > [22m[2mgateway server auth/connect[2m > [22m[2mtailscale auth
[22m[39m[31m[gateway/channels][39m [36mskipping channel start (OPENCLAW_SKIP_CHANNELS=1 or OPENCLAW_SKIP_PROVIDERS=1)[39m

[90mstdout[2m | src/gateway/server.auth.e2e.test.ts[2m > [22m[2mgateway server auth/connect[2m > [22m[2mtailscale auth
[22m[39m[34m[gmail-watcher][39m [36mgmail watcher stopped[39m

 [31mΓ¥»[39m src/gateway/server.auth.e2e.test.ts [2m([22m[2m20 tests[22m[2m | [22m[33m7 skipped[39m[2m)[22m[33m 156807[2mms[22m[39m
       [2m[90mΓåô[39m[22m closes silent handshakes after timeout
       [2m[90mΓåô[39m[22m connect (req) handshake returns hello-ok payload
       [2m[90mΓåô[39m[22m sends connect challenge on open
       [2m[90mΓåô[39m[22m rejects protocol mismatch
       [2m[90mΓåô[39m[22m rejects non-connect first request
       [2m[90mΓåô[39m[22m requires nonce when host is non-local
       [2m[90mΓåô[39m[22m invalid connect params surface in response and close reason
       [32mΓ£ô[39m accepts password auth when configured[32m 173[2mms[22m[39m
       [32mΓ£ô[39m rejects invalid password[32m 38[2mms[22m[39m
       [32mΓ£ô[39m rejects invalid token[32m 27[2mms[22m[39m
       [32mΓ£ô[39m returns control ui hint when token is missing[32m 18[2mms[22m[39m
       [32mΓ£ô[39m rejects control ui without device identity by default[32m 17[2mms[22m[39m
       [32mΓ£ô[39m requires device identity when only tailscale auth is available[32m 27[2mms[22m[39m
       [32mΓ£ô[39m allows shared token to skip device when tailscale auth is enabled[32m 28[2mms[22m[39m
     [32mΓ£ô[39m allows control ui without device identity when insecure auth is enabled[32m 81[2mms[22m[39m
     [32mΓ£ô[39m allows control ui with device identity when insecure auth is enabled[32m 87[2mms[22m[39m
     [32mΓ£ô[39m allows control ui with stale device identity when device auth is disabled[32m 83[2mms[22m[39m
     [32mΓ£ô[39m accepts device token auth for paired device[32m 95[2mms[22m[39m
     [32mΓ£ô[39m requires pairing for scope upgrades[32m 107[2mms[22m[39m
     [32mΓ£ô[39m rejects revoked device token[32m 76[2mms[22m[39m
[90mstdout[2m | src/gateway/server.sessions.gateway-server-sessions-a.e2e.test.ts
[22m[39m[ClarityBurst Config] Configuration loaded:
  Enabled: true
  Router URL: http://localhost:3001
  Router Timeout: 1200ms
  Log Level: info

[90mstdout[2m | src/gateway/server.config-apply.e2e.test.ts
[22m[39m[ClarityBurst Config] Configuration loaded:
  Enabled: true
  Router URL: http://localhost:3001
  Router Timeout: 1200ms
  Log Level: info

 [31mΓ¥»[39m src/gateway/server.config-apply.e2e.test.ts [2m([22m[2m2 tests[22m[2m | [22m[33m2 skipped[39m[2m)[22m[33m 171641[2mms[22m[39m
     [2m[90mΓåô[39m[22m writes config, stores sentinel, and schedules restart
     [2m[90mΓåô[39m[22m rejects invalid raw config
[90mstdout[2m | src/auto-reply/reply.triggers.trigger-handling.filters-usage-summary-current-model-provider.e2e.test.ts
[22m[39m[ClarityBurst Config] Configuration loaded:
  Enabled: true
  Router URL: http://localhost:3001
  Router Timeout: 1200ms
  Log Level: info

[90mstdout[2m | src/gateway/server.chat.gateway-server-chat-b.e2e.test.ts[2m > [22m[2mgateway server chat[2m > [22m[2mhandles history, abort, idempotency, and ordering flows
[22m[39m[ClarityBurst Config] Configuration loaded:
  Enabled: true
  Router URL: http://localhost:3001
  Router Timeout: 1200ms
  Log Level: info

[90mstderr[2m | src/gateway/server.chat.gateway-server-chat-b.e2e.test.ts
[22m[39m[36m[gateway][39m [31mparse/handle error: Error: ENOENT: no such file or directory, mkdir 
'C:\Users\rob_m\AppData\Local\Temp\openclaw-test-home-RC0zXF\.openclaw\devices'[39m
[36m[ws][39m [33mΓ£ù parse-error error=Error: ENOENT: no such file or directory, mkdir 
'C:\Users\rob_m\AppData\Local\Temp\openclaw-test-home-RC0zXF\.openclaw\devices': code=ENOENT 
conn=ef884001ΓÇªd43f[39m

 [31mΓ¥»[39m src/gateway/server.chat.gateway-server-chat-b.e2e.test.ts [2m([22m[2m1 test[22m[2m | [22m[31m1 failed[39m[2m)[22m[33m 173712[2mms[22m[39m
[31m     [31m├ù[31m handles history, abort, idempotency, and ordering flows[39m[33m 168817[2mms[22m[39m
[90mstderr[2m | writeConsoleLine (C:\Users\rob_m\openclaw\src\logging\subsystem.ts:200:27)
[22m[39m[36m[ws][39m [33mclosed before connect conn=ef884001-9873-4888-ac23-59b587e0d43f 
remote=127.0.0.1 fwd=n/a origin=n/a host=127.0.0.1:44000 ua=n/a code=1000 reason=n/a[39m

[90mstdout[2m | test/gateway.multi.e2e.test.ts
[22m[39m[ClarityBurst Config] Configuration loaded:
  Enabled: true
  Router URL: http://localhost:3001
  Router Timeout: 1200ms
  Log Level: info

 [31mΓ¥»[39m src/auto-reply/reply.triggers.trigger-handling.filters-usage-summary-current-model-provider.e2e.test.ts [2m([22m[2m8 tests[22m[2m | [22m[31m2 failed[39m[2m)[22m[33m 3703[2mms[22m[39m
     [33m[2mΓ£ô[22m[39m filters usage summary to the current model provider [33m 645[2mms[22m[39m
     [33m[2mΓ£ô[22m[39m emits /status once (no duplicate inline + final) [33m 430[2mms[22m[39m
     [33m[2mΓ£ô[22m[39m sets per-response usage footer via /usage [33m 446[2mms[22m[39m
[31m     [31m├ù[31m cycles /usage modes and persists to the session store[39m[33m 419[2mms[22m[39m
[31m     [31m├ù[31m treats /usage on as tokens (back-compat)[39m[33m 435[2mms[22m[39m
     [33m[2mΓ£ô[22m[39m sends one inline status and still returns agent reply for mixed text [33m 793[2mms[22m[39m
     [32mΓ£ô[39m aborts even with timestamp prefix[32m 92[2mms[22m[39m
     [33m[2mΓ£ô[22m[39m handles /stop without invoking the agent [33m 439[2mms[22m[39m
[90mstdout[2m | src/auto-reply/reply.directive.directive-behavior.applies-inline-reasoning-mixed-messages-acks-immediately.e2e.test.ts
[22m[39m[ClarityBurst Config] Configuration loaded:
  Enabled: true
  Router URL: http://localhost:3001
  Router Timeout: 1200ms
  Log Level: info

 [31mΓ¥»[39m test/gateway.multi.e2e.test.ts [2m([22m[2m1 test[22m[2m | [22m[31m1 failed[39m[2m)[22m[33m 3409[2mms[22m[39m
[31m     [31m├ù[31m spins up two gateways and exercises WS + HTTP + node pairing[39m[33m 3405[2mms[22m[39m
[90mstdout[2m | test/media-understanding.auto.e2e.test.ts
[22m[39m[ClarityBurst Config] Configuration loaded:
  Enabled: true
  Router URL: http://localhost:3001
  Router Timeout: 1200ms
  Log Level: info

[90mstdout[2m | test/media-understanding.auto.e2e.test.ts[2m > [22m[2mmedia understanding auto-detect (e2e)[2m > [22m[2muses sherpa-onnx-offline when available
[22m[39m[ClarityBurst Config] Configuration loaded:
  Enabled: true
  Router URL: http://localhost:3001
  Router Timeout: 1200ms
  Log Level: info

[90mstdout[2m | src/gateway/openresponses-http.e2e.test.ts
[22m[39m[ClarityBurst Config] Configuration loaded:
  Enabled: true
  Router URL: http://localhost:3001
  Router Timeout: 1200ms
  Log Level: info

 [31mΓ¥»[39m src/gateway/openresponses-http.e2e.test.ts [2m([22m[2m3 tests[22m[2m | [22m[33m3 skipped[39m[2m)[22m[33m 172444[2mms[22m[39m
     [2m[90mΓåô[39m[22m rejects when disabled (default + config)
     [2m[90mΓåô[39m[22m handles OpenResponses request parsing and validation
     [2m[90mΓåô[39m[22m streams OpenResponses SSE events
[90mstdout[2m | src/auto-reply/reply.directive.directive-behavior.lists-allowlisted-models-model-list.e2e.test.ts
[22m[39m[ClarityBurst Config] Configuration loaded:
  Enabled: true
  Router URL: http://localhost:3001
  Router Timeout: 1200ms
  Log Level: info

[90mstdout[2m | test/media-understanding.auto.e2e.test.ts[2m > [22m[2mmedia understanding auto-detect (e2e)[2m > [22m[2muses whisper-cli when sherpa is missing
[22m[39m[ClarityBurst Config] Configuration loaded:
  Enabled: true
  Router URL: http://localhost:3001
  Router Timeout: 1200ms
  Log Level: info

[90mstdout[2m | test/media-understanding.auto.e2e.test.ts[2m > [22m[2mmedia understanding auto-detect (e2e)[2m > [22m[2muses gemini CLI for images when available
[22m[39m[ClarityBurst Config] Configuration loaded:
  Enabled: true
  Router URL: http://localhost:3001
  Router Timeout: 1200ms
  Log Level: info

 [31mΓ¥»[39m test/media-understanding.auto.e2e.test.ts [2m([22m[2m3 tests[22m[2m | [22m[31m3 failed[39m[2m)[22m[33m 3236[2mms[22m[39m
[31m     [31m├ù[31m uses sherpa-onnx-offline when available[39m[33m 2611[2mms[22m[39m
[31m     [31m├ù[31m uses whisper-cli when sherpa is missing[39m[33m 336[2mms[22m[39m
[31m     [31m├ù[31m uses gemini CLI for images when available[39m[32m 283[2mms[22m[39m
[90mstdout[2m | src/auto-reply/reply.directive.directive-behavior.updates-tool-verbose-during-flight-run-toggle.e2e.test.ts
[22m[39m[ClarityBurst Config] Configuration loaded:
  Enabled: true
  Router URL: http://localhost:3001
  Router Timeout: 1200ms
  Log Level: info

 [31mΓ¥»[39m src/auto-reply/reply.directive.directive-behavior.applies-inline-reasoning-mixed-messages-acks-immediately.e2e.test.ts [2m([22m[2m6 tests[22m[2m | [22m[31m1 failed[39m[2m)[22m[33m 4149[2mms[22m[39m
     [33m[2mΓ£ô[22m[39m applies inline reasoning in mixed messages and acks immediately [33m 1064[2mms[22m[39m
     [33m[2mΓ£ô[22m[39m keeps reasoning acks for rapid mixed directives [33m 1427[2mms[22m[39m
     [33m[2mΓ£ô[22m[39m acks verbose directive immediately with system marker [33m 440[2mms[22m[39m
[31m     [31m├ù[31m persists verbose off when directive is standalone[39m[33m 475[2mms[22m[39m
     [33m[2mΓ£ô[22m[39m shows current think level when /think has no argument [33m 348[2mms[22m[39m
     [33m[2mΓ£ô[22m[39m shows off when /think has no argument and no default set [33m 388[2mms[22m[39m
[90mstdout[2m | src/auto-reply/reply.directive.directive-behavior.shows-current-verbose-level-verbose-has-no.e2e.test.ts
[22m[39m[ClarityBurst Config] Configuration loaded:
  Enabled: true
  Router URL: http://localhost:3001
  Router Timeout: 1200ms
  Log Level: info

[90mstderr[2m | src/auto-reply/reply.directive.directive-behavior.updates-tool-verbose-during-flight-run-to
ggle.e2e.test.ts[2m > [22m[2mdirective behavior[2m > [22m[2mupdates tool verbose during an in-flight 
run (toggle on)
[22m[39mEmbedded agent failed before reply: expected false to be true // Object.is equality

 [31mΓ¥»[39m src/auto-reply/reply.directive.directive-behavior.lists-allowlisted-models-model-list.e2e.test.ts [2m([22m[2m7 tests[22m[2m | [22m[31m3 failed[39m[2m)[22m[33m 2890[2mms[22m[39m
     [33m[2mΓ£ô[22m[39m aliases /model list to /models [33m 535[2mms[22m[39m
     [33m[2mΓ£ô[22m[39m shows current model when catalog is unavailable [33m 327[2mms[22m[39m
     [33m[2mΓ£ô[22m[39m includes catalog providers when no allowlist is set [33m 306[2mms[22m[39m
[31m     [31m├ù[31m lists config-only providers when catalog is present[39m[33m 393[2mms[22m[39m
     [33m[2mΓ£ô[22m[39m does not repeat missing auth labels on /model list [33m 539[2mms[22m[39m
[31m     [31m├ù[31m sets model override on /model directive[39m[33m 394[2mms[22m[39m
[31m     [31m├ù[31m supports model aliases on /model directive[39m[33m 391[2mms[22m[39m
[90mstdout[2m | src/auto-reply/reply.directive.directive-behavior.supports-fuzzy-model-matches-model-directive.e2e.test.ts
[22m[39m[ClarityBurst Config] Configuration loaded:
  Enabled: true
  Router URL: http://localhost:3001
  Router Timeout: 1200ms
  Log Level: info

[90mstderr[2m | src/auto-reply/reply.directive.directive-behavior.updates-tool-verbose-during-flight-run-to
ggle.e2e.test.ts[2m > [22m[2mdirective behavior[2m > [22m[2mupdates tool verbose during an in-flight 
run (toggle off)
[22m[39mEmbedded agent failed before reply: expected false to be true // Object.is equality

 [31mΓ¥»[39m src/auto-reply/reply.directive.directive-behavior.updates-tool-verbose-during-flight-run-toggle.e2e.test.ts [2m([22m[2m4 tests[22m[2m | [22m[31m2 failed[39m[2m)[22m[33m 2538[2mms[22m[39m
[31m     [31m├ù[31m updates tool verbose during an in-flight run (toggle on)[39m[33m 743[2mms[22m[39m
[31m     [31m├ù[31m updates tool verbose during an in-flight run (toggle off)[39m[33m 819[2mms[22m[39m
     [33m[2mΓ£ô[22m[39m shows summary on /model [33m 429[2mms[22m[39m
     [33m[2mΓ£ô[22m[39m lists allowlisted models on /model status [33m 540[2mms[22m[39m
[90mstdout[2m | src/auto-reply/reply.directive.directive-behavior.returns-status-alongside-directive-only-acks.e2e.test.ts
[22m[39m[ClarityBurst Config] Configuration loaded:
  Enabled: true
  Router URL: http://localhost:3001
  Router Timeout: 1200ms
  Log Level: info

 [31mΓ¥»[39m src/auto-reply/reply.directive.directive-behavior.shows-current-verbose-level-verbose-has-no.e2e.test.ts [2m([22m[2m6 tests[22m[2m | [22m[31m1 failed[39m[2m)[22m[33m 3104[2mms[22m[39m
     [33m[2mΓ£ô[22m[39m shows current verbose level when /verbose has no argument [33m 709[2mms[22m[39m
     [33m[2mΓ£ô[22m[39m shows current reasoning level when /reasoning has no argument [33m 429[2mms[22m[39m
     [33m[2mΓ£ô[22m[39m shows current elevated level when /elevated has no argument [33m 379[2mms[22m[39m
     [33m[2mΓ£ô[22m[39m shows current exec defaults when /exec has no argument [33m 352[2mms[22m[39m
[31m     [31m├ù[31m persists elevated off and reflects it in /status (even when default is on)[39m[33m 398[2mms[22m[39m
     [33m[2mΓ£ô[22m[39m strips inline elevated directives from the user text (does not persist session override) [33m 832[2mms[22m[39m
[90mstdout[2m | src/auto-reply/reply.triggers.trigger-handling.keeps-inline-status-unauthorized-senders.e2e.test.ts
[22m[39m[ClarityBurst Config] Configuration loaded:
  Enabled: true
  Router URL: http://localhost:3001
  Router Timeout: 1200ms
  Log Level: info

 [31mΓ¥»[39m src/auto-reply/reply.directive.directive-behavior.supports-fuzzy-model-matches-model-directive.e2e.test.ts [2m([22m[2m5 tests[22m[2m | [22m[31m5 failed[39m[2m)[22m[33m 2131[2mms[22m[39m
[31m     [31m├ù[31m supports fuzzy model matches on /model directive[39m[33m 682[2mms[22m[39m
[31m     [31m├ù[31m resolves provider-less exact model ids via fuzzy matching when unambiguous[39m[33m 397[2mms[22m[39m
[31m     [31m├ù[31m supports fuzzy matches within a provider on /model provider/model[39m[33m 355[2mms[22m[39m
[31m     [31m├ù[31m picks the best fuzzy match when multiple models match[39m[33m 346[2mms[22m[39m
[31m     [31m├ù[31m picks the best fuzzy match within a provider[39m[33m 346[2mms[22m[39m
[90mstdout[2m | src/auto-reply/reply.triggers.trigger-handling.shows-quick-model-picker-grouped-by-model.e2e.test.ts
[22m[39m[ClarityBurst Config] Configuration loaded:
  Enabled: true
  Router URL: http://localhost:3001
  Router Timeout: 1200ms
  Log Level: info

 [31mΓ¥»[39m src/auto-reply/reply.directive.directive-behavior.returns-status-alongside-directive-only-acks.e2e.test.ts [2m([22m[2m5 tests[22m[2m | [22m[31m3 failed[39m[2m)[22m[33m 2563[2mms[22m[39m
[31m     [31m├ù[31m returns status alongside directive-only acks[39m[33m 567[2mms[22m[39m
     [33m[2mΓ£ô[22m[39m shows elevated off in status when per-agent elevated is disabled [33m 374[2mms[22m[39m
[31m     [31m├ù[31m acks queue directive and persists override[39m[33m 384[2mms[22m[39m
[31m     [31m├ù[31m persists queue options when directive is standalone[39m[33m 419[2mms[22m[39m
     [33m[2mΓ£ô[22m[39m resets queue mode to default [33m 803[2mms[22m[39m
[90mstdout[2m | src/auto-reply/reply.directive.directive-behavior.shows-current-elevated-level-as-off-after.e2e.test.ts
[22m[39m[ClarityBurst Config] Configuration loaded:
  Enabled: true
  Router URL: http://localhost:3001
  Router Timeout: 1200ms
  Log Level: info

 [31mΓ¥»[39m src/auto-reply/reply.triggers.trigger-handling.keeps-inline-status-unauthorized-senders.e2e.test.ts [2m([22m[2m4 tests[22m[2m | [22m[31m2 failed[39m[2m)[22m[33m 2396[2mms[22m[39m
     [33m[2mΓ£ô[22m[39m keeps inline /status for unauthorized senders [33m 854[2mms[22m[39m
     [33m[2mΓ£ô[22m[39m keeps inline /help for unauthorized senders [33m 725[2mms[22m[39m
[31m     [31m├ù[31m returns help without invoking the agent[39m[33m 402[2mms[22m[39m
[31m     [31m├ù[31m allows owner to set send policy[39m[33m 411[2mms[22m[39m
[90mstdout[2m | src/auto-reply/reply.directive.directive-behavior.prefers-alias-matches-fuzzy-selection-is-ambiguous.e2e.test.ts
[22m[39m[ClarityBurst Config] Configuration loaded:
  Enabled: true
  Router URL: http://localhost:3001
  Router Timeout: 1200ms
  Log Level: info

 [31mΓ¥»[39m src/auto-reply/reply.triggers.trigger-handling.shows-quick-model-picker-grouped-by-model.e2e.test.ts [2m([22m[2m6 tests[22m[2m | [22m[31m2 failed[39m[2m)[22m[33m 2405[2mms[22m[39m
     [33m[2mΓ£ô[22m[39m shows a /model summary and points to /models [33m 575[2mms[22m[39m
     [33m[2mΓ£ô[22m[39m aliases /model list to /models [33m 377[2mms[22m[39m
[31m     [31m├ù[31m selects the exact provider/model pair for openrouter[39m[33m 380[2mms[22m[39m
     [33m[2mΓ£ô[22m[39m rejects invalid /model <#> selections [33m 352[2mms[22m[39m
     [33m[2mΓ£ô[22m[39m resets to the default model via /model <provider/model> [33m 347[2mms[22m[39m
[31m     [31m├ù[31m selects a model via /model <provider/model>[39m[33m 367[2mms[22m[39m
[90mstdout[2m | src/auto-reply/reply.triggers.trigger-handling.includes-error-cause-embedded-agent-throws.e2e.test.ts
[22m[39m[ClarityBurst Config] Configuration loaded:
  Enabled: true
  Router URL: http://localhost:3001
  Router Timeout: 1200ms
  Log Level: info

 [31mΓ¥»[39m src/auto-reply/reply.directive.directive-behavior.shows-current-elevated-level-as-off-after.e2e.test.ts [2m([22m[2m3 tests[22m[2m | [22m[31m2 failed[39m[2m)[22m[33m 2269[2mms[22m[39m
[31m     [31m├ù[31m shows current elevated level as off after toggling it off[39m[33m 870[2mms[22m[39m
[31m     [31m├ù[31m can toggle elevated off then back on (status reflects on)[39m[33m 1073[2mms[22m[39m
     [33m[2mΓ£ô[22m[39m rejects per-agent elevated when disabled [33m 324[2mms[22m[39m
[90mstdout[2m | src/auto-reply/reply.triggers.trigger-handling.ignores-inline-elevated-directive-unapproved-sender.e2e.test.ts
[22m[39m[ClarityBurst Config] Configuration loaded:
  Enabled: true
  Router URL: http://localhost:3001
  Router Timeout: 1200ms
  Log Level: info

 [31mΓ¥»[39m src/auto-reply/reply.directive.directive-behavior.prefers-alias-matches-fuzzy-selection-is-ambiguous.e2e.test.ts [2m([22m[2m5 tests[22m[2m | [22m[31m2 failed[39m[2m)[22m[33m 2174[2mms[22m[39m
[31m     [31m├ù[31m prefers alias matches when fuzzy selection is ambiguous[39m[33m 626[2mms[22m[39m
[31m     [31m├ù[31m stores auth profile overrides on /model directive[39m[33m 405[2mms[22m[39m
     [33m[2mΓ£ô[22m[39m queues a system event when switching models [33m 369[2mms[22m[39m
     [33m[2mΓ£ô[22m[39m queues a system event when toggling elevated [33m 361[2mms[22m[39m
     [33m[2mΓ£ô[22m[39m queues a system event when toggling reasoning [33m 408[2mms[22m[39m
[90mstdout[2m | src/auto-reply/reply.triggers.trigger-handling.runs-compact-as-gated-command.e2e.test.ts
[22m[39m[ClarityBurst Config] Configuration loaded:
  Enabled: true
  Router URL: http://localhost:3001
  Router Timeout: 1200ms
  Log Level: info

[90mstderr[2m | 
src/auto-reply/reply.triggers.trigger-handling.includes-error-cause-embedded-agent-throws.e2e.test.ts[2m > 
[22m[2mtrigger handling[2m > [22m[2mincludes the error cause when the embedded agent throws
[22m[39mEmbedded agent failed before reply: sandbox is not defined.

 [31mΓ¥»[39m src/auto-reply/reply.triggers.trigger-handling.includes-error-cause-embedded-agent-throws.e2e.test.ts [2m([22m[2m5 tests[22m[2m | [22m[31m1 failed[39m[2m)[22m[33m 2624[2mms[22m[39m
     [33m[2mΓ£ô[22m[39m includes the error cause when the embedded agent throws [33m 606[2mms[22m[39m
     [33m[2mΓ£ô[22m[39m uses heartbeat model override for heartbeat runs [33m 455[2mms[22m[39m
     [33m[2mΓ£ô[22m[39m suppresses HEARTBEAT_OK replies outside heartbeat runs [33m 434[2mms[22m[39m
     [33m[2mΓ£ô[22m[39m strips HEARTBEAT_OK at edges outside heartbeat runs [33m 573[2mms[22m[39m
[31m     [31m├ù[31m updates group activation when the owner sends /activation[39m[33m 551[2mms[22m[39m
[90mstdout[2m | src/auto-reply/reply.triggers.trigger-handling.targets-active-session-native-stop.e2e.test.ts
[22m[39m[ClarityBurst Config] Configuration loaded:
  Enabled: true
  Router URL: http://localhost:3001
  Router Timeout: 1200ms
  Log Level: info

[90mstderr[2m | src/auto-reply/reply.triggers.trigger-handling.ignores-inline-elevated-directive-unapproved
-sender.e2e.test.ts[2m > [22m[2mtrigger handling[2m > [22m[2mreturns a context overflow fallback when 
the embedded agent throws
[22m[39mEmbedded agent failed before reply: Context window exceeded

 [31mΓ¥»[39m src/auto-reply/reply.triggers.trigger-handling.ignores-inline-elevated-directive-unapproved-sender.e2e.test.ts [2m([22m[2m4 tests[22m[2m | [22m[31m1 failed[39m[2m)[22m[33m 2176[2mms[22m[39m
     [33m[2mΓ£ô[22m[39m ignores inline elevated directive for unapproved sender [33m 980[2mms[22m[39m
[31m     [31m├ù[31m uses tools.elevated.allowFrom.discord for elevated approval[39m[33m 417[2mms[22m[39m
     [33m[2mΓ£ô[22m[39m treats explicit discord elevated allowlist as override [33m 350[2mms[22m[39m
     [33m[2mΓ£ô[22m[39m returns a context overflow fallback when the embedded agent throws [33m 423[2mms[22m[39m
[90mstdout[2m | src/auto-reply/reply.triggers.trigger-handling.allows-approved-sender-toggle-elevated-mode.e2e.test.ts
[22m[39m[ClarityBurst Config] Configuration loaded:
  Enabled: true
  Router URL: http://localhost:3001
  Router Timeout: 1200ms
  Log Level: info

 [31mΓ¥»[39m src/auto-reply/reply.triggers.trigger-handling.runs-compact-as-gated-command.e2e.test.ts [2m([22m[2m3 tests[22m[2m | [22m[31m1 failed[39m[2m)[22m[33m 1596[2mms[22m[39m
[31m     [31m├ù[31m runs /compact as a gated command[39m[33m 538[2mms[22m[39m
     [33m[2mΓ£ô[22m[39m ignores think directives that only appear in the context wrapper [33m 400[2mms[22m[39m
     [33m[2mΓ£ô[22m[39m does not emit directive acks for heartbeats with /think [33m 655[2mms[22m[39m
[90mstdout[2m | src/auto-reply/reply.triggers.trigger-handling.allows-elevated-off-groups-without-mention.e2e.test.ts
[22m[39m[ClarityBurst Config] Configuration loaded:
  Enabled: true
  Router URL: http://localhost:3001
  Router Timeout: 1200ms
  Log Level: info

 [31mΓ¥»[39m src/auto-reply/reply.triggers.trigger-handling.targets-active-session-native-stop.e2e.test.ts [2m([22m[2m3 tests[22m[2m | [22m[31m2 failed[39m[2m)[22m[33m 1222[2mms[22m[39m
[31m     [31m├ù[31m targets the active session for native /stop[39m[33m 532[2mms[22m[39m
[31m     [31m├ù[31m applies native /model to the target session[39m[33m 343[2mms[22m[39m
     [33m[2mΓ£ô[22m[39m uses the target agent model for native /status [33m 343[2mms[22m[39m
[90mstdout[2m | src/gateway/server.cron.e2e.test.ts
[22m[39m[ClarityBurst Config] Configuration loaded:
  Enabled: true
  Router URL: http://localhost:3001
  Router Timeout: 1200ms
  Log Level: info

 [31mΓ¥»[39m src/auto-reply/reply.triggers.trigger-handling.allows-approved-sender-toggle-elevated-mode.e2e.test.ts [2m([22m[2m3 tests[22m[2m | [22m[31m2 failed[39m[2m)[22m[33m 1473[2mms[22m[39m
[31m     [31m├ù[31m allows approved sender to toggle elevated mode[39m[33m 509[2mms[22m[39m
[31m     [31m├ù[31m rejects elevated toggles when disabled[39m[33m 336[2mms[22m[39m
     [33m[2mΓ£ô[22m[39m ignores elevated directive in groups when not mentioned [33m 624[2mms[22m[39m
[90mstdout[2m | src/gateway/server.agent.gateway-server-agent-b.e2e.test.ts
[22m[39m[ClarityBurst Config] Configuration loaded:
  Enabled: true
  Router URL: http://localhost:3001
  Router Timeout: 1200ms
  Log Level: info

 [31mΓ¥»[39m src/auto-reply/reply.triggers.trigger-handling.allows-elevated-off-groups-without-mention.e2e.test.ts [2m([22m[2m3 tests[22m[2m | [22m[31m3 failed[39m[2m)[22m[33m 1236[2mms[22m[39m
[31m     [31m├ù[31m allows elevated off in groups without mention[39m[33m 548[2mms[22m[39m
[31m     [31m├ù[31m allows elevated directive in groups when mentioned[39m[33m 341[2mms[22m[39m
[31m     [31m├ù[31m allows elevated directive in direct chats without mentions[39m[33m 344[2mms[22m[39m
[90mstdout[2m | src/gateway/openresponses-parity.e2e.test.ts
[22m[39m[ClarityBurst Config] Configuration loaded:
  Enabled: true
  Router URL: http://localhost:3001
  Router Timeout: 1200ms
  Log Level: info

[90mstderr[2m | src/gateway/server.agent.gateway-server-agent-b.e2e.test.ts
[22m[39m[ClarityBurst Config] ΓÜá∩╕Å  WARNING: CLARITYBURST_ROUTER_URL is not HTTPS in production. This is 
a security risk. Consider enabling TLS encryption.

[90mstdout[2m | src/gateway/server.agent.gateway-server-agent-b.e2e.test.ts
[22m[39m[ClarityBurst Config] Configuration loaded:
  Enabled: true
  Router URL: http://localhost:3001
  Router Timeout: 1200ms
  Log Level: info

[90mstdout[2m | src/gateway/server.agent.gateway-server-agent-b.e2e.test.ts
[22m[39m[34m[gmail-watcher][39m [36mgmail watcher stopped[39m

[90mstdout[2m | src/gateway/server.agent.gateway-server-agent-b.e2e.test.ts
[22m[39m[36m[ws][39m [36mwebchat disconnected code=1005 reason=n/a conn=fdcece85-65ab-4108-883b-9d27eed34c9b[39m

 [32mΓ£ô[39m src/gateway/server.agent.gateway-server-agent-b.e2e.test.ts [2m([22m[2m9 tests[22m[2m)[22m[33m 2890[2mms[22m[39m
[90mstdout[2m | src/gateway/server.channels.e2e.test.ts
[22m[39m[ClarityBurst Config] Configuration loaded:
  Enabled: true
  Router URL: http://localhost:3001
  Router Timeout: 1200ms
  Log Level: info

 [31mΓ¥»[39m src/gateway/openresponses-parity.e2e.test.ts [2m([22m[2m14 tests[22m[2m | [22m[31m1 failed[39m[2m)[22m[33m 5595[2mms[22m[39m
       [32mΓ£ô[39m should validate input_image with url source[32m 14[2mms[22m[39m
       [32mΓ£ô[39m should validate input_image with base64 source[32m 1[2mms[22m[39m
       [32mΓ£ô[39m should reject input_image with invalid mime type[32m 1[2mms[22m[39m
       [32mΓ£ô[39m should validate input_file with url source[32m 1[2mms[22m[39m
       [32mΓ£ô[39m should validate input_file with base64 source[32m 1[2mms[22m[39m
       [32mΓ£ô[39m should validate tool definition[32m 1[2mms[22m[39m
       [32mΓ£ô[39m should reject tool definition without name[32m 2[2mms[22m[39m
       [32mΓ£ô[39m should validate request with input_image[32m 2[2mms[22m[39m
       [32mΓ£ô[39m should validate request with client tools[32m 1[2mms[22m[39m
       [32mΓ£ô[39m should validate request with function_call_output for turn-based tools[32m 1[2mms[22m[39m
       [32mΓ£ô[39m should validate complete turn-based tool flow[32m 1[2mms[22m[39m
       [32mΓ£ô[39m should validate response with function_call output[32m 1[2mms[22m[39m
[31m       [31m├ù[31m should convert function_call_output to tool entry[39m[33m 5045[2mms[22m[39m
       [33m[2mΓ£ô[22m[39m should handle mixed message and function_call_output items [33m 518[2mms[22m[39m
[90mstdout[2m | src/auto-reply/reply.directive.directive-behavior.defaults-think-low-reasoning-capable-models-no.e2e.test.ts
[22m[39m[ClarityBurst Config] Configuration loaded:
  Enabled: true
  Router URL: http://localhost:3001
  Router Timeout: 1200ms
  Log Level: info

[90mstdout[2m | src/gateway/server.channels.e2e.test.ts
[22m[39m[34m[gmail-watcher][39m [36mgmail watcher stopped[39m

 [32mΓ£ô[39m src/gateway/server.channels.e2e.test.ts [2m([22m[2m3 tests[22m[2m)[22m[33m 5618[2mms[22m[39m
[90mstdout[2m | src/auto-reply/reply.directive.directive-behavior.accepts-thinking-xhigh-codex-models.e2e.test.ts
[22m[39m[ClarityBurst Config] Configuration loaded:
  Enabled: true
  Router URL: http://localhost:3001
  Router Timeout: 1200ms
  Log Level: info

 [32mΓ£ô[39m src/auto-reply/reply.directive.directive-behavior.defaults-think-low-reasoning-capable-models-no.e2e.test.ts [2m([22m[2m6 tests[22m[2m)[22m[33m 3141[2mms[22m[39m
     [33m[2mΓ£ô[22m[39m defaults /think to low for reasoning-capable models when no default set [33m 877[2mms[22m[39m
     [33m[2mΓ£ô[22m[39m shows off when /think has no argument and model lacks reasoning [33m 325[2mms[22m[39m
     [33m[2mΓ£ô[22m[39m strips reply tags and maps reply_to_current to MessageSid [33m 358[2mms[22m[39m
     [33m[2mΓ£ô[22m[39m strips reply tags with whitespace and maps reply_to_current to MessageSid [33m 366[2mms[22m[39m
     [33m[2mΓ£ô[22m[39m prefers explicit reply_to id over reply_to_current [33m 447[2mms[22m[39m
     [33m[2mΓ£ô[22m[39m applies inline think and still runs agent content [33m 763[2mms[22m[39m
[90mstdout[2m | src/auto-reply/reply.triggers.trigger-handling.handles-inline-commands-strips-it-before-agent.e2e.test.ts
[22m[39m[ClarityBurst Config] Configuration loaded:
  Enabled: true
  Router URL: http://localhost:3001
  Router Timeout: 1200ms
  Log Level: info

[90mstderr[2m | 
src/auto-reply/reply.directive.directive-behavior.accepts-thinking-xhigh-codex-models.e2e.test.ts[2m > 
[22m[2mdirective behavior[2m > [22m[2mtreats skill commands as reserved for model aliases
[22m[39mEmbedded agent failed before reply: Cannot read properties of undefined (reading 'meta')

 [32mΓ£ô[39m src/auto-reply/reply.directive.directive-behavior.accepts-thinking-xhigh-codex-models.e2e.test.ts [2m([22m[2m8 tests[22m[2m)[22m[33m 3467[2mms[22m[39m
     [33m[2mΓ£ô[22m[39m accepts /thinking xhigh for codex models [33m 696[2mms[22m[39m
     [33m[2mΓ£ô[22m[39m accepts /thinking xhigh for openai gpt-5.2 [33m 378[2mms[22m[39m
     [33m[2mΓ£ô[22m[39m keeps reserved command aliases from matching after trimming [33m 372[2mms[22m[39m
     [33m[2mΓ£ô[22m[39m treats skill commands as reserved for model aliases [33m 644[2mms[22m[39m
     [33m[2mΓ£ô[22m[39m errors on invalid queue options [33m 390[2mms[22m[39m
     [33m[2mΓ£ô[22m[39m shows current queue settings when /queue has no arguments [33m 365[2mms[22m[39m
     [33m[2mΓ£ô[22m[39m shows current think level when /think has no argument [33m 321[2mms[22m[39m
[90mstdout[2m | src/auto-reply/reply.directive.directive-behavior.requires-per-agent-allowlist-addition-global.e2e.test.ts
[22m[39m[ClarityBurst Config] Configuration loaded:
  Enabled: true
  Router URL: http://localhost:3001
  Router Timeout: 1200ms
  Log Level: info

 [32mΓ£ô[39m src/auto-reply/reply.triggers.trigger-handling.handles-inline-commands-strips-it-before-agent.e2e.test.ts [2m([22m[2m4 tests[22m[2m)[22m[33m 2471[2mms[22m[39m
     [33m[2mΓ£ô[22m[39m handles inline /commands and strips it before the agent [33m 888[2mms[22m[39m
     [33m[2mΓ£ô[22m[39m handles inline /whoami and strips it before the agent [33m 724[2mms[22m[39m
     [33m[2mΓ£ô[22m[39m drops /status for unauthorized senders [33m 491[2mms[22m[39m
     [33m[2mΓ£ô[22m[39m drops /whoami for unauthorized senders [33m 364[2mms[22m[39m
[90mstdout[2m | src/auto-reply/reply.triggers.trigger-handling.runs-greeting-prompt-bare-reset.e2e.test.ts
[22m[39m[ClarityBurst Config] Configuration loaded:
  Enabled: true
  Router URL: http://localhost:3001
  Router Timeout: 1200ms
  Log Level: info

 [32mΓ£ô[39m src/auto-reply/reply.directive.directive-behavior.requires-per-agent-allowlist-addition-global.e2e.test.ts [2m([22m[2m5 tests[22m[2m)[22m[33m 2333[2mms[22m[39m
     [33m[2mΓ£ô[22m[39m requires per-agent allowlist in addition to global [33m 834[2mms[22m[39m
     [33m[2mΓ£ô[22m[39m allows elevated when both global and per-agent allowlists match [33m 421[2mms[22m[39m
     [33m[2mΓ£ô[22m[39m warns when elevated is used in direct runtime [33m 458[2mms[22m[39m
     [33m[2mΓ£ô[22m[39m handles multiple directives in a single message [33m 316[2mms[22m[39m
[90mstdout[2m | src/auto-reply/reply.triggers.trigger-handling.reports-active-auth-profile-key-snippet-status.e2e.test.ts
[22m[39m[ClarityBurst Config] Configuration loaded:
  Enabled: true
  Router URL: http://localhost:3001
  Router Timeout: 1200ms
  Log Level: info

 [32mΓ£ô[39m src/auto-reply/reply.triggers.trigger-handling.runs-greeting-prompt-bare-reset.e2e.test.ts [2m([22m[2m3 tests[22m[2m)[22m[33m 1369[2mms[22m[39m
     [33m[2mΓ£ô[22m[39m runs a greeting prompt for a bare /reset [33m 755[2mms[22m[39m
     [33m[2mΓ£ô[22m[39m blocks /reset for non-owner senders [33m 318[2mms[22m[39m
[90mstdout[2m | src/auto-reply/reply.directive.directive-behavior.ignores-inline-model-uses-default-model.e2e.test.ts
[22m[39m[ClarityBurst Config] Configuration loaded:
  Enabled: true
  Router URL: http://localhost:3001
  Router Timeout: 1200ms
  Log Level: info

 [32mΓ£ô[39m src/auto-reply/reply.triggers.trigger-handling.reports-active-auth-profile-key-snippet-status.e2e.test.ts [2m([22m[2m3 tests[22m[2m)[22m[33m 1619[2mms[22m[39m
     [33m[2mΓ£ô[22m[39m reports active auth profile and key snippet in status [33m 470[2mms[22m[39m
     [33m[2mΓ£ô[22m[39m strips inline /status and still runs the agent [33m 580[2mms[22m[39m
     [33m[2mΓ£ô[22m[39m handles inline /help and strips it before the agent [33m 566[2mms[22m[39m
[90mstdout[2m | src/auto-reply/reply.triggers.trigger-handling.shows-endpoint-default-model-status-not-configured.e2e.test.ts
[22m[39m[ClarityBurst Config] Configuration loaded:
  Enabled: true
  Router URL: http://localhost:3001
  Router Timeout: 1200ms
  Log Level: info

 [32mΓ£ô[39m src/auto-reply/reply.directive.directive-behavior.ignores-inline-model-uses-default-model.e2e.test.ts [2m([22m[2m3 tests[22m[2m)[22m[33m 1993[2mms[22m[39m
     [33m[2mΓ£ô[22m[39m ignores inline /model and uses the default model [33m 1100[2mms[22m[39m
     [33m[2mΓ£ô[22m[39m defaults thinking to low for reasoning-capable models [33m 404[2mms[22m[39m
     [33m[2mΓ£ô[22m[39m passes elevated defaults when sender is approved [33m 483[2mms[22m[39m
[90mstdout[2m | src/auto-reply/reply.triggers.trigger-handling.allows-activation-from-allowfrom-groups.e2e.test.ts
[22m[39m[ClarityBurst Config] Configuration loaded:
  Enabled: true
  Router URL: http://localhost:3001
  Router Timeout: 1200ms
  Log Level: info

 [32mΓ£ô[39m src/auto-reply/reply.triggers.trigger-handling.shows-endpoint-default-model-status-not-configured.e2e.test.ts [2m([22m[2m5 tests[22m[2m)[22m[33m 9215[2mms[22m[39m
     [33m[2mΓ£ô[22m[39m shows endpoint default in /model status when not configured [33m 3800[2mms[22m[39m
     [33m[2mΓ£ô[22m[39m includes endpoint details in /model status when configured [33m 2490[2mms[22m[39m
     [33m[2mΓ£ô[22m[39m rejects /restart by default [33m 829[2mms[22m[39m
     [33m[2mΓ£ô[22m[39m restarts when enabled [33m 837[2mms[22m[39m
     [33m[2mΓ£ô[22m[39m reports status without invoking the agent [33m 1245[2mms[22m[39m
[90mstdout[2m | src/auto-reply/reply.triggers.group-intro-prompts.e2e.test.ts
[22m[39m[ClarityBurst Config] Configuration loaded:
  Enabled: true
  Router URL: http://localhost:3001
  Router Timeout: 1200ms
  Log Level: info

 [32mΓ£ô[39m src/auto-reply/reply.triggers.trigger-handling.allows-activation-from-allowfrom-groups.e2e.test.ts [2m([22m[2m3 tests[22m[2m)[22m[33m 6627[2mms[22m[39m
     [33m[2mΓ£ô[22m[39m allows /activation from allowFrom in groups [33m 3218[2mms[22m[39m
     [33m[2mΓ£ô[22m[39m injects group activation context into the system prompt [33m 1301[2mms[22m[39m
     [33m[2mΓ£ô[22m[39m runs a greeting prompt for a bare /new [33m 2093[2mms[22m[39m
[90mstdout[2m | src/hooks/hooks-install.e2e.test.ts
[22m[39m[ClarityBurst Config] Configuration loaded:
  Enabled: true
  Router URL: http://localhost:3001
  Router Timeout: 1200ms
  Log Level: info

[90mstdout[2m | src/hooks/hooks-install.e2e.test.ts[2m > [22m[2mhooks install (e2e)[2m > [22m[2minstalls a hook pack and triggers the handler
[22m[39m[ClarityBurst Config] Configuration loaded:
  Enabled: true
  Router URL: http://localhost:3001
  Router Timeout: 1200ms
  Log Level: info

[90mstdout[2m | src/hooks/hooks-install.e2e.test.ts[2m > [22m[2mhooks install (e2e)[2m > [22m[2minstalls a hook pack and triggers the handler
[22m[39mRegistered hook: hello-hook -> command:new

 [32mΓ£ô[39m src/hooks/hooks-install.e2e.test.ts [2m([22m[2m1 test[22m[2m)[22m[33m 1458[2mms[22m[39m
     [33m[2mΓ£ô[22m[39m installs a hook pack and triggers the handler [33m 1441[2mms[22m[39m
 [32mΓ£ô[39m src/auto-reply/reply.triggers.group-intro-prompts.e2e.test.ts [2m([22m[2m3 tests[22m[2m)[22m[33m 8014[2mms[22m[39m
     [33m[2mΓ£ô[22m[39m labels Discord groups using the surface metadata [33m 4957[2mms[22m[39m
     [33m[2mΓ£ô[22m[39m keeps WhatsApp labeling for WhatsApp group chats [33m 1156[2mms[22m[39m
     [33m[2mΓ£ô[22m[39m labels Telegram groups using their own surface [33m 1893[2mms[22m[39m
[90mstdout[2m | src/gateway/server.sessions.gateway-server-sessions-a.e2e.test.ts
[22m[39m[ClarityBurst Config] Configuration loaded:
  Enabled: true
  Router URL: http://localhost:3001
  Router Timeout: 1200ms
  Log Level: info

 [31mΓ¥»[39m src/gateway/server.sessions.gateway-server-sessions-a.e2e.test.ts [2m([22m[2m3 tests[22m[2m | [22m[33m3 skipped[39m[2m)[22m[33m 277831[2mms[22m[39m
     [2m[90mΓåô[39m[22m lists and patches session store via sessions.* RPC
     [2m[90mΓåô[39m[22m sessions.preview returns transcript previews
     [2m[90mΓåô[39m[22m sessions.delete rejects main and aborts active runs
[90mstdout[2m | src/gateway/server.cron.e2e.test.ts[2m > [22m[2mgateway server cron[2m > [22m[2mhandles cron CRUD, normalization, and patch semantics
[22m[39m[ClarityBurst Config] Configuration loaded:
  Enabled: true
  Router URL: http://localhost:3001
  Router Timeout: 1200ms
  Log Level: info

 [31mΓ¥»[39m src/gateway/server.cron.e2e.test.ts [2m([22m[2m2 tests[22m[2m | [22m[31m1 failed[39m[2m)[22m[33m 468256[2mms[22m[39m
[31m     [31m├ù[31m handles cron CRUD, normalization, and patch semantics[39m[33m 461809[2mms[22m[39m
     [33m[2mΓ£ô[22m[39m writes cron run history and auto-runs due jobs [33m 1684[2mms[22m[39m

[31mΓÄ»ΓÄ»ΓÄ»ΓÄ»ΓÄ»ΓÄ»[39m[1m[41m Failed Suites 12 [49m[22m[31mΓÄ»ΓÄ»ΓÄ»ΓÄ»ΓÄ»ΓÄ»[39m

[41m[1m FAIL [22m[49m src/gateway/openai-http.e2e.test.ts[2m [ src/gateway/openai-http.e2e.test.ts 
][22m
[31m[1mError[22m: Hook timed out in 10000ms.
If this is a long-running hook, pass a timeout value as the last argument or configure it globally with 
"hookTimeout".[39m
[36m [2mΓ¥»[22m src/gateway/openai-http.e2e.test.ts:[2m12:1[22m[39m
    [90m 10| [39m[35mlet[39m enabledPort[33m:[39m number[33m;[39m
    [90m 11| [39m
    [90m 12| [39m[34mbeforeAll[39m([35masync[39m () [33m=>[39m {
    [90m   | [39m[31m^[39m
    [90m 13| [39m  enabledPort [33m=[39m [35mawait[39m [34mgetFreePort[39m()[33m;[39m
    [90m 14| [39m  enabledServer [33m=[39m [35mawait[39m [34mstartServer[39m(enabledPort)[33m;[39m

[31m[2mΓÄ»ΓÄ»ΓÄ»ΓÄ»ΓÄ»ΓÄ»ΓÄ»ΓÄ»ΓÄ»ΓÄ»ΓÄ»ΓÄ»ΓÄ»ΓÄ»ΓÄ»ΓÄ»ΓÄ»ΓÄ»ΓÄ»ΓÄ»ΓÄ»ΓÄ»ΓÄ»[1/64]ΓÄ»[22m[39m

[41m[1m FAIL [22m[49m src/gateway/openresponses-http.e2e.test.ts[2m [ 
src/gateway/openresponses-http.e2e.test.ts ][22m
[31m[1mError[22m: Hook timed out in 10000ms.
If this is a long-running hook, pass a timeout value as the last argument or configure it globally with 
"hookTimeout".[39m
[36m [2mΓ¥»[22m src/gateway/openresponses-http.e2e.test.ts:[2m12:1[22m[39m
    [90m 10| [39m[35mlet[39m enabledPort[33m:[39m number[33m;[39m
    [90m 11| [39m
    [90m 12| [39m[34mbeforeAll[39m([35masync[39m () [33m=>[39m {
    [90m   | [39m[31m^[39m
    [90m 13| [39m  enabledPort [33m=[39m [35mawait[39m [34mgetFreePort[39m()[33m;[39m
    [90m 14| [39m  enabledServer [33m=[39m [35mawait[39m [34mstartServer[39m(enabledPort)[33m;[39m

[31m[2mΓÄ»ΓÄ»ΓÄ»ΓÄ»ΓÄ»ΓÄ»ΓÄ»ΓÄ»ΓÄ»ΓÄ»ΓÄ»ΓÄ»ΓÄ»ΓÄ»ΓÄ»ΓÄ»ΓÄ»ΓÄ»ΓÄ»ΓÄ»ΓÄ»ΓÄ»ΓÄ»[2/64]ΓÄ»[22m[39m

[41m[1m FAIL [22m[49m src/gateway/server.auth.e2e.test.ts[2m > [22mgateway server auth/connect[2m > 
[22mdefault auth (token)
[31m[1mError[22m: Hook timed out in 10000ms.
If this is a long-running hook, pass a timeout value as the last argument or configure it globally with 
"hookTimeout".[39m
[36m [2mΓ¥»[22m src/gateway/server.auth.e2e.test.ts:[2m58:5[22m[39m
    [90m 56| [39m    [35mlet[39m port[33m:[39m number[33m;[39m
    [90m 57| [39m
    [90m 58| [39m    [34mbeforeAll[39m([35masync[39m () [33m=>[39m {
    [90m   | [39m    [31m^[39m
    [90m 59| [39m      port [33m=[39m [35mawait[39m [34mgetFreePort[39m()[33m;[39m
    [90m 60| [39m      server [33m=[39m [35mawait[39m [34mstartGatewayServer[39m(port)[33m;[39m

[31m[2mΓÄ»ΓÄ»ΓÄ»ΓÄ»ΓÄ»ΓÄ»ΓÄ»ΓÄ»ΓÄ»ΓÄ»ΓÄ»ΓÄ»ΓÄ»ΓÄ»ΓÄ»ΓÄ»ΓÄ»ΓÄ»ΓÄ»ΓÄ»ΓÄ»ΓÄ»ΓÄ»[3/64]ΓÄ»[22m[39m

[41m[1m FAIL [22m[49m src/gateway/server.chat.gateway-server-chat.e2e.test.ts[2m [ 
src/gateway/server.chat.gateway-server-chat.e2e.test.ts ][22m
[31m[1mError[22m: Hook timed out in 10000ms.
If this is a long-running hook, pass a timeout value as the last argument or configure it globally with 
"hookTimeout".[39m
[36m [2mΓ¥»[22m src/gateway/server.chat.gateway-server-chat.e2e.test.ts:[2m25:1[22m[39m
    [90m 23| [39m[35mlet[39m port[33m:[39m number[33m;[39m
    [90m 24| [39m
    [90m 25| [39m[34mbeforeAll[39m([35masync[39m () [33m=>[39m {
    [90m   | [39m[31m^[39m
    [90m 26| [39m  [35mconst[39m started [33m=[39m [35mawait[39m 
[34mstartServerWithClient[39m()[33m;[39m
    [90m 27| [39m  server [33m=[39m started[33m.[39mserver[33m;[39m

[31m[2mΓÄ»ΓÄ»ΓÄ»ΓÄ»ΓÄ»ΓÄ»ΓÄ»ΓÄ»ΓÄ»ΓÄ»ΓÄ»ΓÄ»ΓÄ»ΓÄ»ΓÄ»ΓÄ»ΓÄ»ΓÄ»ΓÄ»ΓÄ»ΓÄ»ΓÄ»ΓÄ»[4/64]ΓÄ»[22m[39m

[41m[1m FAIL [22m[49m src/gateway/server.chat.gateway-server-chat.e2e.test.ts[2m [ 
src/gateway/server.chat.gateway-server-chat.e2e.test.ts ][22m
[31m[1mTypeError[22m: Cannot read properties of undefined (reading 'close')[39m
[36m [2mΓ¥»[22m src/gateway/server.chat.gateway-server-chat.e2e.test.ts:[2m34:6[22m[39m
    [90m 32| [39m
    [90m 33| [39m[34mafterAll[39m([35masync[39m () [33m=>[39m {
    [90m 34| [39m  ws[33m.[39m[34mclose[39m()[33m;[39m
    [90m   | [39m     [31m^[39m
    [90m 35| [39m  [35mawait[39m server[33m.[39m[34mclose[39m()[33m;[39m
    [90m 36| [39m})[33m;[39m

[31m[2mΓÄ»ΓÄ»ΓÄ»ΓÄ»ΓÄ»ΓÄ»ΓÄ»ΓÄ»ΓÄ»ΓÄ»ΓÄ»ΓÄ»ΓÄ»ΓÄ»ΓÄ»ΓÄ»ΓÄ»ΓÄ»ΓÄ»ΓÄ»ΓÄ»ΓÄ»ΓÄ»[5/64]ΓÄ»[22m[39m

[41m[1m FAIL [22m[49m src/gateway/server.config-apply.e2e.test.ts[2m [ 
src/gateway/server.config-apply.e2e.test.ts ][22m
[31m[1mError[22m: Hook timed out in 10000ms.
If this is a long-running hook, pass a timeout value as the last argument or configure it globally with 
"hookTimeout".[39m
[36m [2mΓ¥»[22m src/gateway/server.config-apply.e2e.test.ts:[2m20:1[22m[39m
    [90m 18| [39m[35mlet[39m previousToken[33m:[39m string [33m|[39m undefined[33m;[39m
    [90m 19| [39m
    [90m 20| [39m[34mbeforeAll[39m([35masync[39m () [33m=>[39m {
    [90m   | [39m[31m^[39m
    [90m 21| [39m  previousToken [33m=[39m 
process[33m.[39menv[33m.[39m[33mOPENCLAW_GATEWAY_TOKEN[39m[33m;[39m
    [90m 22| [39m  [35mdelete[39m 
process[33m.[39menv[33m.[39m[33mOPENCLAW_GATEWAY_TOKEN[39m[33m;[39m

[31m[2mΓÄ»ΓÄ»ΓÄ»ΓÄ»ΓÄ»ΓÄ»ΓÄ»ΓÄ»ΓÄ»ΓÄ»ΓÄ»ΓÄ»ΓÄ»ΓÄ»ΓÄ»ΓÄ»ΓÄ»ΓÄ»ΓÄ»ΓÄ»ΓÄ»ΓÄ»ΓÄ»[6/64]ΓÄ»[22m[39m

[41m[1m FAIL [22m[49m src/gateway/server.config-patch.e2e.test.ts[2m [ 
src/gateway/server.config-patch.e2e.test.ts ][22m
[31m[1mError[22m: Hook timed out in 10000ms.
If this is a long-running hook, pass a timeout value as the last argument or configure it globally with 
"hookTimeout".[39m
[36m [2mΓ¥»[22m src/gateway/server.config-patch.e2e.test.ts:[2m21:1[22m[39m
    [90m 19| [39m[35mlet[39m ws[33m:[39m 
[33mAwaited[39m[33m<[39m[33mReturnType[39m[33m<[39m[35mtypeof[39m 
startServerWithClient[33m>>[39m[[32m"ws"[39m][33m;[39m
    [90m 20| [39m
    [90m 21| [39m[34mbeforeAll[39m([35masync[39m () [33m=>[39m {
    [90m   | [39m[31m^[39m
    [90m 22| [39m  [35mconst[39m started [33m=[39m [35mawait[39m 
[34mstartServerWithClient[39m()[33m;[39m
    [90m 23| [39m  server [33m=[39m started[33m.[39mserver[33m;[39m

[31m[2mΓÄ»ΓÄ»ΓÄ»ΓÄ»ΓÄ»ΓÄ»ΓÄ»ΓÄ»ΓÄ»ΓÄ»ΓÄ»ΓÄ»ΓÄ»ΓÄ»ΓÄ»ΓÄ»ΓÄ»ΓÄ»ΓÄ»ΓÄ»ΓÄ»ΓÄ»ΓÄ»[7/64]ΓÄ»[22m[39m

[41m[1m FAIL [22m[49m src/gateway/server.config-patch.e2e.test.ts[2m [ 
src/gateway/server.config-patch.e2e.test.ts ][22m
[31m[1mTypeError[22m: Cannot read properties of undefined (reading 'close')[39m
[36m [2mΓ¥»[22m src/gateway/server.config-patch.e2e.test.ts:[2m29:6[22m[39m
    [90m 27| [39m
    [90m 28| [39m[34mafterAll[39m([35masync[39m () [33m=>[39m {
    [90m 29| [39m  ws[33m.[39m[34mclose[39m()[33m;[39m
    [90m   | [39m     [31m^[39m
    [90m 30| [39m  [35mawait[39m server[33m.[39m[34mclose[39m()[33m;[39m
    [90m 31| [39m})[33m;[39m

[31m[2mΓÄ»ΓÄ»ΓÄ»ΓÄ»ΓÄ»ΓÄ»ΓÄ»ΓÄ»ΓÄ»ΓÄ»ΓÄ»ΓÄ»ΓÄ»ΓÄ»ΓÄ»ΓÄ»ΓÄ»ΓÄ»ΓÄ»ΓÄ»ΓÄ»ΓÄ»ΓÄ»[8/64]ΓÄ»[22m[39m

[41m[1m FAIL [22m[49m src/gateway/server.health.e2e.test.ts[2m [ src/gateway/server.health.e2e.test.ts 
][22m
[31m[1mError[22m: Hook timed out in 10000ms.
If this is a long-running hook, pass a timeout value as the last argument or configure it globally with 
"hookTimeout".[39m
[36m [2mΓ¥»[22m src/gateway/server.health.e2e.test.ts:[2m30:1[22m[39m
    [90m 28| [39m[35mlet[39m previousToken[33m:[39m string [33m|[39m undefined[33m;[39m
    [90m 29| [39m
    [90m 30| [39m[34mbeforeAll[39m([35masync[39m () [33m=>[39m {
    [90m   | [39m[31m^[39m
    [90m 31| [39m  previousToken [33m=[39m 
process[33m.[39menv[33m.[39m[33mOPENCLAW_GATEWAY_TOKEN[39m[33m;[39m
    [90m 32| [39m  [35mdelete[39m 
process[33m.[39menv[33m.[39m[33mOPENCLAW_GATEWAY_TOKEN[39m[33m;[39m

[31m[2mΓÄ»ΓÄ»ΓÄ»ΓÄ»ΓÄ»ΓÄ»ΓÄ»ΓÄ»ΓÄ»ΓÄ»ΓÄ»ΓÄ»ΓÄ»ΓÄ»ΓÄ»ΓÄ»ΓÄ»ΓÄ»ΓÄ»ΓÄ»ΓÄ»ΓÄ»ΓÄ»[9/64]ΓÄ»[22m[39m

[41m[1m FAIL [22m[49m src/gateway/server.ios-client-id.e2e.test.ts[2m [ 
src/gateway/server.ios-client-id.e2e.test.ts ][22m
[31m[1mError[22m: gateway auth mode is token, but no token was configured (set gateway.auth.token or 
OPENCLAW_GATEWAY_TOKEN)[39m
[36m [2mΓ¥»[22m assertGatewayAuthConfigured src/gateway/auth.ts:[2m229:11[22m[39m
    [90m227| [39m      [35mreturn[39m[33m;[39m
    [90m228| [39m    }
    [90m229| [39m    [35mthrow[39m [35mnew[39m [33mError[39m(
    [90m   | [39m          [31m^[39m
    [90m230| [39m      "gateway auth mode is token, but no token was configured (set gaΓÇª
    [90m231| [39m    )[33m;[39m
[90m [2mΓ¥»[22m resolveGatewayRuntimeConfig src/gateway/server-runtime-config.ts:[2m88:3[22m[39m
[90m [2mΓ¥»[22m Module.startGatewayServer src/gateway/server.impl.ts:[2m246:25[22m[39m
[90m [2mΓ¥»[22m startGatewayServer src/gateway/test-helpers.server.ts:[2m278:10[22m[39m
[90m [2mΓ¥»[22m src/gateway/server.ios-client-id.e2e.test.ts:[2m11:12[22m[39m

[31m[2mΓÄ»ΓÄ»ΓÄ»ΓÄ»ΓÄ»ΓÄ»ΓÄ»ΓÄ»ΓÄ»ΓÄ»ΓÄ»ΓÄ»ΓÄ»ΓÄ»ΓÄ»ΓÄ»ΓÄ»ΓÄ»ΓÄ»ΓÄ»ΓÄ»ΓÄ»[10/64]ΓÄ»[22m[39m

[41m[1m FAIL [22m[49m src/gateway/server.ios-client-id.e2e.test.ts[2m [ 
src/gateway/server.ios-client-id.e2e.test.ts ][22m
[31m[1mTypeError[22m: Cannot read properties of undefined (reading 'close')[39m
[36m [2mΓ¥»[22m src/gateway/server.ios-client-id.e2e.test.ts:[2m15:16[22m[39m
    [90m 13| [39m
    [90m 14| [39m[34mafterAll[39m([35masync[39m () [33m=>[39m {
    [90m 15| [39m  [35mawait[39m server[33m.[39m[34mclose[39m()[33m;[39m
    [90m   | [39m               [31m^[39m
    [90m 16| [39m})[33m;[39m
    [90m 17| [39m

[31m[2mΓÄ»ΓÄ»ΓÄ»ΓÄ»ΓÄ»ΓÄ»ΓÄ»ΓÄ»ΓÄ»ΓÄ»ΓÄ»ΓÄ»ΓÄ»ΓÄ»ΓÄ»ΓÄ»ΓÄ»ΓÄ»ΓÄ»ΓÄ»ΓÄ»ΓÄ»[11/64]ΓÄ»[22m[39m

[41m[1m FAIL [22m[49m src/gateway/server.models-voicewake-misc.e2e.test.ts[2m [ 
src/gateway/server.models-voicewake-misc.e2e.test.ts ][22m
[31m[1mError[22m: Hook timed out in 10000ms.
If this is a long-running hook, pass a timeout value as the last argument or configure it globally with 
"hookTimeout".[39m
[36m [2mΓ¥»[22m src/gateway/server.models-voicewake-misc.e2e.test.ts:[2m35:1[22m[39m
    [90m 33| [39m[35mlet[39m port[33m:[39m number[33m;[39m
    [90m 34| [39m
    [90m 35| [39m[34mbeforeAll[39m([35masync[39m () [33m=>[39m {
    [90m   | [39m[31m^[39m
    [90m 36| [39m  [35mconst[39m started [33m=[39m [35mawait[39m 
[34mstartServerWithClient[39m()[33m;[39m
    [90m 37| [39m  server [33m=[39m started[33m.[39mserver[33m;[39m

[31m[2mΓÄ»ΓÄ»ΓÄ»ΓÄ»ΓÄ»ΓÄ»ΓÄ»ΓÄ»ΓÄ»ΓÄ»ΓÄ»ΓÄ»ΓÄ»ΓÄ»ΓÄ»ΓÄ»ΓÄ»ΓÄ»ΓÄ»ΓÄ»ΓÄ»ΓÄ»[12/64]ΓÄ»[22m[39m

[41m[1m FAIL [22m[49m src/gateway/server.models-voicewake-misc.e2e.test.ts[2m [ 
src/gateway/server.models-voicewake-misc.e2e.test.ts ][22m
[31m[1mTypeError[22m: Cannot read properties of undefined (reading 'close')[39m
[36m [2mΓ¥»[22m src/gateway/server.models-voicewake-misc.e2e.test.ts:[2m44:6[22m[39m
    [90m 42| [39m
    [90m 43| [39m[34mafterAll[39m([35masync[39m () [33m=>[39m {
    [90m 44| [39m  ws[33m.[39m[34mclose[39m()[33m;[39m
    [90m   | [39m     [31m^[39m
    [90m 45| [39m  [35mawait[39m server[33m.[39m[34mclose[39m()[33m;[39m
    [90m 46| [39m})[33m;[39m

[31m[2mΓÄ»ΓÄ»ΓÄ»ΓÄ»ΓÄ»ΓÄ»ΓÄ»ΓÄ»ΓÄ»ΓÄ»ΓÄ»ΓÄ»ΓÄ»ΓÄ»ΓÄ»ΓÄ»ΓÄ»ΓÄ»ΓÄ»ΓÄ»ΓÄ»ΓÄ»[13/64]ΓÄ»[22m[39m

[41m[1m FAIL [22m[49m src/gateway/server.roles-allowlist-update.e2e.test.ts[2m [ 
src/gateway/server.roles-allowlist-update.e2e.test.ts ][22m
[31m[1mError[22m: Hook timed out in 10000ms.
If this is a long-running hook, pass a timeout value as the last argument or configure it globally with 
"hookTimeout".[39m
[36m [2mΓ¥»[22m src/gateway/server.roles-allowlist-update.e2e.test.ts:[2m34:1[22m[39m
    [90m 32| [39m[35mlet[39m port[33m:[39m number[33m;[39m
    [90m 33| [39m
    [90m 34| [39m[34mbeforeAll[39m([35masync[39m () [33m=>[39m {
    [90m   | [39m[31m^[39m
    [90m 35| [39m  [35mconst[39m started [33m=[39m [35mawait[39m 
[34mstartServerWithClient[39m()[33m;[39m
    [90m 36| [39m  server [33m=[39m started[33m.[39mserver[33m;[39m

[31m[2mΓÄ»ΓÄ»ΓÄ»ΓÄ»ΓÄ»ΓÄ»ΓÄ»ΓÄ»ΓÄ»ΓÄ»ΓÄ»ΓÄ»ΓÄ»ΓÄ»ΓÄ»ΓÄ»ΓÄ»ΓÄ»ΓÄ»ΓÄ»ΓÄ»ΓÄ»[14/64]ΓÄ»[22m[39m

[41m[1m FAIL [22m[49m src/gateway/server.roles-allowlist-update.e2e.test.ts[2m [ 
src/gateway/server.roles-allowlist-update.e2e.test.ts ][22m
[31m[1mTypeError[22m: Cannot read properties of undefined (reading 'close')[39m
[36m [2mΓ¥»[22m src/gateway/server.roles-allowlist-update.e2e.test.ts:[2m43:6[22m[39m
    [90m 41| [39m
    [90m 42| [39m[34mafterAll[39m([35masync[39m () [33m=>[39m {
    [90m 43| [39m  ws[33m.[39m[34mclose[39m()[33m;[39m
    [90m   | [39m     [31m^[39m
    [90m 44| [39m  [35mawait[39m server[33m.[39m[34mclose[39m()[33m;[39m
    [90m 45| [39m})[33m;[39m

[31m[2mΓÄ»ΓÄ»ΓÄ»ΓÄ»ΓÄ»ΓÄ»ΓÄ»ΓÄ»ΓÄ»ΓÄ»ΓÄ»ΓÄ»ΓÄ»ΓÄ»ΓÄ»ΓÄ»ΓÄ»ΓÄ»ΓÄ»ΓÄ»ΓÄ»ΓÄ»[15/64]ΓÄ»[22m[39m

[41m[1m FAIL [22m[49m src/gateway/server.sessions-send.e2e.test.ts[2m [ 
src/gateway/server.sessions-send.e2e.test.ts ][22m
[31m[1mError[22m: Hook timed out in 10000ms.
If this is a long-running hook, pass a timeout value as the last argument or configure it globally with 
"hookTimeout".[39m
[36m [2mΓ¥»[22m src/gateway/server.sessions-send.e2e.test.ts:[2m21:1[22m[39m
    [90m 19| [39m[35mlet[39m prevGatewayToken[33m:[39m string [33m|[39m undefined[33m;[39m
    [90m 20| [39m
    [90m 21| [39m[34mbeforeAll[39m([35masync[39m () [33m=>[39m {
    [90m   | [39m[31m^[39m
    [90m 22| [39m  prevGatewayPort [33m=[39m 
process[33m.[39menv[33m.[39m[33mOPENCLAW_GATEWAY_PORT[39m[33m;[39m
    [90m 23| [39m  prevGatewayToken [33m=[39m 
process[33m.[39menv[33m.[39m[33mOPENCLAW_GATEWAY_TOKEN[39m[33m;[39m

[31m[2mΓÄ»ΓÄ»ΓÄ»ΓÄ»ΓÄ»ΓÄ»ΓÄ»ΓÄ»ΓÄ»ΓÄ»ΓÄ»ΓÄ»ΓÄ»ΓÄ»ΓÄ»ΓÄ»ΓÄ»ΓÄ»ΓÄ»ΓÄ»ΓÄ»ΓÄ»[16/64]ΓÄ»[22m[39m

[41m[1m FAIL [22m[49m src/gateway/server.sessions.gateway-server-sessions-a.e2e.test.ts[2m [ 
src/gateway/server.sessions.gateway-server-sessions-a.e2e.test.ts ][22m
[31m[1mError[22m: Hook timed out in 10000ms.
If this is a long-running hook, pass a timeout value as the last argument or configure it globally with 
"hookTimeout".[39m
[36m [2mΓ¥»[22m src/gateway/server.sessions.gateway-server-sessions-a.e2e.test.ts:[2m50:1[22m[39m
    [90m 48| [39m[35mlet[39m previousToken[33m:[39m string [33m|[39m undefined[33m;[39m
    [90m 49| [39m
    [90m 50| [39m[34mbeforeAll[39m([35masync[39m () [33m=>[39m {
    [90m   | [39m[31m^[39m
    [90m 51| [39m  previousToken [33m=[39m 
process[33m.[39menv[33m.[39m[33mOPENCLAW_GATEWAY_TOKEN[39m[33m;[39m
    [90m 52| [39m  [35mdelete[39m 
process[33m.[39menv[33m.[39m[33mOPENCLAW_GATEWAY_TOKEN[39m[33m;[39m

[31m[2mΓÄ»ΓÄ»ΓÄ»ΓÄ»ΓÄ»ΓÄ»ΓÄ»ΓÄ»ΓÄ»ΓÄ»ΓÄ»ΓÄ»ΓÄ»ΓÄ»ΓÄ»ΓÄ»ΓÄ»ΓÄ»ΓÄ»ΓÄ»ΓÄ»ΓÄ»[17/64]ΓÄ»[22m[39m


[31mΓÄ»ΓÄ»ΓÄ»ΓÄ»ΓÄ»ΓÄ»[39m[1m[41m Failed Tests 47 [49m[22m[31mΓÄ»ΓÄ»ΓÄ»ΓÄ»ΓÄ»ΓÄ»ΓÄ»[39m

[41m[1m FAIL [22m[49m test/gateway.multi.e2e.test.ts[2m > [22mgateway multi-instance e2e[2m > 
[22mspins up two gateways and exercises WS + HTTP + node pairing
[31m[1mError[22m: gateway exited before listening (code=1 signal=null)
--- stdout ---

--- stderr ---
file:///C:/Users/rob_m/openclaw/dist/utils-D8rniaTD.js:206
	if (!fs.existsSync(packsDir)) throw new Error(`Ontology packs directory not found: "${packsDir}". Ensure 
the directory exists and contains valid JSON pack files.`);
	                                    ^

Error: Ontology packs directory not found: "C:\Users\rob_m\ontology-packs". Ensure the directory exists and 
contains valid JSON pack files.
    at loadAllPacks (file:///C:/Users/rob_m/openclaw/dist/utils-D8rniaTD.js:206:38)
    at file:///C:/Users/rob_m/openclaw/dist/utils-D8rniaTD.js:232:1
    at ModuleJob.run (node:internal/modules/esm/module_job:271:25)
    at async onImport.tracePromise.__proto__ (node:internal/modules/esm/loader:578:26)
    at async asyncRunEntryPointWithESMLoader (node:internal/modules/run_main:116:5)

Node.js v22.14.0
[39m
[90m [2mΓ¥»[22m loadAllPacks dist/utils-D8rniaTD.js:[2m206:38[22m[39m
[90m [2mΓ¥»[22m dist/utils-D8rniaTD.js:[2m232:1[22m[39m
[36m [2mΓ¥»[22m waitForPortOpen test/gateway.multi.e2e.test.ts:[2m61:13[22m[39m
    [90m 59| [39m      [35mconst[39m stdout [33m=[39m 
chunksOut[33m.[39m[34mjoin[39m([32m""[39m)[33m;[39m
    [90m 60| [39m      [35mconst[39m stderr [33m=[39m 
chunksErr[33m.[39m[34mjoin[39m([32m""[39m)[33m;[39m
    [90m 61| [39m      [35mthrow[39m [35mnew[39m [33mError[39m(
    [90m   | [39m            [31m^[39m
    [90m 62| [39m        `gateway exited before listening (code=${String(proc.exitCode)ΓÇª
    [90m 63| [39m          [32m`--- stdout ---\n[39m[36m${[39mstdout[36m}[39m[32m\n--- stderr 
---\n[39m[36m${[39mstderr[36m}[39m[32m`[39m[33m,[39m
[90m [2mΓ¥»[22m spawnGatewayInstance test/gateway.multi.e2e.test.ts:[2m147:5[22m[39m
[90m [2mΓ¥»[22m test/gateway.multi.e2e.test.ts:[2m377:19[22m[39m

[31m[2mΓÄ»ΓÄ»ΓÄ»ΓÄ»ΓÄ»ΓÄ»ΓÄ»ΓÄ»ΓÄ»ΓÄ»ΓÄ»ΓÄ»ΓÄ»ΓÄ»ΓÄ»ΓÄ»ΓÄ»ΓÄ»ΓÄ»ΓÄ»ΓÄ»ΓÄ»[18/64]ΓÄ»[22m[39m

[41m[1m FAIL [22m[49m test/media-understanding.auto.e2e.test.ts[2m > [22mmedia understanding 
auto-detect (e2e)[2m > [22muses sherpa-onnx-offline when available
[31m[1mAssertionError[22m: expected undefined to be 'sherpa ok' // Object.is equality[39m

[32m- Expected:[39m 
"sherpa ok"

[31m+ Received:[39m 
undefined

[36m [2mΓ¥»[22m test/media-understanding.auto.e2e.test.ts:[2m84:30[22m[39m
    [90m 82| [39m      [35mawait[39m [34mapplyMediaUnderstanding[39m({ ctx[33m,[39m cfg })[33m;[39m
    [90m 83| [39m
    [90m 84| [39m      
[34mexpect[39m(ctx[33m.[39m[33mTranscript[39m)[33m.[39m[34mtoBe[39m([32m"sherpa 
ok"[39m)[33m;[39m
    [90m   | [39m                             [31m^[39m
    [90m 85| [39m    } [35mfinally[39m {
    [90m 86| [39m      [34mrestoreEnv[39m(snapshot)[33m;[39m

[31m[2mΓÄ»ΓÄ»ΓÄ»ΓÄ»ΓÄ»ΓÄ»ΓÄ»ΓÄ»ΓÄ»ΓÄ»ΓÄ»ΓÄ»ΓÄ»ΓÄ»ΓÄ»ΓÄ»ΓÄ»ΓÄ»ΓÄ»ΓÄ»ΓÄ»ΓÄ»[19/64]ΓÄ»[22m[39m

[41m[1m FAIL [22m[49m test/media-understanding.auto.e2e.test.ts[2m > [22mmedia understanding 
auto-detect (e2e)[2m > [22muses whisper-cli when sherpa is missing
[31m[1mAssertionError[22m: expected undefined to be 'whisper cpp ok' // Object.is equality[39m

[32m- Expected:[39m 
"whisper cpp ok"

[31m+ Received:[39m 
undefined

[36m [2mΓ¥»[22m test/media-understanding.auto.e2e.test.ts:[2m129:30[22m[39m
    [90m127| [39m      [35mawait[39m [34mapplyMediaUnderstanding[39m({ ctx[33m,[39m cfg })[33m;[39m
    [90m128| [39m
    [90m129| [39m      
[34mexpect[39m(ctx[33m.[39m[33mTranscript[39m)[33m.[39m[34mtoBe[39m([32m"whisper cpp 
ok"[39m)[33m;[39m
    [90m   | [39m                             [31m^[39m
    [90m130| [39m    } [35mfinally[39m {
    [90m131| [39m      [34mrestoreEnv[39m(snapshot)[33m;[39m

[31m[2mΓÄ»ΓÄ»ΓÄ»ΓÄ»ΓÄ»ΓÄ»ΓÄ»ΓÄ»ΓÄ»ΓÄ»ΓÄ»ΓÄ»ΓÄ»ΓÄ»ΓÄ»ΓÄ»ΓÄ»ΓÄ»ΓÄ»ΓÄ»ΓÄ»ΓÄ»[20/64]ΓÄ»[22m[39m

[41m[1m FAIL [22m[49m test/media-understanding.auto.e2e.test.ts[2m > [22mmedia understanding 
auto-detect (e2e)[2m > [22muses gemini CLI for images when available
[31m[1mAssertionError[22m: expected '<media:image>' to contain 'gemini ok'[39m

Expected: [32m"gemini ok"[39m
Received: [31m"<media:image>"[39m

[36m [2mΓ¥»[22m test/media-understanding.auto.e2e.test.ts:[2m162:24[22m[39m
    [90m160| [39m      [35mawait[39m [34mapplyMediaUnderstanding[39m({ ctx[33m,[39m cfg })[33m;[39m
    [90m161| [39m
    [90m162| [39m      
[34mexpect[39m(ctx[33m.[39m[33mBody[39m)[33m.[39m[34mtoContain[39m([32m"gemini 
ok"[39m)[33m;[39m
    [90m   | [39m                       [31m^[39m
    [90m163| [39m    } [35mfinally[39m {
    [90m164| [39m      [34mrestoreEnv[39m(snapshot)[33m;[39m

[31m[2mΓÄ»ΓÄ»ΓÄ»ΓÄ»ΓÄ»ΓÄ»ΓÄ»ΓÄ»ΓÄ»ΓÄ»ΓÄ»ΓÄ»ΓÄ»ΓÄ»ΓÄ»ΓÄ»ΓÄ»ΓÄ»ΓÄ»ΓÄ»ΓÄ»ΓÄ»[21/64]ΓÄ»[22m[39m

[41m[1m FAIL [22m[49m test/provider-timeout.e2e.test.ts[2m > [22mprovider timeouts (e2e)[2m > 
[22mfalls back when the primary provider aborts with a timeout-like AbortError
[31m[1mError[22m: Test timed out in 60000ms.
If this is a long-running test, pass a timeout value as the last argument or configure it globally with 
"testTimeout".[39m
[36m [2mΓ¥»[22m test/provider-timeout.e2e.test.ts:[2m118:3[22m[39m
    [90m116| [39m
    [90m117| [39m[34mdescribe[39m([32m"provider timeouts (e2e)"[39m[33m,[39m () [33m=>[39m {
    [90m118| [39m  [34mit[39m(
    [90m   | [39m  [31m^[39m
    [90m119| [39m    "falls back when the primary provider aborts with a timeout-like AΓÇª
    [90m120| [39m    { timeout[33m:[39m [34m60_000[39m }[33m,[39m

[31m[2mΓÄ»ΓÄ»ΓÄ»ΓÄ»ΓÄ»ΓÄ»ΓÄ»ΓÄ»ΓÄ»ΓÄ»ΓÄ»ΓÄ»ΓÄ»ΓÄ»ΓÄ»ΓÄ»ΓÄ»ΓÄ»ΓÄ»ΓÄ»ΓÄ»ΓÄ»[22/64]ΓÄ»[22m[39m

[41m[1m FAIL [22m[49m src/auto-reply/reply.directive.directive-behavior.applies-inline-reasoning-mixed-me
ssages-acks-immediately.e2e.test.ts[2m > [22mdirective behavior[2m > [22mpersists verbose off when 
directive is standalone
[31m[1mAssertionError[22m: expected undefined to be 'off' // Object.is equality[39m

[32m- Expected:[39m 
"off"

[31m+ Received:[39m 
undefined

[36m [2mΓ¥»[22m src/auto-reply/reply.directive.directive-behavior.applies-inline-reasoning-mixed-messages-
acks-immediately.e2e.test.ts:[2m223:35[22m[39m
    [90m221| [39m      [35mconst[39m store [33m=[39m [34mloadSessionStore[39m(storePath)[33m;[39m
    [90m222| [39m      [35mconst[39m entry [33m=[39m 
[33mObject[39m[33m.[39m[34mvalues[39m(store)[[34m0[39m][33m;[39m
    [90m223| [39m      
[34mexpect[39m(entry[33m?.[39mverboseLevel)[33m.[39m[34mtoBe[39m([32m"off"[39m)[33m;[39m
    [90m   | [39m                                  [31m^[39m
    [90m224| [39m      
[34mexpect[39m(runEmbeddedPiAgent)[33m.[39mnot[33m.[39m[34mtoHaveBeenCalled[39m()[33m;[39m
    [90m225| [39m    })[33m;[39m
[90m [2mΓ¥»[22m src/auto-reply/reply.directive.directive-behavior.applies-inline-reasoning-mixed-messages-
acks-immediately.e2e.test.ts:[2m26:14[22m[39m
[90m [2mΓ¥»[22m Module.withTempHome test/helpers/temp-home.ts:[2m102:12[22m[39m
[90m [2mΓ¥»[22m src/auto-reply/reply.directive.directive-behavior.applies-inline-reasoning-mixed-messages-
acks-immediately.e2e.test.ts:[2m201:5[22m[39m

[31m[2mΓÄ»ΓÄ»ΓÄ»ΓÄ»ΓÄ»ΓÄ»ΓÄ»ΓÄ»ΓÄ»ΓÄ»ΓÄ»ΓÄ»ΓÄ»ΓÄ»ΓÄ»ΓÄ»ΓÄ»ΓÄ»ΓÄ»ΓÄ»ΓÄ»ΓÄ»[23/64]ΓÄ»[22m[39m

[41m[1m FAIL [22m[49m 
src/auto-reply/reply.directive.directive-behavior.lists-allowlisted-models-model-list.e2e.test.ts[2m > 
[22mdirective behavior[2m > [22mlists config-only providers when catalog is present
[31m[1mAssertionError[22m: expected 'Models (minimax) ΓÇö showing 1-1 of 1 (ΓÇª' to contain 'Model set to 
minimax'[39m

[32m- Expected[39m
[31m+ Received[39m

[32m- Model[7m set to[27m minimax[39m
[31m+ Model[7ms (minimax) ΓÇö showing 1-1 of 1 (page 1/1)[27m[39m
[31m+ - minimax/MiniMax-M2.1[39m
[31m+[39m
[31m+ Switch: /model <provider/model>[39m
[31m+ [7mAll: /models[27m minimax[7m all[27m[39m

[36m [2mΓ¥»[22m src/auto-reply/reply.directive.directive-behavior.lists-allowlisted-models-model-list.e2e.
test.ts:[2m209:20[22m[39m
    [90m207| [39m
    [90m208| [39m      [35mconst[39m text [33m=[39m [33mArray[39m[33m.[39m[34misArray[39m(res) 
[33m?[39m res[[34m0[39m][33m?.[39mtext [33m:[39m res[33m?.[39mtext[33m;[39m
    [90m209| [39m      [34mexpect[39m(text)[33m.[39m[34mtoContain[39m([32m"Model set to 
minimax"[39m)[33m;[39m
    [90m   | [39m                   [31m^[39m
    [90m210| [39m      
[34mexpect[39m(text)[33m.[39m[34mtoContain[39m([32m"minimax/MiniMax-M2.1"[39m)[33m;[39m
    [90m211| [39m      
[34mexpect[39m(runEmbeddedPiAgent)[33m.[39mnot[33m.[39m[34mtoHaveBeenCalled[39m()[33m;[39m
[90m [2mΓ¥»[22m src/auto-reply/reply.directive.directive-behavior.lists-allowlisted-models-model-list.e2e.
test.ts:[2m26:14[22m[39m
[90m [2mΓ¥»[22m Module.withTempHome test/helpers/temp-home.ts:[2m102:12[22m[39m
[90m [2mΓ¥»[22m src/auto-reply/reply.directive.directive-behavior.lists-allowlisted-models-model-list.e2e.
test.ts:[2m165:5[22m[39m

[31m[2mΓÄ»ΓÄ»ΓÄ»ΓÄ»ΓÄ»ΓÄ»ΓÄ»ΓÄ»ΓÄ»ΓÄ»ΓÄ»ΓÄ»ΓÄ»ΓÄ»ΓÄ»ΓÄ»ΓÄ»ΓÄ»ΓÄ»ΓÄ»ΓÄ»ΓÄ»[24/64]ΓÄ»[22m[39m

[41m[1m FAIL [22m[49m 
src/auto-reply/reply.directive.directive-behavior.lists-allowlisted-models-model-list.e2e.test.ts[2m > 
[22mdirective behavior[2m > [22msets model override on /model directive
[31m[1mAssertionError[22m: expected undefined to be defined[39m
[36m [2mΓ¥»[22m assertModelSelection src/auto-reply/reply.directive.directive-behavior.lists-allowlisted-m
odels-model-list.e2e.test.ts:[2m44:17[22m[39m
    [90m 42| [39m  [35mconst[39m store [33m=[39m [34mloadSessionStore[39m(storePath)[33m;[39m
    [90m 43| [39m  [35mconst[39m entry [33m=[39m store[[33mMAIN_SESSION_KEY[39m][33m;[39m
    [90m 44| [39m  [34mexpect[39m(entry)[33m.[39m[34mtoBeDefined[39m()[33m;[39m
    [90m   | [39m                [31m^[39m
    [90m 45| [39m  [34mexpect[39m(entry[33m?.[39mmodelOverride)[33m.[39m[34mtoBe[39m(selection[33m
.[39mmodel)[33m;[39m
    [90m 46| [39m  [34mexpect[39m(entry[33m?.[39mproviderOverride)[33m.[39m[34mtoBe[39m(selection[
33m.[39mprovider)[33m;[39m
[90m [2mΓ¥»[22m src/auto-reply/reply.directive.directive-behavior.lists-allowlisted-models-model-list.e2e.
test.ts:[2m265:7[22m[39m
[90m [2mΓ¥»[22m src/auto-reply/reply.directive.directive-behavior.lists-allowlisted-models-model-list.e2e.
test.ts:[2m26:14[22m[39m
[90m [2mΓ¥»[22m Module.withTempHome test/helpers/temp-home.ts:[2m102:12[22m[39m
[90m [2mΓ¥»[22m src/auto-reply/reply.directive.directive-behavior.lists-allowlisted-models-model-list.e2e.
test.ts:[2m243:5[22m[39m

[31m[2mΓÄ»ΓÄ»ΓÄ»ΓÄ»ΓÄ»ΓÄ»ΓÄ»ΓÄ»ΓÄ»ΓÄ»ΓÄ»ΓÄ»ΓÄ»ΓÄ»ΓÄ»ΓÄ»ΓÄ»ΓÄ»ΓÄ»ΓÄ»ΓÄ»ΓÄ»[25/64]ΓÄ»[22m[39m

[41m[1m FAIL [22m[49m 
src/auto-reply/reply.directive.directive-behavior.lists-allowlisted-models-model-list.e2e.test.ts[2m > 
[22mdirective behavior[2m > [22msupports model aliases on /model directive
[31m[1mAssertionError[22m: expected undefined to be defined[39m
[36m [2mΓ¥»[22m assertModelSelection src/auto-reply/reply.directive.directive-behavior.lists-allowlisted-m
odels-model-list.e2e.test.ts:[2m44:17[22m[39m
    [90m 42| [39m  [35mconst[39m store [33m=[39m [34mloadSessionStore[39m(storePath)[33m;[39m
    [90m 43| [39m  [35mconst[39m entry [33m=[39m store[[33mMAIN_SESSION_KEY[39m][33m;[39m
    [90m 44| [39m  [34mexpect[39m(entry)[33m.[39m[34mtoBeDefined[39m()[33m;[39m
    [90m   | [39m                [31m^[39m
    [90m 45| [39m  [34mexpect[39m(entry[33m?.[39mmodelOverride)[33m.[39m[34mtoBe[39m(selection[33m
.[39mmodel)[33m;[39m
    [90m 46| [39m  [34mexpect[39m(entry[33m?.[39mproviderOverride)[33m.[39m[34mtoBe[39m(selection[
33m.[39mprovider)[33m;[39m
[90m [2mΓ¥»[22m src/auto-reply/reply.directive.directive-behavior.lists-allowlisted-models-model-list.e2e.
test.ts:[2m295:7[22m[39m
[90m [2mΓ¥»[22m src/auto-reply/reply.directive.directive-behavior.lists-allowlisted-models-model-list.e2e.
test.ts:[2m26:14[22m[39m
[90m [2mΓ¥»[22m Module.withTempHome test/helpers/temp-home.ts:[2m102:12[22m[39m
[90m [2mΓ¥»[22m src/auto-reply/reply.directive.directive-behavior.lists-allowlisted-models-model-list.e2e.
test.ts:[2m273:5[22m[39m

[31m[2mΓÄ»ΓÄ»ΓÄ»ΓÄ»ΓÄ»ΓÄ»ΓÄ»ΓÄ»ΓÄ»ΓÄ»ΓÄ»ΓÄ»ΓÄ»ΓÄ»ΓÄ»ΓÄ»ΓÄ»ΓÄ»ΓÄ»ΓÄ»ΓÄ»ΓÄ»[26/64]ΓÄ»[22m[39m

[41m[1m FAIL [22m[49m src/auto-reply/reply.directive.directive-behavior.prefers-alias-matches-fuzzy-selec
tion-is-ambiguous.e2e.test.ts[2m > [22mdirective behavior[2m > [22mprefers alias matches when fuzzy 
selection is ambiguous
[31m[1mAssertionError[22m: expected undefined to be defined[39m
[36m [2mΓ¥»[22m assertModelSelection src/auto-reply/reply.directive.directive-behavior.prefers-alias-match
es-fuzzy-selection-is-ambiguous.e2e.test.ts:[2m46:17[22m[39m
    [90m 44| [39m  [35mconst[39m store [33m=[39m [34mloadSessionStore[39m(storePath)[33m;[39m
    [90m 45| [39m  [35mconst[39m entry [33m=[39m store[[33mMAIN_SESSION_KEY[39m][33m;[39m
    [90m 46| [39m  [34mexpect[39m(entry)[33m.[39m[34mtoBeDefined[39m()[33m;[39m
    [90m   | [39m                [31m^[39m
    [90m 47| [39m  [34mexpect[39m(entry[33m?.[39mmodelOverride)[33m.[39m[34mtoBe[39m(selection[33m
.[39mmodel)[33m;[39m
    [90m 48| [39m  [34mexpect[39m(entry[33m?.[39mproviderOverride)[33m.[39m[34mtoBe[39m(selection[
33m.[39mprovider)[33m;[39m
[90m [2mΓ¥»[22m src/auto-reply/reply.directive.directive-behavior.prefers-alias-matches-fuzzy-selection-is
-ambiguous.e2e.test.ts:[2m108:7[22m[39m
[90m [2mΓ¥»[22m src/auto-reply/reply.directive.directive-behavior.prefers-alias-matches-fuzzy-selection-is
-ambiguous.e2e.test.ts:[2m28:14[22m[39m
[90m [2mΓ¥»[22m Module.withTempHome test/helpers/temp-home.ts:[2m102:12[22m[39m
[90m [2mΓ¥»[22m src/auto-reply/reply.directive.directive-behavior.prefers-alias-matches-fuzzy-selection-is
-ambiguous.e2e.test.ts:[2m66:5[22m[39m

[31m[2mΓÄ»ΓÄ»ΓÄ»ΓÄ»ΓÄ»ΓÄ»ΓÄ»ΓÄ»ΓÄ»ΓÄ»ΓÄ»ΓÄ»ΓÄ»ΓÄ»ΓÄ»ΓÄ»ΓÄ»ΓÄ»ΓÄ»ΓÄ»ΓÄ»ΓÄ»[27/64]ΓÄ»[22m[39m

[41m[1m FAIL [22m[49m src/auto-reply/reply.directive.directive-behavior.prefers-alias-matches-fuzzy-selec
tion-is-ambiguous.e2e.test.ts[2m > [22mdirective behavior[2m > [22mstores auth profile overrides on 
/model directive
[31m[1mTypeError[22m: Cannot read properties of undefined (reading 'authProfileOverride')[39m
[36m [2mΓ¥»[22m src/auto-reply/reply.directive.directive-behavior.prefers-alias-matches-fuzzy-selection-is
-ambiguous.e2e.test.ts:[2m161:20[22m[39m
    [90m159| [39m      [35mconst[39m store [33m=[39m [34mloadSessionStore[39m(storePath)[33m;[39m
    [90m160| [39m      [35mconst[39m entry [33m=[39m store[[32m"agent:main:main"[39m][33m;[39m
    [90m161| [39m      [34mexpect[39m(entry[33m.[39mauthProfileOverride)[33m.[39m[34mtoBe[39m([32m
"anthropic:work"[39m)[33m;[39m
    [90m   | [39m                   [31m^[39m
    [90m162| [39m      
[34mexpect[39m(runEmbeddedPiAgent)[33m.[39mnot[33m.[39m[34mtoHaveBeenCalled[39m()[33m;[39m
    [90m163| [39m    })[33m;[39m
[90m [2mΓ¥»[22m src/auto-reply/reply.directive.directive-behavior.prefers-alias-matches-fuzzy-selection-is
-ambiguous.e2e.test.ts:[2m28:14[22m[39m
[90m [2mΓ¥»[22m Module.withTempHome test/helpers/temp-home.ts:[2m102:12[22m[39m
[90m [2mΓ¥»[22m src/auto-reply/reply.directive.directive-behavior.prefers-alias-matches-fuzzy-selection-is
-ambiguous.e2e.test.ts:[2m116:5[22m[39m

[31m[2mΓÄ»ΓÄ»ΓÄ»ΓÄ»ΓÄ»ΓÄ»ΓÄ»ΓÄ»ΓÄ»ΓÄ»ΓÄ»ΓÄ»ΓÄ»ΓÄ»ΓÄ»ΓÄ»ΓÄ»ΓÄ»ΓÄ»ΓÄ»ΓÄ»ΓÄ»[28/64]ΓÄ»[22m[39m

[41m[1m FAIL [22m[49m src/auto-reply/reply.directive.directive-behavior.returns-status-alongside-directiv
e-only-acks.e2e.test.ts[2m > [22mdirective behavior[2m > [22mreturns status alongside directive-only acks
[31m[1mAssertionError[22m: expected undefined to be 'off' // Object.is equality[39m

[32m- Expected:[39m 
"off"

[31m+ Received:[39m 
undefined

[36m [2mΓ¥»[22m src/auto-reply/reply.directive.directive-behavior.returns-status-alongside-directive-only-
acks.e2e.test.ts:[2m103:55[22m[39m
    [90m101| [39m
    [90m102| [39m      [35mconst[39m store [33m=[39m [34mloadSessionStore[39m(storePath)[33m;[39m
    [90m103| [39m      [34mexpect[39m(store[[32m"agent:main:main"[39m][33m?.[39melevatedLevel)[33m.
[39m[34mtoBe[39m([32m"off"[39m)[33m;[39m
    [90m   | [39m                                                      [31m^[39m
    [90m104| [39m      
[34mexpect[39m(runEmbeddedPiAgent)[33m.[39mnot[33m.[39m[34mtoHaveBeenCalled[39m()[33m;[39m
    [90m105| [39m    })[33m;[39m
[90m [2mΓ¥»[22m src/auto-reply/reply.directive.directive-behavior.returns-status-alongside-directive-only-
acks.e2e.test.ts:[2m26:14[22m[39m
[90m [2mΓ¥»[22m Module.withTempHome test/helpers/temp-home.ts:[2m102:12[22m[39m
[90m [2mΓ¥»[22m src/auto-reply/reply.directive.directive-behavior.returns-status-alongside-directive-only-
acks.e2e.test.ts:[2m64:5[22m[39m

[31m[2mΓÄ»ΓÄ»ΓÄ»ΓÄ»ΓÄ»ΓÄ»ΓÄ»ΓÄ»ΓÄ»ΓÄ»ΓÄ»ΓÄ»ΓÄ»ΓÄ»ΓÄ»ΓÄ»ΓÄ»ΓÄ»ΓÄ»ΓÄ»ΓÄ»ΓÄ»[29/64]ΓÄ»[22m[39m

[41m[1m FAIL [22m[49m src/auto-reply/reply.directive.directive-behavior.returns-status-alongside-directiv
e-only-acks.e2e.test.ts[2m > [22mdirective behavior[2m > [22macks queue directive and persists override
[31m[1mAssertionError[22m: expected undefined to be 'interrupt' // Object.is equality[39m

[32m- Expected:[39m 
"interrupt"

[31m+ Received:[39m 
undefined

[36m [2mΓ¥»[22m src/auto-reply/reply.directive.directive-behavior.returns-status-alongside-directive-only-
acks.e2e.test.ts:[2m176:32[22m[39m
    [90m174| [39m      [35mconst[39m store [33m=[39m [34mloadSessionStore[39m(storePath)[33m;[39m
    [90m175| [39m      [35mconst[39m entry [33m=[39m 
[33mObject[39m[33m.[39m[34mvalues[39m(store)[[34m0[39m][33m;[39m
    [90m176| [39m      
[34mexpect[39m(entry[33m?.[39mqueueMode)[33m.[39m[34mtoBe[39m([32m"interrupt"[39m)[33m;[39m
    [90m   | [39m                               [31m^[39m
    [90m177| [39m      
[34mexpect[39m(runEmbeddedPiAgent)[33m.[39mnot[33m.[39m[34mtoHaveBeenCalled[39m()[33m;[39m
    [90m178| [39m    })[33m;[39m
[90m [2mΓ¥»[22m src/auto-reply/reply.directive.directive-behavior.returns-status-alongside-directive-only-
acks.e2e.test.ts:[2m26:14[22m[39m
[90m [2mΓ¥»[22m Module.withTempHome test/helpers/temp-home.ts:[2m102:12[22m[39m
[90m [2mΓ¥»[22m src/auto-reply/reply.directive.directive-behavior.returns-status-alongside-directive-only-
acks.e2e.test.ts:[2m153:5[22m[39m

[31m[2mΓÄ»ΓÄ»ΓÄ»ΓÄ»ΓÄ»ΓÄ»ΓÄ»ΓÄ»ΓÄ»ΓÄ»ΓÄ»ΓÄ»ΓÄ»ΓÄ»ΓÄ»ΓÄ»ΓÄ»ΓÄ»ΓÄ»ΓÄ»ΓÄ»ΓÄ»[30/64]ΓÄ»[22m[39m

[41m[1m FAIL [22m[49m src/auto-reply/reply.directive.directive-behavior.returns-status-alongside-directiv
e-only-acks.e2e.test.ts[2m > [22mdirective behavior[2m > [22mpersists queue options when directive is 
standalone
[31m[1mAssertionError[22m: expected undefined to be 'collect' // Object.is equality[39m

[32m- Expected:[39m 
"collect"

[31m+ Received:[39m 
undefined

[36m [2mΓ¥»[22m src/auto-reply/reply.directive.directive-behavior.returns-status-alongside-directive-only-
acks.e2e.test.ts:[2m212:32[22m[39m
    [90m210| [39m      [35mconst[39m store [33m=[39m [34mloadSessionStore[39m(storePath)[33m;[39m
    [90m211| [39m      [35mconst[39m entry [33m=[39m 
[33mObject[39m[33m.[39m[34mvalues[39m(store)[[34m0[39m][33m;[39m
    [90m212| [39m      
[34mexpect[39m(entry[33m?.[39mqueueMode)[33m.[39m[34mtoBe[39m([32m"collect"[39m)[33m;[39m
    [90m   | [39m                               [31m^[39m
    [90m213| [39m      
[34mexpect[39m(entry[33m?.[39mqueueDebounceMs)[33m.[39m[34mtoBe[39m([34m2000[39m)[33m;[39m
    [90m214| [39m      
[34mexpect[39m(entry[33m?.[39mqueueCap)[33m.[39m[34mtoBe[39m([34m5[39m)[33m;[39m
[90m [2mΓ¥»[22m src/auto-reply/reply.directive.directive-behavior.returns-status-alongside-directive-only-
acks.e2e.test.ts:[2m26:14[22m[39m
[90m [2mΓ¥»[22m Module.withTempHome test/helpers/temp-home.ts:[2m102:12[22m[39m
[90m [2mΓ¥»[22m src/auto-reply/reply.directive.directive-behavior.returns-status-alongside-directive-only-
acks.e2e.test.ts:[2m181:5[22m[39m

[31m[2mΓÄ»ΓÄ»ΓÄ»ΓÄ»ΓÄ»ΓÄ»ΓÄ»ΓÄ»ΓÄ»ΓÄ»ΓÄ»ΓÄ»ΓÄ»ΓÄ»ΓÄ»ΓÄ»ΓÄ»ΓÄ»ΓÄ»ΓÄ»ΓÄ»ΓÄ»[31/64]ΓÄ»[22m[39m

[41m[1m FAIL [22m[49m 
src/auto-reply/reply.directive.directive-behavior.shows-current-elevated-level-as-off-after.e2e.test.ts[2m 
> [22mdirective behavior[2m > [22mshows current elevated level as off after toggling it off
[31m[1mAssertionError[22m: expected 'Current elevated level: on.\nOptions:ΓÇª' to contain 'Current 
elevated level: off'[39m

[32m- Expected[39m
[31m+ Received[39m

[32m- Current elevated level: o[7mff[27m[39m
[31m+ Current elevated level: o[7mn.[27m[39m
[31m+ Options: on, off, ask, full.[39m
[31m+ ΓÜÖ∩╕Å Runtime is direct; sandboxing does not apply.[39m

[36m [2mΓ¥»[22m src/auto-reply/reply.directive.directive-behavior.shows-current-elevated-level-as-off-afte
r.e2e.test.ts:[2m125:20[22m[39m
    [90m123| [39m
    [90m124| [39m      [35mconst[39m text [33m=[39m [33mArray[39m[33m.[39m[34misArray[39m(res) 
[33m?[39m res[[34m0[39m][33m?.[39mtext [33m:[39m res[33m?.[39mtext[33m;[39m
    [90m125| [39m      [34mexpect[39m(text)[33m.[39m[34mtoContain[39m([32m"Current elevated level: 
off"[39m)[33m;[39m
    [90m   | [39m                   [31m^[39m
    [90m126| [39m      
[34mexpect[39m(runEmbeddedPiAgent)[33m.[39mnot[33m.[39m[34mtoHaveBeenCalled[39m()[33m;[39m
    [90m127| [39m    })[33m;[39m
[90m [2mΓ¥»[22m src/auto-reply/reply.directive.directive-behavior.shows-current-elevated-level-as-off-afte
r.e2e.test.ts:[2m26:14[22m[39m
[90m [2mΓ¥»[22m Module.withTempHome test/helpers/temp-home.ts:[2m102:12[22m[39m
[90m [2mΓ¥»[22m src/auto-reply/reply.directive.directive-behavior.shows-current-elevated-level-as-off-afte
r.e2e.test.ts:[2m64:5[22m[39m

[31m[2mΓÄ»ΓÄ»ΓÄ»ΓÄ»ΓÄ»ΓÄ»ΓÄ»ΓÄ»ΓÄ»ΓÄ»ΓÄ»ΓÄ»ΓÄ»ΓÄ»ΓÄ»ΓÄ»ΓÄ»ΓÄ»ΓÄ»ΓÄ»ΓÄ»ΓÄ»[32/64]ΓÄ»[22m[39m

[41m[1m FAIL [22m[49m 
src/auto-reply/reply.directive.directive-behavior.shows-current-elevated-level-as-off-after.e2e.test.ts[2m 
> [22mdirective behavior[2m > [22mcan toggle elevated off then back on (status reflects on)
[31m[1mAssertionError[22m: expected undefined to be 'on' // Object.is equality[39m

[32m- Expected:[39m 
"on"

[31m+ Received:[39m 
undefined

[36m [2mΓ¥»[22m src/auto-reply/reply.directive.directive-behavior.shows-current-elevated-level-as-off-afte
r.e2e.test.ts:[2m195:55[22m[39m
    [90m193| [39m
    [90m194| [39m      [35mconst[39m store [33m=[39m [34mloadSessionStore[39m(storePath)[33m;[39m
    [90m195| [39m      [34mexpect[39m(store[[32m"agent:main:main"[39m][33m?.[39melevatedLevel)[33m.
[39m[34mtoBe[39m([32m"on"[39m)[33m;[39m
    [90m   | [39m                                                      [31m^[39m
    [90m196| [39m      
[34mexpect[39m(runEmbeddedPiAgent)[33m.[39mnot[33m.[39m[34mtoHaveBeenCalled[39m()[33m;[39m
    [90m197| [39m    })[33m;[39m
[90m [2mΓ¥»[22m src/auto-reply/reply.directive.directive-behavior.shows-current-elevated-level-as-off-afte
r.e2e.test.ts:[2m26:14[22m[39m
[90m [2mΓ¥»[22m Module.withTempHome test/helpers/temp-home.ts:[2m102:12[22m[39m
[90m [2mΓ¥»[22m src/auto-reply/reply.directive.directive-behavior.shows-current-elevated-level-as-off-afte
r.e2e.test.ts:[2m130:5[22m[39m

[31m[2mΓÄ»ΓÄ»ΓÄ»ΓÄ»ΓÄ»ΓÄ»ΓÄ»ΓÄ»ΓÄ»ΓÄ»ΓÄ»ΓÄ»ΓÄ»ΓÄ»ΓÄ»ΓÄ»ΓÄ»ΓÄ»ΓÄ»ΓÄ»ΓÄ»ΓÄ»[33/64]ΓÄ»[22m[39m

[41m[1m FAIL [22m[49m 
src/auto-reply/reply.directive.directive-behavior.shows-current-verbose-level-verbose-has-no.e2e.test.ts[2m 
> [22mdirective behavior[2m > [22mpersists elevated off and reflects it in /status (even when default is 
on)
[31m[1mAssertionError[22m: expected undefined to be 'off' // Object.is equality[39m

[32m- Expected:[39m 
"off"

[31m+ Received:[39m 
undefined

[36m [2mΓ¥»[22m src/auto-reply/reply.directive.directive-behavior.shows-current-verbose-level-verbose-has-
no.e2e.test.ts:[2m231:55[22m[39m
    [90m229| [39m
    [90m230| [39m      [35mconst[39m store [33m=[39m [34mloadSessionStore[39m(storePath)[33m;[39m
    [90m231| [39m      [34mexpect[39m(store[[32m"agent:main:main"[39m][33m?.[39melevatedLevel)[33m.
[39m[34mtoBe[39m([32m"off"[39m)[33m;[39m
    [90m   | [39m                                                      [31m^[39m
    [90m232| [39m      
[34mexpect[39m(runEmbeddedPiAgent)[33m.[39mnot[33m.[39m[34mtoHaveBeenCalled[39m()[33m;[39m
    [90m233| [39m    })[33m;[39m
[90m [2mΓ¥»[22m src/auto-reply/reply.directive.directive-behavior.shows-current-verbose-level-verbose-has-
no.e2e.test.ts:[2m26:14[22m[39m
[90m [2mΓ¥»[22m Module.withTempHome test/helpers/temp-home.ts:[2m102:12[22m[39m
[90m [2mΓ¥»[22m src/auto-reply/reply.directive.directive-behavior.shows-current-verbose-level-verbose-has-
no.e2e.test.ts:[2m192:5[22m[39m

[31m[2mΓÄ»ΓÄ»ΓÄ»ΓÄ»ΓÄ»ΓÄ»ΓÄ»ΓÄ»ΓÄ»ΓÄ»ΓÄ»ΓÄ»ΓÄ»ΓÄ»ΓÄ»ΓÄ»ΓÄ»ΓÄ»ΓÄ»ΓÄ»ΓÄ»ΓÄ»[34/64]ΓÄ»[22m[39m

[41m[1m FAIL [22m[49m src/auto-reply/reply.directive.directive-behavior.supports-fuzzy-model-matches-mode
l-directive.e2e.test.ts[2m > [22mdirective behavior[2m > [22msupports fuzzy model matches on /model 
directive
[31m[1mAssertionError[22m: expected undefined to be defined[39m
[36m [2mΓ¥»[22m assertModelSelection src/auto-reply/reply.directive.directive-behavior.supports-fuzzy-mode
l-matches-model-directive.e2e.test.ts:[2m44:17[22m[39m
    [90m 42| [39m  [35mconst[39m store [33m=[39m [34mloadSessionStore[39m(storePath)[33m;[39m
    [90m 43| [39m  [35mconst[39m entry [33m=[39m store[[33mMAIN_SESSION_KEY[39m][33m;[39m
    [90m 44| [39m  [34mexpect[39m(entry)[33m.[39m[34mtoBeDefined[39m()[33m;[39m
    [90m   | [39m                [31m^[39m
    [90m 45| [39m  [34mexpect[39m(entry[33m?.[39mmodelOverride)[33m.[39m[34mtoBe[39m(selection[33m
.[39mmodel)[33m;[39m
    [90m 46| [39m  [34mexpect[39m(entry[33m?.[39mproviderOverride)[33m.[39m[34mtoBe[39m(selection[
33m.[39mprovider)[33m;[39m
[90m [2mΓ¥»[22m src/auto-reply/reply.directive.directive-behavior.supports-fuzzy-model-matches-model-direc
tive.e2e.test.ts:[2m99:7[22m[39m
[90m [2mΓ¥»[22m src/auto-reply/reply.directive.directive-behavior.supports-fuzzy-model-matches-model-direc
tive.e2e.test.ts:[2m26:14[22m[39m
[90m [2mΓ¥»[22m Module.withTempHome test/helpers/temp-home.ts:[2m102:12[22m[39m
[90m [2mΓ¥»[22m src/auto-reply/reply.directive.directive-behavior.supports-fuzzy-model-matches-model-direc
tive.e2e.test.ts:[2m64:5[22m[39m

[31m[2mΓÄ»ΓÄ»ΓÄ»ΓÄ»ΓÄ»ΓÄ»ΓÄ»ΓÄ»ΓÄ»ΓÄ»ΓÄ»ΓÄ»ΓÄ»ΓÄ»ΓÄ»ΓÄ»ΓÄ»ΓÄ»ΓÄ»ΓÄ»ΓÄ»ΓÄ»[35/64]ΓÄ»[22m[39m

[41m[1m FAIL [22m[49m src/auto-reply/reply.directive.directive-behavior.supports-fuzzy-model-matches-mode
l-directive.e2e.test.ts[2m > [22mdirective behavior[2m > [22mresolves provider-less exact model ids via 
fuzzy matching when unambiguous
[31m[1mAssertionError[22m: expected undefined to be defined[39m
[36m [2mΓ¥»[22m assertModelSelection src/auto-reply/reply.directive.directive-behavior.supports-fuzzy-mode
l-matches-model-directive.e2e.test.ts:[2m44:17[22m[39m
    [90m 42| [39m  [35mconst[39m store [33m=[39m [34mloadSessionStore[39m(storePath)[33m;[39m
    [90m 43| [39m  [35mconst[39m entry [33m=[39m store[[33mMAIN_SESSION_KEY[39m][33m;[39m
    [90m 44| [39m  [34mexpect[39m(entry)[33m.[39m[34mtoBeDefined[39m()[33m;[39m
    [90m   | [39m                [31m^[39m
    [90m 45| [39m  [34mexpect[39m(entry[33m?.[39mmodelOverride)[33m.[39m[34mtoBe[39m(selection[33m
.[39mmodel)[33m;[39m
    [90m 46| [39m  [34mexpect[39m(entry[33m?.[39mproviderOverride)[33m.[39m[34mtoBe[39m(selection[
33m.[39mprovider)[33m;[39m
[90m [2mΓ¥»[22m src/auto-reply/reply.directive.directive-behavior.supports-fuzzy-model-matches-model-direc
tive.e2e.test.ts:[2m147:7[22m[39m
[90m [2mΓ¥»[22m src/auto-reply/reply.directive.directive-behavior.supports-fuzzy-model-matches-model-direc
tive.e2e.test.ts:[2m26:14[22m[39m
[90m [2mΓ¥»[22m Module.withTempHome test/helpers/temp-home.ts:[2m102:12[22m[39m
[90m [2mΓ¥»[22m src/auto-reply/reply.directive.directive-behavior.supports-fuzzy-model-matches-model-direc
tive.e2e.test.ts:[2m107:5[22m[39m

[31m[2mΓÄ»ΓÄ»ΓÄ»ΓÄ»ΓÄ»ΓÄ»ΓÄ»ΓÄ»ΓÄ»ΓÄ»ΓÄ»ΓÄ»ΓÄ»ΓÄ»ΓÄ»ΓÄ»ΓÄ»ΓÄ»ΓÄ»ΓÄ»ΓÄ»ΓÄ»[36/64]ΓÄ»[22m[39m

[41m[1m FAIL [22m[49m src/auto-reply/reply.directive.directive-behavior.supports-fuzzy-model-matches-mode
l-directive.e2e.test.ts[2m > [22mdirective behavior[2m > [22msupports fuzzy matches within a provider on 
/model provider/model
[31m[1mAssertionError[22m: expected undefined to be defined[39m
[36m [2mΓ¥»[22m assertModelSelection src/auto-reply/reply.directive.directive-behavior.supports-fuzzy-mode
l-matches-model-directive.e2e.test.ts:[2m44:17[22m[39m
    [90m 42| [39m  [35mconst[39m store [33m=[39m [34mloadSessionStore[39m(storePath)[33m;[39m
    [90m 43| [39m  [35mconst[39m entry [33m=[39m store[[33mMAIN_SESSION_KEY[39m][33m;[39m
    [90m 44| [39m  [34mexpect[39m(entry)[33m.[39m[34mtoBeDefined[39m()[33m;[39m
    [90m   | [39m                [31m^[39m
    [90m 45| [39m  [34mexpect[39m(entry[33m?.[39mmodelOverride)[33m.[39m[34mtoBe[39m(selection[33m
.[39mmodel)[33m;[39m
    [90m 46| [39m  [34mexpect[39m(entry[33m?.[39mproviderOverride)[33m.[39m[34mtoBe[39m(selection[
33m.[39mprovider)[33m;[39m
[90m [2mΓ¥»[22m src/auto-reply/reply.directive.directive-behavior.supports-fuzzy-model-matches-model-direc
tive.e2e.test.ts:[2m190:7[22m[39m
[90m [2mΓ¥»[22m src/auto-reply/reply.directive.directive-behavior.supports-fuzzy-model-matches-model-direc
tive.e2e.test.ts:[2m26:14[22m[39m
[90m [2mΓ¥»[22m Module.withTempHome test/helpers/temp-home.ts:[2m102:12[22m[39m
[90m [2mΓ¥»[22m src/auto-reply/reply.directive.directive-behavior.supports-fuzzy-model-matches-model-direc
tive.e2e.test.ts:[2m155:5[22m[39m

[31m[2mΓÄ»ΓÄ»ΓÄ»ΓÄ»ΓÄ»ΓÄ»ΓÄ»ΓÄ»ΓÄ»ΓÄ»ΓÄ»ΓÄ»ΓÄ»ΓÄ»ΓÄ»ΓÄ»ΓÄ»ΓÄ»ΓÄ»ΓÄ»ΓÄ»ΓÄ»[37/64]ΓÄ»[22m[39m

[41m[1m FAIL [22m[49m src/auto-reply/reply.directive.directive-behavior.supports-fuzzy-model-matches-mode
l-directive.e2e.test.ts[2m > [22mdirective behavior[2m > [22mpicks the best fuzzy match when multiple 
models match
[31m[1mAssertionError[22m: expected undefined to be defined[39m
[36m [2mΓ¥»[22m assertModelSelection src/auto-reply/reply.directive.directive-behavior.supports-fuzzy-mode
l-matches-model-directive.e2e.test.ts:[2m44:17[22m[39m
    [90m 42| [39m  [35mconst[39m store [33m=[39m [34mloadSessionStore[39m(storePath)[33m;[39m
    [90m 43| [39m  [35mconst[39m entry [33m=[39m store[[33mMAIN_SESSION_KEY[39m][33m;[39m
    [90m 44| [39m  [34mexpect[39m(entry)[33m.[39m[34mtoBeDefined[39m()[33m;[39m
    [90m   | [39m                [31m^[39m
    [90m 45| [39m  [34mexpect[39m(entry[33m?.[39mmodelOverride)[33m.[39m[34mtoBe[39m(selection[33m
.[39mmodel)[33m;[39m
    [90m 46| [39m  [34mexpect[39m(entry[33m?.[39mproviderOverride)[33m.[39m[34mtoBe[39m(selection[
33m.[39mprovider)[33m;[39m
[90m [2mΓ¥»[22m src/auto-reply/reply.directive.directive-behavior.supports-fuzzy-model-matches-model-direc
tive.e2e.test.ts:[2m238:7[22m[39m
[90m [2mΓ¥»[22m src/auto-reply/reply.directive.directive-behavior.supports-fuzzy-model-matches-model-direc
tive.e2e.test.ts:[2m26:14[22m[39m
[90m [2mΓ¥»[22m Module.withTempHome test/helpers/temp-home.ts:[2m102:12[22m[39m
[90m [2mΓ¥»[22m src/auto-reply/reply.directive.directive-behavior.supports-fuzzy-model-matches-model-direc
tive.e2e.test.ts:[2m198:5[22m[39m

[31m[2mΓÄ»ΓÄ»ΓÄ»ΓÄ»ΓÄ»ΓÄ»ΓÄ»ΓÄ»ΓÄ»ΓÄ»ΓÄ»ΓÄ»ΓÄ»ΓÄ»ΓÄ»ΓÄ»ΓÄ»ΓÄ»ΓÄ»ΓÄ»ΓÄ»ΓÄ»[38/64]ΓÄ»[22m[39m

[41m[1m FAIL [22m[49m src/auto-reply/reply.directive.directive-behavior.supports-fuzzy-model-matches-mode
l-directive.e2e.test.ts[2m > [22mdirective behavior[2m > [22mpicks the best fuzzy match within a provider
[31m[1mAssertionError[22m: expected undefined to be defined[39m
[36m [2mΓ¥»[22m assertModelSelection src/auto-reply/reply.directive.directive-behavior.supports-fuzzy-mode
l-matches-model-directive.e2e.test.ts:[2m44:17[22m[39m
    [90m 42| [39m  [35mconst[39m store [33m=[39m [34mloadSessionStore[39m(storePath)[33m;[39m
    [90m 43| [39m  [35mconst[39m entry [33m=[39m store[[33mMAIN_SESSION_KEY[39m][33m;[39m
    [90m 44| [39m  [34mexpect[39m(entry)[33m.[39m[34mtoBeDefined[39m()[33m;[39m
    [90m   | [39m                [31m^[39m
    [90m 45| [39m  [34mexpect[39m(entry[33m?.[39mmodelOverride)[33m.[39m[34mtoBe[39m(selection[33m
.[39mmodel)[33m;[39m
    [90m 46| [39m  [34mexpect[39m(entry[33m?.[39mproviderOverride)[33m.[39m[34mtoBe[39m(selection[
33m.[39mprovider)[33m;[39m
[90m [2mΓ¥»[22m src/auto-reply/reply.directive.directive-behavior.supports-fuzzy-model-matches-model-direc
tive.e2e.test.ts:[2m282:7[22m[39m
[90m [2mΓ¥»[22m src/auto-reply/reply.directive.directive-behavior.supports-fuzzy-model-matches-model-direc
tive.e2e.test.ts:[2m26:14[22m[39m
[90m [2mΓ¥»[22m Module.withTempHome test/helpers/temp-home.ts:[2m102:12[22m[39m
[90m [2mΓ¥»[22m src/auto-reply/reply.directive.directive-behavior.supports-fuzzy-model-matches-model-direc
tive.e2e.test.ts:[2m243:5[22m[39m

[31m[2mΓÄ»ΓÄ»ΓÄ»ΓÄ»ΓÄ»ΓÄ»ΓÄ»ΓÄ»ΓÄ»ΓÄ»ΓÄ»ΓÄ»ΓÄ»ΓÄ»ΓÄ»ΓÄ»ΓÄ»ΓÄ»ΓÄ»ΓÄ»ΓÄ»ΓÄ»[39/64]ΓÄ»[22m[39m

[41m[1m FAIL [22m[49m src/auto-reply/reply.directive.directive-behavior.updates-tool-verbose-during-fligh
t-run-toggle.e2e.test.ts[2m > [22mdirective behavior[2m > [22mupdates tool verbose during an in-flight 
run (toggle on)
[31m[1mAssertionError[22m: expected [ Array(1) ] to include 'done'[39m
[36m [2mΓ¥»[22m src/auto-reply/reply.directive.directive-behavior.updates-tool-verbose-during-flight-run-t
oggle.e2e.test.ts:[2m113:21[22m[39m
    [90m111| [39m
    [90m112| [39m      const texts = (Array.isArray(res) ? res : [res]).map((entry) => ΓÇª
    [90m113| [39m      [34mexpect[39m(texts)[33m.[39m[34mtoContain[39m([32m"done"[39m)[33m;[39m
    [90m   | [39m                    [31m^[39m
    [90m114| [39m      
[34mexpect[39m(runEmbeddedPiAgent)[33m.[39m[34mtoHaveBeenCalledOnce[39m()[33m;[39m
    [90m115| [39m    })[33m;[39m
[90m [2mΓ¥»[22m src/auto-reply/reply.directive.directive-behavior.updates-tool-verbose-during-flight-run-t
oggle.e2e.test.ts:[2m26:14[22m[39m
[90m [2mΓ¥»[22m Module.withTempHome test/helpers/temp-home.ts:[2m102:12[22m[39m
[90m [2mΓ¥»[22m src/auto-reply/reply.directive.directive-behavior.updates-tool-verbose-during-flight-run-t
oggle.e2e.test.ts:[2m64:5[22m[39m

[31m[2mΓÄ»ΓÄ»ΓÄ»ΓÄ»ΓÄ»ΓÄ»ΓÄ»ΓÄ»ΓÄ»ΓÄ»ΓÄ»ΓÄ»ΓÄ»ΓÄ»ΓÄ»ΓÄ»ΓÄ»ΓÄ»ΓÄ»ΓÄ»ΓÄ»ΓÄ»[40/64]ΓÄ»[22m[39m

[41m[1m FAIL [22m[49m src/auto-reply/reply.directive.directive-behavior.updates-tool-verbose-during-fligh
t-run-toggle.e2e.test.ts[2m > [22mdirective behavior[2m > [22mupdates tool verbose during an in-flight 
run (toggle off)
[31m[1mAssertionError[22m: expected [ Array(1) ] to include 'done'[39m
[36m [2mΓ¥»[22m src/auto-reply/reply.directive.directive-behavior.updates-tool-verbose-during-flight-run-t
oggle.e2e.test.ts:[2m186:21[22m[39m
    [90m184| [39m
    [90m185| [39m      const texts = (Array.isArray(res) ? res : [res]).map((entry) => ΓÇª
    [90m186| [39m      [34mexpect[39m(texts)[33m.[39m[34mtoContain[39m([32m"done"[39m)[33m;[39m
    [90m   | [39m                    [31m^[39m
    [90m187| [39m      
[34mexpect[39m(runEmbeddedPiAgent)[33m.[39m[34mtoHaveBeenCalledOnce[39m()[33m;[39m
    [90m188| [39m    })[33m;[39m
[90m [2mΓ¥»[22m src/auto-reply/reply.directive.directive-behavior.updates-tool-verbose-during-flight-run-t
oggle.e2e.test.ts:[2m26:14[22m[39m
[90m [2mΓ¥»[22m Module.withTempHome test/helpers/temp-home.ts:[2m102:12[22m[39m
[90m [2mΓ¥»[22m src/auto-reply/reply.directive.directive-behavior.updates-tool-verbose-during-flight-run-t
oggle.e2e.test.ts:[2m118:5[22m[39m

[31m[2mΓÄ»ΓÄ»ΓÄ»ΓÄ»ΓÄ»ΓÄ»ΓÄ»ΓÄ»ΓÄ»ΓÄ»ΓÄ»ΓÄ»ΓÄ»ΓÄ»ΓÄ»ΓÄ»ΓÄ»ΓÄ»ΓÄ»ΓÄ»ΓÄ»ΓÄ»[41/64]ΓÄ»[22m[39m

[41m[1m FAIL [22m[49m 
src/auto-reply/reply.triggers.trigger-handling.allows-approved-sender-toggle-elevated-mode.e2e.test.ts[2m > 
[22mtrigger handling[2m > [22mallows approved sender to toggle elevated mode
[31m[1mError[22m: ENOENT: no such file or directory, open 
'C:\Users\rob_m\AppData\Local\Temp\openclaw-triggers-JzhMKI\sessions.json'[39m
[36m [2mΓ¥»[22m src/auto-reply/reply.triggers.trigger-handling.allows-approved-sender-toggle-elevated-mode
.e2e.test.ts:[2m134:24[22m[39m
    [90m132| [39m      [34mexpect[39m(text)[33m.[39m[34mtoContain[39m([32m"Elevated mode set to 
ask"[39m)[33m;[39m
    [90m133| [39m
    [90m134| [39m      [35mconst[39m storeRaw [33m=[39m [35mawait[39m 
fs[33m.[39m[34mreadFile[39m(cfg[33m.[39msession[33m.[39mstore[33m,[39m 
[32m"utf-8"[39m)[33m;[39m
    [90m   | [39m                       [31m^[39m
    [90m135| [39m      const store = JSON.parse(storeRaw) as Record<string, { elevatedLΓÇª
    [90m136| [39m      [34mexpect[39m(store[[33mMAIN_SESSION_KEY[39m][33m?.[39melevatedLevel)[33m.[
39m[34mtoBe[39m([32m"on"[39m)[33m;[39m
[90m [2mΓ¥»[22m __vi_import_2__.withTempHome.prefix src/auto-reply/reply.triggers.trigger-handling.allows-
approved-sender-toggle-elevated-mode.e2e.test.ts:[2m69:14[22m[39m
[90m [2mΓ¥»[22m Module.withTempHome test/helpers/temp-home.ts:[2m102:12[22m[39m
[90m [2mΓ¥»[22m src/auto-reply/reply.triggers.trigger-handling.allows-approved-sender-toggle-elevated-mode
.e2e.test.ts:[2m98:5[22m[39m

[31m[2mΓÄ»ΓÄ»ΓÄ»ΓÄ»ΓÄ»ΓÄ»ΓÄ»ΓÄ»ΓÄ»ΓÄ»ΓÄ»ΓÄ»ΓÄ»ΓÄ»ΓÄ»ΓÄ»ΓÄ»ΓÄ»ΓÄ»ΓÄ»ΓÄ»ΓÄ»[42/64]ΓÄ»[22m[39m

[41m[1m FAIL [22m[49m 
src/auto-reply/reply.triggers.trigger-handling.allows-approved-sender-toggle-elevated-mode.e2e.test.ts[2m > 
[22mtrigger handling[2m > [22mrejects elevated toggles when disabled
[31m[1mError[22m: ENOENT: no such file or directory, open 
'C:\Users\rob_m\AppData\Local\Temp\openclaw-triggers-s6c9Y0\sessions.json'[39m
[36m [2mΓ¥»[22m src/auto-reply/reply.triggers.trigger-handling.allows-approved-sender-toggle-elevated-mode
.e2e.test.ts:[2m176:24[22m[39m
    [90m174| [39m      
[34mexpect[39m(text)[33m.[39m[34mtoContain[39m([32m"tools.elevated.enabled"[39m)[33m;[39m
    [90m175| [39m
    [90m176| [39m      [35mconst[39m storeRaw [33m=[39m [35mawait[39m 
fs[33m.[39m[34mreadFile[39m(cfg[33m.[39msession[33m.[39mstore[33m,[39m 
[32m"utf-8"[39m)[33m;[39m
    [90m   | [39m                       [31m^[39m
    [90m177| [39m      const store = JSON.parse(storeRaw) as Record<string, { elevatedLΓÇª
    [90m178| [39m      [34mexpect[39m(store[[33mMAIN_SESSION_KEY[39m][33m?.[39melevatedLevel)[33m.[
39m[34mtoBeUndefined[39m()[33m;[39m
[90m [2mΓ¥»[22m __vi_import_2__.withTempHome.prefix src/auto-reply/reply.triggers.trigger-handling.allows-
approved-sender-toggle-elevated-mode.e2e.test.ts:[2m69:14[22m[39m
[90m [2mΓ¥»[22m Module.withTempHome test/helpers/temp-home.ts:[2m102:12[22m[39m
[90m [2mΓ¥»[22m src/auto-reply/reply.triggers.trigger-handling.allows-approved-sender-toggle-elevated-mode
.e2e.test.ts:[2m140:5[22m[39m

[31m[2mΓÄ»ΓÄ»ΓÄ»ΓÄ»ΓÄ»ΓÄ»ΓÄ»ΓÄ»ΓÄ»ΓÄ»ΓÄ»ΓÄ»ΓÄ»ΓÄ»ΓÄ»ΓÄ»ΓÄ»ΓÄ»ΓÄ»ΓÄ»ΓÄ»ΓÄ»[43/64]ΓÄ»[22m[39m

[41m[1m FAIL [22m[49m 
src/auto-reply/reply.triggers.trigger-handling.allows-elevated-off-groups-without-mention.e2e.test.ts[2m > 
[22mtrigger handling[2m > [22mallows elevated off in groups without mention
[31m[1mAssertionError[22m: expected undefined to be 'off' // Object.is equality[39m

[32m- Expected:[39m 
"off"

[31m+ Received:[39m 
undefined

[36m [2mΓ¥»[22m src/auto-reply/reply.triggers.trigger-handling.allows-elevated-off-groups-without-mention.
e2e.test.ts:[2m146:74[22m[39m
    [90m144| [39m
    [90m145| [39m      [35mconst[39m store [33m=[39m 
[34mloadSessionStore[39m(cfg[33m.[39msession[33m.[39mstore)[33m;[39m
    [90m146| [39m      expect(store["agent:main:whatsapp:group:123@g.us"]?.elevatedLeveΓÇª
    [90m   | [39m                                                                         [31m^[39m
    [90m147| [39m    })[33m;[39m
    [90m148| [39m  })[33m;[39m
[90m [2mΓ¥»[22m __vi_import_2__.withTempHome.prefix src/auto-reply/reply.triggers.trigger-handling.allows-
elevated-off-groups-without-mention.e2e.test.ts:[2m70:14[22m[39m
[90m [2mΓ¥»[22m Module.withTempHome test/helpers/temp-home.ts:[2m102:12[22m[39m
[90m [2mΓ¥»[22m src/auto-reply/reply.triggers.trigger-handling.allows-elevated-off-groups-without-mention.
e2e.test.ts:[2m99:5[22m[39m

[31m[2mΓÄ»ΓÄ»ΓÄ»ΓÄ»ΓÄ»ΓÄ»ΓÄ»ΓÄ»ΓÄ»ΓÄ»ΓÄ»ΓÄ»ΓÄ»ΓÄ»ΓÄ»ΓÄ»ΓÄ»ΓÄ»ΓÄ»ΓÄ»ΓÄ»ΓÄ»[44/64]ΓÄ»[22m[39m

[41m[1m FAIL [22m[49m 
src/auto-reply/reply.triggers.trigger-handling.allows-elevated-off-groups-without-mention.e2e.test.ts[2m > 
[22mtrigger handling[2m > [22mallows elevated directive in groups when mentioned
[31m[1mError[22m: ENOENT: no such file or directory, open 
'C:\Users\rob_m\AppData\Local\Temp\openclaw-triggers-I55qfX\sessions.json'[39m
[36m [2mΓ¥»[22m src/auto-reply/reply.triggers.trigger-handling.allows-elevated-off-groups-without-mention.
e2e.test.ts:[2m189:24[22m[39m
    [90m187| [39m      [34mexpect[39m(text)[33m.[39m[34mtoContain[39m([32m"Elevated mode set to 
ask"[39m)[33m;[39m
    [90m188| [39m
    [90m189| [39m      [35mconst[39m storeRaw [33m=[39m [35mawait[39m 
fs[33m.[39m[34mreadFile[39m(cfg[33m.[39msession[33m.[39mstore[33m,[39m 
[32m"utf-8"[39m)[33m;[39m
    [90m   | [39m                       [31m^[39m
    [90m190| [39m      const store = JSON.parse(storeRaw) as Record<string, { elevatedLΓÇª
    [90m191| [39m      expect(store["agent:main:whatsapp:group:123@g.us"]?.elevatedLeveΓÇª
[90m [2mΓ¥»[22m __vi_import_2__.withTempHome.prefix src/auto-reply/reply.triggers.trigger-handling.allows-
elevated-off-groups-without-mention.e2e.test.ts:[2m70:14[22m[39m
[90m [2mΓ¥»[22m Module.withTempHome test/helpers/temp-home.ts:[2m102:12[22m[39m
[90m [2mΓ¥»[22m src/auto-reply/reply.triggers.trigger-handling.allows-elevated-off-groups-without-mention.
e2e.test.ts:[2m150:5[22m[39m

[31m[2mΓÄ»ΓÄ»ΓÄ»ΓÄ»ΓÄ»ΓÄ»ΓÄ»ΓÄ»ΓÄ»ΓÄ»ΓÄ»ΓÄ»ΓÄ»ΓÄ»ΓÄ»ΓÄ»ΓÄ»ΓÄ»ΓÄ»ΓÄ»ΓÄ»ΓÄ»[45/64]ΓÄ»[22m[39m

[41m[1m FAIL [22m[49m 
src/auto-reply/reply.triggers.trigger-handling.allows-elevated-off-groups-without-mention.e2e.test.ts[2m > 
[22mtrigger handling[2m > [22mallows elevated directive in direct chats without mentions
[31m[1mError[22m: ENOENT: no such file or directory, open 
'C:\Users\rob_m\AppData\Local\Temp\openclaw-triggers-QNMwVZ\sessions.json'[39m
[36m [2mΓ¥»[22m src/auto-reply/reply.triggers.trigger-handling.allows-elevated-off-groups-without-mention.
e2e.test.ts:[2m231:24[22m[39m
    [90m229| [39m      [34mexpect[39m(text)[33m.[39m[34mtoContain[39m([32m"Elevated mode set to 
ask"[39m)[33m;[39m
    [90m230| [39m
    [90m231| [39m      [35mconst[39m storeRaw [33m=[39m [35mawait[39m 
fs[33m.[39m[34mreadFile[39m(cfg[33m.[39msession[33m.[39mstore[33m,[39m 
[32m"utf-8"[39m)[33m;[39m
    [90m   | [39m                       [31m^[39m
    [90m232| [39m      const store = JSON.parse(storeRaw) as Record<string, { elevatedLΓÇª
    [90m233| [39m      [34mexpect[39m(store[[33mMAIN_SESSION_KEY[39m][33m?.[39melevatedLevel)[33m.[
39m[34mtoBe[39m([32m"on"[39m)[33m;[39m
[90m [2mΓ¥»[22m __vi_import_2__.withTempHome.prefix src/auto-reply/reply.triggers.trigger-handling.allows-
elevated-off-groups-without-mention.e2e.test.ts:[2m70:14[22m[39m
[90m [2mΓ¥»[22m Module.withTempHome test/helpers/temp-home.ts:[2m102:12[22m[39m
[90m [2mΓ¥»[22m src/auto-reply/reply.triggers.trigger-handling.allows-elevated-off-groups-without-mention.
e2e.test.ts:[2m195:5[22m[39m

[31m[2mΓÄ»ΓÄ»ΓÄ»ΓÄ»ΓÄ»ΓÄ»ΓÄ»ΓÄ»ΓÄ»ΓÄ»ΓÄ»ΓÄ»ΓÄ»ΓÄ»ΓÄ»ΓÄ»ΓÄ»ΓÄ»ΓÄ»ΓÄ»ΓÄ»ΓÄ»[46/64]ΓÄ»[22m[39m

[41m[1m FAIL [22m[49m 
src/auto-reply/reply.triggers.trigger-handling.filters-usage-summary-current-model-provider.e2e.test.ts[2m 
> [22mtrigger handling[2m > [22mcycles /usage modes and persists to the session store
[31m[1mError[22m: ENOENT: no such file or directory, open 
'C:\Users\rob_m\AppData\Local\Temp\openclaw-triggers-zhHtWw\sessions.json'[39m
[36m [2mΓ¥»[22m readSessionStore src/auto-reply/reply.triggers.trigger-handling.filters-usage-summary-curr
ent-model-provider.e2e.test.ts:[2m95:15[22m[39m
    [90m 93| [39m
    [90m 94| [39masync function readSessionStore(home: string): Promise<Record<string, ΓÇª
    [90m 95| [39m  [35mconst[39m raw [33m=[39m [35mawait[39m 
[34mreadFile[39m([34mjoin[39m(home[33m,[39m [32m"sessions.json"[39m)[33m,[39m 
[32m"utf-8"[39m)[33m;[39m
    [90m   | [39m              [31m^[39m
    [90m 96| [39m  [35mreturn[39m [33mJSON[39m[33m.[39m[34mparse[39m(raw) [35mas[39m 
[33mRecord[39m[33m<[39mstring[33m,[39m unknown[33m>[39m[33m;[39m
    [90m 97| [39m}
[90m [2mΓ¥»[22m src/auto-reply/reply.triggers.trigger-handling.filters-usage-summary-current-model-provide
r.e2e.test.ts:[2m219:18[22m[39m
[90m [2mΓ¥»[22m __vi_import_3__.withTempHome.prefix src/auto-reply/reply.triggers.trigger-handling.filters
-usage-summary-current-model-provider.e2e.test.ts:[2m71:14[22m[39m
[90m [2mΓ¥»[22m Module.withTempHome test/helpers/temp-home.ts:[2m102:12[22m[39m
[90m [2mΓ¥»[22m src/auto-reply/reply.triggers.trigger-handling.filters-usage-summary-current-model-provide
r.e2e.test.ts:[2m201:5[22m[39m

[31m[2mΓÄ»ΓÄ»ΓÄ»ΓÄ»ΓÄ»ΓÄ»ΓÄ»ΓÄ»ΓÄ»ΓÄ»ΓÄ»ΓÄ»ΓÄ»ΓÄ»ΓÄ»ΓÄ»ΓÄ»ΓÄ»ΓÄ»ΓÄ»ΓÄ»ΓÄ»[47/64]ΓÄ»[22m[39m

[41m[1m FAIL [22m[49m 
src/auto-reply/reply.triggers.trigger-handling.filters-usage-summary-current-model-provider.e2e.test.ts[2m 
> [22mtrigger handling[2m > [22mtreats /usage on as tokens (back-compat)
[31m[1mError[22m: ENOENT: no such file or directory, open 
'C:\Users\rob_m\AppData\Local\Temp\openclaw-triggers-q9Dm9h\sessions.json'[39m
[36m [2mΓ¥»[22m readSessionStore src/auto-reply/reply.triggers.trigger-handling.filters-usage-summary-curr
ent-model-provider.e2e.test.ts:[2m95:15[22m[39m
    [90m 93| [39m
    [90m 94| [39masync function readSessionStore(home: string): Promise<Record<string, ΓÇª
    [90m 95| [39m  [35mconst[39m raw [33m=[39m [35mawait[39m 
[34mreadFile[39m([34mjoin[39m(home[33m,[39m [32m"sessions.json"[39m)[33m,[39m 
[32m"utf-8"[39m)[33m;[39m
    [90m   | [39m              [31m^[39m
    [90m 96| [39m  [35mreturn[39m [33mJSON[39m[33m.[39m[34mparse[39m(raw) [35mas[39m 
[33mRecord[39m[33m<[39mstring[33m,[39m unknown[33m>[39m[33m;[39m
    [90m 97| [39m}
[90m [2mΓ¥»[22m src/auto-reply/reply.triggers.trigger-handling.filters-usage-summary-current-model-provide
r.e2e.test.ts:[2m281:21[22m[39m
[90m [2mΓ¥»[22m __vi_import_3__.withTempHome.prefix src/auto-reply/reply.triggers.trigger-handling.filters
-usage-summary-current-model-provider.e2e.test.ts:[2m71:14[22m[39m
[90m [2mΓ¥»[22m Module.withTempHome test/helpers/temp-home.ts:[2m102:12[22m[39m
[90m [2mΓ¥»[22m src/auto-reply/reply.triggers.trigger-handling.filters-usage-summary-current-model-provide
r.e2e.test.ts:[2m263:5[22m[39m

[31m[2mΓÄ»ΓÄ»ΓÄ»ΓÄ»ΓÄ»ΓÄ»ΓÄ»ΓÄ»ΓÄ»ΓÄ»ΓÄ»ΓÄ»ΓÄ»ΓÄ»ΓÄ»ΓÄ»ΓÄ»ΓÄ»ΓÄ»ΓÄ»ΓÄ»ΓÄ»[48/64]ΓÄ»[22m[39m

[41m[1m FAIL [22m[49m src/auto-reply/reply.triggers.trigger-handling.ignores-inline-elevated-directive-un
approved-sender.e2e.test.ts[2m > [22mtrigger handling[2m > [22muses tools.elevated.allowFrom.discord for 
elevated approval
[31m[1mError[22m: ENOENT: no such file or directory, open 
'C:\Users\rob_m\AppData\Local\Temp\openclaw-triggers-kxVFME\sessions.json'[39m
[36m [2mΓ¥»[22m src/auto-reply/reply.triggers.trigger-handling.ignores-inline-elevated-directive-unapprove
d-sender.e2e.test.ts:[2m172:24[22m[39m
    [90m170| [39m      [34mexpect[39m(text)[33m.[39m[34mtoContain[39m([32m"Elevated mode set to 
ask"[39m)[33m;[39m
    [90m171| [39m
    [90m172| [39m      [35mconst[39m storeRaw [33m=[39m [35mawait[39m 
fs[33m.[39m[34mreadFile[39m(cfg[33m.[39msession[33m.[39mstore[33m,[39m 
[32m"utf-8"[39m)[33m;[39m
    [90m   | [39m                       [31m^[39m
    [90m173| [39m      const store = JSON.parse(storeRaw) as Record<string, { elevatedLΓÇª
    [90m174| [39m      [34mexpect[39m(store[[33mMAIN_SESSION_KEY[39m][33m?.[39melevatedLevel)[33m.[
39m[34mtoBe[39m([32m"on"[39m)[33m;[39m
[90m [2mΓ¥»[22m __vi_import_2__.withTempHome.prefix src/auto-reply/reply.triggers.trigger-handling.ignores
-inline-elevated-directive-unapproved-sender.e2e.test.ts:[2m69:14[22m[39m
[90m [2mΓ¥»[22m Module.withTempHome test/helpers/temp-home.ts:[2m102:12[22m[39m
[90m [2mΓ¥»[22m src/auto-reply/reply.triggers.trigger-handling.ignores-inline-elevated-directive-unapprove
d-sender.e2e.test.ts:[2m143:5[22m[39m

[31m[2mΓÄ»ΓÄ»ΓÄ»ΓÄ»ΓÄ»ΓÄ»ΓÄ»ΓÄ»ΓÄ»ΓÄ»ΓÄ»ΓÄ»ΓÄ»ΓÄ»ΓÄ»ΓÄ»ΓÄ»ΓÄ»ΓÄ»ΓÄ»ΓÄ»ΓÄ»[49/64]ΓÄ»[22m[39m

[41m[1m FAIL [22m[49m 
src/auto-reply/reply.triggers.trigger-handling.includes-error-cause-embedded-agent-throws.e2e.test.ts[2m > 
[22mtrigger handling[2m > [22mupdates group activation when the owner sends /activation
[31m[1mError[22m: ENOENT: no such file or directory, open 
'C:\Users\rob_m\AppData\Local\Temp\openclaw-triggers-83N5Ih\sessions.json'[39m
[36m [2mΓ¥»[22m src/auto-reply/reply.triggers.trigger-handling.includes-error-cause-embedded-agent-throws.
e2e.test.ts:[2m219:32[22m[39m
    [90m217| [39m      [35mconst[39m text [33m=[39m [33mArray[39m[33m.[39m[34misArray[39m(res) 
[33m?[39m res[[34m0[39m][33m?.[39mtext [33m:[39m res[33m?.[39mtext[33m;[39m
    [90m218| [39m      [34mexpect[39m(text)[33m.[39m[34mtoContain[39m([32m"Group activation set to 
always"[39m)[33m;[39m
    [90m219| [39m      const store = JSON.parse(await fs.readFile(cfg.session.store, "uΓÇª
    [90m   | [39m                               [31m^[39m
    [90m220| [39m        string[33m,[39m
    [90m221| [39m        { groupActivation[33m?[39m[33m:[39m string }
[90m [2mΓ¥»[22m __vi_import_2__.withTempHome.prefix src/auto-reply/reply.triggers.trigger-handling.include
s-error-cause-embedded-agent-throws.e2e.test.ts:[2m70:14[22m[39m
[90m [2mΓ¥»[22m Module.withTempHome test/helpers/temp-home.ts:[2m102:12[22m[39m
[90m [2mΓ¥»[22m src/auto-reply/reply.triggers.trigger-handling.includes-error-cause-embedded-agent-throws.
e2e.test.ts:[2m202:5[22m[39m

[31m[2mΓÄ»ΓÄ»ΓÄ»ΓÄ»ΓÄ»ΓÄ»ΓÄ»ΓÄ»ΓÄ»ΓÄ»ΓÄ»ΓÄ»ΓÄ»ΓÄ»ΓÄ»ΓÄ»ΓÄ»ΓÄ»ΓÄ»ΓÄ»ΓÄ»ΓÄ»[50/64]ΓÄ»[22m[39m

[41m[1m FAIL [22m[49m 
src/auto-reply/reply.triggers.trigger-handling.keeps-inline-status-unauthorized-senders.e2e.test.ts[2m > 
[22mtrigger handling[2m > [22mreturns help without invoking the agent
[31m[1mAssertionError[22m: expected 'Γä╣∩╕Å Help\n\nSession\n  /new  |  /resetΓÇª' to contain 
'Shortcuts'[39m

[32m- Expected[39m
[31m+ Received[39m

[32m- Shortcuts[39m
[31m+ Γä╣∩╕Å Help[39m
[31m+[39m
[31m+ Session[39m
[31m+   /new  |  /reset  |  /compact [instructions]  |  /stop[39m
[31m+[39m
[31m+ Options[39m
[31m+   /think <level>  |  /model <id>  |  /verbose on|off[39m
[31m+[39m
[31m+ Status[39m
[31m+   /status  |  /whoami  |  /context[39m
[31m+[39m
[31m+ Skills[39m
[31m+   /skill <name> [input][39m
[31m+[39m
[31m+ More: /commands for full list[39m

[36m [2mΓ¥»[22m src/auto-reply/reply.triggers.trigger-handling.keeps-inline-status-unauthorized-senders.e2
e.test.ts:[2m194:20[22m[39m
    [90m192| [39m      [35mconst[39m text [33m=[39m [33mArray[39m[33m.[39m[34misArray[39m(res) 
[33m?[39m res[[34m0[39m][33m?.[39mtext [33m:[39m res[33m?.[39mtext[33m;[39m
    [90m193| [39m      [34mexpect[39m(text)[33m.[39m[34mtoContain[39m([32m"Help"[39m)[33m;[39m
    [90m194| [39m      
[34mexpect[39m(text)[33m.[39m[34mtoContain[39m([32m"Shortcuts"[39m)[33m;[39m
    [90m   | [39m                   [31m^[39m
    [90m195| [39m      
[34mexpect[39m(runEmbeddedPiAgent)[33m.[39mnot[33m.[39m[34mtoHaveBeenCalled[39m()[33m;[39m
    [90m196| [39m    })[33m;[39m
[90m [2mΓ¥»[22m __vi_import_2__.withTempHome.prefix src/auto-reply/reply.triggers.trigger-handling.keeps-i
nline-status-unauthorized-senders.e2e.test.ts:[2m69:14[22m[39m
[90m [2mΓ¥»[22m Module.withTempHome test/helpers/temp-home.ts:[2m102:12[22m[39m
[90m [2mΓ¥»[22m src/auto-reply/reply.triggers.trigger-handling.keeps-inline-status-unauthorized-senders.e2
e.test.ts:[2m181:5[22m[39m

[31m[2mΓÄ»ΓÄ»ΓÄ»ΓÄ»ΓÄ»ΓÄ»ΓÄ»ΓÄ»ΓÄ»ΓÄ»ΓÄ»ΓÄ»ΓÄ»ΓÄ»ΓÄ»ΓÄ»ΓÄ»ΓÄ»ΓÄ»ΓÄ»ΓÄ»ΓÄ»[51/64]ΓÄ»[22m[39m

[41m[1m FAIL [22m[49m 
src/auto-reply/reply.triggers.trigger-handling.keeps-inline-status-unauthorized-senders.e2e.test.ts[2m > 
[22mtrigger handling[2m > [22mallows owner to set send policy
[31m[1mError[22m: ENOENT: no such file or directory, open 
'C:\Users\rob_m\AppData\Local\Temp\openclaw-triggers-G7qDk0\sessions.json'[39m
[36m [2mΓ¥»[22m src/auto-reply/reply.triggers.trigger-handling.keeps-inline-status-unauthorized-senders.e2
e.test.ts:[2m230:24[22m[39m
    [90m228| [39m      [34mexpect[39m(text)[33m.[39m[34mtoContain[39m([32m"Send policy set to 
off"[39m)[33m;[39m
    [90m229| [39m
    [90m230| [39m      [35mconst[39m storeRaw [33m=[39m [35mawait[39m 
fs[33m.[39m[34mreadFile[39m(cfg[33m.[39msession[33m.[39mstore[33m,[39m 
[32m"utf-8"[39m)[33m;[39m
    [90m   | [39m                       [31m^[39m
    [90m231| [39m      const store = JSON.parse(storeRaw) as Record<string, { sendPolicΓÇª
    [90m232| [39m      [34mexpect[39m(store[[33mMAIN_SESSION_KEY[39m][33m?.[39msendPolicy)[33m.[39m
[34mtoBe[39m([32m"deny"[39m)[33m;[39m
[90m [2mΓ¥»[22m __vi_import_2__.withTempHome.prefix src/auto-reply/reply.triggers.trigger-handling.keeps-i
nline-status-unauthorized-senders.e2e.test.ts:[2m69:14[22m[39m
[90m [2mΓ¥»[22m Module.withTempHome test/helpers/temp-home.ts:[2m102:12[22m[39m
[90m [2mΓ¥»[22m src/auto-reply/reply.triggers.trigger-handling.keeps-inline-status-unauthorized-senders.e2
e.test.ts:[2m199:5[22m[39m

[31m[2mΓÄ»ΓÄ»ΓÄ»ΓÄ»ΓÄ»ΓÄ»ΓÄ»ΓÄ»ΓÄ»ΓÄ»ΓÄ»ΓÄ»ΓÄ»ΓÄ»ΓÄ»ΓÄ»ΓÄ»ΓÄ»ΓÄ»ΓÄ»ΓÄ»ΓÄ»[52/64]ΓÄ»[22m[39m

[41m[1m FAIL [22m[49m 
src/auto-reply/reply.triggers.trigger-handling.runs-compact-as-gated-command.e2e.test.ts[2m > [22mtrigger 
handling[2m > [22mruns /compact as a gated command
[31m[1mAssertionError[22m: expected undefined to be 1 // Object.is equality[39m

[32m- Expected:[39m 
1

[31m+ Received:[39m 
undefined

[36m [2mΓ¥»[22m 
src/auto-reply/reply.triggers.trigger-handling.runs-compact-as-gated-command.e2e.test.ts:[2m150:50[22m[39m
    [90m148| [39m        [33mTo[39m[33m:[39m [32m"+2000"[39m[33m,[39m
    [90m149| [39m      })[33m;[39m
    [90m150| [39m      [34mexpect[39m(store[sessionKey][33m?.[39mcompactionCount)[33m.[39m[34mtoBe[
39m([34m1[39m)[33m;[39m
    [90m   | [39m                                                 [31m^[39m
    [90m151| [39m    })[33m;[39m
    [90m152| [39m  })[33m;[39m
[90m [2mΓ¥»[22m __vi_import_2__.withTempHome.prefix 
src/auto-reply/reply.triggers.trigger-handling.runs-compact-as-gated-command.e2e.test.ts:[2m74:14[22m[39m
[90m [2mΓ¥»[22m Module.withTempHome test/helpers/temp-home.ts:[2m102:12[22m[39m
[90m [2mΓ¥»[22m 
src/auto-reply/reply.triggers.trigger-handling.runs-compact-as-gated-command.e2e.test.ts:[2m103:5[22m[39m

[31m[2mΓÄ»ΓÄ»ΓÄ»ΓÄ»ΓÄ»ΓÄ»ΓÄ»ΓÄ»ΓÄ»ΓÄ»ΓÄ»ΓÄ»ΓÄ»ΓÄ»ΓÄ»ΓÄ»ΓÄ»ΓÄ»ΓÄ»ΓÄ»ΓÄ»ΓÄ»[53/64]ΓÄ»[22m[39m

[41m[1m FAIL [22m[49m 
src/auto-reply/reply.triggers.trigger-handling.shows-quick-model-picker-grouped-by-model.e2e.test.ts[2m > 
[22mtrigger handling[2m > [22mselects the exact provider/model pair for openrouter
[31m[1mAssertionError[22m: expected undefined to be 'openrouter' // Object.is equality[39m

[32m- Expected:[39m 
"openrouter"

[31m+ Received:[39m 
undefined

[36m [2mΓ¥»[22m src/auto-reply/reply.triggers.trigger-handling.shows-quick-model-picker-grouped-by-model.e
2e.test.ts:[2m177:51[22m[39m
    [90m175| [39m
    [90m176| [39m      [35mconst[39m store [33m=[39m 
[34mloadSessionStore[39m(cfg[33m.[39msession[33m.[39mstore)[33m;[39m
    [90m177| [39m      [34mexpect[39m(store[sessionKey][33m?.[39mproviderOverride)[33m.[39m[34mtoBe
[39m([32m"openrouter"[39m)[33m;[39m
    [90m   | [39m                                                  [31m^[39m
    [90m178| [39m      expect(store[sessionKey]?.modelOverride).toBe("anthropic/claude-ΓÇª
    [90m179| [39m    })[33m;[39m
[90m [2mΓ¥»[22m __vi_import_2__.withTempHome.prefix src/auto-reply/reply.triggers.trigger-handling.shows-q
uick-model-picker-grouped-by-model.e2e.test.ts:[2m70:14[22m[39m
[90m [2mΓ¥»[22m Module.withTempHome test/helpers/temp-home.ts:[2m102:12[22m[39m
[90m [2mΓ¥»[22m src/auto-reply/reply.triggers.trigger-handling.shows-quick-model-picker-grouped-by-model.e
2e.test.ts:[2m152:5[22m[39m

[31m[2mΓÄ»ΓÄ»ΓÄ»ΓÄ»ΓÄ»ΓÄ»ΓÄ»ΓÄ»ΓÄ»ΓÄ»ΓÄ»ΓÄ»ΓÄ»ΓÄ»ΓÄ»ΓÄ»ΓÄ»ΓÄ»ΓÄ»ΓÄ»ΓÄ»ΓÄ»[54/64]ΓÄ»[22m[39m

[41m[1m FAIL [22m[49m 
src/auto-reply/reply.triggers.trigger-handling.shows-quick-model-picker-grouped-by-model.e2e.test.ts[2m > 
[22mtrigger handling[2m > [22mselects a model via /model <provider/model>
[31m[1mAssertionError[22m: expected undefined to be 'openai' // Object.is equality[39m

[32m- Expected:[39m 
"openai"

[31m+ Received:[39m 
undefined

[36m [2mΓ¥»[22m src/auto-reply/reply.triggers.trigger-handling.shows-quick-model-picker-grouped-by-model.e
2e.test.ts:[2m267:51[22m[39m
    [90m265| [39m
    [90m266| [39m      [35mconst[39m store [33m=[39m 
[34mloadSessionStore[39m(cfg[33m.[39msession[33m.[39mstore)[33m;[39m
    [90m267| [39m      [34mexpect[39m(store[sessionKey][33m?.[39mproviderOverride)[33m.[39m[34mtoBe
[39m([32m"openai"[39m)[33m;[39m
    [90m   | [39m                                                  [31m^[39m
    [90m268| [39m      [34mexpect[39m(store[sessionKey][33m?.[39mmodelOverride)[33m.[39m[34mtoBe[39
m([32m"gpt-5.2"[39m)[33m;[39m
    [90m269| [39m    })[33m;[39m
[90m [2mΓ¥»[22m __vi_import_2__.withTempHome.prefix src/auto-reply/reply.triggers.trigger-handling.shows-q
uick-model-picker-grouped-by-model.e2e.test.ts:[2m70:14[22m[39m
[90m [2mΓ¥»[22m Module.withTempHome test/helpers/temp-home.ts:[2m102:12[22m[39m
[90m [2mΓ¥»[22m src/auto-reply/reply.triggers.trigger-handling.shows-quick-model-picker-grouped-by-model.e
2e.test.ts:[2m244:5[22m[39m

[31m[2mΓÄ»ΓÄ»ΓÄ»ΓÄ»ΓÄ»ΓÄ»ΓÄ»ΓÄ»ΓÄ»ΓÄ»ΓÄ»ΓÄ»ΓÄ»ΓÄ»ΓÄ»ΓÄ»ΓÄ»ΓÄ»ΓÄ»ΓÄ»ΓÄ»ΓÄ»[55/64]ΓÄ»[22m[39m

[41m[1m FAIL [22m[49m 
src/auto-reply/reply.triggers.trigger-handling.targets-active-session-native-stop.e2e.test.ts[2m > 
[22mtrigger handling[2m > [22mtargets the active session for native /stop
[31m[1mAssertionError[22m: expected undefined to be true // Object.is equality[39m

[32m- Expected:[39m 
true

[31m+ Received:[39m 
undefined

[36m [2mΓ¥»[22m src/auto-reply/reply.triggers.trigger-handling.targets-active-session-native-stop.e2e.test
.ts:[2m165:55[22m[39m
    [90m163| [39m      expect(vi.mocked(abortEmbeddedPiRun)).toHaveBeenCalledWith(targeΓÇª
    [90m164| [39m      [35mconst[39m store [33m=[39m 
[34mloadSessionStore[39m(cfg[33m.[39msession[33m.[39mstore)[33m;[39m
    [90m165| [39m      [34mexpect[39m(store[targetSessionKey][33m?.[39mabortedLastRun)[33m.[39m[34mt
oBe[39m([35mtrue[39m)[33m;[39m
    [90m   | [39m                                                      [31m^[39m
    [90m166| [39m      [34mexpect[39m([34mgetFollowupQueueDepth[39m(targetSessionKey))[33m.[39m[34mt
oBe[39m([34m0[39m)[33m;[39m
    [90m167| [39m    })[33m;[39m
[90m [2mΓ¥»[22m __vi_import_2__.withTempHome.prefix src/auto-reply/reply.triggers.trigger-handling.targets
-active-session-native-stop.e2e.test.ts:[2m71:14[22m[39m
[90m [2mΓ¥»[22m Module.withTempHome test/helpers/temp-home.ts:[2m102:12[22m[39m
[90m [2mΓ¥»[22m src/auto-reply/reply.triggers.trigger-handling.targets-active-session-native-stop.e2e.test
.ts:[2m100:5[22m[39m

[31m[2mΓÄ»ΓÄ»ΓÄ»ΓÄ»ΓÄ»ΓÄ»ΓÄ»ΓÄ»ΓÄ»ΓÄ»ΓÄ»ΓÄ»ΓÄ»ΓÄ»ΓÄ»ΓÄ»ΓÄ»ΓÄ»ΓÄ»ΓÄ»ΓÄ»ΓÄ»[56/64]ΓÄ»[22m[39m

[41m[1m FAIL [22m[49m 
src/auto-reply/reply.triggers.trigger-handling.targets-active-session-native-stop.e2e.test.ts[2m > 
[22mtrigger handling[2m > [22mapplies native /model to the target session
[31m[1mAssertionError[22m: expected undefined to be 'openai' // Object.is equality[39m

[32m- Expected:[39m 
"openai"

[31m+ Received:[39m 
undefined

[36m [2mΓ¥»[22m src/auto-reply/reply.triggers.trigger-handling.targets-active-session-native-stop.e2e.test
.ts:[2m211:57[22m[39m
    [90m209| [39m
    [90m210| [39m      [35mconst[39m store [33m=[39m 
[34mloadSessionStore[39m(cfg[33m.[39msession[33m.[39mstore)[33m;[39m
    [90m211| [39m      [34mexpect[39m(store[targetSessionKey][33m?.[39mproviderOverride)[33m.[39m[34
mtoBe[39m([32m"openai"[39m)[33m;[39m
    [90m   | [39m                                                        [31m^[39m
    [90m212| [39m      expect(store[targetSessionKey]?.modelOverride).toBe("gpt-4.1-minΓÇª
    [90m213| [39m      
[34mexpect[39m(store[slashSessionKey])[33m.[39m[34mtoBeUndefined[39m()[33m;[39m
[90m [2mΓ¥»[22m __vi_import_2__.withTempHome.prefix src/auto-reply/reply.triggers.trigger-handling.targets
-active-session-native-stop.e2e.test.ts:[2m71:14[22m[39m
[90m [2mΓ¥»[22m Module.withTempHome test/helpers/temp-home.ts:[2m102:12[22m[39m
[90m [2mΓ¥»[22m src/auto-reply/reply.triggers.trigger-handling.targets-active-session-native-stop.e2e.test
.ts:[2m170:5[22m[39m

[31m[2mΓÄ»ΓÄ»ΓÄ»ΓÄ»ΓÄ»ΓÄ»ΓÄ»ΓÄ»ΓÄ»ΓÄ»ΓÄ»ΓÄ»ΓÄ»ΓÄ»ΓÄ»ΓÄ»ΓÄ»ΓÄ»ΓÄ»ΓÄ»ΓÄ»ΓÄ»[57/64]ΓÄ»[22m[39m

[41m[1m FAIL [22m[49m src/gateway/gateway.e2e.test.ts[2m > [22mgateway e2e[2m > [22mruns a mock 
OpenAI tool call end-to-end via gateway agent loop
[31m[1mError[22m: Test timed out in 90000ms.
If this is a long-running test, pass a timeout value as the last argument or configure it globally with 
"testTimeout".[39m
[36m [2mΓ¥»[22m src/gateway/gateway.e2e.test.ts:[2m24:3[22m[39m
    [90m 22| [39m
    [90m 23| [39m[34mdescribe[39m([32m"gateway e2e"[39m[33m,[39m () [33m=>[39m {
    [90m 24| [39m  [34mit[39m(
    [90m   | [39m  [31m^[39m
    [90m 25| [39m    [32m"runs a mock OpenAI tool call end-to-end via gateway agent loop"[39m[33m,[39m
    [90m 26| [39m    { timeout[33m:[39m [34m90_000[39m }[33m,[39m

[31m[2mΓÄ»ΓÄ»ΓÄ»ΓÄ»ΓÄ»ΓÄ»ΓÄ»ΓÄ»ΓÄ»ΓÄ»ΓÄ»ΓÄ»ΓÄ»ΓÄ»ΓÄ»ΓÄ»ΓÄ»ΓÄ»ΓÄ»ΓÄ»ΓÄ»ΓÄ»[58/64]ΓÄ»[22m[39m

[41m[1m FAIL [22m[49m src/gateway/openresponses-parity.e2e.test.ts[2m > [22mOpenResponses Feature 
Parity[2m > [22mbuildAgentPrompt[2m > [22mshould convert function_call_output to tool entry
[31m[1mError[22m: Test timed out in 5000ms.
If this is a long-running test, pass a timeout value as the last argument or configure it globally with 
"testTimeout".[39m
[36m [2mΓ¥»[22m src/gateway/openresponses-parity.e2e.test.ts:[2m273:5[22m[39m
    [90m271| [39m
    [90m272| [39m  [34mdescribe[39m([32m"buildAgentPrompt"[39m[33m,[39m () [33m=>[39m {
    [90m273| [39m    it("should convert function_call_output to tool entry", async () =ΓÇª
    [90m   | [39m    [31m^[39m
    [90m274| [39m      const { buildAgentPrompt } = await import("./openresponses-http.ΓÇª
    [90m275| [39m

[31m[2mΓÄ»ΓÄ»ΓÄ»ΓÄ»ΓÄ»ΓÄ»ΓÄ»ΓÄ»ΓÄ»ΓÄ»ΓÄ»ΓÄ»ΓÄ»ΓÄ»ΓÄ»ΓÄ»ΓÄ»ΓÄ»ΓÄ»ΓÄ»ΓÄ»ΓÄ»[59/64]ΓÄ»[22m[39m

[41m[1m FAIL [22m[49m src/gateway/server.agent.gateway-server-agent-a.e2e.test.ts[2m > [22mgateway 
server agent[2m > [22magent forwards image attachments as images[]
[31m[1mAssertionError[22m: expected '[Wed 2026-02-18 10:33 GMT-7] what is ΓÇª' to be 'what is in the 
image?' // Object.is equality[39m

Expected: [32m"what is in the image?"[39m
Received: [31m"[7m[Wed 2026-02-18 10:33 GMT-7] [27mwhat is in the image?"[39m

[36m [2mΓ¥»[22m src/gateway/server.agent.gateway-server-agent-a.e2e.test.ts:[2m453:26[22m[39m
    [90m451| [39m    
[34mexpect[39m(call[33m.[39msessionKey)[33m.[39m[34mtoBe[39m([32m"main"[39m)[33m;[39m
    [90m452| [39m    [34mexpectChannels[39m(call[33m,[39m [32m"webchat"[39m)[33m;[39m
    [90m453| [39m    [34mexpect[39m(call[33m.[39mmessage)[33m.[39m[34mtoBe[39m([32m"what is in 
the image?"[39m)[33m;[39m
    [90m   | [39m                         [31m^[39m
    [90m454| [39m
    [90m455| [39m    [35mconst[39m images [33m=[39m call[33m.[39mimages [35mas[39m 
[33mArray[39m[33m<[39m[33mRecord[39m[33m<[39mstring[33m,[39m unknown[33m>>[39m[33m;[39m

[31m[2mΓÄ»ΓÄ»ΓÄ»ΓÄ»ΓÄ»ΓÄ»ΓÄ»ΓÄ»ΓÄ»ΓÄ»ΓÄ»ΓÄ»ΓÄ»ΓÄ»ΓÄ»ΓÄ»ΓÄ»ΓÄ»ΓÄ»ΓÄ»ΓÄ»ΓÄ»[60/64]ΓÄ»[22m[39m

[41m[1m FAIL [22m[49m src/gateway/server.chat.gateway-server-chat-b.e2e.test.ts[2m > [22mgateway 
server chat[2m > [22mhandles history, abort, idempotency, and ordering flows
[31m[1mError[22m: Test timed out in 120000ms.
If this is a long-running test, pass a timeout value as the last argument or configure it globally with 
"testTimeout".[39m
[36m [2mΓ¥»[22m src/gateway/server.chat.gateway-server-chat-b.e2e.test.ts:[2m46:3[22m[39m
    [90m 44| [39m[34mdescribe[39m([32m"gateway server chat"[39m[33m,[39m () [33m=>[39m {
    [90m 45| [39m  [35mconst[39m timeoutMs [33m=[39m [34m120_000[39m[33m;[39m
    [90m 46| [39m  [34mtest[39m(
    [90m   | [39m  [31m^[39m
    [90m 47| [39m    [32m"handles history, abort, idempotency, and ordering flows"[39m[33m,[39m
    [90m 48| [39m    { timeout[33m:[39m timeoutMs }[33m,[39m

[31m[2mΓÄ»ΓÄ»ΓÄ»ΓÄ»ΓÄ»ΓÄ»ΓÄ»ΓÄ»ΓÄ»ΓÄ»ΓÄ»ΓÄ»ΓÄ»ΓÄ»ΓÄ»ΓÄ»ΓÄ»ΓÄ»ΓÄ»ΓÄ»ΓÄ»ΓÄ»[61/64]ΓÄ»[22m[39m

[41m[1m FAIL [22m[49m src/gateway/server.cron.e2e.test.ts[2m > [22mgateway server cron[2m > 
[22mhandles cron CRUD, normalization, and patch semantics
[31m[1mError[22m: Test timed out in 120000ms.
If this is a long-running test, pass a timeout value as the last argument or configure it globally with 
"testTimeout".[39m
[36m [2mΓ¥»[22m src/gateway/server.cron.e2e.test.ts:[2m54:3[22m[39m
    [90m 52| [39m
    [90m 53| [39m[34mdescribe[39m([32m"gateway server cron"[39m[33m,[39m () [33m=>[39m {
    [90m 54| [39m  test("handles cron CRUD, normalization, and patch semantics", { timeΓÇª
    [90m   | [39m  [31m^[39m
    [90m 55| [39m    [35mconst[39m prevSkipCron [33m=[39m 
process[33m.[39menv[33m.[39m[33mOPENCLAW_SKIP_CRON[39m[33m;[39m
    [90m 56| [39m    process[33m.[39menv[33m.[39m[33mOPENCLAW_SKIP_CRON[39m [33m=[39m 
[32m"0"[39m[33m;[39m

[31m[2mΓÄ»ΓÄ»ΓÄ»ΓÄ»ΓÄ»ΓÄ»ΓÄ»ΓÄ»ΓÄ»ΓÄ»ΓÄ»ΓÄ»ΓÄ»ΓÄ»ΓÄ»ΓÄ»ΓÄ»ΓÄ»ΓÄ»ΓÄ»ΓÄ»ΓÄ»[62/64]ΓÄ»[22m[39m

[41m[1m FAIL [22m[49m src/gateway/server.hooks.e2e.test.ts[2m > [22mgateway server hooks[2m > 
[22mhandles auth, wake, and agent flows
[31m[1mError[22m: Test timed out in 5000ms.
If this is a long-running test, pass a timeout value as the last argument or configure it globally with 
"testTimeout".[39m
[36m [2mΓ¥»[22m src/gateway/server.hooks.e2e.test.ts:[2m18:3[22m[39m
    [90m 16| [39m
    [90m 17| [39m[34mdescribe[39m([32m"gateway server hooks"[39m[33m,[39m () [33m=>[39m {
    [90m 18| [39m  [34mtest[39m([32m"handles auth, wake, and agent flows"[39m[33m,[39m 
[35masync[39m () [33m=>[39m {
    [90m   | [39m  [31m^[39m
    [90m 19| [39m    testState[33m.[39mhooksConfig [33m=[39m { enabled[33m:[39m 
[35mtrue[39m[33m,[39m token[33m:[39m [32m"hook-secret"[39m }[33m;[39m
    [90m 20| [39m    [35mconst[39m port [33m=[39m [35mawait[39m [34mgetFreePort[39m()[33m;[39m

[31m[2mΓÄ»ΓÄ»ΓÄ»ΓÄ»ΓÄ»ΓÄ»ΓÄ»ΓÄ»ΓÄ»ΓÄ»ΓÄ»ΓÄ»ΓÄ»ΓÄ»ΓÄ»ΓÄ»ΓÄ»ΓÄ»ΓÄ»ΓÄ»ΓÄ»ΓÄ»[63/64]ΓÄ»[22m[39m

[41m[1m FAIL [22m[49m src/gateway/server.reload.e2e.test.ts[2m > [22mgateway hot reload[2m > 
[22mapplies hot reload actions and emits restart signal
[31m[1mError[22m: Test timed out in 5000ms.
If this is a long-running test, pass a timeout value as the last argument or configure it globally with 
"testTimeout".[39m
[36m [2mΓ¥»[22m src/gateway/server.reload.e2e.test.ts:[2m194:3[22m[39m
    [90m192| [39m  })[33m;[39m
    [90m193| [39m
    [90m194| [39m  it("applies hot reload actions and emits restart signal", async () =ΓÇª
    [90m   | [39m  [31m^[39m
    [90m195| [39m    [35mconst[39m port [33m=[39m [35mawait[39m [34mgetFreePort[39m()[33m;[39m
    [90m196| [39m    [35mconst[39m server [33m=[39m [35mawait[39m 
[34mstartGatewayServer[39m(port)[33m;[39m

[31m[2mΓÄ»ΓÄ»ΓÄ»ΓÄ»ΓÄ»ΓÄ»ΓÄ»ΓÄ»ΓÄ»ΓÄ»ΓÄ»ΓÄ»ΓÄ»ΓÄ»ΓÄ»ΓÄ»ΓÄ»ΓÄ»ΓÄ»ΓÄ»ΓÄ»ΓÄ»[64/64]ΓÄ»[22m[39m


[2m Test Files [22m [1m[31m39 failed[39m[22m[2m | [22m[1m[32m13 passed[39m[22m[90m (52)[39m
[2m      Tests [22m [1m[31m47 failed[39m[22m[2m | [22m[1m[32m145 passed[39m[22m[2m | [22m[33m53 skipped[39m[90m (245)[39m
[2m   Start at [22m 10:25:02
[2m   Duration [22m 1196.11s[2m (transform 49.85s, setup 141.34s, import 240.31s, tests 3367.01s, environment 12ms)[22m

ΓÇëELIFECYCLEΓÇë Command failed with exit code 1.
