
> openclaw@2026.2.2 test
> node scripts/test-parallel.mjs memory_modify.pack_incomplete.fail_closed.at_commit_point.tripwire.test.ts


[1m[46m RUN [49m[22m [36mv4.0.18 [39m[90mC:/Users/rob_m/openclaw[39m


[1m[46m RUN [49m[22m [36mv4.0.18 [39m[90mC:/Users/rob_m/openclaw[39m

 [32mΓ£ô[39m extensions/nostr/src/nostr-bus.integration.test.ts [2m([22m[2m26 tests[22m[2m)[22m[32m 52[2mms[22m[39m
 [32mΓ£ô[39m extensions/twitch/src/twitch-client.test.ts [2m([22m[2m30 tests[22m[2m)[22m[32m 87[2mms[22m[39m
 [32mΓ£ô[39m extensions/bluebubbles/src/send.test.ts [2m([22m[2m30 tests[22m[2m)[22m[32m 98[2mms[22m[39m
 [32mΓ£ô[39m extensions/msteams/src/attachments.test.ts [2m([22m[2m19 tests[22m[2m)[22m[33m 371[2mms[22m[39m
[90mstdout[2m | src/clarityburst/__tests__/memory_modify.hook_handler.router_outage.fail_closed.tripwire.test.ts[2m > [22m[2msession-memory hook handler ΓåÆ MEMORY_MODIFY router_outage ΓåÆ fail-closed tripwire[2m > [22m[2mshould throw ClarityBurstAbstainError when routeClarityBurst throws (router outage)
[22m[39m[session-memory] Hook triggered for /new command

[90mstdout[2m | src/clarityburst/__tests__/memory_modify.hook_handler.router_outage.fail_closed.tripwire.test.ts[2m > [22m[2msession-memory hook handler ΓåÆ MEMORY_MODIFY router_outage ΓåÆ fail-closed tripwire[2m > [22m[2mshould throw ClarityBurstAbstainError when routeClarityBurst throws (router outage)
[22m[39m[session-memory] Current sessionId: test-123
[session-memory] Current sessionFile: C:\Users\rob_m\AppData\Local\Temp\session-memory-router-outage-ZBpb05\sessions\test-session.jsonl
[session-memory] cfg present: [33mtrue[39m

[90mstdout[2m | src/clarityburst/__tests__/memory_modify.hook_handler.router_outage.fail_closed.tripwire.test.ts[2m > [22m[2msession-memory hook handler ΓåÆ MEMORY_MODIFY router_outage ΓåÆ fail-closed tripwire[2m > [22m[2mshould throw ClarityBurstAbstainError when routeClarityBurst throws (router outage)
[22m[39m[session-memory] sessionContent length: [33m31[39m
[session-memory] Calling generateSlugViaLLM...

[90mstdout[2m | src/clarityburst/__tests__/memory_modify.hook_handler.empty_allowlist.fail_closed.tripwire.test.ts[2m > [22m[2msession-memory hook handler ΓåÆ MEMORY_MODIFY empty_allowlist ΓåÆ fail-closed tripwire[2m > [22m[2mshould throw ClarityBurstAbstainError when deriveAllowedContracts returns empty array
[22m[39m[session-memory] Hook triggered for /new command

[90mstdout[2m | src/clarityburst/__tests__/memory_modify.hook_handler.empty_allowlist.fail_closed.tripwire.test.ts[2m > [22m[2msession-memory hook handler ΓåÆ MEMORY_MODIFY empty_allowlist ΓåÆ fail-closed tripwire[2m > [22m[2mshould throw ClarityBurstAbstainError when deriveAllowedContracts returns empty array
[22m[39m[session-memory] Current sessionId: test-empty-123
[session-memory] Current sessionFile: C:\Users\rob_m\AppData\Local\Temp\session-memory-empty-allowlist-7loefK\sessions\test-session.jsonl
[session-memory] cfg present: [33mtrue[39m

[90mstdout[2m | src/clarityburst/__tests__/memory_modify.hook_handler.empty_allowlist.fail_closed.tripwire.test.ts[2m > [22m[2msession-memory hook handler ΓåÆ MEMORY_MODIFY empty_allowlist ΓåÆ fail-closed tripwire[2m > [22m[2mshould throw ClarityBurstAbstainError when deriveAllowedContracts returns empty array
[22m[39m[session-memory] sessionContent length: [33m31[39m
[session-memory] Calling generateSlugViaLLM...

 [32mΓ£ô[39m extensions/twitch/src/access-control.test.ts [2m([22m[2m31 tests[22m[2m)[22m[32m 53[2mms[22m[39m
 [32mΓ£ô[39m extensions/bluebubbles/src/chat.test.ts [2m([22m[2m31 tests[22m[2m)[22m[32m 111[2mms[22m[39m
 [32mΓ£ô[39m extensions/bluebubbles/src/attachments.test.ts [2m([22m[2m18 tests[22m[2m)[22m[32m 77[2mms[22m[39m
 [32mΓ£ô[39m extensions/bluebubbles/src/reactions.test.ts [2m([22m[2m46 tests[22m[2m)[22m[32m 128[2mms[22m[39m
 [32mΓ£ô[39m extensions/twitch/src/outbound.test.ts [2m([22m[2m21 tests[22m[2m)[22m[32m 74[2mms[22m[39m
 [31mΓ¥»[39m src/docker-setup.test.ts [2m([22m[2m3 tests[22m[2m | [22m[31m2 failed[39m[2m)[22m[33m 23577[2mms[22m[39m
[31m     [31m├ù[31m handles unset optional env vars under strict mode[39m[33m 21539[2mms[22m[39m
[31m     [31m├ù[31m plumbs OPENCLAW_DOCKER_APT_PACKAGES into .env and docker build args[39m[33m 2025[2mms[22m[39m
     [32mΓ£ô[39m keeps docker-compose gateway command in sync[32m 4[2mms[22m[39m
node.exe : [90mstderr[2m | src/clarityburst/__tests__/memory_modify.hook_handler.router_outage.fail_closed.tripwire.test.ts[2m > [22m[2msession-memory 
hook handler ΓåÆ MEMORY_MODIFY router_outage ΓåÆ fail-closed tripwire[2m > [22m[2mshould throw ClarityBurstAbstainError when routeClarityBurst throws 
(router outage)
At C:\Program Files\nodejs\npm.ps1:29 char:3
+   & $NODE_EXE $NPM_CLI_JS $args
+   ~~~~~~~~~~~~~~~~~~~~~~~~~~~~~
    + CategoryInfo          : NotSpecified: ([90mstderr[2m...(router outage):String) [], RemoteException
    + FullyQualifiedErrorId : NativeCommandError
 
[22m[39m[31m[diagnostic][39m [31mlane task error: lane=main durationMs=11 error="Error: No API key found for provider "anthropic". Auth store: 
C:\Users\rob_m\AppData\Local\Temp\openclaw-test-home-tjDiqc\.openclaw\agents\main\agent\auth-profiles.json (agentDir: 
C:\Users\rob_m\AppData\Local\Temp\openclaw-test-home-tjDiqc\.openclaw\agents\main\agent). Configure auth for this agent (openclaw agents add <id>) or copy 
auth-profiles.json from the main agentDir."[39m

[90mstderr[2m | src/clarityburst/__tests__/memory_modify.hook_handler.router_outage.fail_closed.tripwire.test.ts[2m > [22m[2msession-memory hook 
handler ΓåÆ MEMORY_MODIFY router_outage ΓåÆ fail-closed tripwire[2m > [22m[2mshould throw ClarityBurstAbstainError when routeClarityBurst throws (router 
outage)
[22m[39m[31m[diagnostic][39m [31mlane task error: lane=session:temp:slug-generator durationMs=25 error="Error: No API key found for provider 
"anthropic". Auth store: C:\Users\rob_m\AppData\Local\Temp\openclaw-test-home-tjDiqc\.openclaw\agents\main\agent\auth-profiles.json (agentDir: 
C:\Users\rob_m\AppData\Local\Temp\openclaw-test-home-tjDiqc\.openclaw\agents\main\agent). Configure auth for this agent (openclaw agents add <id>) or copy 
auth-profiles.json from the main agentDir."[39m

[90mstdout[2m | src/clarityburst/__tests__/memory_modify.hook_handler.router_outage.fail_closed.tripwire.test.ts[2m > [22m[2msession-memory hook handler ΓåÆ MEMORY_MODIFY router_outage ΓåÆ fail-closed tripwire[2m > [22m[2mshould throw ClarityBurstAbstainError when routeClarityBurst throws (router outage)
[22m[39m[session-memory] Generated slug: [1mnull[22m
[session-memory] Using fallback timestamp slug: 0224
[session-memory] Generated filename: 2026-02-08-0224.md
[session-memory] Full path: C:\Users\rob_m\AppData\Local\Temp\session-memory-router-outage-ZBpb05\memory\2026-02-08-0224.md

[90mstdout[2m | src/clarityburst/__tests__/memory_modify.hook_handler.router_outage.fail_closed.tripwire.test.ts[2m > [22m[2msession-memory hook handler ΓåÆ MEMORY_MODIFY router_outage ΓåÆ fail-closed tripwire[2m > [22m[2mshould not write to memory file when router is unavailable
[22m[39m[session-memory] Hook triggered for /new command

[90mstdout[2m | src/clarityburst/__tests__/memory_modify.hook_handler.router_outage.fail_closed.tripwire.test.ts[2m > [22m[2msession-memory hook handler ΓåÆ MEMORY_MODIFY router_outage ΓåÆ fail-closed tripwire[2m > [22m[2mshould not write to memory file when router is unavailable
[22m[39m[session-memory] Current sessionId: test-456
[session-memory] Current sessionFile: C:\Users\rob_m\AppData\Local\Temp\session-memory-no-write-UHCeXg\sessions\test-session.jsonl
[session-memory] cfg present: [33mtrue[39m

[90mstdout[2m | src/clarityburst/__tests__/memory_modify.hook_handler.router_outage.fail_closed.tripwire.test.ts[2m > [22m[2msession-memory hook handler ΓåÆ MEMORY_MODIFY router_outage ΓåÆ fail-closed tripwire[2m > [22m[2mshould not write to memory file when router is unavailable
[22m[39m[session-memory] sessionContent length: [33m0[39m
[session-memory] Using fallback timestamp slug: 0225
[session-memory] Generated filename: 2026-02-08-0225.md
[session-memory] Full path: C:\Users\rob_m\AppData\Local\Temp\session-memory-no-write-UHCeXg\memory\2026-02-08-0225.md

[90mstdout[2m | src/clarityburst/__tests__/memory_modify.hook_handler.router_outage.fail_closed.tripwire.test.ts[2m > [22m[2msession-memory hook handler ΓåÆ MEMORY_MODIFY router_outage ΓåÆ fail-closed tripwire[2m > [22m[2mshould abort with exact ABSTAIN_CLARIFY properties on router outage
[22m[39m[session-memory] Hook triggered for /new command

[90mstdout[2m | src/clarityburst/__tests__/memory_modify.hook_handler.router_outage.fail_closed.tripwire.test.ts[2m > [22m[2msession-memory hook handler ΓåÆ MEMORY_MODIFY router_outage ΓåÆ fail-closed tripwire[2m > [22m[2mshould abort with exact ABSTAIN_CLARIFY properties on router outage
[22m[39m[session-memory] Current sessionId: test-789
[session-memory] Current sessionFile: C:\Users\rob_m\AppData\Local\Temp\session-memory-exact-props-YmLWgi\sessions\test-session.jsonl
[session-memory] cfg present: [33mtrue[39m

[90mstdout[2m | src/clarityburst/__tests__/memory_modify.hook_handler.router_outage.fail_closed.tripwire.test.ts[2m > [22m[2msession-memory hook handler ΓåÆ MEMORY_MODIFY router_outage ΓåÆ fail-closed tripwire[2m > [22m[2mshould abort with exact ABSTAIN_CLARIFY properties on router outage
[22m[39m[session-memory] sessionContent length: [33m0[39m
[session-memory] Using fallback timestamp slug: 0225
[session-memory] Generated filename: 2026-02-08-0225.md
[session-memory] Full path: C:\Users\rob_m\AppData\Local\Temp\session-memory-exact-props-YmLWgi\memory\2026-02-08-0225.md

[90mstderr[2m | src/clarityburst/__tests__/memory_modify.hook_handler.router_outage.fail_closed.tripwire.test.ts[2m > [22m[2msession-memory hook 
handler ΓåÆ MEMORY_MODIFY router_outage ΓåÆ fail-closed tripwire[2m > [22m[2mshould throw ClarityBurstAbstainError when routeClarityBurst throws (router 
outage)
[22m[39m[llm-slug-generator] Failed to generate slug: Error: No API key found for provider "anthropic". Auth store: 
C:\Users\rob_m\AppData\Local\Temp\openclaw-test-home-tjDiqc\.openclaw\agents\main\agent\auth-profiles.json (agentDir: 
C:\Users\rob_m\AppData\Local\Temp\openclaw-test-home-tjDiqc\.openclaw\agents\main\agent). Configure auth for this agent (openclaw agents add <id>) or copy 
auth-profiles.json from the main agentDir.
    at resolveApiKeyForProvider (C:/Users/rob_m/openclaw/src/agents/model-auth.ts:223:9)
    at getApiKeyForModel (C:/Users/rob_m/openclaw/src/agents/model-auth.ts:375:10)
    at resolveApiKeyForCandidate (C:/Users/rob_m/openclaw/src/agents/pi-embedded-runner/run.ts:215:16)
    at applyApiKeyInfo (C:/Users/rob_m/openclaw/src/agents/pi-embedded-runner/run.ts:225:28)
    at C:/Users/rob_m/openclaw/src/agents/pi-embedded-runner/run.ts:287:17
    at C:/Users/rob_m/openclaw/src/process/command-queue.ts:66:26

[90mstderr[2m | src/clarityburst/__tests__/memory_modify.hook_handler.router_outage.fail_closed.tripwire.test.ts[2m > [22m[2msession-memory hook 
handler ΓåÆ MEMORY_MODIFY router_outage ΓåÆ fail-closed tripwire[2m > [22m[2mshould throw ClarityBurstAbstainError when routeClarityBurst throws (router 
outage)
[22m[39m[session-memory] Failed to save session memory: ClarityBurst: clarification required before shell execution

[90mstderr[2m | src/clarityburst/__tests__/memory_modify.hook_handler.router_outage.fail_closed.tripwire.test.ts[2m > [22m[2msession-memory hook 
handler ΓåÆ MEMORY_MODIFY router_outage ΓåÆ fail-closed tripwire[2m > [22m[2mshould not write to memory file when router is unavailable
[22m[39m[session-memory] Failed to save session memory: ClarityBurst: clarification required before shell execution

[90mstderr[2m | src/clarityburst/__tests__/memory_modify.hook_handler.empty_allowlist.fail_closed.tripwire.test.ts[2m > [22m[2msession-memory hook 
handler ΓåÆ MEMORY_MODIFY empty_allowlist ΓåÆ fail-closed tripwire[2m > [22m[2mshould throw ClarityBurstAbstainError when deriveAllowedContracts returns 
empty array
[22m[39m[31m[diagnostic][39m [31mlane task error: lane=main durationMs=25 error="Error: No API key found for provider "anthropic". Auth store: 
C:\Users\rob_m\AppData\Local\Temp\openclaw-test-home-W2JfzO\.openclaw\agents\main\agent\auth-profiles.json (agentDir: 
C:\Users\rob_m\AppData\Local\Temp\openclaw-test-home-W2JfzO\.openclaw\agents\main\agent). Configure auth for this agent (openclaw agents add <id>) or copy 
auth-profiles.json from the main agentDir."[39m

[90mstderr[2m | src/clarityburst/__tests__/memory_modify.hook_handler.router_outage.fail_closed.tripwire.test.ts[2m > [22m[2msession-memory hook 
handler ΓåÆ MEMORY_MODIFY router_outage ΓåÆ fail-closed tripwire[2m > [22m[2mshould abort with exact ABSTAIN_CLARIFY properties on router outage
[22m[39m[session-memory] Failed to save session memory: ClarityBurst: clarification required before shell execution

 [31mΓ¥»[39m src/clarityburst/__tests__/memory_modify.hook_handler.router_outage.fail_closed.tripwire.test.ts [2m([22m[2m3 tests[22m[2m | [22m[31m3 failed[39m[2m)[22m[33m 24645[2mms[22m[39m
[31m     [31m├ù[31m should throw ClarityBurstAbstainError when routeClarityBurst throws (router outage)[39m[33m 24615[2mms[22m[39m
[31m     [31m├ù[31m should not write to memory file when router is unavailable[39m[32m 11[2mms[22m[39m
[31m     [31m├ù[31m should abort with exact ABSTAIN_CLARIFY properties on router outage[39m[32m 10[2mms[22m[39m
[90mstderr[2m | src/clarityburst/__tests__/memory_modify.hook_handler.empty_allowlist.fail_closed.tripwire.test.ts[2m > [22m[2msession-memory hook 
handler ΓåÆ MEMORY_MODIFY empty_allowlist ΓåÆ fail-closed tripwire[2m > [22m[2mshould throw ClarityBurstAbstainError when deriveAllowedContracts returns 
empty array
[22m[39m[31m[diagnostic][39m [31mlane task error: lane=session:temp:slug-generator durationMs=52 error="Error: No API key found for provider 
"anthropic". Auth store: C:\Users\rob_m\AppData\Local\Temp\openclaw-test-home-W2JfzO\.openclaw\agents\main\agent\auth-profiles.json (agentDir: 
C:\Users\rob_m\AppData\Local\Temp\openclaw-test-home-W2JfzO\.openclaw\agents\main\agent). Configure auth for this agent (openclaw agents add <id>) or copy 
auth-profiles.json from the main agentDir."[39m

[90mstderr[2m | src/clarityburst/__tests__/memory_modify.hook_handler.empty_allowlist.fail_closed.tripwire.test.ts[2m > [22m[2msession-memory hook 
handler ΓåÆ MEMORY_MODIFY empty_allowlist ΓåÆ fail-closed tripwire[2m > [22m[2mshould throw ClarityBurstAbstainError when deriveAllowedContracts returns 
empty array
[22m[39m[llm-slug-generator] Failed to generate slug: Error: No API key found for provider "anthropic". Auth store: 
C:\Users\rob_m\AppData\Local\Temp\openclaw-test-home-W2JfzO\.openclaw\agents\main\agent\auth-profiles.json (agentDir: 
C:\Users\rob_m\AppData\Local\Temp\openclaw-test-home-W2JfzO\.openclaw\agents\main\agent). Configure auth for this agent (openclaw agents add <id>) or copy 
auth-profiles.json from the main agentDir.
    at resolveApiKeyForProvider (C:/Users/rob_m/openclaw/src/agents/model-auth.ts:223:9)
    at getApiKeyForModel (C:/Users/rob_m/openclaw/src/agents/model-auth.ts:375:10)
    at resolveApiKeyForCandidate (C:/Users/rob_m/openclaw/src/agents/pi-embedded-runner/run.ts:215:16)
    at applyApiKeyInfo (C:/Users/rob_m/openclaw/src/agents/pi-embedded-runner/run.ts:225:28)
    at C:/Users/rob_m/openclaw/src/agents/pi-embedded-runner/run.ts:287:17
    at C:/Users/rob_m/openclaw/src/process/command-queue.ts:66:26

[90mstdout[2m | src/clarityburst/__tests__/memory_modify.hook_handler.empty_allowlist.fail_closed.tripwire.test.ts[2m > [22m[2msession-memory hook handler ΓåÆ MEMORY_MODIFY empty_allowlist ΓåÆ fail-closed tripwire[2m > [22m[2mshould throw ClarityBurstAbstainError when deriveAllowedContracts returns empty array
[22m[39m[session-memory] Generated slug: [1mnull[22m
[session-memory] Using fallback timestamp slug: 0224
[session-memory] Generated filename: 2026-02-08-0224.md
[session-memory] Full path: C:\Users\rob_m\AppData\Local\Temp\session-memory-empty-allowlist-7loefK\memory\2026-02-08-0224.md

[90mstderr[2m | src/clarityburst/__tests__/memory_modify.hook_handler.empty_allowlist.fail_closed.tripwire.test.ts[2m > [22m[2msession-memory hook 
handler ΓåÆ MEMORY_MODIFY empty_allowlist ΓåÆ fail-closed tripwire[2m > [22m[2mshould throw ClarityBurstAbstainError when deriveAllowedContracts returns 
empty array
[22m[39m[session-memory] Failed to save session memory: ClarityBurst: clarification required before shell execution

[90mstdout[2m | src/clarityburst/__tests__/memory_modify.hook_handler.empty_allowlist.fail_closed.tripwire.test.ts[2m > [22m[2msession-memory hook handler ΓåÆ MEMORY_MODIFY empty_allowlist ΓåÆ fail-closed tripwire[2m > [22m[2mshould not write to memory file when allowlist is empty
[22m[39m[session-memory] Hook triggered for /new command

[90mstdout[2m | src/clarityburst/__tests__/memory_modify.hook_handler.empty_allowlist.fail_closed.tripwire.test.ts[2m > [22m[2msession-memory hook handler ΓåÆ MEMORY_MODIFY empty_allowlist ΓåÆ fail-closed tripwire[2m > [22m[2mshould not write to memory file when allowlist is empty
[22m[39m[session-memory] Current sessionId: test-empty-456
[session-memory] Current sessionFile: C:\Users\rob_m\AppData\Local\Temp\session-memory-empty-allowlist-no-write-wjHyot\sessions\test-session.jsonl
[session-memory] cfg present: [33mtrue[39m

[90mstdout[2m | src/clarityburst/__tests__/memory_modify.hook_handler.empty_allowlist.fail_closed.tripwire.test.ts[2m > [22m[2msession-memory hook handler ΓåÆ MEMORY_MODIFY empty_allowlist ΓåÆ fail-closed tripwire[2m > [22m[2mshould not write to memory file when allowlist is empty
[22m[39m[session-memory] sessionContent length: [33m0[39m
[session-memory] Using fallback timestamp slug: 0225
[session-memory] Generated filename: 2026-02-08-0225.md
[session-memory] Full path: C:\Users\rob_m\AppData\Local\Temp\session-memory-empty-allowlist-no-write-wjHyot\memory\2026-02-08-0225.md

[90mstderr[2m | src/clarityburst/__tests__/memory_modify.hook_handler.empty_allowlist.fail_closed.tripwire.test.ts[2m > [22m[2msession-memory hook 
handler ΓåÆ MEMORY_MODIFY empty_allowlist ΓåÆ fail-closed tripwire[2m > [22m[2mshould not write to memory file when allowlist is empty
[22m[39m[session-memory] Failed to save session memory: ClarityBurst: clarification required before shell execution

[90mstdout[2m | src/clarityburst/__tests__/memory_modify.hook_handler.empty_allowlist.fail_closed.tripwire.test.ts[2m > [22m[2msession-memory hook handler ΓåÆ MEMORY_MODIFY empty_allowlist ΓåÆ fail-closed tripwire[2m > [22m[2mshould abort with exact ABSTAIN_CLARIFY properties when allowlist is empty
[22m[39m[session-memory] Hook triggered for /new command

[90mstdout[2m | src/clarityburst/__tests__/memory_modify.hook_handler.empty_allowlist.fail_closed.tripwire.test.ts[2m > [22m[2msession-memory hook handler ΓåÆ MEMORY_MODIFY empty_allowlist ΓåÆ fail-closed tripwire[2m > [22m[2mshould abort with exact ABSTAIN_CLARIFY properties when allowlist is empty
[22m[39m[session-memory] Current sessionId: test-empty-789
[session-memory] Current sessionFile: C:\Users\rob_m\AppData\Local\Temp\session-memory-empty-allowlist-exact-props-MYFvxC\sessions\test-session.jsonl
[session-memory] cfg present: [33mtrue[39m

[90mstdout[2m | src/clarityburst/__tests__/memory_modify.hook_handler.empty_allowlist.fail_closed.tripwire.test.ts[2m > [22m[2msession-memory hook handler ΓåÆ MEMORY_MODIFY empty_allowlist ΓåÆ fail-closed tripwire[2m > [22m[2mshould abort with exact ABSTAIN_CLARIFY properties when allowlist is empty
[22m[39m[session-memory] sessionContent length: [33m0[39m
[session-memory] Using fallback timestamp slug: 0225
[session-memory] Generated filename: 2026-02-08-0225.md
[session-memory] Full path: C:\Users\rob_m\AppData\Local\Temp\session-memory-empty-allowlist-exact-props-MYFvxC\memory\2026-02-08-0225.md

[90mstderr[2m | src/clarityburst/__tests__/memory_modify.hook_handler.empty_allowlist.fail_closed.tripwire.test.ts[2m > [22m[2msession-memory hook 
handler ΓåÆ MEMORY_MODIFY empty_allowlist ΓåÆ fail-closed tripwire[2m > [22m[2mshould abort with exact ABSTAIN_CLARIFY properties when allowlist is empty
[22m[39m[session-memory] Failed to save session memory: ClarityBurst: clarification required before shell execution

 [31mΓ¥»[39m src/clarityburst/__tests__/memory_modify.hook_handler.empty_allowlist.fail_closed.tripwire.test.ts [2m([22m[2m3 tests[22m[2m | [22m[31m3 failed[39m[2m)[22m[33m 24751[2mms[22m[39m
[31m     [31m├ù[31m should throw ClarityBurstAbstainError when deriveAllowedContracts returns empty array[39m[33m 24667[2mms[22m[39m
[31m     [31m├ù[31m should not write to memory file when allowlist is empty[39m[32m 25[2mms[22m[39m
[31m     [31m├ù[31m should abort with exact ABSTAIN_CLARIFY properties when allowlist is empty[39m[32m 22[2mms[22m[39m
[90mstdout[2m | src/clarityburst/__tests__/memory_modify.hook_handler.pack_incomplete.fail_closed.tripwire.test.ts[2m > [22m[2msession-memory hook handler ΓåÆ MEMORY_MODIFY pack_incomplete ΓåÆ fail-closed tripwire[2m > [22m[2mshould throw ClarityBurstAbstainError when loadPackOrAbstain throws PACK_POLICY_INCOMPLETE
[22m[39m[session-memory] Hook triggered for /new command

[90mstdout[2m | src/clarityburst/__tests__/memory_modify.hook_handler.pack_incomplete.fail_closed.tripwire.test.ts[2m > [22m[2msession-memory hook handler ΓåÆ MEMORY_MODIFY pack_incomplete ΓåÆ fail-closed tripwire[2m > [22m[2mshould throw ClarityBurstAbstainError when loadPackOrAbstain throws PACK_POLICY_INCOMPLETE
[22m[39m[session-memory] Current sessionId: test-123
[session-memory] Current sessionFile: C:\Users\rob_m\AppData\Local\Temp\session-memory-pack-incomplete-WiB6PO\sessions\test-session.jsonl
[session-memory] cfg present: [33mtrue[39m

[90mstdout[2m | src/clarityburst/__tests__/memory_modify.hook_handler.pack_incomplete.fail_closed.tripwire.test.ts[2m > [22m[2msession-memory hook handler ΓåÆ MEMORY_MODIFY pack_incomplete ΓåÆ fail-closed tripwire[2m > [22m[2mshould throw ClarityBurstAbstainError when loadPackOrAbstain throws PACK_POLICY_INCOMPLETE
[22m[39m[session-memory] sessionContent length: [33m31[39m
[session-memory] Calling generateSlugViaLLM...

 [31mΓ¥»[39m src/auto-reply/reply/session-resets.test.ts [2m([22m[2m9 tests[22m[2m | [22m[31m2 failed[39m[2m)[22m[33m 469[2mms[22m[39m
     [32mΓ£ô[39m Reset trigger /new works for authorized sender in WhatsApp group[32m 155[2mms[22m[39m
[31m     [31m├ù[31m Reset trigger /new blocked for unauthorized sender in existing session[39m[32m 97[2mms[22m[39m
     [32mΓ£ô[39m Reset trigger works when RawBody is clean but Body has wrapped context[32m 51[2mms[22m[39m
     [32mΓ£ô[39m Reset trigger /new works when SenderId is LID but SenderE164 is authorized[32m 55[2mms[22m[39m
[31m     [31m├ù[31m Reset trigger /new blocked when SenderId is LID but SenderE164 is unauthorized[39m[32m 48[2mms[22m[39m
     [32mΓ£ô[39m selects a model hint and strips it from the body[32m 7[2mms[22m[39m
     [32mΓ£ô[39m clears auth profile overrides when reset applies a model[32m 2[2mms[22m[39m
     [32mΓ£ô[39m skips when resetTriggered is false[32m 13[2mms[22m[39m
     [32mΓ£ô[39m adds a local timestamp to queued system events by default[32m 31[2mms[22m[39m
 [32mΓ£ô[39m extensions/memory-lancedb/index.test.ts [2m([22m[2m7 tests[22m[2m | [22m[33m1 skipped[39m[2m)[22m[33m 18775[2mms[22m[39m
     [33m[2mΓ£ô[22m[39m memory plugin registers and initializes correctly [33m 18724[2mms[22m[39m
 [32mΓ£ô[39m extensions/nostr/src/nostr-profile-http.test.ts [2m([22m[2m12 tests[22m[2m)[22m[32m 162[2mms[22m[39m
 [32mΓ£ô[39m extensions/bluebubbles/src/actions.test.ts [2m([22m[2m27 tests[22m[2m)[22m[32m 124[2mms[22m[39m
[90mstderr[2m | extensions/bluebubbles/src/monitor.test.ts[2m > [22m[2mBlueBubbles webhook monitor[2m > [22m[2mwebhook parsing + auth handling[2m 
> [22m[2mrejects requests with invalid JSON
[22m[39m[bluebubbles] webhook rejected: invalid json

[90mstderr[2m | extensions/bluebubbles/src/monitor.test.ts[2m > [22m[2mBlueBubbles webhook monitor[2m > [22m[2mwebhook parsing + auth handling[2m 
> [22m[2mrejects unauthorized requests with wrong password
[22m[39m[bluebubbles] webhook rejected: unauthorized guid=wr***en

 [32mΓ£ô[39m extensions/nostr/src/nostr-bus.fuzz.test.ts [2m([22m[2m76 tests[22m[2m)[22m[32m 231[2mms[22m[39m
 [32mΓ£ô[39m extensions/nostr/src/nostr-profile.test.ts [2m([22m[2m31 tests[22m[2m)[22m[33m 387[2mms[22m[39m
 [32mΓ£ô[39m extensions/twitch/src/onboarding.test.ts [2m([22m[2m15 tests[22m[2m)[22m[33m 13338[2mms[22m[39m
       [33m[2mΓ£ô[22m[39m should return existing token when user confirms to keep it [33m 13205[2mms[22m[39m
 [32mΓ£ô[39m extensions/bluebubbles/src/monitor.test.ts [2m([22m[2m50 tests[22m[2m)[22m[33m 689[2mms[22m[39m
 [32mΓ£ô[39m extensions/nostr/src/nostr-profile.fuzz.test.ts [2m([22m[2m51 tests[22m[2m)[22m[33m 2121[2mms[22m[39m
     [33m[2mΓ£ô[22m[39m handles rapid sequential events with monotonic timestamps [33m 1754[2mms[22m[39m
[90mstdout[2m | src/web/auto-reply.partial-reply-gating.test.ts[2m > [22m[2mpartial reply gating[2m > [22m[2mdoes not send partial replies for WhatsApp provider
[22m[39m[35m[whatsapp][39m [36mInbound message +1000 -> +2000 (direct, 43 chars)[39m

[90mstdout[2m | src/web/auto-reply.partial-reply-gating.test.ts[2m > [22m[2mpartial reply gating[2m > [22m[2mdoes not send partial replies for WhatsApp provider
[22m[39m[35m[whatsapp][39m [36mAuto-replied to +1000[39m

[90mstdout[2m | src/web/auto-reply.partial-reply-gating.test.ts[2m > [22m[2mpartial reply gating[2m > [22m[2mdoes not send partial replies for WhatsApp provider
[22m[39m[35m[whatsapp][39m [36mListening for personal WhatsApp inbound messages.[39m

[90mstdout[2m | src/web/auto-reply.partial-reply-gating.test.ts[2m > [22m[2mpartial reply gating[2m > [22m[2mfalls back from empty senderJid to senderE164 for SenderId
[22m[39m[35m[whatsapp][39m [36mInbound message +1000 -> +2000 (direct, 43 chars)[39m

[90mstdout[2m | src/web/auto-reply.partial-reply-gating.test.ts[2m > [22m[2mpartial reply gating[2m > [22m[2mfalls back from empty senderJid to senderE164 for SenderId
[22m[39m[35m[whatsapp][39m [36mAuto-replied to +1000[39m

[90mstdout[2m | src/web/auto-reply.partial-reply-gating.test.ts[2m > [22m[2mpartial reply gating[2m > [22m[2mfalls back from empty senderJid to senderE164 for SenderId
[22m[39m[35m[whatsapp][39m [36mListening for personal WhatsApp inbound messages.[39m

[90mstdout[2m | src/web/auto-reply.partial-reply-gating.test.ts[2m > [22m[2mpartial reply gating[2m > [22m[2mupdates last-route for direct chats without senderE164
[22m[39m[35m[whatsapp][39m [36mInbound message +1000 -> +2000 (direct, 47 chars)[39m

[90mstdout[2m | src/web/auto-reply.partial-reply-gating.test.ts[2m > [22m[2mpartial reply gating[2m > [22m[2mupdates last-route for direct chats without senderE164
[22m[39m[35m[whatsapp][39m [36mListening for personal WhatsApp inbound messages.[39m

[90mstdout[2m | src/web/auto-reply.partial-reply-gating.test.ts[2m > [22m[2mpartial reply gating[2m > [22m[2mupdates last-route for group chats with account id
[22m[39m[35m[whatsapp][39m [36mListening for personal WhatsApp inbound messages.[39m

[90mstderr[2m | src/clarityburst/__tests__/memory_modify.hook_handler.pack_incomplete.fail_closed.tripwire.test.ts[2m > [22m[2msession-memory hook 
handler ΓåÆ MEMORY_MODIFY pack_incomplete ΓåÆ fail-closed tripwire[2m > [22m[2mshould throw ClarityBurstAbstainError when loadPackOrAbstain throws 
PACK_POLICY_INCOMPLETE
[22m[39m[31m[diagnostic][39m [31mlane task error: lane=main durationMs=14 error="Error: No API key found for provider "anthropic". Auth store: 
C:\Users\rob_m\AppData\Local\Temp\openclaw-test-home-yc7kbZ\.openclaw\agents\main\agent\auth-profiles.json (agentDir: 
C:\Users\rob_m\AppData\Local\Temp\openclaw-test-home-yc7kbZ\.openclaw\agents\main\agent). Configure auth for this agent (openclaw agents add <id>) or copy 
auth-profiles.json from the main agentDir."[39m

[90mstderr[2m | src/clarityburst/__tests__/memory_modify.hook_handler.pack_incomplete.fail_closed.tripwire.test.ts[2m > [22m[2msession-memory hook 
handler ΓåÆ MEMORY_MODIFY pack_incomplete ΓåÆ fail-closed tripwire[2m > [22m[2mshould throw ClarityBurstAbstainError when loadPackOrAbstain throws 
PACK_POLICY_INCOMPLETE
[22m[39m[31m[diagnostic][39m [31mlane task error: lane=session:temp:slug-generator durationMs=33 error="Error: No API key found for provider 
"anthropic". Auth store: C:\Users\rob_m\AppData\Local\Temp\openclaw-test-home-yc7kbZ\.openclaw\agents\main\agent\auth-profiles.json (agentDir: 
C:\Users\rob_m\AppData\Local\Temp\openclaw-test-home-yc7kbZ\.openclaw\agents\main\agent). Configure auth for this agent (openclaw agents add <id>) or copy 
auth-profiles.json from the main agentDir."[39m

[90mstderr[2m | src/clarityburst/__tests__/memory_modify.hook_handler.pack_incomplete.fail_closed.tripwire.test.ts[2m > [22m[2msession-memory hook 
handler ΓåÆ MEMORY_MODIFY pack_incomplete ΓåÆ fail-closed tripwire[2m > [22m[2mshould throw ClarityBurstAbstainError when loadPackOrAbstain throws 
PACK_POLICY_INCOMPLETE
[22m[39m[llm-slug-generator] Failed to generate slug: Error: No API key found for provider "anthropic". Auth store: 
C:\Users\rob_m\AppData\Local\Temp\openclaw-test-home-yc7kbZ\.openclaw\agents\main\agent\auth-profiles.json (agentDir: 
C:\Users\rob_m\AppData\Local\Temp\openclaw-test-home-yc7kbZ\.openclaw\agents\main\agent). Configure auth for this agent (openclaw agents add <id>) or copy 
auth-profiles.json from the main agentDir.
    at resolveApiKeyForProvider (C:/Users/rob_m/openclaw/src/agents/model-auth.ts:223:9)
    at getApiKeyForModel (C:/Users/rob_m/openclaw/src/agents/model-auth.ts:375:10)
    at resolveApiKeyForCandidate (C:/Users/rob_m/openclaw/src/agents/pi-embedded-runner/run.ts:215:16)
    at applyApiKeyInfo (C:/Users/rob_m/openclaw/src/agents/pi-embedded-runner/run.ts:225:28)
    at C:/Users/rob_m/openclaw/src/agents/pi-embedded-runner/run.ts:287:17
    at C:/Users/rob_m/openclaw/src/process/command-queue.ts:66:26

[90mstdout[2m | src/clarityburst/__tests__/memory_modify.hook_handler.pack_incomplete.fail_closed.tripwire.test.ts[2m > [22m[2msession-memory hook handler ΓåÆ MEMORY_MODIFY pack_incomplete ΓåÆ fail-closed tripwire[2m > [22m[2mshould throw ClarityBurstAbstainError when loadPackOrAbstain throws PACK_POLICY_INCOMPLETE
[22m[39m[session-memory] Generated slug: [1mnull[22m
[session-memory] Using fallback timestamp slug: 0225
[session-memory] Generated filename: 2026-02-08-0225.md
[session-memory] Full path: C:\Users\rob_m\AppData\Local\Temp\session-memory-pack-incomplete-WiB6PO\memory\2026-02-08-0225.md

[90mstderr[2m | src/clarityburst/__tests__/memory_modify.hook_handler.pack_incomplete.fail_closed.tripwire.test.ts[2m > [22m[2msession-memory hook 
handler ΓåÆ MEMORY_MODIFY pack_incomplete ΓåÆ fail-closed tripwire[2m > [22m[2mshould throw ClarityBurstAbstainError when loadPackOrAbstain throws 
PACK_POLICY_INCOMPLETE
[22m[39m[session-memory] Failed to save session memory: ClarityBurst: clarification required before shell execution

[90mstdout[2m | src/clarityburst/__tests__/memory_modify.hook_handler.pack_incomplete.fail_closed.tripwire.test.ts[2m > [22m[2msession-memory hook handler ΓåÆ MEMORY_MODIFY pack_incomplete ΓåÆ fail-closed tripwire[2m > [22m[2mshould not write to memory file when pack policy is incomplete
[22m[39m[session-memory] Hook triggered for /new command

[90mstdout[2m | src/clarityburst/__tests__/memory_modify.hook_handler.pack_incomplete.fail_closed.tripwire.test.ts[2m > [22m[2msession-memory hook handler ΓåÆ MEMORY_MODIFY pack_incomplete ΓåÆ fail-closed tripwire[2m > [22m[2mshould not write to memory file when pack policy is incomplete
[22m[39m[session-memory] Current sessionId: test-456
[session-memory] Current sessionFile: C:\Users\rob_m\AppData\Local\Temp\session-memory-pack-no-write-6kRG4y\sessions\test-session.jsonl
[session-memory] cfg present: [33mtrue[39m

[90mstdout[2m | src/clarityburst/__tests__/memory_modify.hook_handler.pack_incomplete.fail_closed.tripwire.test.ts[2m > [22m[2msession-memory hook handler ΓåÆ MEMORY_MODIFY pack_incomplete ΓåÆ fail-closed tripwire[2m > [22m[2mshould not write to memory file when pack policy is incomplete
[22m[39m[session-memory] sessionContent length: [33m0[39m
[session-memory] Using fallback timestamp slug: 0225
[session-memory] Generated filename: 2026-02-08-0225.md
[session-memory] Full path: C:\Users\rob_m\AppData\Local\Temp\session-memory-pack-no-write-6kRG4y\memory\2026-02-08-0225.md

[90mstderr[2m | src/clarityburst/__tests__/memory_modify.hook_handler.pack_incomplete.fail_closed.tripwire.test.ts[2m > [22m[2msession-memory hook 
handler ΓåÆ MEMORY_MODIFY pack_incomplete ΓåÆ fail-closed tripwire[2m > [22m[2mshould not write to memory file when pack policy is incomplete
[22m[39m[session-memory] Failed to save session memory: ClarityBurst: clarification required before shell execution

[90mstdout[2m | src/clarityburst/__tests__/memory_modify.hook_handler.pack_incomplete.fail_closed.tripwire.test.ts[2m > [22m[2msession-memory hook handler ΓåÆ MEMORY_MODIFY pack_incomplete ΓåÆ fail-closed tripwire[2m > [22m[2mshould abort with exact ABSTAIN_CLARIFY properties on pack incomplete
[22m[39m[session-memory] Hook triggered for /new command

[90mstdout[2m | src/clarityburst/__tests__/memory_modify.hook_handler.pack_incomplete.fail_closed.tripwire.test.ts[2m > [22m[2msession-memory hook handler ΓåÆ MEMORY_MODIFY pack_incomplete ΓåÆ fail-closed tripwire[2m > [22m[2mshould abort with exact ABSTAIN_CLARIFY properties on pack incomplete
[22m[39m[session-memory] Current sessionId: test-789
[session-memory] Current sessionFile: C:\Users\rob_m\AppData\Local\Temp\session-memory-pack-exact-props-lcRM3g\sessions\test-session.jsonl
[session-memory] cfg present: [33mtrue[39m

[90mstdout[2m | src/clarityburst/__tests__/memory_modify.hook_handler.pack_incomplete.fail_closed.tripwire.test.ts[2m > [22m[2msession-memory hook handler ΓåÆ MEMORY_MODIFY pack_incomplete ΓåÆ fail-closed tripwire[2m > [22m[2mshould abort with exact ABSTAIN_CLARIFY properties on pack incomplete
[22m[39m[session-memory] sessionContent length: [33m0[39m
[session-memory] Using fallback timestamp slug: 0225
[session-memory] Generated filename: 2026-02-08-0225.md
[session-memory] Full path: C:\Users\rob_m\AppData\Local\Temp\session-memory-pack-exact-props-lcRM3g\memory\2026-02-08-0225.md

[90mstderr[2m | src/clarityburst/__tests__/memory_modify.hook_handler.pack_incomplete.fail_closed.tripwire.test.ts[2m > [22m[2msession-memory hook 
handler ΓåÆ MEMORY_MODIFY pack_incomplete ΓåÆ fail-closed tripwire[2m > [22m[2mshould abort with exact ABSTAIN_CLARIFY properties on pack incomplete
[22m[39m[session-memory] Failed to save session memory: ClarityBurst: clarification required before shell execution

 [31mΓ¥»[39m src/clarityburst/__tests__/memory_modify.hook_handler.pack_incomplete.fail_closed.tripwire.test.ts [2m([22m[2m3 tests[22m[2m | [22m[31m3 failed[39m[2m)[22m[33m 12892[2mms[22m[39m
[31m     [31m├ù[31m should throw ClarityBurstAbstainError when loadPackOrAbstain throws PACK_POLICY_INCOMPLETE[39m[33m 12762[2mms[22m[39m
[31m     [31m├ù[31m should not write to memory file when pack policy is incomplete[39m[32m 34[2mms[22m[39m
[31m     [31m├ù[31m should abort with exact ABSTAIN_CLARIFY properties on pack incomplete[39m[32m 60[2mms[22m[39m
 [31mΓ¥»[39m src/config/sessions.test.ts [2m([22m[2m26 tests[22m[2m | [22m[31m9 failed[39m[2m)[22m[33m 1089[2mms[22m[39m
     [32mΓ£ô[39m returns normalized per-sender key[32m 7[2mms[22m[39m
     [32mΓ£ô[39m falls back to unknown when sender missing[32m 2[2mms[22m[39m
     [32mΓ£ô[39m global scope returns global[32m 1[2mms[22m[39m
     [32mΓ£ô[39m keeps group chats distinct[32m 2[2mms[22m[39m
     [32mΓ£ô[39m prefixes group keys with provider when available[32m 1[2mms[22m[39m
     [32mΓ£ô[39m keeps explicit provider when provided in group key[32m 2[2mms[22m[39m
     [32mΓ£ô[39m builds discord display name with guild+channel slugs[32m 2[2mms[22m[39m
     [32mΓ£ô[39m collapses direct chats to main by default[32m 1[2mms[22m[39m
     [32mΓ£ô[39m collapses direct chats to main even when sender missing[32m 2[2mms[22m[39m
     [32mΓ£ô[39m maps direct chats to main key when provided[32m 1[2mms[22m[39m
     [32mΓ£ô[39m uses custom main key when provided[32m 1[2mms[22m[39m
     [32mΓ£ô[39m keeps global scope untouched[32m 1[2mms[22m[39m
     [32mΓ£ô[39m leaves groups untouched even with main key[32m 1[2mms[22m[39m
[31m     [31m├ù[31m updateLastRoute persists channel and target[39m[33m 400[2mms[22m[39m
[31m     [31m├ù[31m updateLastRoute prefers explicit deliveryContext[39m[32m 80[2mms[22m[39m
[31m     [31m├ù[31m updateLastRoute records origin + group metadata when ctx is provided[39m[32m 71[2mms[22m[39m
[31m     [31m├ù[31m updateSessionStoreEntry preserves existing fields when patching[39m[32m 34[2mms[22m[39m
[31m     [31m├ù[31m updateSessionStore preserves concurrent additions[39m[32m 60[2mms[22m[39m
[31m     [31m├ù[31m recovers from array-backed session stores[39m[32m 64[2mms[22m[39m
[31m     [31m├ù[31m normalizes last route fields on write[39m[32m 49[2mms[22m[39m
[31m     [31m├ù[31m updateSessionStore keeps deletions when concurrent writes happen[39m[32m 132[2mms[22m[39m
     [32mΓ£ô[39m loadSessionStore auto-migrates legacy provider keys to channel keys[32m 13[2mms[22m[39m
     [32mΓ£ô[39m derives session transcripts dir from OPENCLAW_STATE_DIR[32m 1[2mms[22m[39m
     [32mΓ£ô[39m includes topic ids in session transcript filenames[32m 1[2mms[22m[39m
     [32mΓ£ô[39m uses agent id when resolving session file fallback paths[32m 1[2mms[22m[39m
[31m     [31m├ù[31m updateSessionStoreEntry merges concurrent patches[39m[32m 149[2mms[22m[39m
[90mstderr[2m | extensions/voice-call/src/webhook-security.test.ts[2m > [22m[2mverifyTwilioWebhook[2m > [22m[2mallows invalid signatures for ngrok 
free tier only on loopback
[22m[39m[voice-call] Twilio signature validation failed (ngrok free tier compatibility, loopback only)

 [32mΓ£ô[39m extensions/voice-call/src/webhook-security.test.ts [2m([22m[2m6 tests[22m[2m)[22m[32m 60[2mms[22m[39m
 [31mΓ¥»[39m src/web/auto-reply.partial-reply-gating.test.ts [2m([22m[2m5 tests[22m[2m | [22m[31m2 failed[39m[2m)[22m[33m 5155[2mms[22m[39m
     [33m[2mΓ£ô[22m[39m does not send partial replies for WhatsApp provider [33m 471[2mms[22m[39m
     [32mΓ£ô[39m falls back from empty senderJid to senderE164 for SenderId[32m 267[2mms[22m[39m
[31m     [31m├ù[31m updates last-route for direct chats without senderE164[39m[33m 1933[2mms[22m[39m
[31m     [31m├ù[31m updates last-route for group chats with account id[39m[33m 1341[2mms[22m[39m
     [33m[2mΓ£ô[22m[39m defaults to self-only when no config is present [33m 1125[2mms[22m[39m
 [31mΓ¥»[39m src/cron/isolated-agent.uses-last-non-empty-agent-text-as.test.ts [2m([22m[2m13 tests[22m[2m | [22m[31m1 failed[39m[2m)[22m[33m 37125[2mms[22m[39m
     [33m[2mΓ£ô[22m[39m uses last non-empty agent text as summary [33m 5489[2mms[22m[39m
     [33m[2mΓ£ô[22m[39m appends current time after the cron header line [33m 4147[2mms[22m[39m
     [33m[2mΓ£ô[22m[39m uses agentId for workspace, session key, and store paths [33m 1269[2mms[22m[39m
     [33m[2mΓ£ô[22m[39m uses model override when provided [33m 1918[2mms[22m[39m
     [33m[2mΓ£ô[22m[39m uses hooks.gmail.model for Gmail hook sessions [33m 5306[2mms[22m[39m
     [33m[2mΓ£ô[22m[39m wraps external hook content by default [33m 4306[2mms[22m[39m
     [33m[2mΓ£ô[22m[39m skips external content wrapping when hooks.gmail opts out [33m 1117[2mms[22m[39m
     [33m[2mΓ£ô[22m[39m ignores hooks.gmail.model when not in the allowlist [33m 738[2mms[22m[39m
     [33m[2mΓ£ô[22m[39m rejects invalid model override [33m 482[2mms[22m[39m
     [33m[2mΓ£ô[22m[39m defaults thinking to low for reasoning-capable models [33m 1294[2mms[22m[39m
     [33m[2mΓ£ô[22m[39m truncates long summaries [33m 1174[2mms[22m[39m
     [33m[2mΓ£ô[22m[39m fails delivery without a WhatsApp recipient when bestEffortDeliver=false [33m 4490[2mms[22m[39m
[31m     [31m├ù[31m starts a fresh session id for each cron run[39m[33m 5365[2mms[22m[39m
 [32mΓ£ô[39m extensions/voice-call/src/config.test.ts [2m([22m[2m14 tests[22m[2m)[22m[32m 69[2mms[22m[39m
 [32mΓ£ô[39m extensions/twitch/src/status.test.ts [2m([22m[2m12 tests[22m[2m)[22m[32m 36[2mms[22m[39m
 [32mΓ£ô[39m extensions/twitch/src/send.test.ts [2m([22m[2m9 tests[22m[2m)[22m[32m 56[2mms[22m[39m
 [31mΓ¥»[39m extensions/lobster/src/lobster-tool.test.ts [2m([22m[2m9 tests[22m[2m | [22m[31m1 failed[39m[2m)[22m[33m 4290[2mms[22m[39m
[31m     [31m├ù[31m runs lobster and returns parsed envelope in details[39m[33m 1096[2mms[22m[39m
     [33m[2mΓ£ô[22m[39m tolerates noisy stdout before the JSON envelope [33m 941[2mms[22m[39m
     [32mΓ£ô[39m requires absolute lobsterPath when provided (even though it is ignored)[32m 25[2mms[22m[39m
     [32mΓ£ô[39m rejects lobsterPath (deprecated) when invalid[32m 8[2mms[22m[39m
     [32mΓ£ô[39m rejects absolute cwd[32m 2[2mms[22m[39m
     [32mΓ£ô[39m rejects cwd that escapes the gateway working directory[32m 2[2mms[22m[39m
     [33m[2mΓ£ô[22m[39m uses pluginConfig.lobsterPath when provided [33m 990[2mms[22m[39m
     [33m[2mΓ£ô[22m[39m rejects invalid JSON from lobster [33m 1213[2mms[22m[39m
     [32mΓ£ô[39m can be gated off in sandboxed contexts[32m 3[2mms[22m[39m
 [32mΓ£ô[39m extensions/msteams/src/file-consent-helpers.test.ts [2m([22m[2m16 tests[22m[2m)[22m[32m 50[2mms[22m[39m
[90mstdout[2m | src/canvas-host/server.test.ts[2m > [22m[2mcanvas host[2m > [22m[2mcreates a default index.html when missing
[22m[39mcanvas host listening on http://127.0.0.1:53006 (root C:\Users\rob_m\AppData\Local\Temp\openclaw-canvas-8Ngh3Z)

[90mstdout[2m | extensions/voice-call/src/manager.test.ts[2m > [22m[2mCallManager[2m > [22m[2mupgrades providerCallId mapping when provider ID changes
[22m[39m[voice-call] Starting max duration timer (300s) for call a182bcf2-1655-4048-8f32-1a9719725235

 [32mΓ£ô[39m extensions/google-gemini-cli-auth/oauth.test.ts [2m([22m[2m5 tests[22m[2m)[22m[32m 104[2mms[22m[39m
[90mstdout[2m | extensions/voice-call/src/manager.test.ts[2m > [22m[2mCallManager[2m > [22m[2mspeaks initial message on answered for notify mode (non-Twilio)
[22m[39m[voice-call] Using inline TwiML for notify mode (voice: Polly.Joanna)

[90mstdout[2m | extensions/voice-call/src/manager.test.ts[2m > [22m[2mCallManager[2m > [22m[2mspeaks initial message on answered for notify mode (non-Twilio)
[22m[39m[voice-call] Starting max duration timer (300s) for call bdd21ebd-ca36-4046-a6c0-532a2165c63f
[voice-call] Speaking initial message for call bdd21ebd-ca36-4046-a6c0-532a2165c63f (mode: notify)

[90mstdout[2m | extensions/voice-call/src/manager.test.ts[2m > [22m[2mCallManager[2m > [22m[2mspeaks initial message on answered for notify mode (non-Twilio)
[22m[39m[voice-call] Notify mode: auto-hangup in 3s for call bdd21ebd-ca36-4046-a6c0-532a2165c63f

[90mstdout[2m | extensions/voice-call/src/manager.test.ts[2m > [22m[2mCallManager[2m > [22m[2mrejects inbound calls with missing caller ID when allowlist enabled
[22m[39m[voice-call] Inbound call rejected: missing caller ID

[90mstdout[2m | extensions/voice-call/src/manager.test.ts[2m > [22m[2mCallManager[2m > [22m[2mrejects inbound calls that only match allowlist suffixes
[22m[39m[voice-call] Inbound call rejected: +99915550001234 not in allowlist

[90mstdout[2m | extensions/voice-call/src/manager.test.ts[2m > [22m[2mCallManager[2m > [22m[2maccepts inbound calls that exactly match the allowlist
[22m[39m[voice-call] Inbound call accepted: +15550001234 is in allowlist
[voice-call] Created inbound call record: 084a559e-6973-4806-9b95-9a5869a0a245 from +15550001234

 [32mΓ£ô[39m extensions/voice-call/src/manager.test.ts [2m([22m[2m5 tests[22m[2m)[22m[32m 64[2mms[22m[39m
[90mstdout[2m | src/browser/server.agent-contract-snapshot-endpoints.test.ts[2m > [22m[2mbrowser control server[2m > [22m[2magent contract: snapshot endpoints
[22m[39m[36m[browser/server][39m [36mBrowser control listening on http://127.0.0.1:53005/[39m

[90mstdout[2m | src/canvas-host/server.test.ts[2m > [22m[2mcanvas host[2m > [22m[2mskips live reload injection when disabled
[22m[39mcanvas host listening on http://127.0.0.1:53011 (root C:\Users\rob_m\AppData\Local\Temp\openclaw-canvas-tiUqqi)

[90mstdout[2m | src/browser/server.agent-contract-snapshot-endpoints.test.ts[2m > [22m[2mbrowser control server[2m > [22m[2magent contract: navigation + common act commands
[22m[39m[36m[browser/server][39m [36mBrowser control listening on http://127.0.0.1:53013/[39m

 [31mΓ¥»[39m src/browser/server.agent-contract-snapshot-endpoints.test.ts [2m([22m[2m2 tests[22m[2m | [22m[31m1 failed[39m[2m)[22m[33m 1392[2mms[22m[39m
     [33m[2mΓ£ô[22m[39m agent contract: snapshot endpoints [33m 1180[2mms[22m[39m
[31m     [31m├ù[31m agent contract: navigation + common act commands[39m[32m 202[2mms[22m[39m
[90mstdout[2m | src/canvas-host/server.test.ts[2m > [22m[2mcanvas host[2m > [22m[2mreuses a handler without closing it twice
[22m[39mcanvas host listening on http://127.0.0.1:53019 (root C:\Users\rob_m\AppData\Local\Temp\openclaw-canvas-N6rzci)

[90mstdout[2m | src/canvas-host/server.test.ts[2m > [22m[2mcanvas host[2m > [22m[2mserves HTML with injection and broadcasts reload on file changes
[22m[39mcanvas host listening on http://127.0.0.1:53020 (root C:\Users\rob_m\AppData\Local\Temp\openclaw-canvas-dpSHfg)

[90mstdout[2m | src/canvas-host/server.test.ts[2m > [22m[2mcanvas host[2m > [22m[2mserves the gateway-hosted A2UI scaffold
[22m[39mcanvas host listening on http://127.0.0.1:53022 (root C:\Users\rob_m\AppData\Local\Temp\openclaw-canvas-ZFI9hB)

 [31mΓ¥»[39m src/canvas-host/server.test.ts [2m([22m[2m7 tests[22m[2m | [22m[31m4 failed[39m[2m)[22m[33m 2118[2mms[22m[39m
     [32mΓ£ô[39m injects live reload script[32m 8[2mms[22m[39m
[31m     [31m├ù[31m creates a default index.html when missing[39m[33m 393[2mms[22m[39m
[31m     [31m├ù[31m skips live reload injection when disabled[39m[33m 603[2mms[22m[39m
[31m     [31m├ù[31m serves canvas content from the mounted base path[39m[32m 287[2mms[22m[39m
     [32mΓ£ô[39m reuses a handler without closing it twice[32m 28[2mms[22m[39m
[31m     [31m├ù[31m serves HTML with injection and broadcasts reload on file changes[39m[32m 257[2mms[22m[39m
     [33m[2mΓ£ô[22m[39m serves the gateway-hosted A2UI scaffold [33m 520[2mms[22m[39m
 [32mΓ£ô[39m extensions/msteams/src/media-helpers.test.ts [2m([22m[2m36 tests[22m[2m)[22m[32m 73[2mms[22m[39m
 [31mΓ¥»[39m src/agents/bash-tools.exec.pty-fallback.test.ts [2m([22m[2m1 test[22m[2m | [22m[31m1 failed[39m[2m)[22m[33m 1039[2mms[22m[39m
[31m   [31m├ù[31m exec falls back when PTY spawn fails[39m[33m 1003[2mms[22m[39m
 [31mΓ¥»[39m src/config/sessions.cache.test.ts [2m([22m[2m8 tests[22m[2m | [22m[31m6 failed[39m[2m)[22m[33m 1052[2mms[22m[39m
[31m     [31m├ù[31m should load session store from disk on first call[39m[33m 407[2mms[22m[39m
[31m     [31m├ù[31m should cache session store on first load when file is unchanged[39m[32m 125[2mms[22m[39m
[31m     [31m├ù[31m should not allow cached session mutations to leak across loads[39m[32m 25[2mms[22m[39m
[31m     [31m├ù[31m should refresh cache when store file changes on disk[39m[32m 70[2mms[22m[39m
[31m     [31m├ù[31m should invalidate cache on write[39m[32m 241[2mms[22m[39m
[31m     [31m├ù[31m should respect OPENCLAW_SESSION_CACHE_TTL_MS=0 to disable cache[39m[32m 101[2mms[22m[39m
     [32mΓ£ô[39m should handle non-existent store gracefully[32m 4[2mms[22m[39m
     [32mΓ£ô[39m should handle invalid JSON gracefully[32m 23[2mms[22m[39m
 [32mΓ£ô[39m extensions/line/src/channel.sendPayload.test.ts [2m([22m[2m7 tests[22m[2m)[22m[32m 56[2mms[22m[39m
 [32mΓ£ô[39m extensions/msteams/src/messenger.test.ts [2m([22m[2m10 tests[22m[2m)[22m[32m 46[2mms[22m[39m
 [32mΓ£ô[39m extensions/twitch/src/probe.test.ts [2m([22m[2m10 tests[22m[2m)[22m[32m 212[2mms[22m[39m
 [32mΓ£ô[39m extensions/bluebubbles/src/targets.test.ts [2m([22m[2m24 tests[22m[2m)[22m[32m 52[2mms[22m[39m
 [31mΓ¥»[39m src/media/server.test.ts [2m([22m[2m6 tests[22m[2m | [22m[31m4 failed[39m[2m)[22m[33m 409[2mms[22m[39m
[31m     [31m├ù[31m serves media and cleans up after send[39m[32m 138[2mms[22m[39m
[31m     [31m├ù[31m expires old media[39m[32m 52[2mms[22m[39m
     [32mΓ£ô[39m blocks path traversal attempts[32m 41[2mms[22m[39m
[31m     [31m├ù[31m blocks symlink escaping outside media dir[39m[32m 20[2mms[22m[39m
     [32mΓ£ô[39m rejects invalid media ids[32m 19[2mms[22m[39m
[31m     [31m├ù[31m rejects oversized media files[39m[32m 107[2mms[22m[39m
 [32mΓ£ô[39m extensions/llm-task/src/llm-task-tool.test.ts [2m([22m[2m8 tests[22m[2m)[22m[33m 451[2mms[22m[39m
[90mstderr[2m | 
src/auto-reply/reply/agent-runner.heartbeat-typing.runreplyagent-typing-heartbeat.retries-after-compaction-failure-by-resetting-session.test.ts[2m > 
[22m[2mrunReplyAgent typing (heartbeat)[2m > [22m[2mretries after compaction failure by resetting the session
[22m[39mAuto-compaction failed (Context overflow: Summarization failed: 400 {"message":"prompt is too long"}). Restarting session main -> 
061ea02d-8543-4561-8d9c-be4fe5c39dbf and retrying.

 [32mΓ£ô[39m extensions/twitch/src/token.test.ts [2m([22m[2m9 tests[22m[2m)[22m[32m 32[2mms[22m[39m
[90mstderr[2m | 
src/auto-reply/reply/agent-runner.heartbeat-typing.runreplyagent-typing-heartbeat.retries-after-compaction-failure-by-resetting-session.test.ts[2m > 
[22m[2mrunReplyAgent typing (heartbeat)[2m > [22m[2mretries after context overflow payload by resetting the session
[22m[39mAuto-compaction failed (Context overflow: Summarization failed: 400 {"message":"prompt is too long"}). Restarting session main -> 
0bee0270-c0f1-4fec-a57c-ad3dc4602801 and retrying.

[90mstderr[2m | 
src/auto-reply/reply/agent-runner.heartbeat-typing.runreplyagent-typing-heartbeat.retries-after-compaction-failure-by-resetting-session.test.ts[2m > 
[22m[2mrunReplyAgent typing (heartbeat)[2m > [22m[2mresets the session after role ordering payloads
[22m[39mRole ordering conflict (messages: roles must alternate between "user" and "assistant"). Restarting session main -> 
116578d5-e42e-466a-b26e-e7216ab07d37.

 [31mΓ¥»[39m src/auto-reply/reply/agent-runner.heartbeat-typing.runreplyagent-typing-heartbeat.retries-after-compaction-failure-by-resetting-session.test.ts [2m([22m[2m3 tests[22m[2m | [22m[31m3 failed[39m[2m)[22m[33m 389[2mms[22m[39m
[31m     [31m├ù[31m retries after compaction failure by resetting the session[39m[32m 201[2mms[22m[39m
[31m     [31m├ù[31m retries after context overflow payload by resetting the session[39m[32m 69[2mms[22m[39m
[31m     [31m├ù[31m resets the session after role ordering payloads[39m[32m 109[2mms[22m[39m
 [31mΓ¥»[39m src/commands/doctor-state-migrations.test.ts [2m([22m[2m14 tests[22m[2m | [22m[31m8 failed[39m[2m)[22m[33m 1238[2mms[22m[39m
[31m     [31m├ù[31m migrates legacy sessions into agents/<id>/sessions[39m[33m 481[2mms[22m[39m
     [32mΓ£ô[39m migrates legacy agent dir with conflict fallback[32m 86[2mms[22m[39m
     [32mΓ£ô[39m auto-migrates legacy agent dir on startup[32m 29[2mms[22m[39m
[31m     [31m├ù[31m auto-migrates legacy sessions on startup[39m[32m 64[2mms[22m[39m
     [32mΓ£ô[39m migrates legacy WhatsApp auth files without touching oauth.json[32m 41[2mms[22m[39m
     [32mΓ£ô[39m no-ops when nothing detected[32m 9[2mms[22m[39m
[31m     [31m├ù[31m routes legacy state to the default agent entry[39m[32m 52[2mms[22m[39m
[31m     [31m├ù[31m honors session.mainKey when seeding the direct-chat bucket[39m[32m 57[2mms[22m[39m
[31m     [31m├ù[31m canonicalizes legacy main keys inside the target sessions store[39m[32m 51[2mms[22m[39m
[31m     [31m├ù[31m prefers the newest entry when collapsing main aliases[39m[32m 192[2mms[22m[39m
[31m     [31m├ù[31m lowercases agent session keys during canonicalization[39m[32m 69[2mms[22m[39m
[31m     [31m├ù[31m auto-migrates when only target sessions contain legacy keys[39m[32m 52[2mms[22m[39m
     [32mΓ£ô[39m does nothing when no legacy state dir exists[32m 12[2mms[22m[39m
     [32mΓ£ô[39m skips state dir migration when env override is set[32m 34[2mms[22m[39m
[90mstderr[2m | 
src/auto-reply/reply/agent-runner.heartbeat-typing.runreplyagent-typing-heartbeat.resets-corrupted-gemini-sessions-deletes-transcripts.test.ts[2m > 
[22m[2mrunReplyAgent typing (heartbeat)[2m > [22m[2mresets corrupted Gemini sessions and deletes transcripts
[22m[39mSession history corrupted (Gemini function call ordering). Resetting session: main

[90mstderr[2m | 
src/auto-reply/reply/agent-runner.heartbeat-typing.runreplyagent-typing-heartbeat.resets-corrupted-gemini-sessions-deletes-transcripts.test.ts[2m > 
[22m[2mrunReplyAgent typing (heartbeat)[2m > [22m[2mkeeps sessions intact on other errors
[22m[39mEmbedded agent failed before reply: INVALID_ARGUMENT: some other failure

[90mstderr[2m | 
src/auto-reply/reply/agent-runner.heartbeat-typing.runreplyagent-typing-heartbeat.resets-corrupted-gemini-sessions-deletes-transcripts.test.ts[2m > 
[22m[2mrunReplyAgent typing (heartbeat)[2m > [22m[2mreturns friendly message for role ordering errors thrown as exceptions
[22m[39mEmbedded agent failed before reply: 400 Incorrect role information

[90mstderr[2m | 
src/auto-reply/reply/agent-runner.heartbeat-typing.runreplyagent-typing-heartbeat.resets-corrupted-gemini-sessions-deletes-transcripts.test.ts[2m > 
[22m[2mrunReplyAgent typing (heartbeat)[2m > [22m[2mreturns friendly message for 'roles must alternate' errors thrown as exceptions
[22m[39mEmbedded agent failed before reply: messages: roles must alternate between "user" and "assistant"

 [31mΓ¥»[39m src/auto-reply/reply/agent-runner.heartbeat-typing.runreplyagent-typing-heartbeat.resets-corrupted-gemini-sessions-deletes-transcripts.test.ts [2m([22m[2m4 tests[22m[2m | [22m[31m1 failed[39m[2m)[22m[33m 383[2mms[22m[39m
[31m     [31m├ù[31m resets corrupted Gemini sessions and deletes transcripts[39m[32m 197[2mms[22m[39m
     [32mΓ£ô[39m keeps sessions intact on other errors[32m 117[2mms[22m[39m
     [32mΓ£ô[39m returns friendly message for role ordering errors thrown as exceptions[32m 6[2mms[22m[39m
     [32mΓ£ô[39m returns friendly message for 'roles must alternate' errors thrown as exceptions[32m 6[2mms[22m[39m
 [32mΓ£ô[39m extensions/matrix/src/matrix/send.test.ts [2m([22m[2m3 tests[22m[2m)[22m[33m 1728[2mms[22m[39m
[90mstdout[2m | src/web/outbound.test.ts[2m > [22m[2mweb outbound[2m > [22m[2msends message via active listener
[22m[39m[35m[whatsapp][39m [36mSending message -> 1555@s.whatsapp.net[39m

[90mstdout[2m | src/web/outbound.test.ts[2m > [22m[2mweb outbound[2m > [22m[2mmaps audio to PTT with opus mime when ogg
[22m[39m[35m[whatsapp][39m [36mSending message -> 1555@s.whatsapp.net (media)[39m

[90mstdout[2m | src/web/outbound.test.ts[2m > [22m[2mweb outbound[2m > [22m[2mmaps video with caption
[22m[39m[35m[whatsapp][39m [36mSending message -> 1555@s.whatsapp.net (media)[39m

[90mstdout[2m | src/web/outbound.test.ts[2m > [22m[2mweb outbound[2m > [22m[2mmarks gif playback for video when requested
[22m[39m[35m[whatsapp][39m [36mSending message -> 1555@s.whatsapp.net (media)[39m

[90mstdout[2m | src/web/outbound.test.ts[2m > [22m[2mweb outbound[2m > [22m[2mmaps image with caption
[22m[39m[35m[whatsapp][39m [36mSending message -> 1555@s.whatsapp.net (media)[39m

[90mstdout[2m | src/web/outbound.test.ts[2m > [22m[2mweb outbound[2m > [22m[2mmaps other kinds to document with filename
[22m[39m[35m[whatsapp][39m [36mSending message -> 1555@s.whatsapp.net (media)[39m

[90mstdout[2m | src/web/outbound.test.ts[2m > [22m[2mweb outbound[2m > [22m[2msends polls via active listener
[22m[39m[35m[whatsapp][39m [36mSending poll -> 1555@s.whatsapp.net: "Lunch?"[39m

[90mstdout[2m | src/web/outbound.test.ts[2m > [22m[2mweb outbound[2m > [22m[2msends polls via active listener
[22m[39m[35m[whatsapp][39m [36mSent poll poll123 -> 1555@s.whatsapp.net (9ms)[39m

 [32mΓ£ô[39m extensions/nostr/src/nostr-bus.test.ts [2m([22m[2m32 tests[22m[2m)[22m[32m 232[2mms[22m[39m
[90mstdout[2m | src/web/outbound.test.ts[2m > [22m[2mweb outbound[2m > [22m[2msends reactions via active listener
[22m[39m[35m[whatsapp][39m [36mSending reaction "Γ£à" -> message msg123[39m

[90mstdout[2m | src/web/outbound.test.ts[2m > [22m[2mweb outbound[2m > [22m[2msends reactions via active listener
[22m[39m[35m[whatsapp][39m [36mSent reaction "Γ£à" -> message msg123[39m

 [31mΓ¥»[39m src/web/outbound.test.ts [2m([22m[2m9 tests[22m[2m | [22m[31m6 failed[39m[2m)[22m[33m 441[2mms[22m[39m
[31m     [31m├ù[31m sends message via active listener[39m[32m 146[2mms[22m[39m
     [32mΓ£ô[39m throws a helpful error when no active listener exists[32m 9[2mms[22m[39m
[31m     [31m├ù[31m maps audio to PTT with opus mime when ogg[39m[32m 49[2mms[22m[39m
[31m     [31m├ù[31m maps video with caption[39m[32m 52[2mms[22m[39m
[31m     [31m├ù[31m marks gif playback for video when requested[39m[32m 35[2mms[22m[39m
[31m     [31m├ù[31m maps image with caption[39m[32m 36[2mms[22m[39m
[31m     [31m├ù[31m maps other kinds to document with filename[39m[32m 43[2mms[22m[39m
     [32mΓ£ô[39m sends polls via active listener[32m 21[2mms[22m[39m
     [32mΓ£ô[39m sends reactions via active listener[32m 20[2mms[22m[39m
 [32mΓ£ô[39m extensions/nostr/src/nostr-state-store.test.ts [2m([22m[2m7 tests[22m[2m)[22m[32m 80[2mms[22m[39m
 [32mΓ£ô[39m extensions/diagnostics-otel/src/service.test.ts [2m([22m[2m1 test[22m[2m)[22m[32m 36[2mms[22m[39m
 [31mΓ¥»[39m src/commands/agent.test.ts [2m([22m[2m16 tests[22m[2m | [22m[31m3 failed[39m[2m)[22m[33m 50557[2mms[22m[39m
[31m     [31m├ù[31m creates a session entry when deriving from --to[39m[33m 2795[2mms[22m[39m
[31m     [31m├ù[31m persists thinking and verbose overrides[39m[33m 1501[2mms[22m[39m
     [33m[2mΓ£ô[22m[39m resumes when session-id is provided [33m 1313[2mms[22m[39m
     [33m[2mΓ£ô[22m[39m does not duplicate agent events from embedded runs [33m 1160[2mms[22m[39m
     [33m[2mΓ£ô[22m[39m uses provider/model from agents.defaults.model.primary [33m 1139[2mms[22m[39m
[31m     [31m├ù[31m keeps explicit sessionKey even when sessionId exists elsewhere[39m[33m 1239[2mms[22m[39m
     [33m[2mΓ£ô[22m[39m derives session key from --agent when no routing target is provided [33m 1156[2mms[22m[39m
     [32mΓ£ô[39m rejects unknown agent overrides[32m 102[2mms[22m[39m
     [33m[2mΓ£ô[22m[39m defaults thinking to low for reasoning-capable models [33m 1803[2mms[22m[39m
     [33m[2mΓ£ô[22m[39m prints JSON payload when requested [33m 6348[2mms[22m[39m
     [33m[2mΓ£ô[22m[39m passes the message through as the agent prompt [33m 3112[2mms[22m[39m
     [33m[2mΓ£ô[22m[39m passes through telegram accountId when delivering [33m 6336[2mms[22m[39m
     [33m[2mΓ£ô[22m[39m uses reply channel as the message channel context [33m 1884[2mms[22m[39m
     [33m[2mΓ£ô[22m[39m prefers runContext for embedded routing [33m 7012[2mms[22m[39m
     [33m[2mΓ£ô[22m[39m forwards accountId to embedded runs [33m 7787[2mms[22m[39m
     [33m[2mΓ£ô[22m[39m logs output when delivery is disabled [33m 5859[2mms[22m[39m
 [32mΓ£ô[39m extensions/msteams/src/policy.test.ts [2m([22m[2m15 tests[22m[2m)[22m[32m 41[2mms[22m[39m
[90mstdout[2m | src/telegram/send.returns-undefined-empty-input.test.ts[2m > [22m[2msendMessageTelegram[2m > [22m[2mpasses timeoutSeconds to grammY client when configured
[22m[39m[34m[telegram][39m [36mautoSelectFamily=false (default-node22)[39m

(node:37528) PromiseRejectionHandledWarning: Promise rejection was handled asynchronously (rejection id: 2)
(Use `node --trace-warnings ...` to show where the warning was created)
PromiseRejectionHandledWarning: Promise rejection was handled asynchronously (rejection id: 2)
    at handledRejection (node:internal/process/promises:283:23)
    at promiseRejectHandler (node:internal/process/promises:192:7)
    at Promise.then (<anonymous>)
    at Proxy.<anonymous> (file:///C:/Users/rob_m/openclaw/node_modules/.pnpm/@vitest+expect@4.0.18/node_modules/@vitest/expect/dist/index.js:1660:25)
    at C:/Users/rob_m/openclaw/src/telegram/send.returns-undefined-empty-input.test.ts:299:36
    at file:///C:/Users/rob_m/openclaw/node_modules/.pnpm/@vitest+runner@4.0.18/node_modules/@vitest/runner/dist/index.js:915:20
 [31mΓ¥»[39m src/telegram/send.returns-undefined-empty-input.test.ts [2m([22m[2m31 tests[22m[2m | [22m[31m15 failed[39m[2m)[22m[33m 627[2mms[22m[39m
     [32mΓ£ô[39m returns undefined for empty input[32m 7[2mms[22m[39m
     [32mΓ£ô[39m builds inline keyboards for valid input[32m 4[2mms[22m[39m
     [32mΓ£ô[39m filters invalid buttons and empty rows[32m 1[2mms[22m[39m
[31m     [31m├ù[31m passes timeoutSeconds to grammY client when configured[39m[32m 155[2mms[22m[39m
[31m     [31m├ù[31m prefers per-account timeoutSeconds overrides[39m[32m 13[2mms[22m[39m
[31m     [31m├ù[31m falls back to plain text when Telegram rejects HTML[39m[32m 50[2mms[22m[39m
[31m     [31m├ù[31m adds link_preview_options when previews are disabled in config[39m[32m 47[2mms[22m[39m
[31m     [31m├ù[31m keeps link_preview_options on plain-text fallback when disabled[39m[32m 24[2mms[22m[39m
[31m     [31m├ù[31m uses native fetch for BAN compatibility when api is omitted[39m[32m 6[2mms[22m[39m
[31m     [31m├ù[31m normalizes chat ids with internal prefixes[39m[32m 32[2mms[22m[39m
[31m     [31m├ù[31m wraps chat-not-found with actionable context[39m[32m 48[2mms[22m[39m
[31m     [31m├ù[31m retries on transient errors with retry_after[39m[32m 23[2mms[22m[39m
[31m     [31m├ù[31m does not retry on non-transient errors[39m[32m 19[2mms[22m[39m
     [32mΓ£ô[39m sends GIF media as animation[32m 9[2mms[22m[39m
     [32mΓ£ô[39m sends audio media as files by default[32m 5[2mms[22m[39m
     [32mΓ£ô[39m sends voice messages when asVoice is true and preserves thread params[32m 8[2mms[22m[39m
     [32mΓ£ô[39m falls back to audio when asVoice is true but media is not voice compatible[32m 5[2mms[22m[39m
[31m     [31m├ù[31m includes message_thread_id for forum topic messages[39m[32m 12[2mms[22m[39m
[31m     [31m├ù[31m sets disable_notification when silent is true[39m[32m 16[2mms[22m[39m
[31m     [31m├ù[31m parses message_thread_id from recipient string (telegram:group:...:topic:...)[39m[32m 24[2mms[22m[39m
[31m     [31m├ù[31m includes reply_to_message_id for threaded replies[39m[32m 26[2mms[22m[39m
[31m     [31m├ù[31m includes both thread and reply params for forum topic replies[39m[32m 16[2mms[22m[39m
     [32mΓ£ô[39m sends a sticker by file_id[32m 4[2mms[22m[39m
     [32mΓ£ô[39m throws error when fileId is blank[32m 4[2mms[22m[39m
     [32mΓ£ô[39m includes message_thread_id for forum topic messages[32m 3[2mms[22m[39m
     [32mΓ£ô[39m includes reply_to_message_id for threaded replies[32m 2[2mms[22m[39m
     [32mΓ£ô[39m includes both thread and reply params for forum topic replies[32m 2[2mms[22m[39m
     [32mΓ£ô[39m normalizes chat ids with internal prefixes[32m 2[2mms[22m[39m
     [32mΓ£ô[39m parses message_thread_id from recipient string (telegram:group:...:topic:...)[32m 2[2mms[22m[39m
     [32mΓ£ô[39m wraps chat-not-found with actionable context[32m 5[2mms[22m[39m
     [32mΓ£ô[39m trims whitespace from fileId[32m 2[2mms[22m[39m
 [32mΓ£ô[39m extensions/matrix/src/matrix/send/targets.test.ts [2m([22m[2m5 tests[22m[2m)[22m[32m 49[2mms[22m[39m
 [32mΓ£ô[39m extensions/msteams/src/conversation-store-fs.test.ts [2m([22m[2m1 test[22m[2m)[22m[32m 116[2mms[22m[39m
 [31mΓ¥»[39m src/agents/bash-tools.test.ts [2m([22m[2m17 tests[22m[2m | [22m[31m10 failed[39m[2m)[22m[33m 432[2mms[22m[39m
[31m     [31m├ù[31m backgrounds after yield and can be polled[39m[32m 126[2mms[22m[39m
[31m     [31m├ù[31m supports explicit background[39m[32m 22[2mms[22m[39m
[31m     [31m├ù[31m derives a session name from the command[39m[32m 14[2mms[22m[39m
[31m     [31m├ù[31m uses default timeout when timeout is omitted[39m[32m 14[2mms[22m[39m
     [32mΓ£ô[39m rejects elevated requests when not allowed[32m 13[2mms[22m[39m
[31m     [31m├ù[31m does not default to elevated when not allowed[39m[32m 41[2mms[22m[39m
[31m     [31m├ù[31m logs line-based slices and defaults to last lines[39m[32m 25[2mms[22m[39m
[31m     [31m├ù[31m supports line offsets for log slices[39m[32m 24[2mms[22m[39m
[31m     [31m├ù[31m scopes process sessions by scopeKey[39m[32m 27[2mms[22m[39m
[31m     [31m├ù[31m enqueues a system event when a backgrounded exec exits[39m[32m 43[2mms[22m[39m
[31m     [31m├ù[31m prepends configured path entries[39m[32m 31[2mms[22m[39m
     [32mΓ£ô[39m prepends custom PATH after login shell sourcing to preserve both custom and system tools[32m 8[2mms[22m[39m
     [32mΓ£ô[39m does not interpolate PATH into the shell command[32m 1[2mms[22m[39m
     [32mΓ£ô[39m does not add PATH export when PATH is not in env[32m 1[2mms[22m[39m
     [32mΓ£ô[39m includes workdir flag when specified[32m 1[2mms[22m[39m
     [32mΓ£ô[39m uses login shell for consistent environment[32m 1[2mms[22m[39m
     [32mΓ£ô[39m includes tty flag when requested[32m 2[2mms[22m[39m
 [31mΓ¥»[39m src/auto-reply/reply/agent-runner.memory-flush.runreplyagent-memory-flush.runs-memory-flush-turn-updates-session-metadata.test.ts [2m([22m[2m2 tests[22m[2m | [22m[31m1 failed[39m[2m)[22m[33m 494[2mms[22m[39m
[31m     [31m├ù[31m runs a memory flush turn and updates session metadata[39m[33m 359[2mms[22m[39m
     [32mΓ£ô[39m skips memory flush when disabled in config[32m 127[2mms[22m[39m
 [31mΓ¥»[39m src/auto-reply/reply/agent-runner.memory-flush.runreplyagent-memory-flush.increments-compaction-count-flush-compaction-completes.test.ts [2m([22m[2m1 test[22m[2m | [22m[31m1 failed[39m[2m)[22m[33m 745[2mms[22m[39m
[31m     [31m├ù[31m increments compaction count when flush compaction completes[39m[33m 738[2mms[22m[39m
 [32mΓ£ô[39m extensions/nostr/src/channel.test.ts [2m([22m[2m21 tests[22m[2m)[22m[32m 120[2mms[22m[39m
 [32mΓ£ô[39m extensions/matrix/src/matrix/monitor/media.test.ts [2m([22m[2m2 tests[22m[2m)[22m[32m 29[2mms[22m[39m
 [32mΓ£ô[39m extensions/voice-call/src/media-stream.test.ts [2m([22m[2m2 tests[22m[2m)[22m[32m 53[2mms[22m[39m
 [32mΓ£ô[39m extensions/nostr/src/types.test.ts [2m([22m[2m12 tests[22m[2m)[22m[32m 199[2mms[22m[39m
 [32mΓ£ô[39m extensions/nostr/src/nostr-profile-import.test.ts [2m([22m[2m7 tests[22m[2m)[22m[32m 29[2mms[22m[39m
 [32mΓ£ô[39m extensions/msteams/src/inbound.test.ts [2m([22m[2m8 tests[22m[2m)[22m[32m 29[2mms[22m[39m
 [32mΓ£ô[39m extensions/twitch/src/config.test.ts [2m([22m[2m9 tests[22m[2m)[22m[32m 32[2mms[22m[39m
 [31mΓ¥»[39m src/web/monitor-inbox.captures-media-path-image-messages.test.ts [2m([22m[2m8 tests[22m[2m | [22m[31m5 failed[39m[2m)[22m[33m 445[2mms[22m[39m
     [32mΓ£ô[39m captures media path for image messages[32m 111[2mms[22m[39m
[31m     [31m├ù[31m sets gifPlayback on outbound video payloads when requested[39m[32m 171[2mms[22m[39m
     [32mΓ£ô[39m resolves onClose when the socket closes[32m 11[2mms[22m[39m
[31m     [31m├ù[31m logs inbound bodies to file[39m[32m 16[2mms[22m[39m
     [32mΓ£ô[39m includes participant when marking group messages read[32m 12[2mms[22m[39m
[31m     [31m├ù[31m passes through group messages with participant metadata[39m[32m 40[2mms[22m[39m
[31m     [31m├ù[31m unwraps ephemeral messages, preserves mentions, and still delivers group pings[39m[32m 20[2mms[22m[39m
[31m     [31m├ù[31m still forwards group messages (with sender info) even when allowFrom is restrictive[39m[32m 37[2mms[22m[39m
 [32mΓ£ô[39m extensions/msteams/src/polls.test.ts [2m([22m[2m3 tests[22m[2m)[22m[32m 163[2mms[22m[39m
 [31mΓ¥»[39m src/agents/bash-tools.exec.background-abort.test.ts [2m([22m[2m4 tests[22m[2m | [22m[31m4 failed[39m[2m)[22m[32m 255[2mms[22m[39m
[31m   [31m├ù[31m background exec is not killed when tool signal aborts[39m[32m 136[2mms[22m[39m
[31m   [31m├ù[31m background exec still times out after tool signal abort[39m[32m 18[2mms[22m[39m
[31m   [31m├ù[31m yielded background exec is not killed when tool signal aborts[39m[32m 25[2mms[22m[39m
[31m   [31m├ù[31m yielded background exec still times out[39m[32m 46[2mms[22m[39m
 [31mΓ¥»[39m src/agents/pi-tools.create-openclaw-coding-tools.adds-claude-style-aliases-schemas-without-dropping.test.ts [2m([22m[2m21 tests[22m[2m | [22m[31m12 failed[39m[2m)[22m[32m 263[2mms[22m[39m
       [32mΓ£ô[39m adds Claude-style aliases to schemas without dropping metadata[32m 12[2mms[22m[39m
       [32mΓ£ô[39m normalizes file_path to path and enforces required groups at runtime[32m 11[2mms[22m[39m
     [32mΓ£ô[39m keeps browser tool schema OpenAI-compatible without normalization[32m 2[2mms[22m[39m
     [32mΓ£ô[39m mentions Chrome extension relay in browser tool description[32m 2[2mms[22m[39m
[31m     [31m├ù[31m keeps browser tool schema properties after normalization[39m[32m 10[2mms[22m[39m
[31m     [31m├ù[31m exposes raw for gateway config.apply tool calls[39m[32m 2[2mms[22m[39m
[31m     [31m├ù[31m flattens anyOf-of-literals to enum for provider compatibility[39m[32m 2[2mms[22m[39m
     [32mΓ£ô[39m inlines local $ref before removing unsupported keywords[32m 4[2mms[22m[39m
     [32mΓ£ô[39m cleans tuple items schemas[32m 2[2mms[22m[39m
     [32mΓ£ô[39m drops null-only union variants without flattening other unions[32m 3[2mms[22m[39m
[31m     [31m├ù[31m avoids anyOf/oneOf/allOf in tool schemas[39m[32m 2[2mms[22m[39m
     [32mΓ£ô[39m keeps raw core tool schemas union-free[32m 3[2mms[22m[39m
[31m     [31m├ù[31m does not expose provider-specific message tools[39m[32m 12[2mms[22m[39m
[31m     [31m├ù[31m filters session tools for sub-agent sessions by default[39m[32m 10[2mms[22m[39m
[31m     [31m├ù[31m supports allow-only sub-agent tool policy[39m[32m 25[2mms[22m[39m
[31m     [31m├ù[31m applies tool profiles before allow/deny policies[39m[32m 10[2mms[22m[39m
[31m     [31m├ù[31m expands group shorthands in global tool policy[39m[32m 9[2mms[22m[39m
[31m     [31m├ù[31m expands group shorthands in global tool deny policy[39m[32m 11[2mms[22m[39m
[31m     [31m├ù[31m lets agent profiles override global profiles[39m[32m 17[2mms[22m[39m
[31m     [31m├ù[31m removes unsupported JSON Schema keywords for Cloud Code Assist API compatibility[39m[32m 1[2mms[22m[39m
     [32mΓ£ô[39m applies sandbox path guards to file_path alias[32m 103[2mms[22m[39m
 [31mΓ¥»[39m src/agents/tools/cron-tool.test.ts [2m([22m[2m15 tests[22m[2m | [22m[31m6 failed[39m[2m)[22m[33m 318[2mms[22m[39m
     [32mΓ£ô[39m update sends id to gateway[32m 12[2mms[22m[39m
     [32mΓ£ô[39m update sends id to gateway[32m 3[2mms[22m[39m
     [32mΓ£ô[39m remove sends id to gateway[32m 2[2mms[22m[39m
     [32mΓ£ô[39m remove sends id to gateway[32m 2[2mms[22m[39m
     [32mΓ£ô[39m run sends id to gateway[32m 1[2mms[22m[39m
     [32mΓ£ô[39m run sends id to gateway[32m 1[2mms[22m[39m
     [32mΓ£ô[39m runs sends id to gateway[32m 1[2mms[22m[39m
     [32mΓ£ô[39m runs sends id to gateway[32m 1[2mms[22m[39m
     [32mΓ£ô[39m prefers jobId over id when both are provided[32m 2[2mms[22m[39m
[31m     [31m├ù[31m normalizes cron.add job payloads[39m[32m 105[2mms[22m[39m
[31m     [31m├ù[31m does not default agentId when job.agentId is null[39m[32m 31[2mms[22m[39m
[31m     [31m├ù[31m adds recent context for systemEvent reminders when contextMessages > 0[39m[32m 35[2mms[22m[39m
[31m     [31m├ù[31m caps contextMessages at 10[39m[32m 71[2mms[22m[39m
[31m     [31m├ù[31m does not add context when contextMessages is 0 (default)[39m[32m 22[2mms[22m[39m
[31m     [31m├ù[31m preserves explicit agentId null on add[39m[32m 11[2mms[22m[39m
 [32mΓ£ô[39m extensions/zalo/src/monitor.webhook.test.ts [2m([22m[2m1 test[22m[2m)[22m[32m 136[2mms[22m[39m
 [32mΓ£ô[39m extensions/voice-call/src/providers/twilio.test.ts [2m([22m[2m3 tests[22m[2m)[22m[32m 25[2mms[22m[39m
 [32mΓ£ô[39m extensions/googlechat/src/api.test.ts [2m([22m[2m2 tests[22m[2m)[22m[32m 30[2mms[22m[39m
 [31mΓ¥»[39m src/web/auto-reply/session-snapshot.test.ts [2m([22m[2m1 test[22m[2m | [22m[31m1 failed[39m[2m)[22m[32m 147[2mms[22m[39m
[31m     [31m├ù[31m uses channel reset overrides when configured[39m[32m 138[2mms[22m[39m
 [32mΓ£ô[39m extensions/line/src/channel.logout.test.ts [2m([22m[2m2 tests[22m[2m)[22m[32m 28[2mms[22m[39m
 [32mΓ£ô[39m extensions/zalouser/src/status-issues.test.ts [2m([22m[2m4 tests[22m[2m)[22m[32m 25[2mms[22m[39m
 [32mΓ£ô[39m extensions/matrix/src/matrix/client.test.ts [2m([22m[2m2 tests[22m[2m)[22m[32m 22[2mms[22m[39m
[90mstdout[2m | src/telegram/send.caption-split.test.ts[2m > [22m[2msendMessageTelegram caption splitting[2m > [22m[2msplits long captions into media + text messages when text exceeds 1024 chars
[22m[39m[34m[telegram][39m [36mautoSelectFamily=false (default-node22)[39m

 [31mΓ¥»[39m src/telegram/send.caption-split.test.ts [2m([22m[2m9 tests[22m[2m | [22m[31m5 failed[39m[2m)[22m[33m 441[2mms[22m[39m
[31m     [31m├ù[31m splits long captions into media + text messages when text exceeds 1024 chars[39m[32m 158[2mms[22m[39m
     [32mΓ£ô[39m uses caption when text is within 1024 char limit[32m 15[2mms[22m[39m
     [32mΓ£ô[39m renders markdown in media captions[32m 9[2mms[22m[39m
[31m     [31m├ù[31m preserves thread params when splitting long captions[39m[32m 88[2mms[22m[39m
[31m     [31m├ù[31m puts reply_markup only on follow-up text when splitting[39m[32m 81[2mms[22m[39m
[31m     [31m├ù[31m includes thread params and reply_markup on follow-up text when splitting[39m[32m 38[2mms[22m[39m
[31m     [31m├ù[31m wraps chat-not-found errors from follow-up message[39m[32m 28[2mms[22m[39m
     [32mΓ£ô[39m does not send follow-up text when caption is empty[32m 3[2mms[22m[39m
     [32mΓ£ô[39m keeps reply_markup on media when not splitting[32m 11[2mms[22m[39m
 [32mΓ£ô[39m extensions/matrix/src/resolve-targets.test.ts [2m([22m[2m2 tests[22m[2m)[22m[32m 20[2mms[22m[39m
 [32mΓ£ô[39m extensions/matrix/src/matrix/monitor/allowlist.test.ts [2m([22m[2m3 tests[22m[2m)[22m[32m 18[2mms[22m[39m
 [32mΓ£ô[39m extensions/msteams/src/probe.test.ts [2m([22m[2m3 tests[22m[2m)[22m[32m 40[2mms[22m[39m
[90mstderr[2m | src/agents/pi-tools-agent-config.test.ts[2m > [22m[2mAgent-specific tool filtering[2m > [22m[2mshould apply provider-specific tool 
profile overrides
[22m[39m[34m[tools][39m [33mtools.profile (coding) allowlist contains unknown entries (group:memory). These entries won't match any tool unless the 
plugin is enabled.[39m

 [31mΓ¥»[39m src/agents/pi-tools-agent-config.test.ts [2m([22m[2m15 tests[22m[2m | [22m[31m15 failed[39m[2m)[22m[33m 301[2mms[22m[39m
[31m     [31m├ù[31m should apply global tool policy when no agent-specific policy exists[39m[32m 51[2mms[22m[39m
[31m     [31m├ù[31m should keep global tool policy when agent only sets tools.elevated[39m[32m 15[2mms[22m[39m
[31m     [31m├ù[31m should allow apply_patch when exec is allow-listed and applyPatch is enabled[39m[32m 18[2mms[22m[39m
[31m     [31m├ù[31m should apply agent-specific tool policy[39m[32m 21[2mms[22m[39m
[31m     [31m├ù[31m should apply provider-specific tool policy[39m[32m 8[2mms[22m[39m
[31m     [31m├ù[31m should apply provider-specific tool profile overrides[39m[32m 34[2mms[22m[39m
[31m     [31m├ù[31m should allow different tool policies for different agents[39m[32m 9[2mms[22m[39m
[31m     [31m├ù[31m should apply group tool policy overrides (group-specific beats wildcard)[39m[32m 13[2mms[22m[39m
[31m     [31m├ù[31m should apply per-sender tool policies for group tools[39m[32m 22[2mms[22m[39m
[31m     [31m├ù[31m should not let default sender policy override group tools[39m[32m 16[2mms[22m[39m
[31m     [31m├ù[31m should resolve telegram group tool policy for topic session keys[39m[32m 10[2mms[22m[39m
[31m     [31m├ù[31m should inherit group tool policy for subagents from spawnedBy session keys[39m[32m 35[2mms[22m[39m
[31m     [31m├ù[31m should apply global tool policy before agent-specific policy[39m[32m 7[2mms[22m[39m
[31m     [31m├ù[31m should work with sandbox tools filtering[39m[32m 8[2mms[22m[39m
[31m     [31m├ù[31m should run exec synchronously when process is denied[39m[32m 8[2mms[22m[39m
 [31mΓ¥»[39m src/agents/openclaw-tools.subagents.sessions-spawn-normalizes-allowlisted-agent-ids.test.ts [2m([22m[2m4 tests[22m[2m | [22m[31m3 failed[39m[2m)[22m[32m 271[2mms[22m[39m
[31m     [31m├ù[31m sessions_spawn normalizes allowlisted agent ids[39m[32m 176[2mms[22m[39m
     [32mΓ£ô[39m sessions_spawn forbids cross-agent spawning when not allowed[32m 6[2mms[22m[39m
[31m     [31m├ù[31m sessions_spawn runs cleanup via lifecycle events[39m[32m 32[2mms[22m[39m
[31m     [31m├ù[31m sessions_spawn announces with requester accountId[39m[32m 43[2mms[22m[39m
 [32mΓ£ô[39m extensions/msteams/src/errors.test.ts [2m([22m[2m6 tests[22m[2m)[22m[32m 26[2mms[22m[39m
 [31mΓ¥»[39m src/auto-reply/reply/followup-runner.test.ts [2m([22m[2m5 tests[22m[2m | [22m[31m1 failed[39m[2m)[22m[32m 267[2mms[22m[39m
     [32mΓ£ô[39m adds verbose auto-compaction notice and tracks count[32m 168[2mms[22m[39m
     [32mΓ£ô[39m drops payloads already sent via messaging tool[32m 6[2mms[22m[39m
     [32mΓ£ô[39m delivers payloads when not duplicates[32m 4[2mms[22m[39m
     [32mΓ£ô[39m suppresses replies when a messaging tool sent via the same provider + target[32m 4[2mms[22m[39m
[31m     [31m├ù[31m persists usage even when replies are suppressed[39m[32m 75[2mms[22m[39m
 [32mΓ£ô[39m extensions/matrix/src/matrix/accounts.test.ts [2m([22m[2m3 tests[22m[2m)[22m[32m 21[2mms[22m[39m
 [31mΓ¥»[39m src/telegram/send.proxy.test.ts [2m([22m[2m3 tests[22m[2m | [22m[31m1 failed[39m[2m)[22m[32m 213[2mms[22m[39m
[31m     [31m├ù[31m uses proxy fetch for sendMessage[39m[32m 168[2mms[22m[39m
     [32mΓ£ô[39m uses proxy fetch for reactions[32m 14[2mms[22m[39m
     [32mΓ£ô[39m uses proxy fetch for deleteMessage[32m 23[2mms[22m[39m
 [32mΓ£ô[39m extensions/googlechat/src/targets.test.ts [2m([22m[2m4 tests[22m[2m)[22m[32m 20[2mms[22m[39m
 [32mΓ£ô[39m extensions/msteams/src/polls-store.test.ts [2m([22m[2m2 tests[22m[2m)[22m[32m 91[2mms[22m[39m
 [31mΓ¥»[39m src/agents/pi-tools.create-openclaw-coding-tools.adds-claude-style-aliases-schemas-without-dropping-f.test.ts [2m([22m[2m4 tests[22m[2m | [22m[31m4 failed[39m[2m)[22m[32m 218[2mms[22m[39m
[31m     [31m├ù[31m uses workspaceDir for Read tool path resolution[39m[32m 95[2mms[22m[39m
[31m     [31m├ù[31m uses workspaceDir for Write tool path resolution[39m[32m 36[2mms[22m[39m
[31m     [31m├ù[31m uses workspaceDir for Edit tool path resolution[39m[32m 52[2mms[22m[39m
[31m     [31m├ù[31m accepts Claude Code parameter aliases for read/write/edit[39m[32m 26[2mms[22m[39m
 [32mΓ£ô[39m extensions/matrix/src/channel.directory.test.ts [2m([22m[2m1 test[22m[2m)[22m[32m 24[2mms[22m[39m
 [32mΓ£ô[39m extensions/matrix/src/matrix/format.test.ts [2m([22m[2m5 tests[22m[2m)[22m[32m 89[2mms[22m[39m
[90mstdout[2m | src/telegram/send.preserves-thread-params-plain-text-fallback.test.ts[2m > [22m[2mbuildInlineKeyboard[2m > [22m[2mpreserves thread params in plain text fallback
[22m[39m[34m[telegram][39m [36mautoSelectFamily=false (default-node22)[39m

 [31mΓ¥»[39m src/telegram/send.preserves-thread-params-plain-text-fallback.test.ts [2m([22m[2m5 tests[22m[2m | [22m[31m1 failed[39m[2m)[22m[32m 289[2mms[22m[39m
[31m     [31m├ù[31m preserves thread params in plain text fallback[39m[32m 204[2mms[22m[39m
     [32mΓ£ô[39m includes thread params in media messages[32m 52[2mms[22m[39m
     [32mΓ£ô[39m sends emoji reactions[32m 9[2mms[22m[39m
     [32mΓ£ô[39m removes reactions when emoji is empty[32m 8[2mms[22m[39m
     [32mΓ£ô[39m removes reactions when remove flag is set[32m 6[2mms[22m[39m
 [32mΓ£ô[39m extensions/voice-call/src/providers/plivo.test.ts [2m([22m[2m1 test[22m[2m)[22m[32m 18[2mms[22m[39m
 [31mΓ¥»[39m src/agents/openclaw-tools.subagents.sessions-spawn-applies-model-child-session.test.ts [2m([22m[2m4 tests[22m[2m | [22m[31m3 failed[39m[2m)[22m[32m 250[2mms[22m[39m
[31m     [31m├ù[31m sessions_spawn applies a model to the child session[39m[32m 158[2mms[22m[39m
[31m     [31m├ù[31m sessions_spawn forwards thinking overrides to the agent run[39m[32m 21[2mms[22m[39m
     [32mΓ£ô[39m sessions_spawn rejects invalid thinking levels[32m 17[2mms[22m[39m
[31m     [31m├ù[31m sessions_spawn applies default subagent model from defaults config[39m[32m 46[2mms[22m[39m
 [32mΓ£ô[39m extensions/tlon/src/urbit/sse-client.test.ts [2m([22m[2m1 test[22m[2m)[22m[32m 33[2mms[22m[39m
 [32mΓ£ô[39m extensions/msteams/src/channel.directory.test.ts [2m([22m[2m1 test[22m[2m)[22m[32m 21[2mms[22m[39m
 [31mΓ¥»[39m src/agents/bash-tools.process.send-keys.test.ts [2m([22m[2m2 tests[22m[2m | [22m[31m2 failed[39m[2m)[22m[32m 189[2mms[22m[39m
[31m   [31m├ù[31m process send-keys encodes Enter for pty sessions[39m[32m 132[2mms[22m[39m
[31m   [31m├ù[31m process submit sends Enter for pty sessions[39m[32m 39[2mms[22m[39m
 [32mΓ£ô[39m extensions/mattermost/src/channel.test.ts [2m([22m[2m4 tests[22m[2m)[22m[32m 24[2mms[22m[39m
 [31mΓ¥»[39m src/agents/openclaw-tools.subagents.sessions-spawn-prefers-per-agent-subagent-model.test.ts [2m([22m[2m3 tests[22m[2m | [22m[31m3 failed[39m[2m)[22m[32m 191[2mms[22m[39m
[31m     [31m├ù[31m sessions_spawn prefers per-agent subagent model over defaults[39m[32m 117[2mms[22m[39m
[31m     [31m├ù[31m sessions_spawn skips invalid model overrides and continues[39m[32m 39[2mms[22m[39m
[31m     [31m├ù[31m sessions_spawn supports legacy timeoutSeconds alias[39m[32m 22[2mms[22m[39m
 [32mΓ£ô[39m extensions/tlon/src/urbit/send.test.ts [2m([22m[2m1 test[22m[2m)[22m[32m 77[2mms[22m[39m
[90mstdout[2m | src/agents/bash-tools.exec.approval-id.test.ts[2m > [22m[2mexec approvals[2m > [22m[2mhonors ask=off for elevated gateway exec without prompting
[22m[39m[32m[exec][39m [36melevated command echo ok[39m

[90mstdout[2m | src/agents/bash-tools.exec.approval-id.test.ts[2m > [22m[2mexec approvals[2m > [22m[2mrequires approval for elevated ask when allowlist misses
[22m[39m[32m[exec][39m [36melevated command echo ok[39m

 [31mΓ¥»[39m src/agents/bash-tools.exec.approval-id.test.ts [2m([22m[2m4 tests[22m[2m | [22m[31m3 failed[39m[2m)[22m[33m 120397[2mms[22m[39m
[31m     [31m├ù[31m reuses approval id as the node runId[39m[33m 120039[2mms[22m[39m
[31m     [31m├ù[31m skips approval when node allowlist is satisfied[39m[32m 46[2mms[22m[39m
[31m     [31m├ù[31m honors ask=off for elevated gateway exec without prompting[39m[32m 166[2mms[22m[39m
     [32mΓ£ô[39m requires approval for elevated ask when allowlist misses[32m 137[2mms[22m[39m
 [32mΓ£ô[39m extensions/matrix/src/matrix/monitor/rooms.test.ts [2m([22m[2m1 test[22m[2m)[22m[32m 17[2mms[22m[39m
 [31mΓ¥»[39m src/agents/openclaw-tools.camera.test.ts [2m([22m[2m3 tests[22m[2m | [22m[31m1 failed[39m[2m)[22m[32m 270[2mms[22m[39m
[31m     [31m├ù[31m maps jpg payloads to image/jpeg[39m[32m 170[2mms[22m[39m
     [32mΓ£ô[39m passes deviceId when provided[32m 49[2mms[22m[39m
     [32mΓ£ô[39m passes invoke and command timeouts[32m 39[2mms[22m[39m
 [32mΓ£ô[39m extensions/tlon/src/monitor/processed-messages.test.ts [2m([22m[2m1 test[22m[2m)[22m[32m 17[2mms[22m[39m
 [31mΓ¥»[39m src/memory/qmd-manager.test.ts [2m([22m[2m3 tests[22m[2m | [22m[31m1 failed[39m[2m)[22m[33m 1106[2mms[22m[39m
     [32mΓ£ô[39m debounces back-to-back sync calls[32m 71[2mms[22m[39m
     [33m[2mΓ£ô[22m[39m scopes by channel for agent-prefixed session keys [33m 380[2mms[22m[39m
[31m     [31m├ù[31m blocks non-markdown or symlink reads for qmd paths[39m[33m 640[2mms[22m[39m
 [31mΓ¥»[39m src/auto-reply/reply/agent-runner.messaging-tools.test.ts [2m([22m[2m4 tests[22m[2m | [22m[31m1 failed[39m[2m)[22m[32m 176[2mms[22m[39m
     [32mΓ£ô[39m drops replies when a messaging tool sent via the same provider + target[32m 30[2mms[22m[39m
     [32mΓ£ô[39m delivers replies when tool provider does not match[32m 7[2mms[22m[39m
     [32mΓ£ô[39m delivers replies when account ids do not match[32m 3[2mms[22m[39m
[31m     [31m├ù[31m persists usage even when replies are suppressed[39m[32m 128[2mms[22m[39m
 [31mΓ¥»[39m src/clarityburst/__tests__/file_system_ops.router_outage.fail_closed.tripwire.test.ts [2m([22m[2m2 tests[22m[2m | [22m[31m1 failed[39m[2m)[22m[32m 94[2mms[22m[39m
[31m       [31m├ù[31m should return blocked response with nonRetryable=true when router is unavailable[39m[32m 80[2mms[22m[39m
       [32mΓ£ô[39m should propagate router_outage through ClarityBurstAbstainError with exact fields[32m 6[2mms[22m[39m
 [32mΓ£ô[39m extensions/matrix/src/matrix/poll-types.test.ts [2m([22m[2m1 test[22m[2m)[22m[32m 16[2mms[22m[39m
 [32mΓ£ô[39m extensions/zalo/src/channel.directory.test.ts [2m([22m[2m1 test[22m[2m)[22m[32m 25[2mms[22m[39m
 [31mΓ¥»[39m src/agents/openclaw-tools.subagents.sessions-spawn-resolves-main-announce-target-from.test.ts [2m([22m[2m2 tests[22m[2m | [22m[31m1 failed[39m[2m)[22m[32m 139[2mms[22m[39m
[31m     [31m├ù[31m sessions_spawn runs cleanup flow after subagent completion[39m[32m 125[2mms[22m[39m
     [32mΓ£ô[39m sessions_spawn only allows same-agent by default[32m 6[2mms[22m[39m
 [32mΓ£ô[39m extensions/msteams/src/sent-message-cache.test.ts [2m([22m[2m1 test[22m[2m)[22m[32m 18[2mms[22m[39m
 [31mΓ¥»[39m src/clarityburst/__tests__/memory_modify.pack_incomplete.fail_closed.at_commit_point.tripwire.test.ts [2m([22m[2m7 tests[22m[2m | [22m[31m7 failed[39m[2m)[22m[32m 108[2mms[22m[39m
[31m       [31m├ù[31m should return BlockedResponsePayload when MEMORY_MODIFY pack is incomplete[39m[32m 78[2mms[22m[39m
[31m       [31m├ù[31m should block with PACK_POLICY_INCOMPLETE reason and nonRetryable=true[39m[32m 5[2mms[22m[39m
[31m       [31m├ù[31m should NOT write to disk when pack is incomplete[39m[32m 3[2mms[22m[39m
[31m       [31m├ù[31m should reach gating logic before any disk write attempts[39m[32m 3[2mms[22m[39m
[31m       [31m├ù[31m should convert ClarityBurstAbstainError to BlockedResponsePayload via convertAbstainToBlockedResponse[39m[32m 2[2mms[22m[39m
[31m       [31m├ù[31m should ensure nonRetryable=true prevents client retry on incomplete pack error[39m[32m 3[2mms[22m[39m
[31m       [31m├ù[31m should block even if store data looks valid[39m[32m 3[2mms[22m[39m
 [32mΓ£ô[39m extensions/twitch/src/plugin.test.ts [2m([22m[2m1 test[22m[2m)[22m[32m 18[2mms[22m[39m
 [31mΓ¥»[39m src/agents/openclaw-tools.subagents.sessions-spawn-announces-agent-wait-lifecycle-events.test.ts [2m([22m[2m1 test[22m[2m | [22m[31m1 failed[39m[2m)[22m[32m 126[2mms[22m[39m
[31m     [31m├ù[31m sessions_spawn deletes session when cleanup=delete via agent.wait[39m[32m 98[2mms[22m[39m
 [32mΓ£ô[39m extensions/tlon/src/config-schema.test.ts [2m([22m[2m2 tests[22m[2m)[22m[32m 23[2mms[22m[39m
 [32mΓ£ô[39m extensions/googlechat/src/monitor.test.ts [2m([22m[2m4 tests[22m[2m)[22m[32m 18[2mms[22m[39m
 [31mΓ¥»[39m src/agents/pi-tools.read.network-gating.capability-denied.test.ts [2m([22m[2m18 tests[22m[2m | [22m[31m12 failed[39m[2m)[22m[32m 92[2mms[22m[39m
[31m       [31m├ù[31m sends capability-filtered allowedContractIds to routeClarityBurst() for NETWORK_IO[39m[32m 27[2mms[22m[39m
[31m       [31m├ù[31m throws ClarityBurstAbstainError with reason:capability_denied when top1 is in pack but not in allowedContractIds[39m[32m 9[2mms[22m[39m
       [32mΓ£ô[39m includes contract ID and capability guidance in error instructions[32m 2[2mms[22m[39m
[31m       [31m├ù[31m hard-blocks even with very high router confidence scores[39m[32m 3[2mms[22m[39m
       [32mΓ£ô[39m executes tool when top1 contract is NOT in pack (true mismatch fail-open)[32m 3[2mms[22m[39m
       [32mΓ£ô[39m distinguishes true mismatch (fail-open) from capability-denied (hard-block)[32m 5[2mms[22m[39m
[31m       [31m├ù[31m hard-blocks unknown operation verb 'tunnel' before calling router[39m[32m 4[2mms[22m[39m
[31m       [31m├ù[31m hard-blocks unknown operation verb 'raw_socket' before calling router[39m[32m 5[2mms[22m[39m
[31m       [31m├ù[31m hard-blocks removed speculative verb 'connect' before calling router[39m[32m 4[2mms[22m[39m
[31m       [31m├ù[31m hard-blocks removed speculative verb 'listen' before calling router[39m[32m 3[2mms[22m[39m
       [32mΓ£ô[39m hard-blocks removed speculative verb 'fetch' before calling router[32m 2[2mms[22m[39m
[31m       [31m├ù[31m allows known operation verb 'get' to proceed to routing[39m[32m 2[2mms[22m[39m
[31m       [31m├ù[31m normalizes operation verb case before allowlist check[39m[32m 3[2mms[22m[39m
[31m       [31m├ù[31m passes canonicalized operation and url to routeClarityBurst() context[39m[32m 2[2mms[22m[39m
       [32mΓ£ô[39m ensures opHash8 in confirmation token matches canonicalized inputs[32m 2[2mms[22m[39m
[31m       [31m├ù[31m router context and opHash8 use identical inputs (consistency check)[39m[32m 2[2mms[22m[39m
       [32mΓ£ô[39m non-trimmed raw inputs would produce different opHash8 (proving canonicalization matters)[32m 1[2mms[22m[39m
[31m       [31m├ù[31m REGRESSION: router context URL must equal canonicalizeUrl(rawUrl)[39m[32m 2[2mms[22m[39m
 [31mΓ¥»[39m src/agents/openclaw-tools.subagents.sessions-spawn-allows-cross-agent-spawning-configured.test.ts [2m([22m[2m2 tests[22m[2m | [22m[31m2 failed[39m[2m)[22m[32m 113[2mms[22m[39m
[31m     [31m├ù[31m sessions_spawn allows cross-agent spawning when configured[39m[32m 89[2mms[22m[39m
[31m     [31m├ù[31m sessions_spawn allows any agent when allowlist is *[39m[32m 16[2mms[22m[39m
 [32mΓ£ô[39m extensions/zalouser/src/channel.test.ts [2m([22m[2m1 test[22m[2m)[22m[32m 16[2mms[22m[39m

[31mΓÄ»ΓÄ»ΓÄ»ΓÄ»ΓÄ»ΓÄ»ΓÄ»[39m[1m[41m Failed Tests 1 [49m[22m[31mΓÄ»ΓÄ»ΓÄ»ΓÄ»ΓÄ»ΓÄ»ΓÄ»[39m

[41m[1m FAIL [22m[49m extensions/lobster/src/lobster-tool.test.ts[2m > [22mlobster plugin tool[2m > [22mruns lobster and returns parsed envelope in 
details
[31m[1mError[22m: lobster subprocess timed out[39m
[36m [2mΓ¥»[22m Timeout._onTimeout extensions/lobster/src/lobster-tool.ts:[2m157:16[22m[39m
    [90m155| [39m        child[33m.[39m[34mkill[39m([32m"SIGKILL"[39m)[33m;[39m
    [90m156| [39m      } [35mfinally[39m {
    [90m157| [39m        [34mreject[39m([35mnew[39m [33mError[39m([32m"lobster subprocess timed out"[39m))[33m;[39m
    [90m   | [39m               [31m^[39m
    [90m158| [39m      }
    [90m159| [39m    }[33m,[39m timeoutMs)[33m;[39m

[31m[2mΓÄ»ΓÄ»ΓÄ»ΓÄ»ΓÄ»ΓÄ»ΓÄ»ΓÄ»ΓÄ»ΓÄ»ΓÄ»ΓÄ»ΓÄ»ΓÄ»ΓÄ»ΓÄ»ΓÄ»ΓÄ»ΓÄ»ΓÄ»ΓÄ»ΓÄ»ΓÄ»ΓÄ»[1/1]ΓÄ»[22m[39m


[2m Test Files [22m [1m[31m1 failed[39m[22m[2m | [22m[1m[32m75 passed[39m[22m[90m (76)[39m
[2m      Tests [22m [1m[31m1 failed[39m[22m[2m | [22m[1m[32m891 passed[39m[22m[2m | [22m[33m1 skipped[39m[90m (893)[39m
[2m   Start at [22m 18:24:26
[2m   Duration [22m 145.52s[2m (transform 193.61s, setup 475.67s, import 503.99s, tests 46.42s, environment 36ms)[22m

 [31mΓ¥»[39m src/agents/pi-tools.read.network-gating.non-bypassable.test.ts [2m([22m[2m6 tests[22m[2m | [22m[31m2 failed[39m[2m)[22m[32m 47[2mms[22m[39m
     [32mΓ£ô[39m original execute reference cannot be called directly after patching - tool instance is mutated[32m 15[2mms[22m[39m
     [32mΓ£ô[39m even if caller holds reference to original execute, calling it through tool.execute still gates[32m 3[2mms[22m[39m
     [32mΓ£ô[39m pre-gating execute reference is stale and cannot bypass gating on the instance[32m 2[2mms[22m[39m
[31m     [31m├ù[31m gating allows execution when confirmation is properly provided[39m[32m 13[2mms[22m[39m
[31m     [31m├ù[31m router-mismatch fail-open behavior is preserved[39m[32m 3[2mms[22m[39m
     [32mΓ£ô[39m multiple calls to wrapWithNetworkGating on same tool instance stack correctly[32m 3[2mms[22m[39m
 [31mΓ¥»[39m src/agents/bash-tools.exec.pty.test.ts [2m([22m[2m1 test[22m[2m | [22m[31m1 failed[39m[2m)[22m[32m 114[2mms[22m[39m
[31m   [31m├ù[31m exec supports pty output[39m[32m 107[2mms[22m[39m
 [31mΓ¥»[39m src/agents/openclaw-tools.subagents.sessions-spawn-applies-thinking-default.test.ts [2m([22m[2m2 tests[22m[2m | [22m[31m2 failed[39m[2m)[22m[32m 87[2mms[22m[39m
[31m     [31m├ù[31m applies agents.defaults.subagents.thinking when thinking is omitted[39m[32m 66[2mms[22m[39m
[31m     [31m├ù[31m prefers explicit sessions_spawn.thinking over config default[39m[32m 14[2mms[22m[39m
 [31mΓ¥»[39m src/agents/pi-tools.read.network-gating.confirmation.test.ts [2m([22m[2m19 tests[22m[2m | [22m[31m7 failed[39m[2m)[22m[32m 77[2mms[22m[39m
[31m       [31m├ù[31m throws when lastUserMessage is missing[39m[32m 20[2mms[22m[39m
       [32mΓ£ô[39m throws when lastUserMessage is wrong (partial match)[32m 3[2mms[22m[39m
       [32mΓ£ô[39m throws when lastUserMessage has extra whitespace[32m 2[2mms[22m[39m
       [32mΓ£ô[39m throws when lastUserMessage has different case[32m 2[2mms[22m[39m
       [32mΓ£ô[39m throws when lastUserMessage has wrong contract ID[32m 2[2mms[22m[39m
       [32mΓ£ô[39m throws when lastUserMessage has wrong opHash8 (different URL)[32m 2[2mms[22m[39m
[31m       [31m├ù[31m includes the expected confirmation token in ABSTAIN_CONFIRM instructions[39m[32m 2[2mms[22m[39m
[31m       [31m├ù[31m proceeds when lastUserMessage exactly matches expected token[39m[32m 6[2mms[22m[39m
[31m       [31m├ù[31m proceeds for CRITICAL risk contract with exact token match[39m[32m 6[2mms[22m[39m
       [32mΓ£ô[39m cannot bypass confirmation using userText (only lastUserMessage is checked)[32m 2[2mms[22m[39m
       [32mΓ£ô[39m cannot replay old confirmation token for different URL[32m 2[2mms[22m[39m
       [32mΓ£ô[39m cannot replay confirmation token for different operation[32m 2[2mms[22m[39m
[31m       [31m├ù[31m token is bound to canonical URL (whitespace trimmed)[39m[32m 2[2mms[22m[39m
       [32mΓ£ô[39m produces consistent 8-character hex fingerprint[32m 3[2mms[22m[39m
       [32mΓ£ô[39m produces different hashes for different URLs[32m 3[2mms[22m[39m
       [32mΓ£ô[39m produces different hashes for different operations[32m 1[2mms[22m[39m
[31m       [31m├ù[31m throws ABSTAIN_CLARIFY with reason capability_denied when contract is in pack but filtered by capabilities[39m[32m 2[2mms[22m[39m
[31m       [31m├ù[31m fails-open only when top1 contract is NOT in pack at all (true mismatch)[39m[32m 2[2mms[22m[39m
       [32mΓ£ô[39m does NOT fail-open when contract is in pack but capability-filtered (regression test)[32m 2[2mms[22m[39m
 [31mΓ¥»[39m src/agents/pi-tools.read.network-gating.userinfo.test.ts [2m([22m[2m16 tests[22m[2m | [22m[31m16 failed[39m[2m)[22m[32m 53[2mms[22m[39m
[31m       [31m├ù[31m blocks http://user@host/path with ABSTAIN_CLARIFY and PACK_POLICY_INCOMPLETE[39m[32m 16[2mms[22m[39m
[31m       [31m├ù[31m blocks http://user:pass@host/path with ABSTAIN_CLARIFY and PACK_POLICY_INCOMPLETE[39m[32m 2[2mms[22m[39m
[31m       [31m├ù[31m blocks https://user:password@host/path with ABSTAIN_CLARIFY and PACK_POLICY_INCOMPLETE[39m[32m 2[2mms[22m[39m
[31m       [31m├ù[31m blocks URL with empty password (user:@host)[39m[32m 2[2mms[22m[39m
[31m       [31m├ù[31m blocks URL with userinfo without path (http://user:pass@host)[39m[32m 3[2mms[22m[39m
[31m       [31m├ù[31m blocks URL with port and userinfo (http://user:pass@host:8080/path)[39m[32m 1[2mms[22m[39m
[31m       [31m├ù[31m blocks URL with URL-encoded credentials[39m[32m 1[2mms[22m[39m
[31m       [31m├ù[31m allows https://host/path (control - no userinfo)[39m[32m 4[2mms[22m[39m
[31m       [31m├ù[31m allows http://host/path (no userinfo)[39m[32m 2[2mms[22m[39m
[31m       [31m├ù[31m allows URL with @ in path (not in authority)[39m[32m 2[2mms[22m[39m
[31m       [31m├ù[31m allows URL with @ in query string (not in authority)[39m[32m 2[2mms[22m[39m
[31m       [31m├ù[31m allows URL with @ in fragment (not in authority)[39m[32m 2[2mms[22m[39m
[31m       [31m├ù[31m allows URL with port but no userinfo[39m[32m 1[2mms[22m[39m
[31m       [31m├ù[31m userinfo check blocks AFTER scheme validation passes but BEFORE router call[39m[32m 2[2mms[22m[39m
[31m       [31m├ù[31m userinfo error contains exact expected fields (user only)[39m[32m 1[2mms[22m[39m
[31m       [31m├ù[31m userinfo error contains exact expected fields (user:pass)[39m[32m 1[2mms[22m[39m
 [31mΓ¥»[39m src/agents/pi-tools.read.network-gating.stage-integrity.test.ts [2m([22m[2m8 tests[22m[2m | [22m[31m8 failed[39m[2m)[22m[32m 65[2mms[22m[39m
[31m     [31m├ù[31m always passes stageId 'NETWORK_IO' to getPackForStage()[39m[32m 21[2mms[22m[39m
[31m     [31m├ù[31m always passes stageId 'NETWORK_IO' to deriveAllowedContracts()[39m[32m 2[2mms[22m[39m
[31m     [31m├ù[31m always passes stageId 'NETWORK_IO' to routeClarityBurst()[39m[32m 2[2mms[22m[39m
[31m     [31m├ù[31m always passes context.stageId 'NETWORK_IO' to applyNetworkOverrides()[39m[32m 2[2mms[22m[39m
[31m     [31m├ù[31m stageId is immutable across multiple tool invocations[39m[32m 4[2mms[22m[39m
[31m     [31m├ù[31m throws PACK_POLICY_INCOMPLETE when pack is missing required contracts for NETWORK_IO stage[39m[32m 6[2mms[22m[39m
[31m     [31m├ù[31m router call context always contains stageId 'NETWORK_IO' regardless of operation type[39m[32m 3[2mms[22m[39m
[31m     [31m├ù[31m never calls executor when router is unavailable (fail-closed with correct stageId)[39m[32m 4[2mms[22m[39m
 [31mΓ¥»[39m src/agents/pi-tools.read.network-gating.url-scheme.test.ts [2m([22m[2m17 tests[22m[2m | [22m[31m17 failed[39m[2m)[22m[32m 79[2mms[22m[39m
[31m       [31m├ù[31m blocks file:// URLs with ABSTAIN_CLARIFY and PACK_POLICY_INCOMPLETE[39m[32m 18[2mms[22m[39m
[31m       [31m├ù[31m blocks ftp:// URLs with ABSTAIN_CLARIFY and PACK_POLICY_INCOMPLETE[39m[32m 2[2mms[22m[39m
[31m       [31m├ù[31m blocks data: URLs with ABSTAIN_CLARIFY and PACK_POLICY_INCOMPLETE[39m[32m 3[2mms[22m[39m
[31m       [31m├ù[31m blocks scheme-less URLs with ABSTAIN_CLARIFY and PACK_POLICY_INCOMPLETE[39m[32m 2[2mms[22m[39m
[31m       [31m├ù[31m blocks javascript: URLs with ABSTAIN_CLARIFY and PACK_POLICY_INCOMPLETE[39m[32m 3[2mms[22m[39m
[31m       [31m├ù[31m blocks blob: URLs with ABSTAIN_CLARIFY and PACK_POLICY_INCOMPLETE[39m[32m 2[2mms[22m[39m
[31m       [31m├ù[31m blocks mailto: URLs with ABSTAIN_CLARIFY and PACK_POLICY_INCOMPLETE[39m[32m 3[2mms[22m[39m
[31m       [31m├ù[31m blocks tel: URLs with ABSTAIN_CLARIFY and PACK_POLICY_INCOMPLETE[39m[32m 3[2mms[22m[39m
[31m       [31m├ù[31m allows http:// URLs and proceeds to router[39m[32m 9[2mms[22m[39m
[31m       [31m├ù[31m allows https:// URLs and proceeds to router[39m[32m 14[2mms[22m[39m
[31m       [31m├ù[31m allows HTTP:// URLs (case-insensitive scheme check)[39m[32m 2[2mms[22m[39m
[31m       [31m├ù[31m allows HTTPS:// URLs (case-insensitive scheme check)[39m[32m 1[2mms[22m[39m
[31m       [31m├ù[31m file:// error contains exact expected fields[39m[32m 2[2mms[22m[39m
[31m       [31m├ù[31m ftp:// error contains exact expected fields[39m[32m 2[2mms[22m[39m
[31m       [31m├ù[31m data: error contains exact expected fields[39m[32m 2[2mms[22m[39m
[31m       [31m├ù[31m scheme-less error contains exact expected fields[39m[32m 2[2mms[22m[39m
[31m       [31m├ù[31m scheme check blocks before ANY router or pack lookup calls[39m[32m 2[2mms[22m[39m
 [31mΓ¥»[39m src/agents/pi-tools.read.network-gating.allowlist-derivation.test.ts [2m([22m[2m19 tests[22m[2m | [22m[31m3 failed[39m[2m)[22m[32m 81[2mms[22m[39m
       [32mΓ£ô[39m extracts and lowercases method enum from valid schema[32m 8[2mms[22m[39m
       [32mΓ£ô[39m returns undefined when field_schema is missing[32m 1[2mms[22m[39m
       [32mΓ£ô[39m returns undefined when method property is missing[32m 1[2mms[22m[39m
       [32mΓ£ô[39m returns undefined when method.enum is not an array[32m 1[2mms[22m[39m
       [32mΓ£ô[39m returns undefined when method.enum is empty[32m 1[2mms[22m[39m
       [32mΓ£ô[39m returns undefined when enum contains non-strings[32m 1[2mms[22m[39m
       [32mΓ£ô[39m derives from schema enum when valid[32m 2[2mms[22m[39m
       [32mΓ£ô[39m uses fallback when schema is missing[32m 1[2mms[22m[39m
       [32mΓ£ô[39m uses fallback when method.enum is null/undefined[32m 2[2mms[22m[39m
[31m       [31m├ù[31m allows verbs in the schema enum[39m[32m 17[2mms[22m[39m
       [32mΓ£ô[39m blocks verbs NOT in the schema enum[32m 4[2mms[22m[39m
[31m       [31m├ù[31m respects dynamically added verbs (e.g., TRACE)[39m[32m 3[2mms[22m[39m
       [32mΓ£ô[39m respects dynamically removed verbs (e.g., PATCH removed)[32m 14[2mms[22m[39m
[31m       [31m├ù[31m uses FALLBACK_ALLOWED_NETWORK_OPS when field_schema.method.enum is missing[39m[32m 2[2mms[22m[39m
       [32mΓ£ô[39m includes fallback note in error message when schema is missing[32m 2[2mms[22m[39m
       [32mΓ£ô[39m does NOT include fallback note when schema is present[32m 1[2mms[22m[39m
       [32mΓ£ô[39m FALLBACK_ALLOWED_NETWORK_OPS matches real NETWORK_IO pack's method enum[32m 4[2mms[22m[39m
       [32mΓ£ô[39m real NETWORK_IO pack has the expected standard HTTP methods[32m 5[2mms[22m[39m
       [32mΓ£ô[39m lists allowed verbs in alphabetical order[32m 1[2mms[22m[39m
[90mstderr[2m | src/agents/pi-tools.before-tool-call.test.ts[2m > [22m[2mbefore_tool_call hook integration[2m > [22m[2mcontinues execution when 
hook throws
[22m[39m[33m[agents/tools][39m [33mbefore_tool_call hook failed: tool=read toolCallId=call-4 error=Error: boom[39m

 [31mΓ¥»[39m src/agents/pi-tools.before-tool-call.test.ts [2m([22m[2m6 tests[22m[2m | [22m[31m1 failed[39m[2m)[22m[32m 57[2mms[22m[39m
     [32mΓ£ô[39m executes tool normally when no hook is registered[32m 11[2mms[22m[39m
     [32mΓ£ô[39m allows hook to modify parameters[32m 3[2mms[22m[39m
     [32mΓ£ô[39m blocks tool execution when hook returns block=true[32m 5[2mms[22m[39m
     [32mΓ£ô[39m continues execution when hook throws[32m 24[2mms[22m[39m
     [32mΓ£ô[39m normalizes non-object params for hook contract[32m 2[2mms[22m[39m
[31m     [31m├ù[31m passes modified params to client tool callbacks[39m[32m 6[2mms[22m[39m
 [31mΓ¥»[39m src/agents/pi-tools.create-openclaw-coding-tools.adds-claude-style-aliases-schemas-without-dropping-b.test.ts [2m([22m[2m6 tests[22m[2m | [22m[31m6 failed[39m[2m)[22m[32m 52[2mms[22m[39m
[31m     [31m├ù[31m preserves action enums in normalized schemas[39m[32m 10[2mms[22m[39m
[31m     [31m├ù[31m includes exec and process tools by default[39m[32m 3[2mms[22m[39m
[31m     [31m├ù[31m gates apply_patch behind tools.exec.applyPatch for OpenAI models[39m[32m 10[2mms[22m[39m
[31m     [31m├ù[31m respects apply_patch allowModels[39m[32m 8[2mms[22m[39m
[31m     [31m├ù[31m keeps canonical tool names for Anthropic OAuth (pi-ai remaps on the wire)[39m[32m 7[2mms[22m[39m
[31m     [31m├ù[31m provides top-level object schemas for all tools[39m[32m 6[2mms[22m[39m
 [31mΓ¥»[39m src/clarityburst/decision-override.test.ts [2m([22m[2m18 tests[22m[2m | [22m[31m6 failed[39m[2m)[22m[32m 54[2mms[22m[39m
       [32mΓ£ô[39m should return ABSTAIN_CONFIRM with deterministic instructions when userConfirmed is false[32m 10[2mms[22m[39m
[31m       [31m├ù[31m should throw ClarityBurstAbstainError and NOT execute tool when userConfirmed is undefined[39m[32m 12[2mms[22m[39m
       [32mΓ£ô[39m should return PROCEED and execute tool ONCE when userConfirmed=true (boolean only, no token)[32m 2[2mms[22m[39m
       [32mΓ£ô[39m should return ABSTAIN_CONFIRM with instructions when userConfirmed=false[32m 2[2mms[22m[39m
       [32mΓ£ô[39m should return PROCEED when userConfirmed=true (boolean flag)[32m 2[2mms[22m[39m
       [32mΓ£ô[39m should return PROCEED even without userConfirmed=true[32m 1[2mms[22m[39m
       [32mΓ£ô[39m should treat userConfirmed=false same as undefined (both require confirmation)[32m 1[2mms[22m[39m
       [32mΓ£ô[39m should only accept userConfirmed=true (boolean) to bypass confirmation[32m 1[2mms[22m[39m
       [32mΓ£ô[39m should block tool execution when userConfirmed=false and allow when userConfirmed=true[32m 2[2mms[22m[39m
     [32mΓ£ô[39m should return ABSTAIN_CLARIFY when confidence is below threshold (before checking confirmation)[32m 1[2mms[22m[39m
     [32mΓ£ô[39m should return ABSTAIN_CLARIFY when dominance margin is insufficient[32m 1[2mms[22m[39m
[31m       [31m├ù[31m should return blocked response with all fields intact when router is unavailable[39m[32m 2[2mms[22m[39m
[31m       [31m├ù[31m should propagate router_outage through ClarityBurstAbstainError with exact fields[39m[32m 2[2mms[22m[39m
[31m       [31m├ù[31m should return blocked response with all fields intact when confirmation is missing[39m[32m 1[2mms[22m[39m
[31m       [31m├ù[31m should propagate ABSTAIN_CONFIRM through ClarityBurstAbstainError with exact fields[39m[32m 1[2mms[22m[39m
[31m       [31m├ù[31m should NOT execute tool and NOT retry when ABSTAIN_CONFIRM is returned[39m[32m 1[2mms[22m[39m
       [32mΓ£ô[39m should execute tool exactly once when PROCEED is returned[32m 1[2mms[22m[39m
       [32mΓ£ô[39m should execute tool when userConfirmed=true for HIGH-risk contract[32m 1[2mms[22m[39m
 [31mΓ¥»[39m src/clarityburst/__tests__/shell_exec.confirmation.exact_token.tripwire.test.ts [2m([22m[2m6 tests[22m[2m | [22m[31m1 failed[39m[2m)[22m[32m 44[2mms[22m[39m
[31m       [31m├ù[31m should return ABSTAIN_CONFIRM when lastUserMessage is token + EXTRA[39m[32m 28[2mms[22m[39m
       [32mΓ£ô[39m should return ABSTAIN_CONFIRM when lastUserMessage is PREFIX + token[32m 3[2mms[22m[39m
       [32mΓ£ô[39m should return ABSTAIN_CONFIRM when lastUserMessage has extra whitespace[32m 2[2mms[22m[39m
       [32mΓ£ô[39m should proceed when lastUserMessage exactly matches the confirmation token[32m 1[2mms[22m[39m
       [32mΓ£ô[39m should apply applyShellExecOverrides directly with userConfirmed=false ΓåÆ ABSTAIN_CONFIRM[32m 1[2mms[22m[39m
       [32mΓ£ô[39m should apply applyShellExecOverrides with userConfirmed=true ΓåÆ PROCEED[32m 1[2mms[22m[39m
 [31mΓ¥»[39m src/clarityburst/__tests__/subagent_spawn.empty_allowlist.abstain_clarify.tripwire.test.ts [2m([22m[2m3 tests[22m[2m | [22m[31m2 failed[39m[2m)[22m[32m 53[2mms[22m[39m
[31m     [31m├ù[31m should block subagent spawn and return nonRetryable=true when allowlist is empty[39m[32m 31[2mms[22m[39m
[31m     [31m├ù[31m should return blocked response with exact empty_allowlist fields[39m[32m 12[2mms[22m[39m
     [32mΓ£ô[39m should not invoke callGateway when allowlist is empty[32m 3[2mms[22m[39m
 [31mΓ¥»[39m src/clarityburst/__tests__/subagent_spawn.router_outage.fail_closed.tripwire.test.ts [2m([22m[2m2 tests[22m[2m | [22m[31m2 failed[39m[2m)[22m[32m 49[2mms[22m[39m
[31m     [31m├ù[31m should block subagent spawn and return nonRetryable=true when router is unavailable[39m[32m 28[2mms[22m[39m
[31m     [31m├ù[31m should return blocked response with exact router_outage fields[39m[32m 15[2mms[22m[39m
 [31mΓ¥»[39m src/agents/pi-tools.create-openclaw-coding-tools.adds-claude-style-aliases-schemas-without-dropping-d.test.ts [2m([22m[2m5 tests[22m[2m | [22m[31m5 failed[39m[2m)[22m[32m 49[2mms[22m[39m
[31m     [31m├ù[31m keeps read tool image metadata intact[39m[32m 10[2mms[22m[39m
[31m     [31m├ù[31m returns text content without image blocks for text files[39m[32m 8[2mms[22m[39m
[31m     [31m├ù[31m filters tools by sandbox policy[39m[32m 10[2mms[22m[39m
[31m     [31m├ù[31m hard-disables write/edit when sandbox workspaceAccess is ro[39m[32m 7[2mms[22m[39m
[31m     [31m├ù[31m filters tools by agent tool policy even without sandbox[39m[32m 8[2mms[22m[39m
 [31mΓ¥»[39m src/clarityburst/__tests__/subagent_spawn.pack_incomplete.fail_closed.tripwire.test.ts [2m([22m[2m3 tests[22m[2m | [22m[31m2 failed[39m[2m)[22m[32m 47[2mms[22m[39m
[31m     [31m├ù[31m should block subagent spawn and return nonRetryable=true when pack is incomplete[39m[32m 29[2mms[22m[39m
[31m     [31m├ù[31m should return blocked response with exact pack_incomplete fields[39m[32m 9[2mms[22m[39m
     [32mΓ£ô[39m should not invoke callGateway when pack is incomplete[32m 3[2mms[22m[39m
 [31mΓ¥»[39m src/agents/pi-tools.read.network-gating.canonicalization.test.ts [2m([22m[2m8 tests[22m[2m | [22m[31m3 failed[39m[2m)[22m[32m 43[2mms[22m[39m
[31m       [31m├ù[31m passes canonicalized operation to routeClarityBurst context (uppercase input)[39m[32m 12[2mms[22m[39m
[31m       [31m├ù[31m passes canonicalized operation to routeClarityBurst context (mixed case with whitespace)[39m[32m 2[2mms[22m[39m
[31m       [31m├ù[31m ABSTAIN_CONFIRM token contains opHash8 matching canonicalizeOperation() output[39m[32m 16[2mms[22m[39m
       [32mΓ£ô[39m same raw operation with different casing produces identical opHash8[32m 2[2mms[22m[39m
       [32mΓ£ô[39m different operations produce different opHash8 values[32m 2[2mms[22m[39m
       [32mΓ£ô[39m canonicalizeOperation() trims whitespace[32m 1[2mms[22m[39m
       [32mΓ£ô[39m canonicalizeOperation() converts to lowercase[32m 1[2mms[22m[39m
       [32mΓ£ô[39m canonicalizeOperation() handles both trim and lowercase[32m 1[2mms[22m[39m
 [31mΓ¥»[39m src/agents/pi-tools.read.network-gating.pack-incomplete.test.ts [2m([22m[2m5 tests[22m[2m | [22m[31m5 failed[39m[2m)[22m[32m 49[2mms[22m[39m
[31m       [31m├ù[31m throws ClarityBurstAbstainError with exact fields when getPackForStage throws PackPolicyIncompleteError[39m[32m 28[2mms[22m[39m
[31m       [31m├ù[31m does NOT throw unhandled exception - error is always converted[39m[32m 3[2mms[22m[39m
[31m       [31m├ù[31m propagates deterministic instructions from PackPolicyIncompleteError fields[39m[32m 3[2mms[22m[39m
[31m       [31m├ù[31m ClarityBurstAbstainError has correct fields for adapter blocked response conversion[39m[32m 3[2mms[22m[39m
[31m       [31m├ù[31m re-throws non-PackPolicyIncompleteError errors[39m[32m 2[2mms[22m[39m
 [31mΓ¥»[39m src/agents/pi-tools.read.fs-gating.pack-incomplete.test.ts [2m([22m[2m8 tests[22m[2m | [22m[31m8 failed[39m[2m)[22m[32m 44[2mms[22m[39m
[31m       [31m├ù[31m throws ClarityBurstAbstainError with exact fields when getPackForStage throws PackPolicyIncompleteError[39m[32m 21[2mms[22m[39m
[31m       [31m├ù[31m does NOT throw unhandled exception - error is always converted[39m[32m 4[2mms[22m[39m
[31m       [31m├ù[31m propagates deterministic instructions from PackPolicyIncompleteError fields[39m[32m 3[2mms[22m[39m
[31m       [31m├ù[31m ClarityBurstAbstainError has correct fields for adapter blocked response conversion[39m[32m 2[2mms[22m[39m
[31m       [31m├ù[31m throws ClarityBurstAbstainError with exact fields when getPackForStage throws PackPolicyIncompleteError[39m[32m 3[2mms[22m[39m
[31m       [31m├ù[31m does NOT throw unhandled exception - error is always converted for edit operations[39m[32m 2[2mms[22m[39m
[31m       [31m├ù[31m re-throws non-PackPolicyIncompleteError errors from writeTool[39m[32m 2[2mms[22m[39m
[31m       [31m├ù[31m re-throws non-PackPolicyIncompleteError errors from editTool[39m[32m 1[2mms[22m[39m
 [31mΓ¥»[39m src/agents/pi-tools.read.network-gating.router-outage.test.ts [2m([22m[2m8 tests[22m[2m | [22m[31m8 failed[39m[2m)[22m[32m 47[2mms[22m[39m
[31m       [31m├ù[31m throws ClarityBurstAbstainError with exact fields when routeClarityBurst returns { ok: false }[39m[32m 18[2mms[22m[39m
[31m       [31m├ù[31m throws ClarityBurstAbstainError with exact fields when routeClarityBurst throws[39m[32m 3[2mms[22m[39m
[31m       [31m├ù[31m does NOT proceed with tool execution when router is unavailable (fail-closed behavior)[39m[32m 4[2mms[22m[39m
[31m       [31m├ù[31m includes descriptive instructions in the error[39m[32m 3[2mms[22m[39m
[31m       [31m├ù[31m blocks tool execution when ok:false AND top1 is absent (no routerMismatch path)[39m[32m 2[2mms[22m[39m
[31m       [31m├ù[31m blocks tool execution when ok:false AND top1 is null (explicit null, no routerMismatch path)[39m[32m 5[2mms[22m[39m
[31m       [31m├ù[31m blocks tool execution when ok:false AND data is undefined (no routerMismatch possible)[39m[32m 2[2mms[22m[39m
[31m       [31m├ù[31m enforces fail-closed at wrapper commit point even when applyNetworkOverrides would PROCEED[39m[32m 2[2mms[22m[39m
 [31mΓ¥»[39m src/clarityburst/__tests__/subagent_spawn.router_mismatch.fail_open_only.tripwire.test.ts [2m([22m[2m4 tests[22m[2m | [22m[31m3 failed[39m[2m)[22m[32m 45[2mms[22m[39m
[31m     [31m├ù[31m should fail-open when router returns contractId NOT in pack (mismatch only)[39m[32m 18[2mms[22m[39m
[31m     [31m├ù[31m should proceed with execution when router mismatch detected but allowlist non-empty[39m[32m 7[2mms[22m[39m
     [32mΓ£ô[39m should NOT throw ClarityBurstAbstainError on mismatch[32m 3[2mms[22m[39m
[31m     [31m├ù[31m should call spawner exactly once on mismatch (fail-open)[39m[32m 10[2mms[22m[39m
 [31mΓ¥»[39m src/agents/pi-tool-definition-adapter.test.ts [2m([22m[2m5 tests[22m[2m | [22m[31m5 failed[39m[2m)[22m[32m 30[2mms[22m[39m
[31m     [31m├ù[31m wraps tool errors into a tool result[39m[32m 15[2mms[22m[39m
[31m     [31m├ù[31m normalizes exec tool aliases in error results[39m[32m 2[2mms[22m[39m
[31m     [31m├ù[31m converts ClarityBurstAbstainError to blocked response with correct fields[39m[32m 2[2mms[22m[39m
[31m     [31m├ù[31m converts ABSTAIN_CLARIFY (router_outage) to blocked response with centralized reason literal[39m[32m 2[2mms[22m[39m
[31m     [31m├ù[31m converts ABSTAIN_CONFIRM (CONFIRM_REQUIRED) to blocked response with centralized reason literal[39m[32m 2[2mms[22m[39m
 [31mΓ¥»[39m src/clarityburst/__tests__/memory_modify.router_outage.fail_closed.tripwire.test.ts [2m([22m[2m4 tests[22m[2m | [22m[31m1 failed[39m[2m)[22m[32m 24[2mms[22m[39m
       [32mΓ£ô[39m should return blocked response with nonRetryable=true when router is unavailable[32m 6[2mms[22m[39m
       [32mΓ£ô[39m should propagate router_outage through ClarityBurstAbstainError with exact fields[32m 1[2mms[22m[39m
[31m       [31m├ù[31m should demonstrate that applyMemoryModifyOverrides is not yet implemented[39m[32m 9[2mms[22m[39m
       [32mΓ£ô[39m should mark gating path as 'should abstain' until wiring is added[32m 2[2mms[22m[39m
 [31mΓ¥»[39m src/agents/pi-tools.read.network-gating.empty-allowlist.test.ts [2m([22m[2m5 tests[22m[2m | [22m[31m1 failed[39m[2m)[22m[32m 33[2mms[22m[39m
       [32mΓ£ô[39m throws ClarityBurstAbstainError with exact fields when deriveAllowedContracts returns [][32m 7[2mms[22m[39m
       [32mΓ£ô[39m blocks POST operation with empty allowedContractIds[32m 2[2mms[22m[39m
       [32mΓ£ô[39m blocks DELETE operation with empty allowedContractIds[32m 1[2mms[22m[39m
       [32mΓ£ô[39m does not accidentally fail-open when router would return unknown contract[32m 4[2mms[22m[39m
[31m       [31m├ù[31m calls routeClarityBurst when allowedContractIds is non-empty[39m[32m 11[2mms[22m[39m
 [31mΓ¥»[39m src/hooks/bundled/session-memory/handler.test.ts [2m([22m[2m0 test[22m[2m)[22m
 [31mΓ¥»[39m src/auto-reply/reply/session.test.ts [2m([22m[2m0 test[22m[2m)[22m
[90mstderr[2m | src/agents/pi-embedded-runner.test.ts[2m > [22m[2mrunEmbeddedPiAgent[2m > [22m[2mpersists the user message when prompt fails before 
assistant output
[22m[39m[33m[agent/embedded][39m [33mlow context window: openai/mock-error ctx=16000 (warn<32000) source=modelsConfig[39m

[90mstdout[2m | src/telegram/bot.media.downloads-media-file-path-no-file-download.test.ts[2m > [22m[2mtelegram inbound media[2m > [22m[2mdownloads media via file_path (no file.download)
[22m[39m[34m[telegram][39m [36mautoSelectFamily=false (default-node22)[39m

[90mstderr[2m | src/agents/pi-embedded-runner.test.ts[2m > [22m[2mrunEmbeddedPiAgent[2m > [22m[2mappends new user + assistant after existing 
transcript entries
[22m[39m[33m[agent/embedded][39m [33mlow context window: openai/mock-1 ctx=16000 (warn<32000) source=modelsConfig[39m

[90mstderr[2m | src/agents/pi-embedded-runner.test.ts[2m > [22m[2mrunEmbeddedPiAgent[2m > [22m[2mpersists multi-turn user/assistant ordering across 
runs
[22m[39m[33m[agent/embedded][39m [33mlow context window: openai/mock-1 ctx=16000 (warn<32000) source=modelsConfig[39m

 [32mΓ£ô[39m src/cli/gateway-cli.coverage.test.ts [2m([22m[2m9 tests[22m[2m)[22m[33m 10988[2mms[22m[39m
     [33m[2mΓ£ô[22m[39m registers call/health commands and routes to callGateway [33m 8990[2mms[22m[39m
     [33m[2mΓ£ô[22m[39m uses env/config port when --port is omitted [33m 1820[2mms[22m[39m
[90mstderr[2m | src/agents/pi-embedded-runner.test.ts[2m > [22m[2mrunEmbeddedPiAgent[2m > [22m[2mpersists multi-turn user/assistant ordering across 
runs
[22m[39m[33m[agent/embedded][39m [33mlow context window: openai/mock-1 ctx=16000 (warn<32000) source=modelsConfig[39m

[90mstderr[2m | src/agents/pi-embedded-runner.test.ts[2m > [22m[2mrunEmbeddedPiAgent[2m > [22m[2mrepairs orphaned user messages and continues
[22m[39m[33m[agent/embedded][39m [33mlow context window: openai/mock-1 ctx=16000 (warn<32000) source=modelsConfig[39m

 [32mΓ£ô[39m src/telegram/bot.media.downloads-media-file-path-no-file-download.test.ts [2m([22m[2m10 tests[22m[2m)[22m[33m 13624[2mms[22m[39m
     [33m[2mΓ£ô[22m[39m downloads media via file_path (no file.download) [33m 8402[2mms[22m[39m
     [33m[2mΓ£ô[22m[39m prefers proxyFetch over global fetch [33m 486[2mms[22m[39m
     [33m[2mΓ£ô[22m[39m logs a handler error when getFile returns no file_path [33m 488[2mms[22m[39m
     [33m[2mΓ£ô[22m[39m buffers messages with same media_group_id and processes them together [33m 592[2mms[22m[39m
     [33m[2mΓ£ô[22m[39m processes separate media groups independently [33m 598[2mms[22m[39m
     [33m[2mΓ£ô[22m[39m downloads static sticker (WEBP) and includes sticker metadata [33m 686[2mms[22m[39m
     [33m[2mΓ£ô[22m[39m refreshes cached sticker metadata on cache hit [33m 637[2mms[22m[39m
     [33m[2mΓ£ô[22m[39m skips animated stickers (TGS format) [33m 586[2mms[22m[39m
     [33m[2mΓ£ô[22m[39m skips video stickers (WEBM format) [33m 528[2mms[22m[39m
     [33m[2mΓ£ô[22m[39m buffers near-limit text and processes sequential parts as one message [33m 602[2mms[22m[39m
 [32mΓ£ô[39m src/commands/onboard-non-interactive.token.test.ts [2m([22m[2m1 test[22m[2m)[22m[33m 10363[2mms[22m[39m
     [33m[2mΓ£ô[22m[39m writes token profile config and stores the token [33m 10314[2mms[22m[39m
[90mstderr[2m | src/agents/pi-embedded-runner.test.ts[2m > [22m[2mrunEmbeddedPiAgent[2m > [22m[2mrepairs orphaned single-user sessions and continues
[22m[39m[33m[agent/embedded][39m [33mlow context window: openai/mock-1 ctx=16000 (warn<32000) source=modelsConfig[39m

 [32mΓ£ô[39m src/plugins/install.test.ts [2m([22m[2m7 tests[22m[2m)[22m[33m 14824[2mms[22m[39m
     [33m[2mΓ£ô[22m[39m installs into ~/.openclaw/extensions and uses unscoped id [33m 2180[2mms[22m[39m
     [33m[2mΓ£ô[22m[39m rejects installing when plugin already exists [33m 1933[2mms[22m[39m
     [33m[2mΓ£ô[22m[39m allows updates when mode is update [33m 3764[2mms[22m[39m
     [33m[2mΓ£ô[22m[39m rejects traversal-like plugin names [33m 2003[2mms[22m[39m
     [33m[2mΓ£ô[22m[39m rejects reserved plugin ids [33m 2616[2mms[22m[39m
     [33m[2mΓ£ô[22m[39m rejects packages without openclaw.extensions [33m 2254[2mms[22m[39m
 [32mΓ£ô[39m src/agents/pi-embedded-runner.test.ts [2m([22m[2m7 tests[22m[2m | [22m[33m1 skipped[39m[2m)[22m[33m 11224[2mms[22m[39m
     [33m[2mΓ£ô[22m[39m persists the user message when prompt fails before assistant output [33m 1941[2mms[22m[39m
     [33m[2mΓ£ô[22m[39m appends new user + assistant after existing transcript entries [33m 1495[2mms[22m[39m
     [33m[2mΓ£ô[22m[39m persists multi-turn user/assistant ordering across runs [33m 1726[2mms[22m[39m
     [33m[2mΓ£ô[22m[39m repairs orphaned user messages and continues [33m 904[2mms[22m[39m
     [33m[2mΓ£ô[22m[39m repairs orphaned single-user sessions and continues [33m 730[2mms[22m[39m
 [32mΓ£ô[39m src/cron/isolated-agent.skips-delivery-without-whatsapp-recipient-besteffortdeliver-true.test.ts [2m([22m[2m10 tests[22m[2m)[22m[33m 13033[2mms[22m[39m
     [33m[2mΓ£ô[22m[39m skips delivery without a WhatsApp recipient when bestEffortDeliver=true [33m 3613[2mms[22m[39m
     [33m[2mΓ£ô[22m[39m delivers telegram via channel send [33m 1050[2mms[22m[39m
     [33m[2mΓ£ô[22m[39m auto-delivers when explicit target is set without deliver flag [33m 1133[2mms[22m[39m
     [33m[2mΓ£ô[22m[39m skips auto-delivery when messaging tool already sent to the target [33m 1003[2mms[22m[39m
     [33m[2mΓ£ô[22m[39m delivers telegram topic targets via channel send [33m 1044[2mms[22m[39m
     [33m[2mΓ£ô[22m[39m delivers telegram shorthand topic suffixes via channel send [33m 975[2mms[22m[39m
     [33m[2mΓ£ô[22m[39m delivers via discord when configured [33m 985[2mms[22m[39m
     [33m[2mΓ£ô[22m[39m skips delivery when response is exactly HEARTBEAT_OK [33m 1089[2mms[22m[39m
     [33m[2mΓ£ô[22m[39m skips delivery when response has HEARTBEAT_OK with short padding [33m 1060[2mms[22m[39m
     [33m[2mΓ£ô[22m[39m delivers when response has HEARTBEAT_OK but also substantial content [33m 1072[2mms[22m[39m
[90mstderr[2m | src/agents/pi-embedded-runner.run-embedded-pi-agent.auth-profile-rotation.test.ts[2m > [22m[2mrunEmbeddedPiAgent auth profile 
rotation[2m > [22m[2mrotates for auto-pinned profiles
[22m[39m[33m[agent/embedded][39m [33mlow context window: openai/mock-1 ctx=16000 (warn<32000) source=modelsConfig[39m

[90mstderr[2m | src/agents/pi-embedded-runner.run-embedded-pi-agent.auth-profile-rotation.test.ts[2m > [22m[2mrunEmbeddedPiAgent auth profile 
rotation[2m > [22m[2mdoes not rotate for user-pinned profiles
[22m[39m[33m[agent/embedded][39m [33mlow context window: openai/mock-1 ctx=16000 (warn<32000) source=modelsConfig[39m

[90mstderr[2m | src/agents/pi-embedded-runner.run-embedded-pi-agent.auth-profile-rotation.test.ts[2m > [22m[2mrunEmbeddedPiAgent auth profile 
rotation[2m > [22m[2mhonors user-pinned profiles even when in cooldown
[22m[39m[33m[agent/embedded][39m [33mlow context window: openai/mock-1 ctx=16000 (warn<32000) source=modelsConfig[39m

[90mstderr[2m | src/agents/pi-embedded-runner.run-embedded-pi-agent.auth-profile-rotation.test.ts[2m > [22m[2mrunEmbeddedPiAgent auth profile 
rotation[2m > [22m[2mignores user-locked profile when provider mismatches
[22m[39m[33m[agent/embedded][39m [33mlow context window: openai/mock-1 ctx=16000 (warn<32000) source=modelsConfig[39m

[90mstderr[2m | src/agents/pi-embedded-runner.run-embedded-pi-agent.auth-profile-rotation.test.ts[2m > [22m[2mrunEmbeddedPiAgent auth profile 
rotation[2m > [22m[2mskips profiles in cooldown during initial selection
[22m[39m[33m[agent/embedded][39m [33mlow context window: openai/mock-1 ctx=16000 (warn<32000) source=modelsConfig[39m

[90mstderr[2m | src/agents/pi-embedded-runner.run-embedded-pi-agent.auth-profile-rotation.test.ts[2m > [22m[2mrunEmbeddedPiAgent auth profile 
rotation[2m > [22m[2mfails over when all profiles are in cooldown and fallbacks are configured
[22m[39m[33m[agent/embedded][39m [33mlow context window: openai/mock-1 ctx=16000 (warn<32000) source=modelsConfig[39m

[90mstderr[2m | src/agents/pi-embedded-runner.run-embedded-pi-agent.auth-profile-rotation.test.ts[2m > [22m[2mrunEmbeddedPiAgent auth profile 
rotation[2m > [22m[2mfails over when all profiles are in cooldown and fallbacks are configured
[22m[39m[31m[diagnostic][39m [31mlane task error: lane=main durationMs=0 error="FailoverError: No available auth profile for openai (all in cooldown 
or unavailable)."[39m

[90mstderr[2m | src/agents/pi-embedded-runner.run-embedded-pi-agent.auth-profile-rotation.test.ts[2m > [22m[2mrunEmbeddedPiAgent auth profile 
rotation[2m > [22m[2mfails over when all profiles are in cooldown and fallbacks are configured
[22m[39m[31m[diagnostic][39m [31mlane task error: lane=session:agent:test:cooldown-failover durationMs=0 error="FailoverError: No available auth 
profile for openai (all in cooldown or unavailable)."[39m

[90mstderr[2m | src/agents/pi-embedded-runner.run-embedded-pi-agent.auth-profile-rotation.test.ts[2m > [22m[2mrunEmbeddedPiAgent auth profile 
rotation[2m > [22m[2mfails over when auth is unavailable and fallbacks are configured
[22m[39m[33m[agent/embedded][39m [33mlow context window: openai/mock-1 ctx=16000 (warn<32000) source=modelsConfig[39m

[90mstderr[2m | src/agents/pi-embedded-runner.run-embedded-pi-agent.auth-profile-rotation.test.ts[2m > [22m[2mrunEmbeddedPiAgent auth profile 
rotation[2m > [22m[2mfails over when auth is unavailable and fallbacks are configured
[22m[39m[31m[diagnostic][39m [31mlane task error: lane=main durationMs=56 error="FailoverError: No API key found for provider "openai". Auth store: 
C:\Users\rob_m\AppData\Local\Temp\openclaw-agent-sASb98\auth-profiles.json (agentDir: C:\Users\rob_m\AppData\Local\Temp\openclaw-agent-sASb98). Configure 
auth for this agent (openclaw agents add <id>) or copy auth-profiles.json from the main agentDir."[39m

[90mstderr[2m | src/agents/pi-embedded-runner.run-embedded-pi-agent.auth-profile-rotation.test.ts[2m > [22m[2mrunEmbeddedPiAgent auth profile 
rotation[2m > [22m[2mfails over when auth is unavailable and fallbacks are configured
[22m[39m[31m[diagnostic][39m [31mlane task error: lane=session:agent:test:auth-unavailable durationMs=67 error="FailoverError: No API key found for 
provider "openai". Auth store: C:\Users\rob_m\AppData\Local\Temp\openclaw-agent-sASb98\auth-profiles.json (agentDir: 
C:\Users\rob_m\AppData\Local\Temp\openclaw-agent-sASb98). Configure auth for this agent (openclaw agents add <id>) or copy auth-profiles.json from the main 
agentDir."[39m

[90mstderr[2m | src/agents/pi-embedded-runner.run-embedded-pi-agent.auth-profile-rotation.test.ts[2m > [22m[2mrunEmbeddedPiAgent auth profile 
rotation[2m > [22m[2mskips profiles in cooldown when rotating after failure
[22m[39m[33m[agent/embedded][39m [33mlow context window: openai/mock-1 ctx=16000 (warn<32000) source=modelsConfig[39m

 [32mΓ£ô[39m src/agents/pi-embedded-runner.run-embedded-pi-agent.auth-profile-rotation.test.ts [2m([22m[2m8 tests[22m[2m)[22m[33m 10124[2mms[22m[39m
 [32mΓ£ô[39m src/commands/onboard-non-interactive.gateway.test.ts [2m([22m[2m3 tests[22m[2m)[22m[33m 9826[2mms[22m[39m
     [33m[2mΓ£ô[22m[39m writes gateway token auth into config and gateway enforces it [33m 9671[2mms[22m[39m
 [32mΓ£ô[39m src/signal/monitor.event-handler.typing-read-receipts.test.ts [2m([22m[2m1 test[22m[2m)[22m[33m 9339[2mms[22m[39m
     [33m[2mΓ£ô[22m[39m sends typing + read receipt for allowed DMs [33m 9322[2mms[22m[39m
[90mstdout[2m | src/telegram/bot.media.includes-location-text-ctx-fields-pins.test.ts[2m > [22m[2mtelegram inbound media[2m > [22m[2mincludes location text and ctx fields for pins
[22m[39m[34m[telegram][39m [36mautoSelectFamily=false (default-node22)[39m

 [32mΓ£ô[39m src/commands/onboard-non-interactive.ai-gateway.test.ts [2m([22m[2m1 test[22m[2m)[22m[33m 10112[2mms[22m[39m
     [33m[2mΓ£ô[22m[39m stores the API key and configures the default model [33m 10071[2mms[22m[39m
 [32mΓ£ô[39m src/telegram/bot.media.includes-location-text-ctx-fields-pins.test.ts [2m([22m[2m2 tests[22m[2m)[22m[33m 9762[2mms[22m[39m
     [33m[2mΓ£ô[22m[39m includes location text and ctx fields for pins [33m 9228[2mms[22m[39m
     [33m[2mΓ£ô[22m[39m captures venue fields for named places [33m 526[2mms[22m[39m
 [32mΓ£ô[39m src/config/config.legacy-config-detection.accepts-imessage-dmpolicy.test.ts [2m([22m[2m23 tests[22m[2m)[22m[33m 6831[2mms[22m[39m
     [33m[2mΓ£ô[22m[39m defaults imessage.dmPolicy to pairing when imessage section exists [33m 352[2mms[22m[39m
     [33m[2mΓ£ô[22m[39m accepts path-like executable values with spaces [33m 308[2mms[22m[39m
     [33m[2mΓ£ô[22m[39m rejects slack.dm.policy="open" without allowFrom "*" [33m 349[2mms[22m[39m
     [33m[2mΓ£ô[22m[39m migrates telegram.requireMention to channels.telegram.groups.*.requireMention [33m 412[2mms[22m[39m
     [33m[2mΓ£ô[22m[39m migrates messages.tts.enabled to messages.tts.auto [33m 335[2mms[22m[39m
     [33m[2mΓ£ô[22m[39m does not auto-migrate claude-cli auth profile mode on load [33m 323[2mms[22m[39m
     [33m[2mΓ£ô[22m[39m flags legacy provider sections in snapshot [33m 319[2mms[22m[39m
Usage: program models auth [options] [command]

Manage model auth profiles

Options:
  --agent <id>                    Agent id for auth order get/set/clear
  -h, --help                      display help for command

Commands:
  add                             Interactive auth helper (setup-token or paste
                                  token)
  login [options]                 Run a provider plugin auth flow (OAuth/API
                                  key)
  setup-token [options]           Run a provider CLI to create/sync a token (TTY
                                  required)
  paste-token [options]           Paste a token into auth-profiles.json and
                                  update config
  login-github-copilot [options]  Login to GitHub Copilot via GitHub device flow
                                  (TTY required)
  order                           Manage per-agent auth profile order overrides
 [32mΓ£ô[39m src/cli/models-cli.test.ts [2m([22m[2m4 tests[22m[2m)[22m[33m 9587[2mms[22m[39m
     [33m[2mΓ£ô[22m[39m registers github-copilot login command [33m 9559[2mms[22m[39m
 [32mΓ£ô[39m src/config/config.legacy-config-detection.rejects-routing-allowfrom.test.ts [2m([22m[2m30 tests[22m[2m)[22m[33m 8902[2mms[22m[39m
     [33m[2mΓ£ô[22m[39m rejects routing.allowFrom [33m 373[2mms[22m[39m
     [33m[2mΓ£ô[22m[39m rejects routing.groupChat.requireMention [33m 371[2mms[22m[39m
     [33m[2mΓ£ô[22m[39m migrates routing.allowFrom to channels.whatsapp.allowFrom when whatsapp configured [33m 433[2mms[22m[39m
     [33m[2mΓ£ô[22m[39m drops routing.allowFrom when whatsapp missing [33m 455[2mms[22m[39m
     [33m[2mΓ£ô[22m[39m migrates routing.groupChat.requireMention to channels whatsapp/telegram/imessage groups when whatsapp configured [33m 408[2mms[22m[39m
     [33m[2mΓ£ô[22m[39m migrates routing.groupChat.requireMention to telegram/imessage when whatsapp missing [33m 350[2mms[22m[39m
     [33m[2mΓ£ô[22m[39m migrates agent config into agents.defaults and tools [33m 341[2mms[22m[39m
     [33m[2mΓ£ô[22m[39m migrates tools.bash to tools.exec [33m 402[2mms[22m[39m
     [33m[2mΓ£ô[22m[39m rejects gateway.token [32m 300[2mms[22m[39m
     [33m[2mΓ£ô[22m[39m migrates gateway.token to gateway.auth.token [33m 309[2mms[22m[39m
     [33m[2mΓ£ô[22m[39m defaults telegram.dmPolicy to pairing when telegram section exists [33m 309[2mms[22m[39m
 [32mΓ£ô[39m src/signal/monitor.event-handler.sender-prefix.test.ts [2m([22m[2m1 test[22m[2m)[22m[33m 9076[2mms[22m[39m
     [33m[2mΓ£ô[22m[39m prefixes group bodies with sender label [33m 9068[2mms[22m[39m
 [32mΓ£ô[39m src/agents/sandbox-agent-config.agent-specific-sandbox-config.should-allow-agent-specific-docker-settings-beyond.test.ts [2m([22m[2m4 tests[22m[2m)[22m[33m 8003[2mms[22m[39m
     [33m[2mΓ£ô[22m[39m should allow agent-specific docker settings beyond setupCommand [33m 4317[2mms[22m[39m
     [33m[2mΓ£ô[22m[39m should override with agent-specific sandbox mode 'off' [33m 466[2mms[22m[39m
     [33m[2mΓ£ô[22m[39m should use agent-specific sandbox mode 'all' [33m 1355[2mms[22m[39m
     [33m[2mΓ£ô[22m[39m should use agent-specific scope [33m 1483[2mms[22m[39m
 [32mΓ£ô[39m src/discord/monitor.tool-result.accepts-guild-messages-mentionpatterns-match.test.ts [2m([22m[2m6 tests[22m[2m)[22m[33m 8450[2mms[22m[39m
     [33m[2mΓ£ô[22m[39m accepts guild messages when mentionPatterns match [33m 8373[2mms[22m[39m
 [32mΓ£ô[39m src/agents/sandbox-agent-config.agent-specific-sandbox-config.should-use-agent-specific-workspaceroot.test.ts [2m([22m[2m3 tests[22m[2m)[22m[33m 7764[2mms[22m[39m
     [33m[2mΓ£ô[22m[39m should use agent-specific workspaceRoot [33m 4473[2mms[22m[39m
     [33m[2mΓ£ô[22m[39m should prefer agent config over global for multiple agents [33m 1638[2mms[22m[39m
     [33m[2mΓ£ô[22m[39m should prefer agent-specific sandbox tool policy [33m 1322[2mms[22m[39m
 [32mΓ£ô[39m src/commands/message.test.ts [2m([22m[2m4 tests[22m[2m)[22m[33m 4471[2mms[22m[39m
     [33m[2mΓ£ô[22m[39m defaults channel when only one configured [33m 3364[2mms[22m[39m
     [33m[2mΓ£ô[22m[39m requires channel when multiple configured [33m 404[2mms[22m[39m
     [33m[2mΓ£ô[22m[39m sends via gateway for WhatsApp [33m 377[2mms[22m[39m
     [33m[2mΓ£ô[22m[39m routes discord polls through message action [33m 317[2mms[22m[39m
 [32mΓ£ô[39m src/config/config.nix-integration-u3-u5-u9.test.ts [2m([22m[2m17 tests[22m[2m)[22m[33m 5081[2mms[22m[39m
       [33m[2mΓ£ô[22m[39m isNixMode is false when OPENCLAW_NIX_MODE is empty [33m 324[2mms[22m[39m
       [33m[2mΓ£ô[22m[39m expands ~ in common path-ish config fields [33m 469[2mms[22m[39m
       [33m[2mΓ£ô[22m[39m uses default when env and config are unset [33m 303[2mms[22m[39m
       [33m[2mΓ£ô[22m[39m prefers OPENCLAW_GATEWAY_PORT over config [33m 302[2mms[22m[39m
       [33m[2mΓ£ô[22m[39m accepts config with only botToken [33m 345[2mms[22m[39m
       [33m[2mΓ£ô[22m[39m accepts config with only tokenFile [33m 373[2mms[22m[39m
       [33m[2mΓ£ô[22m[39m accepts config with both botToken and tokenFile [33m 360[2mms[22m[39m
 [32mΓ£ô[39m src/agents/sandbox-agent-config.agent-specific-sandbox-config.should-use-global-sandbox-config-no-agent.test.ts [2m([22m[2m3 tests[22m[2m)[22m[33m 6821[2mms[22m[39m
     [33m[2mΓ£ô[22m[39m should use global sandbox config when no agent-specific config exists [33m 3885[2mms[22m[39m
     [33m[2mΓ£ô[22m[39m should allow agent-specific docker setupCommand overrides [33m 1221[2mms[22m[39m
     [33m[2mΓ£ô[22m[39m should ignore agent-specific docker overrides when scope is shared [33m 1255[2mms[22m[39m
 [32mΓ£ô[39m src/commands/models.list.test.ts [2m([22m[2m8 tests[22m[2m)[22m[33m 6597[2mms[22m[39m
     [33m[2mΓ£ô[22m[39m models status resolves z.ai alias to canonical zai [33m 6532[2mms[22m[39m
 [32mΓ£ô[39m src/discord/monitor.slash.test.ts [2m([22m[2m1 test[22m[2m)[22m[33m 5879[2mms[22m[39m
     [33m[2mΓ£ô[22m[39m skips tool results for native slash commands [33m 5870[2mms[22m[39m
 [32mΓ£ô[39m src/cron/isolated-agent.delivers-response-has-heartbeat-ok-but-includes.test.ts [2m([22m[2m2 tests[22m[2m)[22m[33m 4733[2mms[22m[39m
     [33m[2mΓ£ô[22m[39m delivers when response has HEARTBEAT_OK but includes media [33m 3825[2mms[22m[39m
     [33m[2mΓ£ô[22m[39m delivers when heartbeat ack padding exceeds configured limit [33m 900[2mms[22m[39m
 [32mΓ£ô[39m src/infra/outbound/message.test.ts [2m([22m[2m3 tests[22m[2m)[22m[33m 3514[2mms[22m[39m
     [33m[2mΓ£ô[22m[39m normalizes Teams alias [33m 2840[2mms[22m[39m
     [33m[2mΓ£ô[22m[39m normalizes iMessage alias [33m 330[2mms[22m[39m
     [33m[2mΓ£ô[22m[39m normalizes Teams alias for polls [33m 337[2mms[22m[39m
[90mstdout[2m | src/web/auto-reply.web-auto-reply.compresses-common-formats-jpeg-cap.test.ts[2m > [22m[2mweb auto-reply[2m > [22m[2mcompresses common formats to jpeg under the cap
[22m[39m[35m[whatsapp][39m [36mListening for personal WhatsApp inbound messages.[39m

[90mstdout[2m | src/web/auto-reply.web-auto-reply.compresses-common-formats-jpeg-cap.test.ts[2m > [22m[2mweb auto-reply[2m > [22m[2mcompresses common formats to jpeg under the cap
[22m[39m[35m[whatsapp][39m [36mInbound message +1 -> +2 (undefined, 30 chars)[39m

[90mstdout[2m | src/web/auto-reply.web-auto-reply.reconnects-after-connection-close.test.ts[2m > [22m[2mweb auto-reply[2m > [22m[2mreconnects after a connection close
[22m[39m[35m[whatsapp][39m [36mListening for personal WhatsApp inbound messages.[39m

[90mstdout[2m | src/web/auto-reply.web-auto-reply.reconnects-after-connection-close.test.ts[2m > [22m[2mweb auto-reply[2m > [22m[2mreconnects after a connection close
[22m[39m[35m[whatsapp][39m [36mListening for personal WhatsApp inbound messages.[39m

[90mstdout[2m | src/web/auto-reply.web-auto-reply.reconnects-after-connection-close.test.ts[2m > [22m[2mweb auto-reply[2m > [22m[2mforces reconnect when watchdog closes without onClose
[22m[39m[35m[whatsapp][39m [36mListening for personal WhatsApp inbound messages.[39m

[90mstdout[2m | src/web/auto-reply.web-auto-reply.reconnects-after-connection-close.test.ts[2m > [22m[2mweb auto-reply[2m > [22m[2mforces reconnect when watchdog closes without onClose
[22m[39m[35m[whatsapp][39m [36mInbound message +1 -> +2 (undefined, 16 chars)[39m

[90mstdout[2m | src/web/auto-reply.web-auto-reply.reconnects-after-connection-close.test.ts[2m > [22m[2mweb auto-reply[2m > [22m[2mforces reconnect when watchdog closes without onClose
[22m[39m[35m[whatsapp][39m [36mAuto-replied to +1[39m

 [32mΓ£ô[39m src/commands/doctor.runs-legacy-state-migrations-yes-mode-without.test.ts [2m([22m[2m3 tests[22m[2m)[22m[33m 3347[2mms[22m[39m
     [33m[2mΓ£ô[22m[39m runs legacy state migrations in yes mode without prompting [33m 3223[2mms[22m[39m
[90mstdout[2m | src/telegram/bot.create-telegram-bot.installs-grammy-throttler.test.ts[2m > [22m[2mcreateTelegramBot[2m > [22m[2minstalls grammY throttler
[22m[39m[34m[telegram][39m [36mautoSelectFamily=false (default-node22)[39m

[90mstdout[2m | src/web/auto-reply.web-auto-reply.compresses-common-formats-jpeg-cap.test.ts[2m > [22m[2mweb auto-reply[2m > [22m[2mcompresses common formats to jpeg under the cap
[22m[39m[35m[whatsapp][39m [36mSent media reply to +1 (0.74MB)[39m

[90mstdout[2m | src/web/auto-reply.web-auto-reply.compresses-common-formats-jpeg-cap.test.ts[2m > [22m[2mweb auto-reply[2m > [22m[2mcompresses common formats to jpeg under the cap
[22m[39m[35m[whatsapp][39m [36mAuto-replied to +1 (media)[39m

[90mstdout[2m | src/web/auto-reply.web-auto-reply.compresses-common-formats-jpeg-cap.test.ts[2m > [22m[2mweb auto-reply[2m > [22m[2mcompresses common formats to jpeg under the cap
[22m[39m[35m[whatsapp][39m [36mListening for personal WhatsApp inbound messages.[39m

[90mstdout[2m | src/web/auto-reply.web-auto-reply.compresses-common-formats-jpeg-cap.test.ts[2m > [22m[2mweb auto-reply[2m > [22m[2mcompresses common formats to jpeg under the cap
[22m[39m[35m[whatsapp][39m [36mInbound message +1 -> +2 (undefined, 30 chars)[39m

[90mstdout[2m | src/web/auto-reply.web-auto-reply.compresses-common-formats-jpeg-cap.test.ts[2m > [22m[2mweb auto-reply[2m > [22m[2mcompresses common formats to jpeg under the cap
[22m[39m[35m[whatsapp][39m [36mSent media reply to +1 (0.69MB)[39m

[90mstdout[2m | src/web/auto-reply.web-auto-reply.compresses-common-formats-jpeg-cap.test.ts[2m > [22m[2mweb auto-reply[2m > [22m[2mcompresses common formats to jpeg under the cap
[22m[39m[35m[whatsapp][39m [36mAuto-replied to +1 (media)[39m

[90mstdout[2m | src/web/auto-reply.web-auto-reply.compresses-common-formats-jpeg-cap.test.ts[2m > [22m[2mweb auto-reply[2m > [22m[2mcompresses common formats to jpeg under the cap
[22m[39m[35m[whatsapp][39m [36mListening for personal WhatsApp inbound messages.[39m

[90mstdout[2m | src/web/auto-reply.web-auto-reply.compresses-common-formats-jpeg-cap.test.ts[2m > [22m[2mweb auto-reply[2m > [22m[2mcompresses common formats to jpeg under the cap
[22m[39m[35m[whatsapp][39m [36mInbound message +1 -> +2 (undefined, 30 chars)[39m

[90mstdout[2m | src/telegram/bot.create-telegram-bot.sends-replies-without-native-reply-threading.test.ts[2m > [22m[2mcreateTelegramBot[2m > [22m[2msends replies without native reply threading
[22m[39m[34m[telegram][39m [36mautoSelectFamily=false (default-node22)[39m

[90mstdout[2m | src/web/auto-reply.web-auto-reply.compresses-common-formats-jpeg-cap.test.ts[2m > [22m[2mweb auto-reply[2m > [22m[2mcompresses common formats to jpeg under the cap
[22m[39m[35m[whatsapp][39m [36mSent media reply to +1 (0.69MB)[39m

[90mstdout[2m | src/web/auto-reply.web-auto-reply.compresses-common-formats-jpeg-cap.test.ts[2m > [22m[2mweb auto-reply[2m > [22m[2mcompresses common formats to jpeg under the cap
[22m[39m[35m[whatsapp][39m [36mAuto-replied to +1 (media)[39m

[90mstdout[2m | src/web/auto-reply.web-auto-reply.compresses-common-formats-jpeg-cap.test.ts[2m > [22m[2mweb auto-reply[2m > [22m[2mhonors mediaMaxMb from config
[22m[39m[35m[whatsapp][39m [36mListening for personal WhatsApp inbound messages.[39m

[90mstdout[2m | src/web/auto-reply.web-auto-reply.compresses-common-formats-jpeg-cap.test.ts[2m > [22m[2mweb auto-reply[2m > [22m[2mhonors mediaMaxMb from config
[22m[39m[35m[whatsapp][39m [36mInbound message +1 -> +2 (undefined, 30 chars)[39m

[90mstderr[2m | src/web/auto-reply.web-auto-reply.reconnects-after-connection-close.test.ts[2m > [22m[2mweb auto-reply[2m > [22m[2mforces reconnect 
when watchdog closes without onClose
[22m[39m[35m[whatsapp][39m [33mNo messages received in 31m - restarting connection[39m

[90mstdout[2m | src/web/auto-reply.web-auto-reply.reconnects-after-connection-close.test.ts[2m > [22m[2mweb auto-reply[2m > [22m[2mforces reconnect when watchdog closes without onClose
[22m[39m[35m[whatsapp][39m [36mListening for personal WhatsApp inbound messages.[39m

[90mstdout[2m | src/web/auto-reply.web-auto-reply.reconnects-after-connection-close.test.ts[2m > [22m[2mweb auto-reply[2m > [22m[2mstops after hitting max reconnect attempts
[22m[39m[35m[whatsapp][39m [36mListening for personal WhatsApp inbound messages.[39m

[90mstdout[2m | src/web/auto-reply.web-auto-reply.reconnects-after-connection-close.test.ts[2m > [22m[2mweb auto-reply[2m > [22m[2mstops after hitting max reconnect attempts
[22m[39m[35m[whatsapp][39m [36mListening for personal WhatsApp inbound messages.[39m

[90mstdout[2m | src/web/auto-reply.web-auto-reply.reconnects-after-connection-close.test.ts[2m > [22m[2mweb auto-reply[2m > [22m[2mprocesses inbound messages without batching and preserves timestamps
[22m[39m[35m[whatsapp][39m [36mListening for personal WhatsApp inbound messages.[39m

[90mstdout[2m | src/web/auto-reply.web-auto-reply.reconnects-after-connection-close.test.ts[2m > [22m[2mweb auto-reply[2m > [22m[2mprocesses inbound messages without batching and preserves timestamps
[22m[39m[35m[whatsapp][39m [36mInbound message +1 -> +2 (undefined, 48 chars)[39m

[90mstdout[2m | src/web/auto-reply.web-auto-reply.reconnects-after-connection-close.test.ts[2m > [22m[2mweb auto-reply[2m > [22m[2mprocesses inbound messages without batching and preserves timestamps
[22m[39m[35m[whatsapp][39m [36mAuto-replied to +1[39m

[90mstdout[2m | src/web/auto-reply.web-auto-reply.reconnects-after-connection-close.test.ts[2m > [22m[2mweb auto-reply[2m > [22m[2mprocesses inbound messages without batching and preserves timestamps
[22m[39m[35m[whatsapp][39m [36mInbound message +1 -> +2 (undefined, 49 chars)[39m

[90mstdout[2m | src/web/auto-reply.web-auto-reply.reconnects-after-connection-close.test.ts[2m > [22m[2mweb auto-reply[2m > [22m[2mprocesses inbound messages without batching and preserves timestamps
[22m[39m[35m[whatsapp][39m [36mAuto-replied to +1[39m

 [32mΓ£ô[39m src/web/auto-reply.web-auto-reply.reconnects-after-connection-close.test.ts [2m([22m[2m4 tests[22m[2m)[22m[33m 3840[2mms[22m[39m
     [33m[2mΓ£ô[22m[39m forces reconnect when watchdog closes without onClose [33m 3602[2mms[22m[39m
[90mstdout[2m | src/web/auto-reply.web-auto-reply.compresses-common-formats-jpeg-cap.test.ts[2m > [22m[2mweb auto-reply[2m > [22m[2mhonors mediaMaxMb from config
[22m[39m[35m[whatsapp][39m [36mSent media reply to +1 (0.01MB)[39m

[90mstdout[2m | src/web/auto-reply.web-auto-reply.compresses-common-formats-jpeg-cap.test.ts[2m > [22m[2mweb auto-reply[2m > [22m[2mhonors mediaMaxMb from config
[22m[39m[35m[whatsapp][39m [36mAuto-replied to +1 (media)[39m

[90mstdout[2m | src/web/auto-reply.web-auto-reply.compresses-common-formats-jpeg-cap.test.ts[2m > [22m[2mweb auto-reply[2m > [22m[2mfalls back to text when media is unsupported
[22m[39m[35m[whatsapp][39m [36mListening for personal WhatsApp inbound messages.[39m

[90mstdout[2m | src/web/auto-reply.web-auto-reply.compresses-common-formats-jpeg-cap.test.ts[2m > [22m[2mweb auto-reply[2m > [22m[2mfalls back to text when media is unsupported
[22m[39m[35m[whatsapp][39m [36mInbound message +1 -> +2 (undefined, 19 chars)[39m

[90mstdout[2m | src/web/auto-reply.web-auto-reply.compresses-common-formats-jpeg-cap.test.ts[2m > [22m[2mweb auto-reply[2m > [22m[2mfalls back to text when media is unsupported
[22m[39m[35m[whatsapp][39m [36mSent media reply to +1 (0.01MB)[39m

[90mstdout[2m | src/web/auto-reply.web-auto-reply.compresses-common-formats-jpeg-cap.test.ts[2m > [22m[2mweb auto-reply[2m > [22m[2mfalls back to text when media is unsupported
[22m[39m[35m[whatsapp][39m [36mAuto-replied to +1 (media)[39m

 [32mΓ£ô[39m src/web/auto-reply.web-auto-reply.compresses-common-formats-jpeg-cap.test.ts [2m([22m[2m3 tests[22m[2m)[22m[33m 4230[2mms[22m[39m
     [33m[2mΓ£ô[22m[39m compresses common formats to jpeg under the cap [33m 3676[2mms[22m[39m
     [33m[2mΓ£ô[22m[39m honors mediaMaxMb from config [33m 507[2mms[22m[39m
 [32mΓ£ô[39m src/telegram/bot.create-telegram-bot.installs-grammy-throttler.test.ts [2m([22m[2m10 tests[22m[2m)[22m[33m 4420[2mms[22m[39m
     [33m[2mΓ£ô[22m[39m installs grammY throttler [33m 556[2mms[22m[39m
     [33m[2mΓ£ô[22m[39m uses wrapped fetch when global fetch is available [33m 379[2mms[22m[39m
     [33m[2mΓ£ô[22m[39m passes timeoutSeconds even without a custom fetch [33m 424[2mms[22m[39m
     [33m[2mΓ£ô[22m[39m prefers per-account timeoutSeconds overrides [33m 384[2mms[22m[39m
     [33m[2mΓ£ô[22m[39m sequentializes updates by chat and thread [33m 396[2mms[22m[39m
     [33m[2mΓ£ô[22m[39m routes callback_query payloads as messages and answers callbacks [33m 471[2mms[22m[39m
     [33m[2mΓ£ô[22m[39m wraps inbound message with Telegram envelope [33m 447[2mms[22m[39m
     [33m[2mΓ£ô[22m[39m requests pairing by default for unknown DM senders [33m 394[2mms[22m[39m
     [33m[2mΓ£ô[22m[39m does not resend pairing code when a request is already pending [33m 493[2mms[22m[39m
     [33m[2mΓ£ô[22m[39m triggers typing cue via onReplyStart [33m 468[2mms[22m[39m
 [32mΓ£ô[39m src/commands/doctor.warns-state-directory-is-missing.test.ts [2m([22m[2m3 tests[22m[2m)[22m[33m 3367[2mms[22m[39m
     [33m[2mΓ£ô[22m[39m warns when the state directory is missing [33m 3260[2mms[22m[39m
 [32mΓ£ô[39m src/telegram/bot.create-telegram-bot.sends-replies-without-native-reply-threading.test.ts [2m([22m[2m7 tests[22m[2m)[22m[33m 3567[2mms[22m[39m
     [33m[2mΓ£ô[22m[39m sends replies without native reply threading [33m 662[2mms[22m[39m
     [33m[2mΓ£ô[22m[39m honors replyToMode=first for threaded replies [33m 542[2mms[22m[39m
     [33m[2mΓ£ô[22m[39m prefixes final replies with responsePrefix [33m 493[2mms[22m[39m
     [33m[2mΓ£ô[22m[39m honors replyToMode=all for threaded replies [33m 500[2mms[22m[39m
     [33m[2mΓ£ô[22m[39m blocks group messages when telegram.groups is set without a wildcard [33m 450[2mms[22m[39m
     [33m[2mΓ£ô[22m[39m skips group messages without mention when requireMention is enabled [33m 472[2mms[22m[39m
     [33m[2mΓ£ô[22m[39m honors routed group activation from session store [33m 441[2mms[22m[39m
 [32mΓ£ô[39m src/commands/doctor.warns-per-agent-sandbox-docker-browser-prune.test.ts [2m([22m[2m2 tests[22m[2m)[22m[33m 3337[2mms[22m[39m
     [33m[2mΓ£ô[22m[39m warns when per-agent sandbox docker/browser/prune overrides are ignored under shared scope [33m 3274[2mms[22m[39m
 [32mΓ£ô[39m src/daemon/launchd.test.ts [2m([22m[2m14 tests[22m[2m)[22m[33m 3598[2mms[22m[39m
     [33m[2mΓ£ô[22m[39m detects the resolved label in launchctl list [33m 416[2mms[22m[39m
     [33m[2mΓ£ô[22m[39m returns false when the label is missing [33m 400[2mms[22m[39m
     [33m[2mΓ£ô[22m[39m bootstraps and kickstarts the resolved label [33m 949[2mms[22m[39m
     [33m[2mΓ£ô[22m[39m enables service before bootstrap (clears persisted disabled state) [33m 1811[2mms[22m[39m
 [32mΓ£ô[39m src/agents/sandbox-skills.test.ts [2m([22m[2m2 tests[22m[2m)[22m[33m 3416[2mms[22m[39m
     [33m[2mΓ£ô[22m[39m copies skills into the sandbox when workspaceAccess is ro [33m 2972[2mms[22m[39m
     [33m[2mΓ£ô[22m[39m copies skills into the sandbox when workspaceAccess is none [33m 438[2mms[22m[39m
 [32mΓ£ô[39m src/commands/doctor.migrates-routing-allowfrom-channels-whatsapp-allowfrom.test.ts [2m([22m[2m3 tests[22m[2m)[22m[33m 3468[2mms[22m[39m
     [33m[2mΓ£ô[22m[39m migrates routing.allowFrom to channels.whatsapp.allowFrom [33m 3394[2mms[22m[39m
[90mstdout[2m | src/telegram/bot.create-telegram-bot.accepts-group-messages-mentionpatterns-match-without-botusername.test.ts[2m > [22m[2mcreateTelegramBot[2m > [22m[2maccepts group messages when mentionPatterns match (without @botUsername)
[22m[39m[34m[telegram][39m [36mautoSelectFamily=false (default-node22)[39m

 [32mΓ£ô[39m src/agents/sandbox.resolveSandboxContext.test.ts [2m([22m[2m3 tests[22m[2m)[22m[33m 3606[2mms[22m[39m
     [33m[2mΓ£ô[22m[39m does not sandbox the agent main session in non-main mode [33m 2908[2mms[22m[39m
     [33m[2mΓ£ô[22m[39m does not create a sandbox workspace for the agent main session in non-main mode [33m 376[2mms[22m[39m
     [33m[2mΓ£ô[22m[39m treats main session aliases as main in non-main mode [33m 316[2mms[22m[39m
 [32mΓ£ô[39m src/telegram/bot.create-telegram-bot.accepts-group-messages-mentionpatterns-match-without-botusername.test.ts [2m([22m[2m8 tests[22m[2m)[22m[33m 3311[2mms[22m[39m
     [33m[2mΓ£ô[22m[39m accepts group messages when mentionPatterns match (without @botUsername) [33m 628[2mms[22m[39m
     [33m[2mΓ£ô[22m[39m accepts group messages when mentionPatterns match even if another user is mentioned [33m 454[2mms[22m[39m
     [33m[2mΓ£ô[22m[39m keeps group envelope headers stable (sender identity is separate) [33m 406[2mms[22m[39m
     [33m[2mΓ£ô[22m[39m reacts to mention-gated group messages when ackReaction is enabled [33m 415[2mms[22m[39m
     [33m[2mΓ£ô[22m[39m skips group messages when requireMention is enabled and no mention matches [33m 400[2mms[22m[39m
     [33m[2mΓ£ô[22m[39m allows group messages when requireMention is enabled but mentions cannot be detected [33m 352[2mms[22m[39m
     [33m[2mΓ£ô[22m[39m includes reply-to context when a Telegram reply is received [33m 644[2mms[22m[39m
 [32mΓ£ô[39m src/commands/doctor.falls-back-legacy-sandbox-image-missing.test.ts [2m([22m[2m1 test[22m[2m)[22m[33m 3321[2mms[22m[39m
     [33m[2mΓ£ô[22m[39m runs legacy state migrations in non-interactive mode without prompting [33m 3315[2mms[22m[39m
 [32mΓ£ô[39m src/config/config.identity-defaults.test.ts [2m([22m[2m9 tests[22m[2m)[22m[33m 2974[2mms[22m[39m
     [33m[2mΓ£ô[22m[39m does not derive mentionPatterns when identity is set [33m 386[2mms[22m[39m
     [33m[2mΓ£ô[22m[39m defaults ackReactionScope without setting ackReaction [33m 418[2mms[22m[39m
     [33m[2mΓ£ô[22m[39m keeps ackReaction unset when identity is missing [33m 328[2mms[22m[39m
     [33m[2mΓ£ô[22m[39m supports provider textChunkLimit config [33m 309[2mms[22m[39m
     [33m[2mΓ£ô[22m[39m accepts blank model provider apiKey values [33m 351[2mms[22m[39m
     [33m[2mΓ£ô[22m[39m respects empty responsePrefix to disable identity defaults [33m 308[2mms[22m[39m
 [32mΓ£ô[39m src/media-understanding/apply.test.ts [2m([22m[2m22 tests[22m[2m)[22m[33m 3261[2mms[22m[39m
     [33m[2mΓ£ô[22m[39m sets Transcript and replaces Body when audio transcription succeeds [33m 2697[2mms[22m[39m
 [32mΓ£ô[39m src/agents/openai-responses.reasoning-replay.test.ts [2m([22m[2m2 tests[22m[2m)[22m[33m 2886[2mms[22m[39m
     [33m[2mΓ£ô[22m[39m replays reasoning for tool-call-only turns (OpenAI requires it) [33m 1509[2mms[22m[39m
     [33m[2mΓ£ô[22m[39m still replays reasoning when paired with an assistant message [33m 1370[2mms[22m[39m
[90mstdout[2m | src/telegram/bot.create-telegram-bot.matches-usernames-case-insensitively-grouppolicy-is.test.ts[2m > [22m[2mcreateTelegramBot[2m > [22m[2mmatches usernames case-insensitively when groupPolicy is 'allowlist'
[22m[39m[34m[telegram][39m [36mautoSelectFamily=false (default-node22)[39m

[90mstdout[2m | src/telegram/bot.create-telegram-bot.blocks-all-group-messages-grouppolicy-is.test.ts[2m > [22m[2mcreateTelegramBot[2m > [22m[2mblocks all group messages when groupPolicy is 'disabled'
[22m[39m[34m[telegram][39m [36mautoSelectFamily=false (default-node22)[39m

 [32mΓ£ô[39m src/browser/screenshot.test.ts [2m([22m[2m2 tests[22m[2m)[22m[33m 2840[2mms[22m[39m
     [33m[2mΓ£ô[22m[39m shrinks oversized images to <=2000x2000 and <=5MB [33m 2814[2mms[22m[39m
 [32mΓ£ô[39m src/telegram/bot.create-telegram-bot.matches-usernames-case-insensitively-grouppolicy-is.test.ts [2m([22m[2m7 tests[22m[2m)[22m[33m 3188[2mms[22m[39m
     [33m[2mΓ£ô[22m[39m matches usernames case-insensitively when groupPolicy is 'allowlist' [33m 582[2mms[22m[39m
     [33m[2mΓ£ô[22m[39m allows direct messages regardless of groupPolicy [33m 442[2mms[22m[39m
     [33m[2mΓ£ô[22m[39m allows direct messages with tg/Telegram-prefixed allowFrom entries [33m 504[2mms[22m[39m
     [33m[2mΓ£ô[22m[39m allows direct messages with telegram:-prefixed allowFrom entries [33m 467[2mms[22m[39m
     [33m[2mΓ£ô[22m[39m allows group messages with wildcard in allowFrom when groupPolicy is 'allowlist' [33m 417[2mms[22m[39m
     [33m[2mΓ£ô[22m[39m blocks group messages with no sender ID when groupPolicy is 'allowlist' [33m 377[2mms[22m[39m
     [33m[2mΓ£ô[22m[39m matches telegram:-prefixed allowFrom entries in group allowlist [33m 393[2mms[22m[39m
 [32mΓ£ô[39m src/telegram/bot.create-telegram-bot.blocks-all-group-messages-grouppolicy-is.test.ts [2m([22m[2m7 tests[22m[2m)[22m[33m 3072[2mms[22m[39m
     [33m[2mΓ£ô[22m[39m blocks all group messages when groupPolicy is 'disabled' [33m 529[2mms[22m[39m
     [33m[2mΓ£ô[22m[39m blocks group messages from senders not in allowFrom when groupPolicy is 'allowlist' [33m 435[2mms[22m[39m
     [33m[2mΓ£ô[22m[39m allows group messages from senders in allowFrom (by ID) when groupPolicy is 'allowlist' [33m 384[2mms[22m[39m
     [33m[2mΓ£ô[22m[39m allows group messages from senders in allowFrom (by username) when groupPolicy is 'allowlist' [33m 466[2mms[22m[39m
     [33m[2mΓ£ô[22m[39m allows group messages from telegram:-prefixed allowFrom entries when groupPolicy is 'allowlist' [33m 433[2mms[22m[39m
     [33m[2mΓ£ô[22m[39m allows group messages from tg:-prefixed allowFrom entries case-insensitively when groupPolicy is 'allowlist' [33m 407[2mms[22m[39m
     [33m[2mΓ£ô[22m[39m allows all group messages when groupPolicy is 'open' [33m 411[2mms[22m[39m
 [32mΓ£ô[39m src/cli/daemon-cli.coverage.test.ts [2m([22m[2m7 tests[22m[2m)[22m[33m 2640[2mms[22m[39m
     [33m[2mΓ£ô[22m[39m probes gateway status by default [33m 2066[2mms[22m[39m
 [32mΓ£ô[39m src/auto-reply/reply.block-streaming.test.ts [2m([22m[2m5 tests[22m[2m)[22m[33m 3090[2mms[22m[39m
     [33m[2mΓ£ô[22m[39m waits for block replies before returning final payloads [33m 808[2mms[22m[39m
     [33m[2mΓ£ô[22m[39m preserves block reply ordering when typing start is slow [33m 534[2mms[22m[39m
     [33m[2mΓ£ô[22m[39m drops final payloads when block replies streamed [33m 553[2mms[22m[39m
     [33m[2mΓ£ô[22m[39m falls back to final payloads when block reply send times out [33m 598[2mms[22m[39m
     [33m[2mΓ£ô[22m[39m does not enable block streaming for telegram streamMode block [33m 591[2mms[22m[39m
 [32mΓ£ô[39m src/auto-reply/reply.raw-body.test.ts [2m([22m[2m5 tests[22m[2m)[22m[33m 3026[2mms[22m[39m
     [33m[2mΓ£ô[22m[39m /model, /think, /verbose directives detected from RawBody even when Body has structural wrapper [33m 742[2mms[22m[39m
     [33m[2mΓ£ô[22m[39m /model status detected from RawBody [33m 453[2mms[22m[39m
     [33m[2mΓ£ô[22m[39m CommandBody is honored when RawBody is missing [33m 451[2mms[22m[39m
     [33m[2mΓ£ô[22m[39m Integration: WhatsApp group message with structural wrapper and RawBody command [33m 460[2mms[22m[39m
     [33m[2mΓ£ô[22m[39m preserves history when RawBody is provided for command parsing [33m 912[2mms[22m[39m
 [32mΓ£ô[39m src/agents/subagent-announce.format.test.ts [2m([22m[2m9 tests[22m[2m)[22m[33m 2660[2mms[22m[39m
     [33m[2mΓ£ô[22m[39m sends instructional message to main agent with status and findings [33m 2508[2mms[22m[39m
 [32mΓ£ô[39m src/agents/sandbox-agent-config.agent-specific-sandbox-config.includes-session-status-default-sandbox-allowlist.test.ts [2m([22m[2m3 tests[22m[2m)[22m[33m 2415[2mms[22m[39m
     [33m[2mΓ£ô[22m[39m includes session_status in default sandbox allowlist [33m 2406[2mms[22m[39m
[90mstdout[2m | src/telegram/bot.create-telegram-bot.matches-tg-prefixed-allowfrom-entries-case-insensitively.test.ts[2m > [22m[2mcreateTelegramBot[2m > [22m[2mmatches tg:-prefixed allowFrom entries case-insensitively in group allowlist
[22m[39m[34m[telegram][39m [36mautoSelectFamily=false (default-node22)[39m

 [32mΓ£ô[39m src/telegram/bot.create-telegram-bot.matches-tg-prefixed-allowfrom-entries-case-insensitively.test.ts [2m([22m[2m6 tests[22m[2m)[22m[33m 2546[2mms[22m[39m
     [33m[2mΓ£ô[22m[39m matches tg:-prefixed allowFrom entries case-insensitively in group allowlist [33m 600[2mms[22m[39m
     [33m[2mΓ£ô[22m[39m blocks group messages when groupPolicy allowlist has no groupAllowFrom [33m 364[2mms[22m[39m
     [33m[2mΓ£ô[22m[39m allows control commands with TG-prefixed groupAllowFrom entries [33m 382[2mms[22m[39m
     [33m[2mΓ£ô[22m[39m isolates forum topic sessions and carries thread metadata [33m 371[2mms[22m[39m
     [33m[2mΓ£ô[22m[39m falls back to General topic thread id for typing in forums [33m 370[2mms[22m[39m
     [33m[2mΓ£ô[22m[39m routes General topic replies using thread id 1 [33m 452[2mms[22m[39m
 [32mΓ£ô[39m src/commands/agent.delivery.test.ts [2m([22m[2m7 tests[22m[2m)[22m[33m 2448[2mms[22m[39m
     [33m[2mΓ£ô[22m[39m prefers explicit accountId for outbound delivery [33m 2423[2mms[22m[39m
[90mstdout[2m | src/telegram/bot.create-telegram-bot.applies-topic-skill-filters-system-prompts.test.ts[2m > [22m[2mcreateTelegramBot[2m > [22m[2mapplies topic skill filters and system prompts
[22m[39m[34m[telegram][39m [36mautoSelectFamily=false (default-node22)[39m

 [32mΓ£ô[39m src/telegram/bot.create-telegram-bot.applies-topic-skill-filters-system-prompts.test.ts [2m([22m[2m5 tests[22m[2m)[22m[33m 2470[2mms[22m[39m
     [33m[2mΓ£ô[22m[39m applies topic skill filters and system prompts [33m 623[2mms[22m[39m
     [33m[2mΓ£ô[22m[39m passes message_thread_id to topic replies [33m 414[2mms[22m[39m
     [33m[2mΓ£ô[22m[39m threads native command replies inside topics [33m 415[2mms[22m[39m
     [33m[2mΓ£ô[22m[39m skips tool summaries for native slash commands [33m 436[2mms[22m[39m
     [33m[2mΓ£ô[22m[39m dedupes duplicate message updates by update_id [33m 575[2mms[22m[39m
 [32mΓ£ô[39m src/agents/skills.buildworkspaceskillstatus.test.ts [2m([22m[2m4 tests[22m[2m)[22m[33m 2451[2mms[22m[39m
     [33m[2mΓ£ô[22m[39m reports missing requirements and install options [33m 828[2mms[22m[39m
     [33m[2mΓ£ô[22m[39m respects OS-gated skills [33m 792[2mms[22m[39m
     [33m[2mΓ£ô[22m[39m filters install options by OS [33m 761[2mms[22m[39m
[90mstdout[2m | src/telegram/bot.create-telegram-bot.routes-dms-by-telegram-accountid-binding.test.ts[2m > [22m[2mcreateTelegramBot[2m > [22m[2mroutes DMs by telegram accountId binding
[22m[39m[34m[telegram][39m [36mautoSelectFamily=false (default-node22)[39m

 [32mΓ£ô[39m src/agents/sandbox-merge.test.ts [2m([22m[2m7 tests[22m[2m)[22m[33m 2448[2mms[22m[39m
     [33m[2mΓ£ô[22m[39m resolves sandbox scope deterministically [33m 2430[2mms[22m[39m
 [32mΓ£ô[39m src/telegram/bot.create-telegram-bot.routes-dms-by-telegram-accountid-binding.test.ts [2m([22m[2m6 tests[22m[2m)[22m[33m 2458[2mms[22m[39m
     [33m[2mΓ£ô[22m[39m allows per-group requireMention override [33m 566[2mms[22m[39m
     [33m[2mΓ£ô[22m[39m allows per-topic requireMention override [33m 380[2mms[22m[39m
     [33m[2mΓ£ô[22m[39m honors groups default when no explicit group override exists [33m 353[2mms[22m[39m
     [33m[2mΓ£ô[22m[39m does not block group messages when bot username is unknown [33m 403[2mms[22m[39m
     [33m[2mΓ£ô[22m[39m sends GIF replies as animations [33m 574[2mms[22m[39m
 [32mΓ£ô[39m src/auto-reply/reply.queue.test.ts [2m([22m[2m2 tests[22m[2m)[22m[33m 2556[2mms[22m[39m
     [33m[2mΓ£ô[22m[39m collects queued messages and drains after run completes [33m 1116[2mms[22m[39m
     [33m[2mΓ£ô[22m[39m summarizes dropped followups when cap is exceeded [33m 1434[2mms[22m[39m
 [32mΓ£ô[39m src/commands/sandbox-explain.test.ts [2m([22m[2m1 test[22m[2m)[22m[33m 2456[2mms[22m[39m
     [33m[2mΓ£ô[22m[39m prints JSON shape + fix-it keys [33m 2450[2mms[22m[39m
 [32mΓ£ô[39m src/hooks/gmail-setup-utils.test.ts [2m([22m[2m3 tests[22m[2m | [22m[33m1 skipped[39m[2m)[22m[33m 2404[2mms[22m[39m
     [33m[2mΓ£ô[22m[39m includes stdout and exit code when tailscale serve fails [33m 2110[2mms[22m[39m
[90mstdout[2m | src/telegram/bot.test.ts[2m > [22m[2mcreateTelegramBot[2m > [22m[2minstalls grammY throttler
[22m[39m[34m[telegram][39m [36mautoSelectFamily=false (default-node22)[39m

 [32mΓ£ô[39m src/config/config.plugin-validation.test.ts [2m([22m[2m7 tests[22m[2m)[22m[33m 2419[2mms[22m[39m
     [33m[2mΓ£ô[22m[39m rejects missing plugin load paths [33m 329[2mms[22m[39m
     [33m[2mΓ£ô[22m[39m rejects missing plugin ids in entries [33m 470[2mms[22m[39m
     [33m[2mΓ£ô[22m[39m rejects missing plugin ids in allow/deny/slots [33m 305[2mms[22m[39m
     [33m[2mΓ£ô[22m[39m surfaces plugin config diagnostics [33m 398[2mms[22m[39m
     [33m[2mΓ£ô[22m[39m accepts known plugin ids [33m 317[2mms[22m[39m
[90mstderr[2m | src/memory/index.test.ts[2m > [22m[2mmemory index[2m > [22m[2mindexes memory files and searches by vector
[22m[39m[31m[memory][39m [33mfts unavailable: no such module: fts5[39m

[90mstderr[2m | src/memory/index.test.ts[2m > [22m[2mmemory index[2m > [22m[2mindexes memory files and searches by vector
[22m[39m[31m[memory][39m [33mfts unavailable: no such module: fts5[39m

[90mstderr[2m | src/memory/index.test.ts[2m > [22m[2mmemory index[2m > [22m[2mindexes memory files and searches by vector
[22m[39m[31m[memory][39m [33mfts unavailable: no such module: fts5[39m

[90mstderr[2m | src/memory/index.test.ts[2m > [22m[2mmemory index[2m > [22m[2mreindexes when the embedding model changes
[22m[39m[31m[memory][39m [33mfts unavailable: no such module: fts5[39m

[90mstderr[2m | src/memory/index.test.ts[2m > [22m[2mmemory index[2m > [22m[2mreindexes when the embedding model changes
[22m[39m[31m[memory][39m [33mfts unavailable: no such module: fts5[39m

[90mstderr[2m | src/memory/index.test.ts[2m > [22m[2mmemory index[2m > [22m[2mreindexes when the embedding model changes
[22m[39m[31m[memory][39m [33mfts unavailable: no such module: fts5[39m

[90mstderr[2m | src/memory/index.test.ts[2m > [22m[2mmemory index[2m > [22m[2mreindexes when the embedding model changes
[22m[39m[31m[memory][39m [33mfts unavailable: no such module: fts5[39m

[90mstderr[2m | src/memory/index.test.ts[2m > [22m[2mmemory index[2m > [22m[2mreindexes when the embedding model changes
[22m[39m[31m[memory][39m [33mfts unavailable: no such module: fts5[39m

[90mstderr[2m | src/memory/index.test.ts[2m > [22m[2mmemory index[2m > [22m[2mreindexes when the embedding model changes
[22m[39m[31m[memory][39m [33mfts unavailable: no such module: fts5[39m

[90mstderr[2m | src/memory/index.test.ts[2m > [22m[2mmemory index[2m > [22m[2mreuses cached embeddings on forced reindex
[22m[39m[31m[memory][39m [33mfts unavailable: no such module: fts5[39m

[90mstderr[2m | src/memory/index.test.ts[2m > [22m[2mmemory index[2m > [22m[2mreuses cached embeddings on forced reindex
[22m[39m[31m[memory][39m [33mfts unavailable: no such module: fts5[39m

 [32mΓ£ô[39m src/telegram/bot.test.ts [2m([22m[2m82 tests[22m[2m)[22m[33m 2295[2mms[22m[39m
[90mstderr[2m | src/memory/index.test.ts[2m > [22m[2mmemory index[2m > [22m[2mreuses cached embeddings on forced reindex
[22m[39m[31m[memory][39m [33mfts unavailable: no such module: fts5[39m

[90mstderr[2m | src/memory/index.test.ts[2m > [22m[2mmemory index[2m > [22m[2mreuses cached embeddings on forced reindex
[22m[39m[31m[memory][39m [33mfts unavailable: no such module: fts5[39m

[90mstderr[2m | src/memory/index.test.ts[2m > [22m[2mmemory index[2m > [22m[2mreuses cached embeddings on forced reindex
[22m[39m[31m[memory][39m [33mfts unavailable: no such module: fts5[39m

[90mstderr[2m | src/memory/index.test.ts[2m > [22m[2mmemory index[2m > [22m[2mpreserves existing index when forced reindex fails
[22m[39m[31m[memory][39m [33mfts unavailable: no such module: fts5[39m

[90mstderr[2m | src/memory/index.test.ts[2m > [22m[2mmemory index[2m > [22m[2mpreserves existing index when forced reindex fails
[22m[39m[31m[memory][39m [33mfts unavailable: no such module: fts5[39m

[90mstderr[2m | src/memory/index.test.ts[2m > [22m[2mmemory index[2m > [22m[2mpreserves existing index when forced reindex fails
[22m[39m[31m[memory][39m [33mfts unavailable: no such module: fts5[39m

[90mstderr[2m | src/memory/index.test.ts[2m > [22m[2mmemory index[2m > [22m[2mpreserves existing index when forced reindex fails
[22m[39m[31m[memory][39m [33mfts unavailable: no such module: fts5[39m

[90mstderr[2m | src/memory/index.test.ts[2m > [22m[2mmemory index[2m > [22m[2mfinds keyword matches via hybrid search when query embedding is zero
[22m[39m[31m[memory][39m [33mfts unavailable: no such module: fts5[39m

[90mstderr[2m | src/memory/index.test.ts[2m > [22m[2mmemory index[2m > [22m[2mhybrid weights can favor vector-only matches over keyword-only matches
[22m[39m[31m[memory][39m [33mfts unavailable: no such module: fts5[39m

[90mstderr[2m | src/memory/index.test.ts[2m > [22m[2mmemory index[2m > [22m[2mhybrid weights can favor keyword matches when text weight dominates
[22m[39m[31m[memory][39m [33mfts unavailable: no such module: fts5[39m

[90mstderr[2m | src/memory/index.test.ts[2m > [22m[2mmemory index[2m > [22m[2mreports vector availability after probe
[22m[39m[31m[memory][39m [33mfts unavailable: no such module: fts5[39m

[90mstderr[2m | src/memory/index.test.ts[2m > [22m[2mmemory index[2m > [22m[2mrejects reading non-memory paths
[22m[39m[31m[memory][39m [33mfts unavailable: no such module: fts5[39m

[90mstderr[2m | src/memory/index.test.ts[2m > [22m[2mmemory index[2m > [22m[2mallows reading from additional memory paths and blocks symlinks
[22m[39m[31m[memory][39m [33mfts unavailable: no such module: fts5[39m

 [32mΓ£ô[39m src/memory/index.test.ts [2m([22m[2m10 tests[22m[2m)[22m[33m 1967[2mms[22m[39m
     [33m[2mΓ£ô[22m[39m indexes memory files and searches by vector [33m 339[2mms[22m[39m
     [33m[2mΓ£ô[22m[39m reindexes when the embedding model changes [33m 481[2mms[22m[39m
     [33m[2mΓ£ô[22m[39m reuses cached embeddings on forced reindex [33m 392[2mms[22m[39m
     [33m[2mΓ£ô[22m[39m preserves existing index when forced reindex fails [33m 324[2mms[22m[39m
[90mstdout[2m | src/agents/skills.build-workspace-skills-prompt.syncs-merged-skills-into-target-workspace.test.ts[2m > [22m[2mbuildWorkspaceSkillsPrompt[2m > [22m[2mapplies skill filters, including empty lists
[22m[39m[skills] Applying skill filter: alpha
[skills] After filter: alpha
[skills] Applying skill filter: (none)
[skills] After filter: 

 [32mΓ£ô[39m src/agents/skills.build-workspace-skills-prompt.syncs-merged-skills-into-target-workspace.test.ts [2m([22m[2m3 tests[22m[2m)[22m[33m 2105[2mms[22m[39m
     [33m[2mΓ£ô[22m[39m filters skills based on env/config gates [33m 978[2mms[22m[39m
     [33m[2mΓ£ô[22m[39m applies skill filters, including empty lists [33m 888[2mms[22m[39m
 [32mΓ£ô[39m src/agents/skills.test.ts [2m([22m[2m9 tests[22m[2m)[22m[33m 2386[2mms[22m[39m
     [33m[2mΓ£ô[22m[39m includes tool-dispatch metadata from frontmatter [33m 578[2mms[22m[39m
     [33m[2mΓ£ô[22m[39m loads skills from workspace skills/ [33m 458[2mms[22m[39m
     [33m[2mΓ£ô[22m[39m applies env overrides from snapshots [33m 428[2mms[22m[39m
 [32mΓ£ô[39m src/web/media.test.ts [2m([22m[2m10 tests[22m[2m)[22m[33m 1685[2mms[22m[39m
     [33m[2mΓ£ô[22m[39m falls back to JPEG when PNG alpha cannot fit under cap [33m 1347[2mms[22m[39m
[90mstderr[2m | src/memory/manager.embedding-batches.test.ts[2m > [22m[2mmemory embedding batches[2m > [22m[2msplits large files across multiple 
embedding batches
[22m[39m[31m[memory][39m [33mfts unavailable: no such module: fts5[39m

[90mstderr[2m | src/memory/manager.embedding-batches.test.ts[2m > [22m[2mmemory embedding batches[2m > [22m[2msplits large files across multiple 
embedding batches
[22m[39m[31m[memory][39m [33mfts unavailable: no such module: fts5[39m

[90mstderr[2m | src/memory/manager.embedding-batches.test.ts[2m > [22m[2mmemory embedding batches[2m > [22m[2msplits large files across multiple 
embedding batches
[22m[39m[31m[memory][39m [33mfts unavailable: no such module: fts5[39m

[90mstderr[2m | src/memory/manager.embedding-batches.test.ts[2m > [22m[2mmemory embedding batches[2m > [22m[2mkeeps small files in a single 
embedding batch
[22m[39m[31m[memory][39m [33mfts unavailable: no such module: fts5[39m

[90mstderr[2m | src/memory/manager.embedding-batches.test.ts[2m > [22m[2mmemory embedding batches[2m > [22m[2mkeeps small files in a single 
embedding batch
[22m[39m[31m[memory][39m [33mfts unavailable: no such module: fts5[39m

[90mstderr[2m | src/memory/manager.embedding-batches.test.ts[2m > [22m[2mmemory embedding batches[2m > [22m[2mkeeps small files in a single 
embedding batch
[22m[39m[31m[memory][39m [33mfts unavailable: no such module: fts5[39m

[90mstderr[2m | src/memory/manager.embedding-batches.test.ts[2m > [22m[2mmemory embedding batches[2m > [22m[2mreports sync progress totals
[22m[39m[31m[memory][39m [33mfts unavailable: no such module: fts5[39m

[90mstderr[2m | src/memory/manager.embedding-batches.test.ts[2m > [22m[2mmemory embedding batches[2m > [22m[2mreports sync progress totals
[22m[39m[31m[memory][39m [33mfts unavailable: no such module: fts5[39m

[90mstderr[2m | src/memory/manager.embedding-batches.test.ts[2m > [22m[2mmemory embedding batches[2m > [22m[2mreports sync progress totals
[22m[39m[31m[memory][39m [33mfts unavailable: no such module: fts5[39m

[90mstderr[2m | src/memory/manager.embedding-batches.test.ts[2m > [22m[2mmemory embedding batches[2m > [22m[2mretries embeddings on rate limit 
errors
[22m[39m[31m[memory][39m [33mfts unavailable: no such module: fts5[39m

[90mstderr[2m | src/memory/manager.embedding-batches.test.ts[2m > [22m[2mmemory embedding batches[2m > [22m[2mretries embeddings on rate limit 
errors
[22m[39m[31m[memory][39m [33mfts unavailable: no such module: fts5[39m

[90mstderr[2m | src/memory/manager.embedding-batches.test.ts[2m > [22m[2mmemory embedding batches[2m > [22m[2mretries embeddings on rate limit 
errors
[22m[39m[31m[memory][39m [33membeddings rate limited; retrying in 553ms[39m

[90mstderr[2m | src/memory/manager.embedding-batches.test.ts[2m > [22m[2mmemory embedding batches[2m > [22m[2mretries embeddings on rate limit 
errors
[22m[39m[31m[memory][39m [33membeddings rate limited; retrying in 1038ms[39m

[90mstderr[2m | src/memory/manager.embedding-batches.test.ts[2m > [22m[2mmemory embedding batches[2m > [22m[2mretries embeddings on rate limit 
errors
[22m[39m[31m[memory][39m [33mfts unavailable: no such module: fts5[39m

[90mstderr[2m | src/memory/manager.embedding-batches.test.ts[2m > [22m[2mmemory embedding batches[2m > [22m[2mretries embeddings on transient 5xx 
errors
[22m[39m[31m[memory][39m [33mfts unavailable: no such module: fts5[39m

[90mstderr[2m | src/memory/manager.embedding-batches.test.ts[2m > [22m[2mmemory embedding batches[2m > [22m[2mretries embeddings on transient 5xx 
errors
[22m[39m[31m[memory][39m [33mfts unavailable: no such module: fts5[39m

[90mstderr[2m | src/memory/manager.embedding-batches.test.ts[2m > [22m[2mmemory embedding batches[2m > [22m[2mretries embeddings on transient 5xx 
errors
[22m[39m[31m[memory][39m [33membeddings rate limited; retrying in 511ms[39m

[90mstderr[2m | src/memory/manager.embedding-batches.test.ts[2m > [22m[2mmemory embedding batches[2m > [22m[2mretries embeddings on transient 5xx 
errors
[22m[39m[31m[memory][39m [33membeddings rate limited; retrying in 1107ms[39m

[90mstderr[2m | src/memory/manager.embedding-batches.test.ts[2m > [22m[2mmemory embedding batches[2m > [22m[2mretries embeddings on transient 5xx 
errors
[22m[39m[31m[memory][39m [33mfts unavailable: no such module: fts5[39m

[90mstderr[2m | src/memory/manager.embedding-batches.test.ts[2m > [22m[2mmemory embedding batches[2m > [22m[2mskips empty chunks so embeddings 
input stays valid
[22m[39m[31m[memory][39m [33mfts unavailable: no such module: fts5[39m

[90mstderr[2m | src/memory/manager.embedding-batches.test.ts[2m > [22m[2mmemory embedding batches[2m > [22m[2mskips empty chunks so embeddings 
input stays valid
[22m[39m[31m[memory][39m [33mfts unavailable: no such module: fts5[39m

[90mstderr[2m | src/memory/manager.embedding-batches.test.ts[2m > [22m[2mmemory embedding batches[2m > [22m[2mskips empty chunks so embeddings 
input stays valid
[22m[39m[31m[memory][39m [33mfts unavailable: no such module: fts5[39m

 [32mΓ£ô[39m src/memory/manager.embedding-batches.test.ts [2m([22m[2m6 tests[22m[2m)[22m[33m 1691[2mms[22m[39m
     [33m[2mΓ£ô[22m[39m splits large files across multiple embedding batches [33m 596[2mms[22m[39m
[90mstderr[2m | src/memory/manager.batch.test.ts[2m > [22m[2mmemory indexing with OpenAI batches[2m > [22m[2muses OpenAI batch uploads when enabled
[22m[39m[31m[memory][39m [33mfts unavailable: no such module: fts5[39m

[90mstderr[2m | src/memory/manager.batch.test.ts[2m > [22m[2mmemory indexing with OpenAI batches[2m > [22m[2muses OpenAI batch uploads when enabled
[22m[39m[31m[memory][39m [33mfts unavailable: no such module: fts5[39m

[90mstderr[2m | src/memory/manager.batch.test.ts[2m > [22m[2mmemory indexing with OpenAI batches[2m > [22m[2muses OpenAI batch uploads when enabled
[22m[39m[31m[memory][39m [33mfts unavailable: no such module: fts5[39m

 [32mΓ£ô[39m src/browser/pw-tools-core.last-file-chooser-arm-wins.test.ts [2m([22m[2m3 tests[22m[2m)[22m[33m 1609[2mms[22m[39m
     [33m[2mΓ£ô[22m[39m last file-chooser arm wins [33m 1592[2mms[22m[39m
[90mstderr[2m | src/memory/manager.batch.test.ts[2m > [22m[2mmemory indexing with OpenAI batches[2m > [22m[2mretries OpenAI batch create on 
transient failures
[22m[39m[31m[memory][39m [33mfts unavailable: no such module: fts5[39m

[90mstderr[2m | src/memory/manager.batch.test.ts[2m > [22m[2mmemory indexing with OpenAI batches[2m > [22m[2mretries OpenAI batch create on 
transient failures
[22m[39m[31m[memory][39m [33mfts unavailable: no such module: fts5[39m

[90mstderr[2m | src/memory/manager.batch.test.ts[2m > [22m[2mmemory indexing with OpenAI batches[2m > [22m[2mretries OpenAI batch create on 
transient failures
[22m[39m[31m[memory][39m [33mfts unavailable: no such module: fts5[39m

[90mstderr[2m | src/memory/manager.batch.test.ts[2m > [22m[2mmemory indexing with OpenAI batches[2m > [22m[2mfalls back to non-batch on failure and 
resets failures after success
[22m[39m[31m[memory][39m [33mfts unavailable: no such module: fts5[39m

[90mstderr[2m | src/memory/manager.batch.test.ts[2m > [22m[2mmemory indexing with OpenAI batches[2m > [22m[2mfalls back to non-batch on failure and 
resets failures after success
[22m[39m[31m[memory][39m [33mfts unavailable: no such module: fts5[39m

[90mstderr[2m | src/memory/manager.batch.test.ts[2m > [22m[2mmemory indexing with OpenAI batches[2m > [22m[2mfalls back to non-batch on failure and 
resets failures after success
[22m[39m[31m[memory][39m [33membeddings: openai batch failed (1/2); keeping batch enabled; falling back to non-batch embeddings: openai batch create 
failed: 500 batch failed[39m

[90mstderr[2m | src/memory/manager.batch.test.ts[2m > [22m[2mmemory indexing with OpenAI batches[2m > [22m[2mfalls back to non-batch on failure and 
resets failures after success
[22m[39m[31m[memory][39m [33mfts unavailable: no such module: fts5[39m

 [32mΓ£ô[39m src/config/config.pruning-defaults.test.ts [2m([22m[2m4 tests[22m[2m)[22m[33m 1525[2mms[22m[39m
     [33m[2mΓ£ô[22m[39m does not enable contextPruning by default [33m 414[2mms[22m[39m
     [33m[2mΓ£ô[22m[39m enables cache-ttl pruning + 1h heartbeat for Anthropic OAuth [33m 422[2mms[22m[39m
     [33m[2mΓ£ô[22m[39m enables cache-ttl pruning + 1h cache TTL for Anthropic API keys [33m 346[2mms[22m[39m
     [33m[2mΓ£ô[22m[39m does not override explicit contextPruning mode [33m 336[2mms[22m[39m
[90mstderr[2m | src/memory/manager.batch.test.ts[2m > [22m[2mmemory indexing with OpenAI batches[2m > [22m[2mfalls back to non-batch on failure and 
resets failures after success
[22m[39m[31m[memory][39m [33mfts unavailable: no such module: fts5[39m

[90mstderr[2m | src/memory/manager.batch.test.ts[2m > [22m[2mmemory indexing with OpenAI batches[2m > [22m[2mfalls back to non-batch on failure and 
resets failures after success
[22m[39m[31m[memory][39m [33mfts unavailable: no such module: fts5[39m

[90mstderr[2m | src/memory/manager.batch.test.ts[2m > [22m[2mmemory indexing with OpenAI batches[2m > [22m[2mdisables batch after repeated failures 
and skips batch thereafter
[22m[39m[31m[memory][39m [33mfts unavailable: no such module: fts5[39m

[90mstderr[2m | src/memory/manager.batch.test.ts[2m > [22m[2mmemory indexing with OpenAI batches[2m > [22m[2mdisables batch after repeated failures 
and skips batch thereafter
[22m[39m[31m[memory][39m [33mfts unavailable: no such module: fts5[39m

[90mstderr[2m | src/memory/manager.batch.test.ts[2m > [22m[2mmemory indexing with OpenAI batches[2m > [22m[2mdisables batch after repeated failures 
and skips batch thereafter
[22m[39m[31m[memory][39m [33membeddings: openai batch failed (1/2); keeping batch enabled; falling back to non-batch embeddings: openai batch create 
failed: 500 batch failed[39m

[90mstderr[2m | src/memory/manager.batch.test.ts[2m > [22m[2mmemory indexing with OpenAI batches[2m > [22m[2mdisables batch after repeated failures 
and skips batch thereafter
[22m[39m[31m[memory][39m [33mfts unavailable: no such module: fts5[39m

[90mstderr[2m | src/memory/manager.batch.test.ts[2m > [22m[2mmemory indexing with OpenAI batches[2m > [22m[2mdisables batch after repeated failures 
and skips batch thereafter
[22m[39m[31m[memory][39m [33mfts unavailable: no such module: fts5[39m

[90mstderr[2m | src/memory/manager.batch.test.ts[2m > [22m[2mmemory indexing with OpenAI batches[2m > [22m[2mdisables batch after repeated failures 
and skips batch thereafter
[22m[39m[31m[memory][39m [33membeddings: openai batch failed (2/2); disabling batch; falling back to non-batch embeddings: openai batch create failed: 
500 batch failed[39m

[90mstderr[2m | src/memory/manager.batch.test.ts[2m > [22m[2mmemory indexing with OpenAI batches[2m > [22m[2mdisables batch after repeated failures 
and skips batch thereafter
[22m[39m[31m[memory][39m [33mfts unavailable: no such module: fts5[39m

[90mstderr[2m | src/memory/manager.batch.test.ts[2m > [22m[2mmemory indexing with OpenAI batches[2m > [22m[2mdisables batch after repeated failures 
and skips batch thereafter
[22m[39m[31m[memory][39m [33mfts unavailable: no such module: fts5[39m

 [32mΓ£ô[39m src/cli/skills-cli.test.ts [2m([22m[2m13 tests[22m[2m)[22m[33m 1718[2mms[22m[39m
       [33m[2mΓ£ô[22m[39m loads bundled skills and formats them [33m 870[2mms[22m[39m
       [33m[2mΓ£ô[22m[39m formats info for a real bundled skill (peekaboo) [33m 808[2mms[22m[39m
[90mstderr[2m | src/memory/manager.batch.test.ts[2m > [22m[2mmemory indexing with OpenAI batches[2m > [22m[2mdisables batch after repeated failures 
and skips batch thereafter
[22m[39m[31m[memory][39m [33mfts unavailable: no such module: fts5[39m

 [32mΓ£ô[39m src/memory/manager.batch.test.ts [2m([22m[2m4 tests[22m[2m)[22m[33m 1499[2mms[22m[39m
     [33m[2mΓ£ô[22m[39m uses OpenAI batch uploads when enabled [33m 304[2mms[22m[39m
     [33m[2mΓ£ô[22m[39m falls back to non-batch on failure and resets failures after success [33m 386[2mms[22m[39m
     [33m[2mΓ£ô[22m[39m disables batch after repeated failures and skips batch thereafter [33m 561[2mms[22m[39m
 [32mΓ£ô[39m src/agents/skills.build-workspace-skills-prompt.prefers-workspace-skills-managed-skills.test.ts [2m([22m[2m3 tests[22m[2m)[22m[33m 1663[2mms[22m[39m
     [33m[2mΓ£ô[22m[39m gates by bins, config, and always [33m 1082[2mms[22m[39m
     [33m[2mΓ£ô[22m[39m uses skillKey for config lookups [33m 441[2mms[22m[39m
 [32mΓ£ô[39m src/agents/subagent-registry.persistence.test.ts [2m([22m[2m4 tests[22m[2m)[22m[33m 1375[2mms[22m[39m
     [33m[2mΓ£ô[22m[39m persists runs to disk and resumes after restart [33m 608[2mms[22m[39m
     [33m[2mΓ£ô[22m[39m retries cleanup announce after a failed announce [33m 468[2mms[22m[39m
 [32mΓ£ô[39m src/browser/pw-tools-core.clamps-timeoutms-scrollintoview.test.ts [2m([22m[2m6 tests[22m[2m)[22m[33m 1327[2mms[22m[39m
     [33m[2mΓ£ô[22m[39m clamps timeoutMs for scrollIntoView [33m 1305[2mms[22m[39m
 [32mΓ£ô[39m src/browser/pw-tools-core.waits-next-download-saves-it.test.ts [2m([22m[2m5 tests[22m[2m)[22m[33m 1387[2mms[22m[39m
     [33m[2mΓ£ô[22m[39m waits for the next download and saves it [33m 1361[2mms[22m[39m
 [32mΓ£ô[39m src/browser/pw-tools-core.screenshots-element-selector.test.ts [2m([22m[2m5 tests[22m[2m)[22m[33m 1377[2mms[22m[39m
     [33m[2mΓ£ô[22m[39m screenshots an element selector [33m 1352[2mms[22m[39m
 [32mΓ£ô[39m src/config/config.env-vars.test.ts [2m([22m[2m3 tests[22m[2m)[22m[33m 1165[2mms[22m[39m
     [33m[2mΓ£ô[22m[39m applies env vars from env block when missing [33m 418[2mms[22m[39m
     [33m[2mΓ£ô[22m[39m does not override existing env vars [33m 404[2mms[22m[39m
     [33m[2mΓ£ô[22m[39m applies env vars from env.vars when missing [33m 337[2mms[22m[39m
 [32mΓ£ô[39m src/agents/system-prompt-params.test.ts [2m([22m[2m5 tests[22m[2m)[22m[33m 1114[2mms[22m[39m
     [33m[2mΓ£ô[22m[39m detects repo root from workspaceDir [33m 1073[2mms[22m[39m
[90mstdout[2m | src/agents/claude-cli-runner.test.ts[2m > [22m[2mrunClaudeCliAgent[2m > [22m[2mstarts a new session with --session-id when none is provided
[22m[39m[32m[agent/claude-cli][39m [36mcli exec: provider=claude-cli model=opus promptChars=2[39m

[90mstdout[2m | src/agents/claude-cli-runner.test.ts[2m > [22m[2mrunClaudeCliAgent[2m > [22m[2muses --resume when a claude session id is provided
[22m[39m[32m[agent/claude-cli][39m [36mcli exec: provider=claude-cli model=opus promptChars=2[39m

[90mstdout[2m | src/agents/claude-cli-runner.test.ts[2m > [22m[2mrunClaudeCliAgent[2m > [22m[2mserializes concurrent claude-cli runs
[22m[39m[32m[agent/claude-cli][39m [36mcli exec: provider=claude-cli model=opus promptChars=5[39m

[90mstdout[2m | src/agents/claude-cli-runner.test.ts[2m > [22m[2mrunClaudeCliAgent[2m > [22m[2mserializes concurrent claude-cli runs
[22m[39m[32m[agent/claude-cli][39m [36mcli exec: provider=claude-cli model=opus promptChars=6[39m

 [32mΓ£ô[39m src/agents/claude-cli-runner.test.ts [2m([22m[2m3 tests[22m[2m)[22m[33m 1169[2mms[22m[39m
     [33m[2mΓ£ô[22m[39m starts a new session with --session-id when none is provided [33m 1110[2mms[22m[39m
 [32mΓ£ô[39m src/auto-reply/skill-commands.test.ts [2m([22m[2m5 tests[22m[2m)[22m[33m 1350[2mms[22m[39m
     [33m[2mΓ£ô[22m[39m merges command names across agents and de-duplicates [33m 1332[2mms[22m[39m
[90mstdout[2m | src/telegram/bot.create-telegram-bot.dedupes-duplicate-callback-query-updates-by-update.test.ts[2m > [22m[2mcreateTelegramBot[2m > [22m[2mdedupes duplicate callback_query updates by update_id
[22m[39m[34m[telegram][39m [36mautoSelectFamily=false (default-node22)[39m

 [32mΓ£ô[39m src/telegram/bot.create-telegram-bot.dedupes-duplicate-callback-query-updates-by-update.test.ts [2m([22m[2m2 tests[22m[2m)[22m[33m 1356[2mms[22m[39m
     [33m[2mΓ£ô[22m[39m dedupes duplicate callback_query updates by update_id [33m 849[2mms[22m[39m
     [33m[2mΓ£ô[22m[39m allows distinct callback_query ids without update_id [33m 498[2mms[22m[39m
 [32mΓ£ô[39m src/auto-reply/reply.heartbeat-typing.test.ts [2m([22m[2m2 tests[22m[2m)[22m[33m 1248[2mms[22m[39m
     [33m[2mΓ£ô[22m[39m starts typing for normal runs [33m 736[2mms[22m[39m
     [33m[2mΓ£ô[22m[39m does not start typing for heartbeat runs [33m 505[2mms[22m[39m
[90mstdout[2m | src/browser/server.agent-contract-form-layout-act-commands.test.ts[2m > [22m[2mbrowser control server[2m > [22m[2magent contract: form + layout act commands
[22m[39m[36m[browser/server][39m [36mBrowser control listening on http://127.0.0.1:57233/[39m

[90mstdout[2m | src/browser/server.agent-contract-form-layout-act-commands.test.ts[2m > [22m[2mbrowser control server[2m > [22m[2mblocks act:evaluate when browser.evaluateEnabled=false
[22m[39m[36m[browser/server][39m [36mBrowser control listening on http://127.0.0.1:57236/[39m

[90mstdout[2m | src/browser/server.agent-contract-form-layout-act-commands.test.ts[2m > [22m[2mbrowser control server[2m > [22m[2magent contract: hooks + response + downloads + screenshot
[22m[39m[36m[browser/server][39m [36mBrowser control listening on http://127.0.0.1:57239/[39m

[90mstdout[2m | src/browser/server.agent-contract-form-layout-act-commands.test.ts[2m > [22m[2mbrowser control server[2m > [22m[2magent contract: stop endpoint
[22m[39m[36m[browser/server][39m [36mBrowser control listening on http://127.0.0.1:57242/[39m

 [32mΓ£ô[39m src/browser/server.agent-contract-form-layout-act-commands.test.ts [2m([22m[2m4 tests[22m[2m)[22m[33m 919[2mms[22m[39m
     [33m[2mΓ£ô[22m[39m agent contract: form + layout act commands [33m 711[2mms[22m[39m
 [32mΓ£ô[39m src/agents/openclaw-tools.session-status.test.ts [2m([22m[2m7 tests[22m[2m)[22m[33m 1116[2mms[22m[39m
     [33m[2mΓ£ô[22m[39m returns a status card for the current session [33m 1060[2mms[22m[39m
 [32mΓ£ô[39m src/security/fix.test.ts [2m([22m[2m5 tests[22m[2m)[22m[33m 1249[2mms[22m[39m
     [33m[2mΓ£ô[22m[39m tightens groupPolicy + filesystem perms [33m 326[2mms[22m[39m
     [33m[2mΓ£ô[22m[39m tightens perms for credentials + agent auth/sessions + include files [33m 492[2mms[22m[39m
[90mstdout[2m | src/browser/server.serves-status-starts-browser-requested.test.ts[2m > [22m[2mbrowser control server[2m > [22m[2mserves status + starts browser when requested
[22m[39m[36m[browser/server][39m [36mBrowser control listening on http://127.0.0.1:57245/[39m

[90mstdout[2m | src/browser/server.serves-status-starts-browser-requested.test.ts[2m > [22m[2mbrowser control server[2m > [22m[2mhandles tabs: list, open, focus conflict on ambiguous prefix
[22m[39m[36m[browser/server][39m [36mBrowser control listening on http://127.0.0.1:57248/[39m

 [32mΓ£ô[39m src/browser/server.serves-status-starts-browser-requested.test.ts [2m([22m[2m2 tests[22m[2m)[22m[33m 944[2mms[22m[39m
     [33m[2mΓ£ô[22m[39m serves status + starts browser when requested [33m 854[2mms[22m[39m
[90mstdout[2m | src/agents/cli-runner.test.ts[2m > [22m[2mrunCliAgent resume cleanup[2m > [22m[2mkills stale resume processes for codex sessions
[22m[39m[32m[agent/claude-cli][39m [36mcli exec: provider=codex-cli model=gpt-5.2-codex promptChars=2[39m

 [32mΓ£ô[39m src/agents/cli-runner.test.ts [2m([22m[2m4 tests[22m[2m)[22m[33m 1097[2mms[22m[39m
     [33m[2mΓ£ô[22m[39m kills stale resume processes for codex sessions [33m 1083[2mms[22m[39m
[90mstdout[2m | src/browser/server.covers-additional-endpoint-branches.test.ts[2m > [22m[2mbrowser control server[2m > [22m[2mcovers additional endpoint branches
[22m[39m[36m[browser/server][39m [36mBrowser control listening on http://127.0.0.1:57251/[39m

[90mstdout[2m | src/browser/server.covers-additional-endpoint-branches.test.ts[2m > [22m[2mbackward compatibility (profile parameter)[2m > [22m[2mGET / without profile uses default profile
[22m[39m[36m[browser/server][39m [36mBrowser control listening on http://127.0.0.1:57254/[39m

[90mstdout[2m | src/browser/server.covers-additional-endpoint-branches.test.ts[2m > [22m[2mbackward compatibility (profile parameter)[2m > [22m[2mPOST /start without profile uses default profile
[22m[39m[36m[browser/server][39m [36mBrowser control listening on http://127.0.0.1:57256/[39m

[90mstdout[2m | src/browser/server.covers-additional-endpoint-branches.test.ts[2m > [22m[2mbackward compatibility (profile parameter)[2m > [22m[2mPOST /stop without profile uses default profile
[22m[39m[36m[browser/server][39m [36mBrowser control listening on http://127.0.0.1:57258/[39m

[90mstdout[2m | src/browser/server.covers-additional-endpoint-branches.test.ts[2m > [22m[2mbackward compatibility (profile parameter)[2m > [22m[2mGET /tabs without profile uses default profile
[22m[39m[36m[browser/server][39m [36mBrowser control listening on http://127.0.0.1:57261/[39m

[90mstdout[2m | src/browser/server.covers-additional-endpoint-branches.test.ts[2m > [22m[2mbackward compatibility (profile parameter)[2m > [22m[2mPOST /tabs/open without profile uses default profile
[22m[39m[36m[browser/server][39m [36mBrowser control listening on http://127.0.0.1:57264/[39m

[90mstdout[2m | src/browser/server.covers-additional-endpoint-branches.test.ts[2m > [22m[2mbackward compatibility (profile parameter)[2m > [22m[2mGET /profiles returns list of profiles
[22m[39m[36m[browser/server][39m [36mBrowser control listening on http://127.0.0.1:57267/[39m

[90mstdout[2m | src/browser/server.covers-additional-endpoint-branches.test.ts[2m > [22m[2mbackward compatibility (profile parameter)[2m > [22m[2mGET /tabs?profile=openclaw returns tabs for specified profile
[22m[39m[36m[browser/server][39m [36mBrowser control listening on http://127.0.0.1:57269/[39m

[90mstdout[2m | src/browser/server.covers-additional-endpoint-branches.test.ts[2m > [22m[2mbackward compatibility (profile parameter)[2m > [22m[2mPOST /tabs/open?profile=openclaw opens tab in specified profile
[22m[39m[36m[browser/server][39m [36mBrowser control listening on http://127.0.0.1:57272/[39m

[90mstdout[2m | src/browser/server.covers-additional-endpoint-branches.test.ts[2m > [22m[2mbackward compatibility (profile parameter)[2m > [22m[2mGET /tabs?profile=unknown returns 404
[22m[39m[36m[browser/server][39m [36mBrowser control listening on http://127.0.0.1:57275/[39m

 [32mΓ£ô[39m src/browser/server.covers-additional-endpoint-branches.test.ts [2m([22m[2m10 tests[22m[2m)[22m[33m 1090[2mms[22m[39m
     [33m[2mΓ£ô[22m[39m covers additional endpoint branches [33m 748[2mms[22m[39m
 [32mΓ£ô[39m src/agents/models-config.skips-writing-models-json-no-env-token.test.ts [2m([22m[2m4 tests[22m[2m)[22m[33m 1169[2mms[22m[39m
     [33m[2mΓ£ô[22m[39m adds minimax provider when MINIMAX_API_KEY is set [33m 304[2mms[22m[39m
 [32mΓ£ô[39m src/web/logout.test.ts [2m([22m[2m3 tests[22m[2m)[22m[33m 942[2mms[22m[39m
     [33m[2mΓ£ô[22m[39m deletes cached credentials when present [33m 890[2mms[22m[39m
[90mstdout[2m | src/browser/server.skips-default-maxchars-explicitly-set-zero.test.ts[2m > [22m[2mbrowser control server[2m > [22m[2mskips default maxChars when explicitly set to zero
[22m[39m[36m[browser/server][39m [36mBrowser control listening on http://127.0.0.1:57278/[39m

[90mstdout[2m | src/browser/server.skips-default-maxchars-explicitly-set-zero.test.ts[2m > [22m[2mbrowser control server[2m > [22m[2mvalidates agent inputs (agent routes)
[22m[39m[36m[browser/server][39m [36mBrowser control listening on http://127.0.0.1:57281/[39m

[90mstdout[2m | src/browser/server.skips-default-maxchars-explicitly-set-zero.test.ts[2m > [22m[2mbrowser control server[2m > [22m[2mcovers common error branches
[22m[39m[36m[browser/server][39m [36mBrowser control listening on http://127.0.0.1:57284/[39m

[90mstdout[2m | src/browser/server.skips-default-maxchars-explicitly-set-zero.test.ts[2m > [22m[2mbrowser control server[2m > [22m[2mopens tabs via CDP createTarget path
[22m[39m[36m[browser/server][39m [36mBrowser control listening on http://127.0.0.1:57291/[39m

 [32mΓ£ô[39m src/browser/server.skips-default-maxchars-explicitly-set-zero.test.ts [2m([22m[2m5 tests[22m[2m)[22m[33m 1036[2mms[22m[39m
     [33m[2mΓ£ô[22m[39m skips default maxChars when explicitly set to zero [33m 661[2mms[22m[39m
 [32mΓ£ô[39m src/tui/theme/theme.test.ts [2m([22m[2m10 tests[22m[2m)[22m[33m 1045[2mms[22m[39m
       [33m[2mΓ£ô[22m[39m should handle unknown languages gracefully [33m 890[2mms[22m[39m
 [32mΓ£ô[39m src/cli/program/register.subclis.test.ts [2m([22m[2m4 tests[22m[2m)[22m[33m 972[2mms[22m[39m
     [33m[2mΓ£ô[22m[39m replaces placeholder when registering a subcommand by name [33m 914[2mms[22m[39m
[90mstdout[2m | src/browser/server.post-tabs-open-profile-unknown-returns-404.test.ts[2m > [22m[2mbrowser control server[2m > [22m[2mPOST /tabs/open?profile=unknown returns 404
[22m[39m[36m[browser/server][39m [36mBrowser control listening on http://127.0.0.1:57294/[39m

[90mstdout[2m | src/browser/server.post-tabs-open-profile-unknown-returns-404.test.ts[2m > [22m[2mprofile CRUD endpoints[2m > [22m[2mPOST /profiles/create returns 400 for missing name
[22m[39m[36m[browser/server][39m [36mBrowser control listening on http://127.0.0.1:57296/[39m

[90mstdout[2m | src/browser/server.post-tabs-open-profile-unknown-returns-404.test.ts[2m > [22m[2mprofile CRUD endpoints[2m > [22m[2mPOST /profiles/create returns 400 for invalid name format
[22m[39m[36m[browser/server][39m [36mBrowser control listening on http://127.0.0.1:57298/[39m

[90mstdout[2m | src/browser/server.post-tabs-open-profile-unknown-returns-404.test.ts[2m > [22m[2mprofile CRUD endpoints[2m > [22m[2mPOST /profiles/create returns 409 for duplicate name
[22m[39m[36m[browser/server][39m [36mBrowser control listening on http://127.0.0.1:57300/[39m

[90mstdout[2m | src/browser/server.post-tabs-open-profile-unknown-returns-404.test.ts[2m > [22m[2mprofile CRUD endpoints[2m > [22m[2mPOST /profiles/create accepts cdpUrl for remote profiles
[22m[39m[36m[browser/server][39m [36mBrowser control listening on http://127.0.0.1:57302/[39m

[90mstdout[2m | src/browser/server.post-tabs-open-profile-unknown-returns-404.test.ts[2m > [22m[2mprofile CRUD endpoints[2m > [22m[2mPOST /profiles/create returns 400 for invalid cdpUrl
[22m[39m[36m[browser/server][39m [36mBrowser control listening on http://127.0.0.1:57304/[39m

[90mstdout[2m | src/browser/server.post-tabs-open-profile-unknown-returns-404.test.ts[2m > [22m[2mprofile CRUD endpoints[2m > [22m[2mDELETE /profiles/:name returns 404 for non-existent profile
[22m[39m[36m[browser/server][39m [36mBrowser control listening on http://127.0.0.1:57306/[39m

[90mstdout[2m | src/browser/server.post-tabs-open-profile-unknown-returns-404.test.ts[2m > [22m[2mprofile CRUD endpoints[2m > [22m[2mDELETE /profiles/:name returns 400 for default profile deletion
[22m[39m[36m[browser/server][39m [36mBrowser control listening on http://127.0.0.1:57308/[39m

[90mstdout[2m | src/browser/server.post-tabs-open-profile-unknown-returns-404.test.ts[2m > [22m[2mprofile CRUD endpoints[2m > [22m[2mDELETE /profiles/:name returns 400 for invalid name format
[22m[39m[36m[browser/server][39m [36mBrowser control listening on http://127.0.0.1:57310/[39m

 [32mΓ£ô[39m src/browser/server.post-tabs-open-profile-unknown-returns-404.test.ts [2m([22m[2m9 tests[22m[2m)[22m[33m 922[2mms[22m[39m
     [33m[2mΓ£ô[22m[39m POST /tabs/open?profile=unknown returns 404 [33m 678[2mms[22m[39m
 [32mΓ£ô[39m src/cli/update-cli.test.ts [2m([22m[2m20 tests[22m[2m)[22m[33m 919[2mms[22m[39m
     [33m[2mΓ£ô[22m[39m exports updateCommand and registerUpdateCli [33m 365[2mms[22m[39m
[90mstdout[2m | src/signal/monitor.tool-result.pairs-uuid-only-senders-uuid-allowlist-entry.test.ts[2m > [22m[2mmonitorSignalProvider tool results[2m > [22m[2mreconnects after stream errors until aborted
[22m[39mSignal SSE connection lost, reconnecting in 1s...

[90mstderr[2m | src/signal/monitor.tool-result.pairs-uuid-only-senders-uuid-allowlist-entry.test.ts[2m > [22m[2mmonitorSignalProvider tool results[2m 
> [22m[2mreconnects after stream errors until aborted
[22m[39mSignal SSE stream error: Error: stream dropped

 [32mΓ£ô[39m src/config/config.broadcast.test.ts [2m([22m[2m3 tests[22m[2m)[22m[33m 859[2mms[22m[39m
     [33m[2mΓ£ô[22m[39m accepts a broadcast peer map with strategy [33m 314[2mms[22m[39m
     [33m[2mΓ£ô[22m[39m rejects invalid broadcast strategy [33m 308[2mms[22m[39m
 [32mΓ£ô[39m src/signal/monitor.tool-result.pairs-uuid-only-senders-uuid-allowlist-entry.test.ts [2m([22m[2m2 tests[22m[2m)[22m[33m 1057[2mms[22m[39m
     [33m[2mΓ£ô[22m[39m reconnects after stream errors until aborted [33m 1021[2mms[22m[39m
 [32mΓ£ô[39m src/cli/cron-cli.test.ts [2m([22m[2m12 tests[22m[2m)[22m[33m 687[2mms[22m[39m
     [33m[2mΓ£ô[22m[39m trims model and thinking on cron add [33m 646[2mms[22m[39m
 [32mΓ£ô[39m src/cli/gateway.sigterm.test.ts [2m([22m[2m1 test[22m[2m)[22m[33m 755[2mms[22m[39m
     [33m[2mΓ£ô[22m[39m exits 0 on SIGTERM [33m 748[2mms[22m[39m
 [32mΓ£ô[39m src/config/config.compaction-settings.test.ts [2m([22m[2m2 tests[22m[2m)[22m[33m 848[2mms[22m[39m
     [33m[2mΓ£ô[22m[39m preserves memory flush config values [33m 441[2mms[22m[39m
     [33m[2mΓ£ô[22m[39m defaults compaction mode to safeguard [33m 400[2mms[22m[39m
[90mstderr[2m | src/plugins/loader.test.ts[2m > [22m[2mloadOpenClawPlugins[2m > [22m[2mfails fast on invalid plugin config
[22m[39m[35m[plugins][39m [31mconfigurable invalid config: <root>: must be object[39m

 [32mΓ£ô[39m src/plugins/loader.test.ts [2m([22m[2m14 tests[22m[2m)[22m[33m 1010[2mms[22m[39m
     [33m[2mΓ£ô[22m[39m disables bundled plugins by default [33m 405[2mms[22m[39m
 [31mΓ¥»[39m src/cli/program.smoke.test.ts [2m([22m[2m13 tests[22m[2m | [22m[31m1 failed[39m[2m)[22m[33m 290841[2mms[22m[39m
[31m     [31m├ù[31m runs message with required options[39m[33m 289768[2mms[22m[39m
     [32mΓ£ô[39m runs message react with signal author fields[32m 29[2mms[22m[39m
     [32mΓ£ô[39m runs status command[32m 29[2mms[22m[39m
     [32mΓ£ô[39m registers memory command[32m 32[2mms[22m[39m
     [32mΓ£ô[39m runs tui without overriding timeout[32m 116[2mms[22m[39m
     [32mΓ£ô[39m runs tui with explicit timeout override[32m 40[2mms[22m[39m
     [32mΓ£ô[39m warns and ignores invalid tui timeout override[32m 80[2mms[22m[39m
     [32mΓ£ô[39m runs config alias as configure[32m 27[2mms[22m[39m
     [32mΓ£ô[39m runs setup without wizard flags[32m 36[2mms[22m[39m
     [32mΓ£ô[39m runs setup wizard when wizard flags are present[32m 35[2mms[22m[39m
     [32mΓ£ô[39m passes auth api keys to onboard[32m 157[2mms[22m[39m
     [33m[2mΓ£ô[22m[39m runs channels login [33m 393[2mms[22m[39m
     [32mΓ£ô[39m runs channels logout[32m 89[2mms[22m[39m
[90mstdout[2m | src/web/auto-reply.web-auto-reply.falls-back-text-media-send-fails.test.ts[2m > [22m[2mweb auto-reply[2m > [22m[2mfalls back to text when media send fails
[22m[39m[35m[whatsapp][39m [36mListening for personal WhatsApp inbound messages.[39m

[90mstdout[2m | src/web/auto-reply.web-auto-reply.falls-back-text-media-send-fails.test.ts[2m > [22m[2mweb auto-reply[2m > [22m[2mfalls back to text when media send fails
[22m[39m[35m[whatsapp][39m [36mInbound message +1 -> +2 (undefined, 19 chars)[39m

[90mstderr[2m | src/web/auto-reply.web-auto-reply.falls-back-text-media-send-fails.test.ts[2m > [22m[2mweb auto-reply[2m > [22m[2mfalls back to 
text when media send fails
[22m[39m[35m[whatsapp][39m [31mFailed sending web media to +1: boom[39m
[35m[whatsapp][39m [33mMedia skipped; sent text-only to +1[39m

[90mstdout[2m | src/web/auto-reply.web-auto-reply.falls-back-text-media-send-fails.test.ts[2m > [22m[2mweb auto-reply[2m > [22m[2mfalls back to text when media send fails
[22m[39m[35m[whatsapp][39m [36mAuto-replied to +1 (media)[39m

[90mstdout[2m | src/web/auto-reply.web-auto-reply.falls-back-text-media-send-fails.test.ts[2m > [22m[2mweb auto-reply[2m > [22m[2mreturns a warning when remote media fetch 404s
[22m[39m[35m[whatsapp][39m [36mListening for personal WhatsApp inbound messages.[39m

[90mstdout[2m | src/web/auto-reply.web-auto-reply.falls-back-text-media-send-fails.test.ts[2m > [22m[2mweb auto-reply[2m > [22m[2mreturns a warning when remote media fetch 404s
[22m[39m[35m[whatsapp][39m [36mInbound message +1 -> +2 (undefined, 19 chars)[39m

[90mstderr[2m | src/web/auto-reply.web-auto-reply.falls-back-text-media-send-fails.test.ts[2m > [22m[2mweb auto-reply[2m > [22m[2mreturns a warning 
when remote media fetch 404s
[22m[39m[35m[whatsapp][39m [31mFailed sending web media to +1: Failed to fetch media from https://example.com/missing.jpg: HTTP 404; empty response 
body[39m
[35m[whatsapp][39m [33mMedia skipped; sent text-only to +1[39m

[90mstdout[2m | src/web/auto-reply.web-auto-reply.falls-back-text-media-send-fails.test.ts[2m > [22m[2mweb auto-reply[2m > [22m[2mreturns a warning when remote media fetch 404s
[22m[39m[35m[whatsapp][39m [36mAuto-replied to +1 (media)[39m

[90mstdout[2m | src/web/auto-reply.web-auto-reply.falls-back-text-media-send-fails.test.ts[2m > [22m[2mweb auto-reply[2m > [22m[2mcompresses media over 5MB and still sends it
[22m[39m[35m[whatsapp][39m [36mListening for personal WhatsApp inbound messages.[39m

[90mstdout[2m | src/web/auto-reply.web-auto-reply.falls-back-text-media-send-fails.test.ts[2m > [22m[2mweb auto-reply[2m > [22m[2mcompresses media over 5MB and still sends it
[22m[39m[35m[whatsapp][39m [36mInbound message +1 -> +2 (undefined, 19 chars)[39m

[90mstdout[2m | src/web/auto-reply.web-auto-reply.falls-back-text-media-send-fails.test.ts[2m > [22m[2mweb auto-reply[2m > [22m[2mcompresses media over 5MB and still sends it
[22m[39m[35m[whatsapp][39m [36mSent media reply to +1 (0.01MB)[39m

[90mstdout[2m | src/web/auto-reply.web-auto-reply.falls-back-text-media-send-fails.test.ts[2m > [22m[2mweb auto-reply[2m > [22m[2mcompresses media over 5MB and still sends it
[22m[39m[35m[whatsapp][39m [36mAuto-replied to +1 (media)[39m

 [32mΓ£ô[39m src/web/auto-reply.web-auto-reply.falls-back-text-media-send-fails.test.ts [2m([22m[2m3 tests[22m[2m)[22m[33m 929[2mms[22m[39m
     [33m[2mΓ£ô[22m[39m compresses media over 5MB and still sends it [33m 618[2mms[22m[39m
 [32mΓ£ô[39m src/line/bot-handlers.test.ts [2m([22m[2m4 tests[22m[2m)[22m[33m 681[2mms[22m[39m
 [31mΓ¥»[39m src/agents/pi-tools.workspace-paths.test.ts [2m([22m[2m6 tests[22m[2m | [22m[31m6 failed[39m[2m)[22m[33m 301197[2mms[22m[39m
[31m     [31m├ù[31m reads relative paths against workspaceDir even after cwd changes[39m[33m 300831[2mms[22m[39m
[31m     [31m├ù[31m writes relative paths against workspaceDir even after cwd changes[39m[32m 85[2mms[22m[39m
[31m     [31m├ù[31m edits relative paths against workspaceDir even after cwd changes[39m[32m 98[2mms[22m[39m
[31m     [31m├ù[31m defaults exec cwd to workspaceDir when workdir is omitted[39m[32m 60[2mms[22m[39m
[31m     [31m├ù[31m lets exec workdir override the workspace default[39m[32m 53[2mms[22m[39m
[31m     [31m├ù[31m uses sandbox workspace for relative read/write/edit[39m[32m 60[2mms[22m[39m
 [32mΓ£ô[39m src/channels/plugins/actions/discord.test.ts [2m([22m[2m6 tests[22m[2m)[22m[33m 722[2mms[22m[39m
     [33m[2mΓ£ô[22m[39m lists channel and upload actions by default [33m 694[2mms[22m[39m
 [32mΓ£ô[39m src/agents/models-config.falls-back-default-baseurl-token-exchange-fails.test.ts [2m([22m[2m2 tests[22m[2m)[22m[33m 713[2mms[22m[39m
     [33m[2mΓ£ô[22m[39m falls back to default baseUrl when token exchange fails [33m 331[2mms[22m[39m
     [33m[2mΓ£ô[22m[39m uses agentDir override auth profiles for copilot injection [33m 375[2mms[22m[39m
 [32mΓ£ô[39m src/config/config.talk-api-key-fallback.test.ts [2m([22m[2m2 tests[22m[2m)[22m[33m 669[2mms[22m[39m
     [33m[2mΓ£ô[22m[39m injects talk.apiKey from profile when config is missing [33m 320[2mms[22m[39m
     [33m[2mΓ£ô[22m[39m prefers ELEVENLABS_API_KEY env over profile [33m 342[2mms[22m[39m
 [32mΓ£ô[39m src/config/config.preservation-on-validation-failure.test.ts [2m([22m[2m2 tests[22m[2m)[22m[33m 667[2mms[22m[39m
     [33m[2mΓ£ô[22m[39m flags legacy config entries without auto-migrating [33m 406[2mms[22m[39m
[90mstderr[2m | src/plugins/tools.optional.test.ts[2m > [22m[2mresolvePluginTools optional tools[2m > [22m[2mrejects plugin id collisions with core 
tool names
[22m[39m[35m[plugins][39m [31mplugin id conflicts with core tool name (message)[39m

[90mstderr[2m | src/plugins/tools.optional.test.ts[2m > [22m[2mresolvePluginTools optional tools[2m > [22m[2mskips conflicting tool names but keeps 
other tools
[22m[39m[35m[plugins][39m [31mplugin tool name conflict (multi): message[39m

 [32mΓ£ô[39m src/plugins/tools.optional.test.ts [2m([22m[2m5 tests[22m[2m)[22m[33m 925[2mms[22m[39m
     [33m[2mΓ£ô[22m[39m skips optional tools without explicit allowlist [33m 516[2mms[22m[39m
 [32mΓ£ô[39m src/config/config.sandbox-docker.test.ts [2m([22m[2m2 tests[22m[2m)[22m[33m 638[2mms[22m[39m
     [33m[2mΓ£ô[22m[39m rejects non-string values in binds array [33m 351[2mms[22m[39m
 [32mΓ£ô[39m src/agents/models-config.auto-injects-github-copilot-provider-token-is.test.ts [2m([22m[2m2 tests[22m[2m)[22m[33m 825[2mms[22m[39m
     [33m[2mΓ£ô[22m[39m auto-injects github-copilot provider when token is present [33m 398[2mms[22m[39m
     [33m[2mΓ£ô[22m[39m prefers COPILOT_GITHUB_TOKEN over GH_TOKEN and GITHUB_TOKEN [33m 420[2mms[22m[39m
 [32mΓ£ô[39m src/cli/logs-cli.test.ts [2m([22m[2m2 tests[22m[2m)[22m[33m 657[2mms[22m[39m
     [33m[2mΓ£ô[22m[39m writes output directly to stdout/stderr [33m 647[2mms[22m[39m
 [32mΓ£ô[39m src/config/config.msteams.test.ts [2m([22m[2m2 tests[22m[2m)[22m[33m 641[2mms[22m[39m
     [33m[2mΓ£ô[22m[39m rejects invalid replyStyle [33m 349[2mms[22m[39m
 [32mΓ£ô[39m src/cli/exec-approvals-cli.test.ts [2m([22m[2m4 tests[22m[2m)[22m[33m 788[2mms[22m[39m
     [33m[2mΓ£ô[22m[39m loads local approvals by default [33m 760[2mms[22m[39m
 [32mΓ£ô[39m src/config/config.multi-agent-agentdir-validation.test.ts [2m([22m[2m2 tests[22m[2m)[22m[33m 848[2mms[22m[39m
     [33m[2mΓ£ô[22m[39m rejects shared agents.list agentDir [33m 314[2mms[22m[39m
     [33m[2mΓ£ô[22m[39m throws on shared agentDir during loadConfig() [33m 524[2mms[22m[39m
 [32mΓ£ô[39m src/agents/bash-tools.exec.path.test.ts [2m([22m[2m3 tests[22m[2m)[22m[33m 673[2mms[22m[39m
     [33m[2mΓ£ô[22m[39m blocks LD_/DYLD_ env vars on host execution [33m 657[2mms[22m[39m
 [32mΓ£ô[39m src/infra/ports.test.ts [2m([22m[2m4 tests[22m[2m)[22m[33m 661[2mms[22m[39m
     [33m[2mΓ£ô[22m[39m ensurePortAvailable rejects when port busy [33m 571[2mms[22m[39m
 [32mΓ£ô[39m src/security/audit.test.ts [2m([22m[2m40 tests[22m[2m)[22m[33m 732[2mms[22m[39m
 [32mΓ£ô[39m src/agents/models-config.fills-missing-provider-apikey-from-env-var.test.ts [2m([22m[2m2 tests[22m[2m)[22m[33m 608[2mms[22m[39m
     [33m[2mΓ£ô[22m[39m merges providers by default [33m 309[2mms[22m[39m
[90mstderr[2m | src/agents/tool-images.test.ts[2m > [22m[2mtool image sanitizing[2m > [22m[2mshrinks oversized images to <=5MB
[22m[39m[33m[agents/tool-images][39m [33mImage exceeds limits; resizing[39m

 [32mΓ£ô[39m src/config/config.gateway-remote-transport.test.ts [2m([22m[2m2 tests[22m[2m)[22m[33m 729[2mms[22m[39m
     [33m[2mΓ£ô[22m[39m rejects unknown transport [33m 431[2mms[22m[39m
[90mstdout[2m | src/agents/tool-images.test.ts[2m > [22m[2mtool image sanitizing[2m > [22m[2mshrinks oversized images to <=5MB
[22m[39m[33m[agents/tool-images][39m [36mImage resized[39m

[90mstderr[2m | src/agents/tool-images.test.ts[2m > [22m[2mtool image sanitizing[2m > [22m[2msanitizes image arrays and reports drops
[22m[39m[33m[agents/tool-images][39m [33mImage exceeds limits; resizing[39m

[90mstdout[2m | src/agents/tool-images.test.ts[2m > [22m[2mtool image sanitizing[2m > [22m[2msanitizes image arrays and reports drops
[22m[39m[33m[agents/tool-images][39m [36mImage resized[39m

[90mstderr[2m | src/agents/tool-images.test.ts[2m > [22m[2mtool image sanitizing[2m > [22m[2mshrinks images that exceed max dimension even if size 
is small
[22m[39m[33m[agents/tool-images][39m [33mImage exceeds limits; resizing[39m

[90mstdout[2m | src/agents/tool-images.test.ts[2m > [22m[2mtool image sanitizing[2m > [22m[2mshrinks images that exceed max dimension even if size is small
[22m[39m[33m[agents/tool-images][39m [36mImage resized[39m

 [32mΓ£ô[39m src/agents/tool-images.test.ts [2m([22m[2m4 tests[22m[2m)[22m[33m 844[2mms[22m[39m
     [33m[2mΓ£ô[22m[39m shrinks oversized images to <=5MB [33m 626[2mms[22m[39m
 [32mΓ£ô[39m src/agents/models-config.uses-first-github-copilot-profile-env-tokens.test.ts [2m([22m[2m2 tests[22m[2m)[22m[33m 638[2mms[22m[39m
     [33m[2mΓ£ô[22m[39m does not override explicit github-copilot provider config [33m 340[2mms[22m[39m
 [32mΓ£ô[39m src/hooks/install.test.ts [2m([22m[2m5 tests[22m[2m)[22m[33m 707[2mms[22m[39m
     [33m[2mΓ£ô[22m[39m installs hook packs from zip archives [33m 347[2mms[22m[39m
 [32mΓ£ô[39m src/agents/tools/web-tools.fetch.test.ts [2m([22m[2m10 tests[22m[2m)[22m[33m 595[2mms[22m[39m
     [33m[2mΓ£ô[22m[39m falls back to firecrawl when readability returns no content [33m 536[2mms[22m[39m
 [32mΓ£ô[39m src/infra/transport-ready.test.ts [2m([22m[2m3 tests[22m[2m)[22m[33m 647[2mms[22m[39m
     [33m[2mΓ£ô[22m[39m returns when the check succeeds and logs after the delay [33m 385[2mms[22m[39m
 [32mΓ£ô[39m src/providers/github-copilot-token.test.ts [2m([22m[2m3 tests[22m[2m)[22m[32m 40[2mms[22m[39m
[90mstdout[2m | src/web/login.test.ts[2m > [22m[2mweb login[2m > [22m[2mloginWeb waits for connection and closes
[22m[39mWaiting for WhatsApp connection...

[90mstdout[2m | src/web/login.test.ts[2m > [22m[2mweb login[2m > [22m[2mloginWeb waits for connection and closes
[22m[39mΓ£à Linked! Credentials saved for future sends.

 [32mΓ£ô[39m src/config/config.talk-voicealiases.test.ts [2m([22m[2m2 tests[22m[2m)[22m[33m 651[2mms[22m[39m
     [33m[2mΓ£ô[22m[39m rejects non-string voice alias values [33m 351[2mms[22m[39m
 [32mΓ£ô[39m src/web/login.test.ts [2m([22m[2m1 test[22m[2m)[22m[33m 605[2mms[22m[39m
     [33m[2mΓ£ô[22m[39m loginWeb waits for connection and closes [33m 598[2mms[22m[39m
 [32mΓ£ô[39m src/cli/program.nodes-media.test.ts [2m([22m[2m7 tests[22m[2m)[22m[33m 750[2mms[22m[39m
     [33m[2mΓ£ô[22m[39m runs nodes camera snap and prints two MEDIA paths [33m 410[2mms[22m[39m
 [32mΓ£ô[39m src/agents/tools/web-tools.readability.test.ts [2m([22m[2m2 tests[22m[2m)[22m[33m 649[2mms[22m[39m
     [33m[2mΓ£ô[22m[39m extracts readable text [33m 616[2mms[22m[39m
 [32mΓ£ô[39m src/imessage/send.test.ts [2m([22m[2m4 tests[22m[2m)[22m[33m 419[2mms[22m[39m
     [33m[2mΓ£ô[22m[39m sends to chat_id targets [33m 325[2mms[22m[39m
 [32mΓ£ô[39m src/infra/gateway-lock.test.ts [2m([22m[2m3 tests[22m[2m)[22m[33m 442[2mms[22m[39m
 [32mΓ£ô[39m src/auto-reply/status.test.ts [2m([22m[2m19 tests[22m[2m)[22m[33m 606[2mms[22m[39m
     [33m[2mΓ£ô[22m[39m prefers cached prompt tokens from the session log [33m 520[2mms[22m[39m
 [32mΓ£ô[39m src/process/child-process-bridge.test.ts [2m([22m[2m1 test[22m[2m)[22m[33m 527[2mms[22m[39m
     [33m[2mΓ£ô[22m[39m forwards SIGTERM to the wrapped child [33m 518[2mms[22m[39m
 [32mΓ£ô[39m src/config/config.agent-concurrency-defaults.test.ts [2m([22m[2m4 tests[22m[2m)[22m[33m 456[2mms[22m[39m
     [33m[2mΓ£ô[22m[39m injects defaults on load [33m 440[2mms[22m[39m
 [32mΓ£ô[39m src/infra/exec-approvals.test.ts [2m([22m[2m38 tests[22m[2m)[22m[33m 435[2mms[22m[39m
 [32mΓ£ô[39m src/agents/tools/image-tool.test.ts [2m([22m[2m14 tests[22m[2m)[22m[33m 596[2mms[22m[39m
     [33m[2mΓ£ô[22m[39m rewrites inbound absolute paths into sandbox media/inbound [33m 328[2mms[22m[39m
[90mstdout[2m | src/web/auto-reply.web-auto-reply.requires-mention-group-chats-injects-history-replying.test.ts[2m > [22m[2mweb auto-reply[2m > [22m[2mrequires mention in group chats and injects history when replying
[22m[39m[35m[whatsapp][39m [36mListening for personal WhatsApp inbound messages.[39m

[90mstdout[2m | src/web/auto-reply.web-auto-reply.requires-mention-group-chats-injects-history-replying.test.ts[2m > [22m[2mweb auto-reply[2m > [22m[2mrequires mention in group chats and injects history when replying
[22m[39m[35m[whatsapp][39m [36mInbound message 123@g.us -> +2 (group, 193 chars)[39m

[90mstdout[2m | src/web/auto-reply.web-auto-reply.requires-mention-group-chats-injects-history-replying.test.ts[2m > [22m[2mweb auto-reply[2m > [22m[2mrequires mention in group chats and injects history when replying
[22m[39m[35m[whatsapp][39m [36mAuto-replied to 123@g.us[39m

[90mstdout[2m | src/web/auto-reply.web-auto-reply.requires-mention-group-chats-injects-history-replying.test.ts[2m > [22m[2mweb auto-reply[2m > [22m[2mbypasses mention gating for owner /new in group chats
[22m[39m[35m[whatsapp][39m [36mListening for personal WhatsApp inbound messages.[39m

[90mstdout[2m | src/web/auto-reply.web-auto-reply.requires-mention-group-chats-injects-history-replying.test.ts[2m > [22m[2mweb auto-reply[2m > [22m[2mbypasses mention gating for owner /new in group chats
[22m[39m[35m[whatsapp][39m [36mInbound message 123@g.us -> +2 (group, 38 chars)[39m

[90mstdout[2m | src/web/auto-reply.web-auto-reply.requires-mention-group-chats-injects-history-replying.test.ts[2m > [22m[2mweb auto-reply[2m > [22m[2mbypasses mention gating for owner /new in group chats
[22m[39m[35m[whatsapp][39m [36mAuto-replied to 123@g.us[39m

[90mstdout[2m | src/web/auto-reply.web-auto-reply.requires-mention-group-chats-injects-history-replying.test.ts[2m > [22m[2mweb auto-reply[2m > [22m[2mdoes not bypass mention gating for non-owner /new in group chats
[22m[39m[35m[whatsapp][39m [36mListening for personal WhatsApp inbound messages.[39m

[90mstdout[2m | src/web/auto-reply.web-auto-reply.requires-mention-group-chats-injects-history-replying.test.ts[2m > [22m[2mweb auto-reply[2m > [22m[2mbypasses mention gating for owner /status in group chats
[22m[39m[35m[whatsapp][39m [36mListening for personal WhatsApp inbound messages.[39m

[90mstdout[2m | src/web/auto-reply.web-auto-reply.requires-mention-group-chats-injects-history-replying.test.ts[2m > [22m[2mweb auto-reply[2m > [22m[2mbypasses mention gating for owner /status in group chats
[22m[39m[35m[whatsapp][39m [36mInbound message 123@g.us -> +2 (group, 41 chars)[39m

[90mstdout[2m | src/web/auto-reply.web-auto-reply.requires-mention-group-chats-injects-history-replying.test.ts[2m > [22m[2mweb auto-reply[2m > [22m[2mbypasses mention gating for owner /status in group chats
[22m[39m[35m[whatsapp][39m [36mAuto-replied to 123@g.us[39m

[90mstdout[2m | src/web/auto-reply.web-auto-reply.requires-mention-group-chats-injects-history-replying.test.ts[2m > [22m[2mweb auto-reply[2m > [22m[2mpasses conversation id through as From for group replies
[22m[39m[35m[whatsapp][39m [36mListening for personal WhatsApp inbound messages.[39m

[90mstdout[2m | src/web/auto-reply.web-auto-reply.requires-mention-group-chats-injects-history-replying.test.ts[2m > [22m[2mweb auto-reply[2m > [22m[2mpasses conversation id through as From for group replies
[22m[39m[35m[whatsapp][39m [36mInbound message 123@g.us -> +2 (group, 41 chars)[39m

[90mstdout[2m | src/web/auto-reply.web-auto-reply.requires-mention-group-chats-injects-history-replying.test.ts[2m > [22m[2mweb auto-reply[2m > [22m[2mpasses conversation id through as From for group replies
[22m[39m[35m[whatsapp][39m [36mAuto-replied to 123@g.us[39m

[90mstdout[2m | src/web/auto-reply.web-auto-reply.requires-mention-group-chats-injects-history-replying.test.ts[2m > [22m[2mweb auto-reply[2m > [22m[2mdetects LID mentions using authDir mapping
[22m[39m[35m[whatsapp][39m [36mListening for personal WhatsApp inbound messages.[39m

[90mstdout[2m | src/web/auto-reply.web-auto-reply.requires-mention-group-chats-injects-history-replying.test.ts[2m > [22m[2mweb auto-reply[2m > [22m[2mdetects LID mentions using authDir mapping
[22m[39m[35m[whatsapp][39m [36mInbound message 123@g.us -> +2 (group, 193 chars)[39m

[90mstdout[2m | src/web/auto-reply.web-auto-reply.requires-mention-group-chats-injects-history-replying.test.ts[2m > [22m[2mweb auto-reply[2m > [22m[2mdetects LID mentions using authDir mapping
[22m[39m[35m[whatsapp][39m [36mAuto-replied to 123@g.us[39m

[90mstdout[2m | src/web/auto-reply.web-auto-reply.requires-mention-group-chats-injects-history-replying.test.ts[2m > [22m[2mweb auto-reply[2m > [22m[2mderives self E.164 from LID selfJid for mention gating
[22m[39m[35m[whatsapp][39m [36mListening for personal WhatsApp inbound messages.[39m

[90mstdout[2m | src/web/auto-reply.web-auto-reply.requires-mention-group-chats-injects-history-replying.test.ts[2m > [22m[2mweb auto-reply[2m > [22m[2mderives self E.164 from LID selfJid for mention gating
[22m[39m[35m[whatsapp][39m [36mInbound message 123@g.us -> +2 (group, 42 chars)[39m

[90mstdout[2m | src/web/auto-reply.web-auto-reply.requires-mention-group-chats-injects-history-replying.test.ts[2m > [22m[2mweb auto-reply[2m > [22m[2mderives self E.164 from LID selfJid for mention gating
[22m[39m[35m[whatsapp][39m [36mAuto-replied to 123@g.us[39m

[90mstdout[2m | src/web/auto-reply.web-auto-reply.requires-mention-group-chats-injects-history-replying.test.ts[2m > [22m[2mweb auto-reply[2m > [22m[2msets OriginatingTo to the sender for queued routing
[22m[39m[35m[whatsapp][39m [36mListening for personal WhatsApp inbound messages.[39m

[90mstdout[2m | src/web/auto-reply.web-auto-reply.requires-mention-group-chats-injects-history-replying.test.ts[2m > [22m[2mweb auto-reply[2m > [22m[2msets OriginatingTo to the sender for queued routing
[22m[39m[35m[whatsapp][39m [36mInbound message +15551234567 -> +19998887777 (undefined, 29 chars)[39m

[90mstdout[2m | src/web/auto-reply.web-auto-reply.requires-mention-group-chats-injects-history-replying.test.ts[2m > [22m[2mweb auto-reply[2m > [22m[2msets OriginatingTo to the sender for queued routing
[22m[39m[35m[whatsapp][39m [36mAuto-replied to +15551234567[39m

 [32mΓ£ô[39m src/web/auto-reply.web-auto-reply.requires-mention-group-chats-injects-history-replying.test.ts [2m([22m[2m8 tests[22m[2m)[22m[33m 586[2mms[22m[39m
 [32mΓ£ô[39m src/config/config.discord.test.ts [2m([22m[2m1 test[22m[2m)[22m[33m 580[2mms[22m[39m
     [33m[2mΓ£ô[22m[39m loads discord guild map + dm group settings [33m 570[2mms[22m[39m
 [32mΓ£ô[39m src/infra/tailscale.test.ts [2m([22m[2m10 tests[22m[2m)[22m[33m 370[2mms[22m[39m
 [32mΓ£ô[39m src/agents/session-tool-result-guard.tool-result-persist-hook.test.ts [2m([22m[2m2 tests[22m[2m)[22m[33m 444[2mms[22m[39m
     [33m[2mΓ£ô[22m[39m composes transforms in priority order and allows stripping toolResult.details [33m 423[2mms[22m[39m
 [32mΓ£ô[39m src/infra/heartbeat-runner.returns-default-unset.test.ts [2m([22m[2m29 tests[22m[2m)[22m[33m 483[2mms[22m[39m
[90mstderr[2m | src/memory/manager.atomic-reindex.test.ts[2m > [22m[2mmemory manager atomic reindex[2m > [22m[2mkeeps the prior index when a full 
reindex fails
[22m[39m[31m[memory][39m [33mfts unavailable: no such module: fts5[39m

[90mstderr[2m | src/memory/manager.atomic-reindex.test.ts[2m > [22m[2mmemory manager atomic reindex[2m > [22m[2mkeeps the prior index when a full 
reindex fails
[22m[39m[31m[memory][39m [33mfts unavailable: no such module: fts5[39m

[90mstderr[2m | src/memory/manager.atomic-reindex.test.ts[2m > [22m[2mmemory manager atomic reindex[2m > [22m[2mkeeps the prior index when a full 
reindex fails
[22m[39m[31m[memory][39m [33mfts unavailable: no such module: fts5[39m

[90mstderr[2m | src/memory/manager.atomic-reindex.test.ts[2m > [22m[2mmemory manager atomic reindex[2m > [22m[2mkeeps the prior index when a full 
reindex fails
[22m[39m[31m[memory][39m [33mfts unavailable: no such module: fts5[39m

 [32mΓ£ô[39m src/memory/manager.atomic-reindex.test.ts [2m([22m[2m1 test[22m[2m)[22m[33m 391[2mms[22m[39m
     [33m[2mΓ£ô[22m[39m keeps the prior index when a full reindex fails [33m 382[2mms[22m[39m
[90mstdout[2m | src/clarityburst/__tests__/deps.forbid_getPackForStage_imports_from_agents.tripwire.test.ts[2m > [22m[2mAgents Γå¢ getPackForStage from pack-registry Dependency Guard[2m > [22m[2msummary statistics[2m > [22m[2mshould report total files scanned
[22m[39m
getPackForStage dependency guard scanned 229 agent files (229 .ts, 0 .js/.mjs)

 [32mΓ£ô[39m src/commands/models/list.status.test.ts [2m([22m[2m5 tests[22m[2m)[22m[33m 471[2mms[22m[39m
     [33m[2mΓ£ô[22m[39m labels defaults when --agent has no overrides [33m 423[2mms[22m[39m
 [32mΓ£ô[39m src/clarityburst/__tests__/deps.forbid_getPackForStage_imports_from_agents.tripwire.test.ts [2m([22m[2m232 tests[22m[2m)[22m[33m 420[2mms[22m[39m
[90mstdout[2m | src/web/auto-reply.web-auto-reply.prefixes-body-same-phone-marker-from.test.ts[2m > [22m[2mweb auto-reply[2m > [22m[2mprefixes body with same-phone marker when from === to
[22m[39m[35m[whatsapp][39m [36mListening for personal WhatsApp inbound messages.[39m

[90mstdout[2m | src/web/auto-reply.web-auto-reply.prefixes-body-same-phone-marker-from.test.ts[2m > [22m[2mweb auto-reply[2m > [22m[2mprefixes body with same-phone marker when from === to
[22m[39m[35m[whatsapp][39m [36mInbound message +1555 -> +1555 (undefined, 35 chars)[39m

[90mstdout[2m | src/web/auto-reply.web-auto-reply.prefixes-body-same-phone-marker-from.test.ts[2m > [22m[2mweb auto-reply[2m > [22m[2mprefixes body with same-phone marker when from === to
[22m[39m[35m[whatsapp][39m [36mAuto-replied to +1555[39m

[90mstdout[2m | src/web/auto-reply.web-auto-reply.prefixes-body-same-phone-marker-from.test.ts[2m > [22m[2mweb auto-reply[2m > [22m[2mdoes not prefix body when from !== to
[22m[39m[35m[whatsapp][39m [36mListening for personal WhatsApp inbound messages.[39m

[90mstdout[2m | src/web/auto-reply.web-auto-reply.prefixes-body-same-phone-marker-from.test.ts[2m > [22m[2mweb auto-reply[2m > [22m[2mdoes not prefix body when from !== to
[22m[39m[35m[whatsapp][39m [36mInbound message +1555 -> +2666 (undefined, 22 chars)[39m

[90mstdout[2m | src/web/auto-reply.web-auto-reply.prefixes-body-same-phone-marker-from.test.ts[2m > [22m[2mweb auto-reply[2m > [22m[2mdoes not prefix body when from !== to
[22m[39m[35m[whatsapp][39m [36mAuto-replied to +1555[39m

[90mstdout[2m | src/web/auto-reply.web-auto-reply.prefixes-body-same-phone-marker-from.test.ts[2m > [22m[2mweb auto-reply[2m > [22m[2mforwards reply-to context to resolver
[22m[39m[35m[whatsapp][39m [36mListening for personal WhatsApp inbound messages.[39m

[90mstdout[2m | src/web/auto-reply.web-auto-reply.prefixes-body-same-phone-marker-from.test.ts[2m > [22m[2mweb auto-reply[2m > [22m[2mforwards reply-to context to resolver
[22m[39m[35m[whatsapp][39m [36mInbound message +1555 -> +2666 (undefined, 70 chars)[39m

[90mstdout[2m | src/web/auto-reply.web-auto-reply.prefixes-body-same-phone-marker-from.test.ts[2m > [22m[2mweb auto-reply[2m > [22m[2mforwards reply-to context to resolver
[22m[39m[35m[whatsapp][39m [36mAuto-replied to +1555[39m

[90mstdout[2m | src/web/auto-reply.web-auto-reply.prefixes-body-same-phone-marker-from.test.ts[2m > [22m[2mweb auto-reply[2m > [22m[2mapplies responsePrefix to regular replies
[22m[39m[35m[whatsapp][39m [36mListening for personal WhatsApp inbound messages.[39m

[90mstdout[2m | src/web/auto-reply.web-auto-reply.prefixes-body-same-phone-marker-from.test.ts[2m > [22m[2mweb auto-reply[2m > [22m[2mapplies responsePrefix to regular replies
[22m[39m[35m[whatsapp][39m [36mInbound message +1555 -> +2666 (undefined, 19 chars)[39m

[90mstdout[2m | src/web/auto-reply.web-auto-reply.prefixes-body-same-phone-marker-from.test.ts[2m > [22m[2mweb auto-reply[2m > [22m[2mapplies responsePrefix to regular replies
[22m[39m[35m[whatsapp][39m [36mAuto-replied to +1555[39m

[90mstdout[2m | src/web/auto-reply.web-auto-reply.prefixes-body-same-phone-marker-from.test.ts[2m > [22m[2mweb auto-reply[2m > [22m[2mdefaults responsePrefix for self-chat replies when unset
[22m[39m[35m[whatsapp][39m [36mListening for personal WhatsApp inbound messages.[39m

[90mstdout[2m | src/web/auto-reply.web-auto-reply.prefixes-body-same-phone-marker-from.test.ts[2m > [22m[2mweb auto-reply[2m > [22m[2mdefaults responsePrefix for self-chat replies when unset
[22m[39m[35m[whatsapp][39m [36mInbound message +1555 -> +1555 (direct, 19 chars)[39m

[90mstdout[2m | src/web/auto-reply.web-auto-reply.prefixes-body-same-phone-marker-from.test.ts[2m > [22m[2mweb auto-reply[2m > [22m[2mdefaults responsePrefix for self-chat replies when unset
[22m[39m[35m[whatsapp][39m [36mAuto-replied to +1555[39m

[90mstdout[2m | src/web/auto-reply.web-auto-reply.prefixes-body-same-phone-marker-from.test.ts[2m > [22m[2mweb auto-reply[2m > [22m[2mdoes not deliver HEARTBEAT_OK responses
[22m[39m[35m[whatsapp][39m [36mListening for personal WhatsApp inbound messages.[39m

[90mstdout[2m | src/web/auto-reply.web-auto-reply.prefixes-body-same-phone-marker-from.test.ts[2m > [22m[2mweb auto-reply[2m > [22m[2mdoes not deliver HEARTBEAT_OK responses
[22m[39m[35m[whatsapp][39m [36mInbound message +1555 -> +2666 (undefined, 21 chars)[39m

[90mstdout[2m | src/web/auto-reply.web-auto-reply.prefixes-body-same-phone-marker-from.test.ts[2m > [22m[2mweb auto-reply[2m > [22m[2mdoes not double-prefix if responsePrefix already present
[22m[39m[35m[whatsapp][39m [36mListening for personal WhatsApp inbound messages.[39m

[90mstdout[2m | src/web/auto-reply.web-auto-reply.prefixes-body-same-phone-marker-from.test.ts[2m > [22m[2mweb auto-reply[2m > [22m[2mdoes not double-prefix if responsePrefix already present
[22m[39m[35m[whatsapp][39m [36mInbound message +1555 -> +2666 (undefined, 21 chars)[39m

[90mstdout[2m | src/web/auto-reply.web-auto-reply.prefixes-body-same-phone-marker-from.test.ts[2m > [22m[2mweb auto-reply[2m > [22m[2mdoes not double-prefix if responsePrefix already present
[22m[39m[35m[whatsapp][39m [36mAuto-replied to +1555[39m

 [32mΓ£ô[39m src/web/auto-reply.web-auto-reply.prefixes-body-same-phone-marker-from.test.ts [2m([22m[2m7 tests[22m[2m)[22m[33m 427[2mms[22m[39m
[90mstdout[2m | src/agents/deps.abstain-error.test.ts[2m > [22m[2mClarityBurstAbstainError Import Guard[2m > [22m[2msummary statistics[2m > [22m[2mshould report total files scanned
[22m[39m
ClarityBurstAbstainError import guard scanned 227 files (227 .ts, 0 .js/.mjs, 1 allowlisted)

 [32mΓ£ô[39m src/agents/deps.abstain-error.test.ts [2m([22m[2m230 tests[22m[2m)[22m[33m 378[2mms[22m[39m
 [32mΓ£ô[39m src/agents/pi-embedded-runner.sanitize-session-history.test.ts [2m([22m[2m9 tests[22m[2m)[22m[33m 338[2mms[22m[39m
 [32mΓ£ô[39m src/cli/program.nodes-basic.test.ts [2m([22m[2m8 tests[22m[2m)[22m[33m 462[2mms[22m[39m
 [32mΓ£ô[39m src/signal/send-reactions.test.ts [2m([22m[2m3 tests[22m[2m)[22m[33m 320[2mms[22m[39m
     [33m[2mΓ£ô[22m[39m uses recipients array and targetAuthor for uuid dms [33m 306[2mms[22m[39m
 [32mΓ£ô[39m src/browser/extension-relay.test.ts [2m([22m[2m4 tests[22m[2m)[22m[32m 262[2mms[22m[39m
[90mstdout[2m | src/web/auto-reply.web-auto-reply.supports-always-group-activation-silent-token-preserves.test.ts[2m > [22m[2mweb auto-reply[2m > [22m[2msupports always-on group activation with silent token and clears pending history
[22m[39m[35m[whatsapp][39m [36mListening for personal WhatsApp inbound messages.[39m

[90mstdout[2m | src/web/auto-reply.web-auto-reply.supports-always-group-activation-silent-token-preserves.test.ts[2m > [22m[2mweb auto-reply[2m > [22m[2msupports always-on group activation with silent token and clears pending history
[22m[39m[35m[whatsapp][39m [36mInbound message 123@g.us -> +2 (group, 50 chars)[39m

[90mstdout[2m | src/web/auto-reply.web-auto-reply.supports-always-group-activation-silent-token-preserves.test.ts[2m > [22m[2mweb auto-reply[2m > [22m[2msupports always-on group activation with silent token and clears pending history
[22m[39m[35m[whatsapp][39m [36mInbound message 123@g.us -> +2 (group, 49 chars)[39m

 [32mΓ£ô[39m src/cron/service.runs-one-shot-main-job-disables-it.test.ts [2m([22m[2m9 tests[22m[2m)[22m[33m 318[2mms[22m[39m
[90mstdout[2m | src/web/auto-reply.web-auto-reply.supports-always-group-activation-silent-token-preserves.test.ts[2m > [22m[2mweb auto-reply[2m > [22m[2msupports always-on group activation with silent token and clears pending history
[22m[39m[35m[whatsapp][39m [36mAuto-replied to 123@g.us[39m

[90mstdout[2m | src/web/auto-reply.web-auto-reply.supports-always-group-activation-silent-token-preserves.test.ts[2m > [22m[2mweb auto-reply[2m > [22m[2mignores JID mentions in self-chat mode (group chats)
[22m[39m[35m[whatsapp][39m [36mListening for personal WhatsApp inbound messages.[39m

[90mstdout[2m | src/web/auto-reply.web-auto-reply.supports-always-group-activation-silent-token-preserves.test.ts[2m > [22m[2mweb auto-reply[2m > [22m[2mignores JID mentions in self-chat mode (group chats)
[22m[39m[35m[whatsapp][39m [36mInbound message 123@g.us -> +2 (group, 203 chars)[39m

[90mstdout[2m | src/web/auto-reply.web-auto-reply.supports-always-group-activation-silent-token-preserves.test.ts[2m > [22m[2mweb auto-reply[2m > [22m[2mignores JID mentions in self-chat mode (group chats)
[22m[39m[35m[whatsapp][39m [36mAuto-replied to 123@g.us[39m

[90mstdout[2m | src/web/auto-reply.web-auto-reply.supports-always-group-activation-silent-token-preserves.test.ts[2m > [22m[2mweb auto-reply[2m > [22m[2memits heartbeat logs with connection metadata
[22m[39m[35m[whatsapp][39m [36mListening for personal WhatsApp inbound messages.[39m

[90mstdout[2m | src/web/auto-reply.web-auto-reply.supports-always-group-activation-silent-token-preserves.test.ts[2m > [22m[2mweb auto-reply[2m > [22m[2mlogs outbound replies to file
[22m[39m[35m[whatsapp][39m [36mListening for personal WhatsApp inbound messages.[39m

[90mstdout[2m | src/web/auto-reply.web-auto-reply.supports-always-group-activation-silent-token-preserves.test.ts[2m > [22m[2mweb auto-reply[2m > [22m[2mlogs outbound replies to file
[22m[39m[35m[whatsapp][39m [36mInbound message +1 -> +2 (undefined, 19 chars)[39m

[90mstdout[2m | src/web/auto-reply.web-auto-reply.supports-always-group-activation-silent-token-preserves.test.ts[2m > [22m[2mweb auto-reply[2m > [22m[2mlogs outbound replies to file
[22m[39m[35m[whatsapp][39m [36mAuto-replied to +1[39m

 [32mΓ£ô[39m src/web/auto-reply.web-auto-reply.supports-always-group-activation-silent-token-preserves.test.ts [2m([22m[2m4 tests[22m[2m)[22m[33m 404[2mms[22m[39m
[90mstdout[2m | src/agents/deps.empty-allowlist-guard.test.ts[2m > [22m[2mEmpty Allowlist Inline Check Drift Guard[2m > [22m[2msummary statistics[2m > [22m[2mshould report total files scanned
[22m[39m
Empty allowlist drift guard scanned 227 files (227 .ts, 0 .js/.mjs, 0 allowlisted)

 [32mΓ£ô[39m src/agents/deps.empty-allowlist-guard.test.ts [2m([22m[2m230 tests[22m[2m)[22m[33m 334[2mms[22m[39m
 [32mΓ£ô[39m src/agents/model-auth.test.ts [2m([22m[2m9 tests[22m[2m)[22m[33m 332[2mms[22m[39m
 [32mΓ£ô[39m src/agents/models-config.normalizes-gemini-3-ids-preview-google-providers.test.ts [2m([22m[2m1 test[22m[2m)[22m[33m 360[2mms[22m[39m
     [33m[2mΓ£ô[22m[39m normalizes gemini 3 ids to preview for google providers [33m 352[2mms[22m[39m
[90mstdout[2m | src/web/auto-reply.broadcast-groups.broadcasts-sequentially-configured-order.test.ts[2m > [22m[2mbroadcast groups[2m > [22m[2mbroadcasts sequentially in configured order
[22m[39m[35m[whatsapp][39m [36mListening for personal WhatsApp inbound messages.[39m

[90mstdout[2m | src/web/auto-reply.broadcast-groups.broadcasts-sequentially-configured-order.test.ts[2m > [22m[2mbroadcast groups[2m > [22m[2mbroadcasts sequentially in configured order
[22m[39m[35m[whatsapp][39m [36mBroadcasting message to 2 agents (sequential)[39m
[35m[whatsapp][39m [36mInbound message +1000 -> +2000 (direct, 43 chars)[39m

[90mstdout[2m | src/web/auto-reply.broadcast-groups.broadcasts-sequentially-configured-order.test.ts[2m > [22m[2mbroadcast groups[2m > [22m[2mbroadcasts sequentially in configured order
[22m[39m[35m[whatsapp][39m [36mAuto-replied to +1000[39m

[90mstdout[2m | src/web/auto-reply.broadcast-groups.broadcasts-sequentially-configured-order.test.ts[2m > [22m[2mbroadcast groups[2m > [22m[2mbroadcasts sequentially in configured order
[22m[39m[35m[whatsapp][39m [36mInbound message +1000 -> +2000 (direct, 43 chars)[39m

[90mstdout[2m | src/web/auto-reply.broadcast-groups.broadcasts-sequentially-configured-order.test.ts[2m > [22m[2mbroadcast groups[2m > [22m[2mbroadcasts sequentially in configured order
[22m[39m[35m[whatsapp][39m [36mAuto-replied to +1000[39m

[90mstdout[2m | src/web/auto-reply.broadcast-groups.broadcasts-sequentially-configured-order.test.ts[2m > [22m[2mbroadcast groups[2m > [22m[2mshares group history across broadcast agents and clears after replying
[22m[39m[35m[whatsapp][39m [36mListening for personal WhatsApp inbound messages.[39m

[90mstdout[2m | src/web/auto-reply.broadcast-groups.broadcasts-sequentially-configured-order.test.ts[2m > [22m[2mbroadcast groups[2m > [22m[2mshares group history across broadcast agents and clears after replying
[22m[39m[35m[whatsapp][39m [36mBroadcasting message to 2 agents (sequential)[39m
[35m[whatsapp][39m [36mInbound message 123@g.us -> +2 (group, 193 chars)[39m

[90mstdout[2m | src/web/auto-reply.broadcast-groups.broadcasts-sequentially-configured-order.test.ts[2m > [22m[2mbroadcast groups[2m > [22m[2mshares group history across broadcast agents and clears after replying
[22m[39m[35m[whatsapp][39m [36mAuto-replied to 123@g.us[39m

[90mstdout[2m | src/web/auto-reply.broadcast-groups.broadcasts-sequentially-configured-order.test.ts[2m > [22m[2mbroadcast groups[2m > [22m[2mshares group history across broadcast agents and clears after replying
[22m[39m[35m[whatsapp][39m [36mInbound message 123@g.us -> +2 (group, 193 chars)[39m

[90mstdout[2m | src/web/auto-reply.broadcast-groups.broadcasts-sequentially-configured-order.test.ts[2m > [22m[2mbroadcast groups[2m > [22m[2mshares group history across broadcast agents and clears after replying
[22m[39m[35m[whatsapp][39m [36mAuto-replied to 123@g.us[39m

[90mstdout[2m | src/web/auto-reply.broadcast-groups.broadcasts-sequentially-configured-order.test.ts[2m > [22m[2mbroadcast groups[2m > [22m[2mshares group history across broadcast agents and clears after replying
[22m[39m[35m[whatsapp][39m [36mBroadcasting message to 2 agents (sequential)[39m
[35m[whatsapp][39m [36mInbound message 123@g.us -> +2 (group, 45 chars)[39m

[90mstdout[2m | src/web/auto-reply.broadcast-groups.broadcasts-sequentially-configured-order.test.ts[2m > [22m[2mbroadcast groups[2m > [22m[2mshares group history across broadcast agents and clears after replying
[22m[39m[35m[whatsapp][39m [36mAuto-replied to 123@g.us[39m

[90mstdout[2m | src/web/auto-reply.broadcast-groups.broadcasts-sequentially-configured-order.test.ts[2m > [22m[2mbroadcast groups[2m > [22m[2mshares group history across broadcast agents and clears after replying
[22m[39m[35m[whatsapp][39m [36mInbound message 123@g.us -> +2 (group, 45 chars)[39m

[90mstdout[2m | src/web/auto-reply.broadcast-groups.broadcasts-sequentially-configured-order.test.ts[2m > [22m[2mbroadcast groups[2m > [22m[2mshares group history across broadcast agents and clears after replying
[22m[39m[35m[whatsapp][39m [36mAuto-replied to 123@g.us[39m

[90mstdout[2m | src/web/auto-reply.broadcast-groups.broadcasts-sequentially-configured-order.test.ts[2m > [22m[2mbroadcast groups[2m > [22m[2mbroadcasts in parallel by default
[22m[39m[35m[whatsapp][39m [36mListening for personal WhatsApp inbound messages.[39m

[90mstdout[2m | src/web/auto-reply.broadcast-groups.broadcasts-sequentially-configured-order.test.ts[2m > [22m[2mbroadcast groups[2m > [22m[2mbroadcasts in parallel by default
[22m[39m[35m[whatsapp][39m [36mBroadcasting message to 2 agents (parallel)[39m
[35m[whatsapp][39m [36mInbound message +1000 -> +2000 (direct, 43 chars)[39m
[35m[whatsapp][39m [36mInbound message +1000 -> +2000 (direct, 43 chars)[39m

[90mstdout[2m | src/web/auto-reply.broadcast-groups.broadcasts-sequentially-configured-order.test.ts[2m > [22m[2mbroadcast groups[2m > [22m[2mbroadcasts in parallel by default
[22m[39m[35m[whatsapp][39m [36mAuto-replied to +1000[39m
[35m[whatsapp][39m [36mAuto-replied to +1000[39m

 [32mΓ£ô[39m src/web/auto-reply.broadcast-groups.broadcasts-sequentially-configured-order.test.ts [2m([22m[2m3 tests[22m[2m)[22m[33m 348[2mms[22m[39m
[90mstdout[2m | src/web/auto-reply.web-auto-reply.uses-per-agent-mention-patterns-group-gating.test.ts[2m > [22m[2mweb auto-reply[2m > [22m[2muses per-agent mention patterns for group gating
[22m[39m[35m[whatsapp][39m [36mListening for personal WhatsApp inbound messages.[39m

[90mstdout[2m | src/web/auto-reply.web-auto-reply.uses-per-agent-mention-patterns-group-gating.test.ts[2m > [22m[2mweb auto-reply[2m > [22m[2muses per-agent mention patterns for group gating
[22m[39m[35m[whatsapp][39m [36mInbound message 123@g.us -> +2 (group, 198 chars)[39m

[90mstdout[2m | src/web/auto-reply.web-auto-reply.uses-per-agent-mention-patterns-group-gating.test.ts[2m > [22m[2mweb auto-reply[2m > [22m[2muses per-agent mention patterns for group gating
[22m[39m[35m[whatsapp][39m [36mAuto-replied to 123@g.us[39m

[90mstdout[2m | src/web/auto-reply.web-auto-reply.uses-per-agent-mention-patterns-group-gating.test.ts[2m > [22m[2mweb auto-reply[2m > [22m[2mallows group messages when whatsapp groups default disables mention gating
[22m[39m[35m[whatsapp][39m [36mListening for personal WhatsApp inbound messages.[39m

[90mstdout[2m | src/web/auto-reply.web-auto-reply.uses-per-agent-mention-patterns-group-gating.test.ts[2m > [22m[2mweb auto-reply[2m > [22m[2mallows group messages when whatsapp groups default disables mention gating
[22m[39m[35m[whatsapp][39m [36mInbound message 123@g.us -> +2 (group, 45 chars)[39m

[90mstdout[2m | src/web/auto-reply.web-auto-reply.uses-per-agent-mention-patterns-group-gating.test.ts[2m > [22m[2mweb auto-reply[2m > [22m[2mallows group messages when whatsapp groups default disables mention gating
[22m[39m[35m[whatsapp][39m [36mAuto-replied to 123@g.us[39m

[90mstdout[2m | src/web/auto-reply.web-auto-reply.uses-per-agent-mention-patterns-group-gating.test.ts[2m > [22m[2mweb auto-reply[2m > [22m[2mblocks group messages when whatsapp groups is set without a wildcard
[22m[39m[35m[whatsapp][39m [36mListening for personal WhatsApp inbound messages.[39m

[90mstdout[2m | src/web/auto-reply.web-auto-reply.uses-per-agent-mention-patterns-group-gating.test.ts[2m > [22m[2mweb auto-reply[2m > [22m[2mhonors per-group mention overrides when conversationId uses session key
[22m[39m[35m[whatsapp][39m [36mListening for personal WhatsApp inbound messages.[39m

[90mstdout[2m | src/web/auto-reply.web-auto-reply.uses-per-agent-mention-patterns-group-gating.test.ts[2m > [22m[2mweb auto-reply[2m > [22m[2mhonors per-group mention overrides when conversationId uses session key
[22m[39m[35m[whatsapp][39m [36mInbound message whatsapp:group:123@g.us -> +2 (group, 60 chars)[39m

[90mstdout[2m | src/web/auto-reply.web-auto-reply.uses-per-agent-mention-patterns-group-gating.test.ts[2m > [22m[2mweb auto-reply[2m > [22m[2mhonors per-group mention overrides when conversationId uses session key
[22m[39m[35m[whatsapp][39m [36mAuto-replied to whatsapp:group:123@g.us[39m

 [32mΓ£ô[39m src/web/auto-reply.web-auto-reply.uses-per-agent-mention-patterns-group-gating.test.ts [2m([22m[2m4 tests[22m[2m)[22m[33m 304[2mms[22m[39m
 [32mΓ£ô[39m src/config/config.backup-rotation.test.ts [2m([22m[2m1 test[22m[2m)[22m[32m 266[2mms[22m[39m
 [32mΓ£ô[39m src/process/exec.test.ts [2m([22m[2m2 tests[22m[2m)[22m[32m 254[2mms[22m[39m
 [32mΓ£ô[39m src/slack/monitor/media.test.ts [2m([22m[2m12 tests[22m[2m)[22m[32m 267[2mms[22m[39m
 [32mΓ£ô[39m src/commands/gateway-status.test.ts [2m([22m[2m7 tests[22m[2m)[22m[32m 166[2mms[22m[39m
 [32mΓ£ô[39m src/pairing/pairing-store.test.ts [2m([22m[2m4 tests[22m[2m)[22m[32m 245[2mms[22m[39m
[90mstdout[2m | src/slack/monitor.tool-result.sends-tool-summaries-responseprefix.test.ts[2m > [22m[2mmonitorSlackProvider tool results[2m > [22m[2mskips tool summaries with responsePrefix
[22m[39mslack socket mode connected

[90mstdout[2m | src/slack/monitor.tool-result.sends-tool-summaries-responseprefix.test.ts[2m > [22m[2mmonitorSlackProvider tool results[2m > [22m[2mskips tool summaries with responsePrefix
[22m[39mdelivered reply to user:U1

[90mstdout[2m | src/slack/monitor.tool-result.sends-tool-summaries-responseprefix.test.ts[2m > [22m[2mmonitorSlackProvider tool results[2m > [22m[2mdrops events with mismatched api_app_id
[22m[39mslack socket mode connected

[90mstdout[2m | src/slack/monitor.tool-result.sends-tool-summaries-responseprefix.test.ts[2m > [22m[2mmonitorSlackProvider tool results[2m > [22m[2mdoes not derive responsePrefix from routed agent identity when unset
[22m[39mslack: groupPolicy defaults to "open" when channels.slack is missing; set channels.slack.groupPolicy (or channels.defaults.groupPolicy) or add channels.slack.channels to restrict access.

[90mstdout[2m | src/slack/monitor.tool-result.sends-tool-summaries-responseprefix.test.ts[2m > [22m[2mmonitorSlackProvider tool results[2m > [22m[2mdoes not derive responsePrefix from routed agent identity when unset
[22m[39mslack socket mode connected

[90mstdout[2m | src/slack/monitor.tool-result.sends-tool-summaries-responseprefix.test.ts[2m > [22m[2mmonitorSlackProvider tool results[2m > [22m[2mdoes not derive responsePrefix from routed agent identity when unset
[22m[39mdelivered reply to user:U1

[90mstdout[2m | src/slack/monitor.tool-result.sends-tool-summaries-responseprefix.test.ts[2m > [22m[2mmonitorSlackProvider tool results[2m > [22m[2mpreserves RawBody without injecting processed room history
[22m[39mslack socket mode connected

[90mstdout[2m | src/slack/monitor.tool-result.sends-tool-summaries-responseprefix.test.ts[2m > [22m[2mmonitorSlackProvider tool results[2m > [22m[2mscopes thread history to the thread by default
[22m[39mslack channels unresolved: C1
slack socket mode connected

[90mstdout[2m | src/slack/monitor.tool-result.sends-tool-summaries-responseprefix.test.ts[2m > [22m[2mmonitorSlackProvider tool results[2m > [22m[2mupdates assistant thread status when replies start
[22m[39mslack socket mode connected

[90mstdout[2m | src/slack/monitor.tool-result.sends-tool-summaries-responseprefix.test.ts[2m > [22m[2mmonitorSlackProvider tool results[2m > [22m[2mupdates assistant thread status when replies start
[22m[39mdelivered reply to user:U1

[90mstdout[2m | src/slack/monitor.tool-result.sends-tool-summaries-responseprefix.test.ts[2m > [22m[2mmonitorSlackProvider tool results[2m > [22m[2maccepts channel messages when mentionPatterns match
[22m[39mslack channels unresolved: C1
slack socket mode connected

[90mstdout[2m | src/slack/monitor.tool-result.sends-tool-summaries-responseprefix.test.ts[2m > [22m[2mmonitorSlackProvider tool results[2m > [22m[2maccepts channel messages when mentionPatterns match
[22m[39mdelivered reply to channel:C1

[90mstdout[2m | src/slack/monitor.tool-result.sends-tool-summaries-responseprefix.test.ts[2m > [22m[2mmonitorSlackProvider tool results[2m > [22m[2maccepts channel messages when mentionPatterns match even if another user is mentioned
[22m[39mslack channels unresolved: C1
slack socket mode connected

[90mstdout[2m | src/slack/monitor.tool-result.sends-tool-summaries-responseprefix.test.ts[2m > [22m[2mmonitorSlackProvider tool results[2m > [22m[2maccepts channel messages when mentionPatterns match even if another user is mentioned
[22m[39mdelivered reply to channel:C1

[90mstdout[2m | src/slack/monitor.tool-result.sends-tool-summaries-responseprefix.test.ts[2m > [22m[2mmonitorSlackProvider tool results[2m > [22m[2mtreats replies to bot threads as implicit mentions
[22m[39mslack channels unresolved: C1
slack socket mode connected

[90mstdout[2m | src/slack/monitor.tool-result.sends-tool-summaries-responseprefix.test.ts[2m > [22m[2mmonitorSlackProvider tool results[2m > [22m[2mtreats replies to bot threads as implicit mentions
[22m[39mdelivered reply to channel:C1

[90mstdout[2m | src/slack/monitor.tool-result.sends-tool-summaries-responseprefix.test.ts[2m > [22m[2mmonitorSlackProvider tool results[2m > [22m[2maccepts channel messages without mention when channels.slack.requireMention is false
[22m[39mslack socket mode connected

[90mstdout[2m | src/slack/monitor.tool-result.sends-tool-summaries-responseprefix.test.ts[2m > [22m[2mmonitorSlackProvider tool results[2m > [22m[2maccepts channel messages without mention when channels.slack.requireMention is false
[22m[39mdelivered reply to channel:C1

[90mstdout[2m | src/slack/monitor.tool-result.sends-tool-summaries-responseprefix.test.ts[2m > [22m[2mmonitorSlackProvider tool results[2m > [22m[2mtreats control commands as mentions for group bypass
[22m[39mslack socket mode connected

[90mstdout[2m | src/slack/monitor.tool-result.sends-tool-summaries-responseprefix.test.ts[2m > [22m[2mmonitorSlackProvider tool results[2m > [22m[2mtreats control commands as mentions for group bypass
[22m[39mdelivered reply to channel:C1

[90mstdout[2m | src/slack/monitor.tool-result.sends-tool-summaries-responseprefix.test.ts[2m > [22m[2mmonitorSlackProvider tool results[2m > [22m[2mthreads replies when incoming message is in a thread
[22m[39mslack: groupPolicy defaults to "open" when channels.slack is missing; set channels.slack.groupPolicy (or channels.defaults.groupPolicy) or add channels.slack.channels to restrict access.

[90mstdout[2m | src/slack/monitor.tool-result.sends-tool-summaries-responseprefix.test.ts[2m > [22m[2mmonitorSlackProvider tool results[2m > [22m[2mthreads replies when incoming message is in a thread
[22m[39mslack socket mode connected

[90mstdout[2m | src/slack/monitor.tool-result.sends-tool-summaries-responseprefix.test.ts[2m > [22m[2mmonitorSlackProvider tool results[2m > [22m[2mthreads replies when incoming message is in a thread
[22m[39mdelivered reply to user:U1

 [32mΓ£ô[39m src/slack/monitor.tool-result.sends-tool-summaries-responseprefix.test.ts [2m([22m[2m12 tests[22m[2m)[22m[32m 264[2mms[22m[39m
[90mstdout[2m | src/web/auto-reply.web-auto-reply.sends-tool-summaries-immediately-responseprefix.test.ts[2m > [22m[2mweb auto-reply[2m > [22m[2mskips tool summaries and sends final reply with responsePrefix
[22m[39m[35m[whatsapp][39m [36mListening for personal WhatsApp inbound messages.[39m

[90mstdout[2m | src/web/auto-reply.web-auto-reply.sends-tool-summaries-immediately-responseprefix.test.ts[2m > [22m[2mweb auto-reply[2m > [22m[2mskips tool summaries and sends final reply with responsePrefix
[22m[39m[35m[whatsapp][39m [36mInbound message +1555 -> +2666 (undefined, 19 chars)[39m

[90mstdout[2m | src/web/auto-reply.web-auto-reply.sends-tool-summaries-immediately-responseprefix.test.ts[2m > [22m[2mweb auto-reply[2m > [22m[2mskips tool summaries and sends final reply with responsePrefix
[22m[39m[35m[whatsapp][39m [36mAuto-replied to +1555[39m

[90mstdout[2m | src/web/auto-reply.web-auto-reply.sends-tool-summaries-immediately-responseprefix.test.ts[2m > [22m[2mweb auto-reply[2m > [22m[2muses identity.name for messagePrefix when set
[22m[39m[35m[whatsapp][39m [36mListening for personal WhatsApp inbound messages.[39m

[90mstdout[2m | src/web/auto-reply.web-auto-reply.sends-tool-summaries-immediately-responseprefix.test.ts[2m > [22m[2mweb auto-reply[2m > [22m[2muses identity.name for messagePrefix when set
[22m[39m[35m[whatsapp][39m [36mInbound message +1555 -> +2666 (undefined, 29 chars)[39m

[90mstdout[2m | src/web/auto-reply.web-auto-reply.sends-tool-summaries-immediately-responseprefix.test.ts[2m > [22m[2mweb auto-reply[2m > [22m[2muses identity.name for messagePrefix when set
[22m[39m[35m[whatsapp][39m [36mAuto-replied to +1555[39m

[90mstdout[2m | src/web/auto-reply.web-auto-reply.sends-tool-summaries-immediately-responseprefix.test.ts[2m > [22m[2mweb auto-reply[2m > [22m[2mdoes not derive responsePrefix from identity.name when unset
[22m[39m[35m[whatsapp][39m [36mListening for personal WhatsApp inbound messages.[39m

[90mstdout[2m | src/web/auto-reply.web-auto-reply.sends-tool-summaries-immediately-responseprefix.test.ts[2m > [22m[2mweb auto-reply[2m > [22m[2mdoes not derive responsePrefix from identity.name when unset
[22m[39m[35m[whatsapp][39m [36mInbound message +1555 -> +2666 (undefined, 29 chars)[39m

[90mstdout[2m | src/web/auto-reply.web-auto-reply.sends-tool-summaries-immediately-responseprefix.test.ts[2m > [22m[2mweb auto-reply[2m > [22m[2mdoes not derive responsePrefix from identity.name when unset
[22m[39m[35m[whatsapp][39m [36mAuto-replied to +1555[39m

 [32mΓ£ô[39m src/web/auto-reply.web-auto-reply.sends-tool-summaries-immediately-responseprefix.test.ts [2m([22m[2m3 tests[22m[2m)[22m[32m 253[2mms[22m[39m
 [32mΓ£ô[39m src/memory/embeddings.test.ts [2m([22m[2m12 tests[22m[2m)[22m[32m 204[2mms[22m[39m
[90mstdout[2m | src/infra/heartbeat-runner.respects-ackmaxchars-heartbeat-acks.test.ts[2m > [22m[2mresolveHeartbeatIntervalMs[2m > [22m[2mskips WhatsApp delivery when not linked or running
[22m[39m[36m[heartbeat][39m [36mchannel not ready[39m

 [32mΓ£ô[39m src/infra/heartbeat-runner.respects-ackmaxchars-heartbeat-acks.test.ts [2m([22m[2m8 tests[22m[2m)[22m[32m 299[2mms[22m[39m
[90mstdout[2m | src/imessage/monitor.skips-group-messages-without-mention-by-default.test.ts[2m > [22m[2mmonitorIMessageProvider[2m > [22m[2mallows group messages when imessage groups default disables mention gating
[22m[39mimessage: delivered reply to chat_id:123

[90mstdout[2m | src/imessage/monitor.skips-group-messages-without-mention-by-default.test.ts[2m > [22m[2mmonitorIMessageProvider[2m > [22m[2mallows group messages when requireMention is true but no mentionPatterns exist
[22m[39mimessage: delivered reply to chat_id:777

[90mstdout[2m | src/imessage/monitor.skips-group-messages-without-mention-by-default.test.ts[2m > [22m[2mmonitorIMessageProvider[2m > [22m[2mtreats configured chat_id as a group session even when is_group is false
[22m[39mimessage: delivered reply to chat_id:2

[90mstdout[2m | src/imessage/monitor.skips-group-messages-without-mention-by-default.test.ts[2m > [22m[2mmonitorIMessageProvider[2m > [22m[2mprefixes final replies with responsePrefix
[22m[39mimessage: delivered reply to imessage:+15550001111

[90mstdout[2m | src/imessage/monitor.skips-group-messages-without-mention-by-default.test.ts[2m > [22m[2mmonitorIMessageProvider[2m > [22m[2mdelivers group replies when mentioned
[22m[39mimessage: delivered reply to chat_id:42

[90mstdout[2m | src/imessage/monitor.skips-group-messages-without-mention-by-default.test.ts[2m > [22m[2mmonitorIMessageProvider[2m > [22m[2mprefixes group message bodies with sender
[22m[39mimessage: delivered reply to chat_id:99

[90mstdout[2m | src/imessage/monitor.skips-group-messages-without-mention-by-default.test.ts[2m > [22m[2mmonitorIMessageProvider[2m > [22m[2mincludes reply context when imessage reply metadata is present
[22m[39mimessage: delivered reply to imessage:+15550001111

 [32mΓ£ô[39m src/imessage/monitor.skips-group-messages-without-mention-by-default.test.ts [2m([22m[2m12 tests[22m[2m)[22m[32m 250[2mms[22m[39m
[90mstdout[2m | src/hooks/loader.test.ts[2m > [22m[2mloader[2m > [22m[2mloadInternalHooks[2m > [22m[2mshould load a handler from a module
[22m[39mRegistered hook (legacy): command:new -> C:\Users\rob_m\AppData\Local\Temp\openclaw-test-1770517859487\test-handler.js

[90mstdout[2m | src/hooks/loader.test.ts[2m > [22m[2mloader[2m > [22m[2mloadInternalHooks[2m > [22m[2mshould load multiple handlers
[22m[39mRegistered hook (legacy): command:new -> C:\Users\rob_m\AppData\Local\Temp\openclaw-test-1770517859524\handler1.js

[90mstdout[2m | src/hooks/loader.test.ts[2m > [22m[2mloader[2m > [22m[2mloadInternalHooks[2m > [22m[2mshould load multiple handlers
[22m[39mRegistered hook (legacy): command:stop -> C:\Users\rob_m\AppData\Local\Temp\openclaw-test-1770517859524\handler2.js

[90mstdout[2m | src/hooks/loader.test.ts[2m > [22m[2mloader[2m > [22m[2mloadInternalHooks[2m > [22m[2mshould support named exports
[22m[39mRegistered hook (legacy): command:new -> C:\Users\rob_m\AppData\Local\Temp\openclaw-test-1770517859583\named-export.js#myHandler

[90mstdout[2m | src/hooks/loader.test.ts[2m > [22m[2mloader[2m > [22m[2mloadInternalHooks[2m > [22m[2mshould handle relative paths
[22m[39mRegistered hook (legacy): command:new -> C:\Users\rob_m\AppData\Local\Temp\openclaw-test-1770517859665\relative-handler.js

[90mstdout[2m | src/hooks/loader.test.ts[2m > [22m[2mloader[2m > [22m[2mloadInternalHooks[2m > [22m[2mshould actually call the loaded handler
[22m[39mRegistered hook (legacy): command:new -> C:\Users\rob_m\AppData\Local\Temp\openclaw-test-1770517859698\callable-handler.js

 [32mΓ£ô[39m src/hooks/loader.test.ts [2m([22m[2m9 tests[22m[2m)[22m[32m 264[2mms[22m[39m
[90mstderr[2m | src/memory/manager.sync-errors-do-not-crash.test.ts[2m > [22m[2mmemory manager sync failures[2m > [22m[2mdoes not raise 
unhandledRejection when watch-triggered sync fails
[22m[39m[31m[memory][39m [33mfts unavailable: no such module: fts5[39m

[90mstderr[2m | src/memory/manager.sync-errors-do-not-crash.test.ts[2m > [22m[2mmemory manager sync failures[2m > [22m[2mdoes not raise 
unhandledRejection when watch-triggered sync fails
[22m[39m[31m[memory][39m [33mfts unavailable: no such module: fts5[39m

[90mstderr[2m | src/memory/manager.sync-errors-do-not-crash.test.ts[2m > [22m[2mmemory manager sync failures[2m > [22m[2mdoes not raise 
unhandledRejection when watch-triggered sync fails
[22m[39m[31m[memory][39m [33msync failed (watch): Error: openai embeddings failed: 400 bad request[39m

 [32mΓ£ô[39m src/memory/manager.sync-errors-do-not-crash.test.ts [2m([22m[2m1 test[22m[2m)[22m[32m 214[2mms[22m[39m
 [32mΓ£ô[39m src/browser/server-context.remote-tab-ops.test.ts [2m([22m[2m6 tests[22m[2m)[22m[32m 197[2mms[22m[39m
[90mstdout[2m | src/web/auto-reply.typing-controller-idle.test.ts[2m > [22m[2mtyping controller idle[2m > [22m[2mmarks dispatch idle after replies flush
[22m[39m[35m[whatsapp][39m [36mInbound message +1000 -> +2000 (direct, 43 chars)[39m

[90mstdout[2m | src/web/auto-reply.typing-controller-idle.test.ts[2m > [22m[2mtyping controller idle[2m > [22m[2mmarks dispatch idle after replies flush
[22m[39m[35m[whatsapp][39m [36mAuto-replied to +1000[39m

[90mstdout[2m | src/web/auto-reply.typing-controller-idle.test.ts[2m > [22m[2mtyping controller idle[2m > [22m[2mmarks dispatch idle after replies flush
[22m[39m[35m[whatsapp][39m [36mListening for personal WhatsApp inbound messages.[39m

 [32mΓ£ô[39m src/web/auto-reply.typing-controller-idle.test.ts [2m([22m[2m1 test[22m[2m)[22m[32m 232[2mms[22m[39m
 [32mΓ£ô[39m src/browser/pw-ai.test.ts [2m([22m[2m6 tests[22m[2m)[22m[32m 187[2mms[22m[39m
 [32mΓ£ô[39m src/agents/skills.loadworkspaceskillentries.test.ts [2m([22m[2m3 tests[22m[2m)[22m[32m 199[2mms[22m[39m
 [32mΓ£ô[39m src/auto-reply/reply.media-note.test.ts [2m([22m[2m1 test[22m[2m)[22m[32m 280[2mms[22m[39m
[90mstdout[2m | src/agents/cli-credentials.test.ts[2m > [22m[2mcli credentials[2m > [22m[2mupdates the Claude Code keychain item in place
[22m[39m[33m[agents/auth-profiles][39m [36mwrote refreshed credentials to claude cli keychain[39m

[90mstdout[2m | src/agents/cli-credentials.test.ts[2m > [22m[2mcli credentials[2m > [22m[2mfalls back to the file store when the keychain update fails
[22m[39m[33m[agents/auth-profiles][39m [36mwrote refreshed credentials to claude cli file[39m

[90mstdout[2m | src/agents/cli-credentials.test.ts[2m > [22m[2mcli credentials[2m > [22m[2mcaches Claude Code CLI credentials within the TTL window
[22m[39m[33m[agents/auth-profiles][39m [36mread anthropic credentials from claude cli keychain[39m

[90mstdout[2m | src/agents/cli-credentials.test.ts[2m > [22m[2mcli credentials[2m > [22m[2mrefreshes Claude Code CLI credentials after the TTL window
[22m[39m[33m[agents/auth-profiles][39m [36mread anthropic credentials from claude cli keychain[39m
[33m[agents/auth-profiles][39m [36mread anthropic credentials from claude cli keychain[39m

[90mstdout[2m | src/agents/cli-credentials.test.ts[2m > [22m[2mcli credentials[2m > [22m[2mreads Codex credentials from keychain when available
[22m[39m[33m[agents/auth-profiles][39m [36mread codex credentials from keychain[39m

 [32mΓ£ô[39m src/agents/cli-credentials.test.ts [2m([22m[2m6 tests[22m[2m)[22m[32m 154[2mms[22m[39m
 [32mΓ£ô[39m src/infra/update-runner.test.ts [2m([22m[2m9 tests[22m[2m)[22m[32m 195[2mms[22m[39m
[90mstdout[2m | src/slack/monitor.tool-result.threads-top-level-replies-replytomode-is-all.test.ts[2m > [22m[2mmonitorSlackProvider tool results[2m > [22m[2mthreads top-level replies when replyToMode is all
[22m[39mslack: groupPolicy defaults to "open" when channels.slack is missing; set channels.slack.groupPolicy (or channels.defaults.groupPolicy) or add channels.slack.channels to restrict access.

[90mstdout[2m | src/slack/monitor.tool-result.threads-top-level-replies-replytomode-is-all.test.ts[2m > [22m[2mmonitorSlackProvider tool results[2m > [22m[2mthreads top-level replies when replyToMode is all
[22m[39mslack socket mode connected

[90mstdout[2m | src/slack/monitor.tool-result.threads-top-level-replies-replytomode-is-all.test.ts[2m > [22m[2mmonitorSlackProvider tool results[2m > [22m[2mthreads top-level replies when replyToMode is all
[22m[39mdelivered reply to user:U1

[90mstdout[2m | src/slack/monitor.tool-result.threads-top-level-replies-replytomode-is-all.test.ts[2m > [22m[2mmonitorSlackProvider tool results[2m > [22m[2mtreats parent_user_id as a thread reply even when thread_ts matches ts
[22m[39mslack socket mode connected

[90mstdout[2m | src/slack/monitor.tool-result.threads-top-level-replies-replytomode-is-all.test.ts[2m > [22m[2mmonitorSlackProvider tool results[2m > [22m[2mtreats parent_user_id as a thread reply even when thread_ts matches ts
[22m[39mdelivered reply to user:U1

[90mstdout[2m | src/slack/monitor.tool-result.threads-top-level-replies-replytomode-is-all.test.ts[2m > [22m[2mmonitorSlackProvider tool results[2m > [22m[2mkeeps thread parent inheritance opt-in
[22m[39mslack channels unresolved: C1
slack socket mode connected

[90mstdout[2m | src/slack/monitor.tool-result.threads-top-level-replies-replytomode-is-all.test.ts[2m > [22m[2mmonitorSlackProvider tool results[2m > [22m[2mkeeps thread parent inheritance opt-in
[22m[39mdelivered reply to channel:C1

[90mstdout[2m | src/slack/monitor.tool-result.threads-top-level-replies-replytomode-is-all.test.ts[2m > [22m[2mmonitorSlackProvider tool results[2m > [22m[2minjects starter context for thread replies
[22m[39mslack channels unresolved: C1
slack socket mode connected

[90mstdout[2m | src/slack/monitor.tool-result.threads-top-level-replies-replytomode-is-all.test.ts[2m > [22m[2mmonitorSlackProvider tool results[2m > [22m[2minjects starter context for thread replies
[22m[39mdelivered reply to channel:C1

[90mstdout[2m | src/slack/monitor.tool-result.threads-top-level-replies-replytomode-is-all.test.ts[2m > [22m[2mmonitorSlackProvider tool results[2m > [22m[2mscopes thread session keys to the routed agent
[22m[39mslack channels unresolved: C1
slack socket mode connected

[90mstdout[2m | src/slack/monitor.tool-result.threads-top-level-replies-replytomode-is-all.test.ts[2m > [22m[2mmonitorSlackProvider tool results[2m > [22m[2mscopes thread session keys to the routed agent
[22m[39mdelivered reply to channel:C1

[90mstdout[2m | src/slack/monitor.tool-result.threads-top-level-replies-replytomode-is-all.test.ts[2m > [22m[2mmonitorSlackProvider tool results[2m > [22m[2mkeeps replies in channel root when message is not threaded (replyToMode off)
[22m[39mslack: groupPolicy defaults to "open" when channels.slack is missing; set channels.slack.groupPolicy (or channels.defaults.groupPolicy) or add channels.slack.channels to restrict access.

[90mstdout[2m | src/slack/monitor.tool-result.threads-top-level-replies-replytomode-is-all.test.ts[2m > [22m[2mmonitorSlackProvider tool results[2m > [22m[2mkeeps replies in channel root when message is not threaded (replyToMode off)
[22m[39mslack socket mode connected

[90mstdout[2m | src/slack/monitor.tool-result.threads-top-level-replies-replytomode-is-all.test.ts[2m > [22m[2mmonitorSlackProvider tool results[2m > [22m[2mkeeps replies in channel root when message is not threaded (replyToMode off)
[22m[39mdelivered reply to user:U1

[90mstdout[2m | src/slack/monitor.tool-result.threads-top-level-replies-replytomode-is-all.test.ts[2m > [22m[2mmonitorSlackProvider tool results[2m > [22m[2mthreads first reply when replyToMode is first and message is not threaded
[22m[39mslack: groupPolicy defaults to "open" when channels.slack is missing; set channels.slack.groupPolicy (or channels.defaults.groupPolicy) or add channels.slack.channels to restrict access.

[90mstdout[2m | src/slack/monitor.tool-result.threads-top-level-replies-replytomode-is-all.test.ts[2m > [22m[2mmonitorSlackProvider tool results[2m > [22m[2mthreads first reply when replyToMode is first and message is not threaded
[22m[39mslack socket mode connected

[90mstdout[2m | src/slack/monitor.tool-result.threads-top-level-replies-replytomode-is-all.test.ts[2m > [22m[2mmonitorSlackProvider tool results[2m > [22m[2mthreads first reply when replyToMode is first and message is not threaded
[22m[39mdelivered reply to user:U1

 [32mΓ£ô[39m src/slack/monitor.tool-result.threads-top-level-replies-replytomode-is-all.test.ts [2m([22m[2m7 tests[22m[2m)[22m[32m 193[2mms[22m[39m
 [32mΓ£ô[39m src/commands/onboard-channels.test.ts [2m([22m[2m3 tests[22m[2m)[22m[32m 245[2mms[22m[39m
 [32mΓ£ô[39m src/auto-reply/reply/abort.test.ts [2m([22m[2m5 tests[22m[2m)[22m[32m 171[2mms[22m[39m
 [32mΓ£ô[39m src/browser/chrome.test.ts [2m([22m[2m14 tests[22m[2m)[22m[32m 222[2mms[22m[39m
 [32mΓ£ô[39m src/auto-reply/inbound.test.ts [2m([22m[2m30 tests[22m[2m)[22m[32m 177[2mms[22m[39m
 [32mΓ£ô[39m src/wizard/onboarding.test.ts [2m([22m[2m5 tests[22m[2m)[22m[32m 217[2mms[22m[39m
 [32mΓ£ô[39m src/media/store.test.ts [2m([22m[2m14 tests[22m[2m)[22m[32m 230[2mms[22m[39m
 [32mΓ£ô[39m src/discord/send.sends-basic-channel-messages.test.ts [2m([22m[2m20 tests[22m[2m)[22m[32m 170[2mms[22m[39m
 [32mΓ£ô[39m src/agents/skills.buildworkspaceskillsnapshot.test.ts [2m([22m[2m2 tests[22m[2m)[22m[32m 168[2mms[22m[39m
 [32mΓ£ô[39m src/infra/provider-usage.fetch.antigravity.test.ts [2m([22m[2m18 tests[22m[2m)[22m[32m 226[2mms[22m[39m
 [32mΓ£ô[39m src/slack/monitor/message-handler/prepare.inbound-contract.test.ts [2m([22m[2m2 tests[22m[2m)[22m[32m 153[2mms[22m[39m
 [32mΓ£ô[39m src/commands/auth-choice.test.ts [2m([22m[2m12 tests[22m[2m)[22m[32m 204[2mms[22m[39m
 [32mΓ£ô[39m src/config/sessions/transcript.test.ts [2m([22m[2m6 tests[22m[2m)[22m[32m 143[2mms[22m[39m
[90mstdout[2m | src/telegram/fetch.test.ts[2m > [22m[2mresolveTelegramFetch[2m > [22m[2mreturns wrapped global fetch when available
[22m[39m[34m[telegram][39m [36mautoSelectFamily=false (default-node22)[39m

[90mstdout[2m | src/telegram/fetch.test.ts[2m > [22m[2mresolveTelegramFetch[2m > [22m[2mprefers proxy fetch when provided
[22m[39m[34m[telegram][39m [36mautoSelectFamily=false (default-node22)[39m

[90mstdout[2m | src/telegram/fetch.test.ts[2m > [22m[2mresolveTelegramFetch[2m > [22m[2mhonors env enable override
[22m[39m[34m[telegram][39m [36mautoSelectFamily=true (env:OPENCLAW_TELEGRAM_ENABLE_AUTO_SELECT_FAMILY)[39m

[90mstdout[2m | src/telegram/fetch.test.ts[2m > [22m[2mresolveTelegramFetch[2m > [22m[2muses config override when provided
[22m[39m[34m[telegram][39m [36mautoSelectFamily=true (config)[39m

[90mstdout[2m | src/telegram/fetch.test.ts[2m > [22m[2mresolveTelegramFetch[2m > [22m[2menv disable override wins over config
[22m[39m[34m[telegram][39m [36mautoSelectFamily=false (env:OPENCLAW_TELEGRAM_DISABLE_AUTO_SELECT_FAMILY)[39m

 [32mΓ£ô[39m src/telegram/fetch.test.ts [2m([22m[2m5 tests[22m[2m)[22m[32m 148[2mms[22m[39m
 [32mΓ£ô[39m src/cli/dns-cli.test.ts [2m([22m[2m1 test[22m[2m)[22m[32m 158[2mms[22m[39m
 [32mΓ£ô[39m src/config/io.compat.test.ts [2m([22m[2m3 tests[22m[2m)[22m[32m 191[2mms[22m[39m
 [32mΓ£ô[39m src/telegram/bot-message-context.dm-threads.test.ts [2m([22m[2m5 tests[22m[2m)[22m[32m 182[2mms[22m[39m
 [32mΓ£ô[39m src/cli/nodes-cli.coverage.test.ts [2m([22m[2m5 tests[22m[2m)[22m[32m 173[2mms[22m[39m
[90mstderr[2m | src/memory/manager.vector-dedupe.test.ts[2m > [22m[2mmemory vector dedupe[2m > [22m[2mdeletes existing vector rows before inserting 
replacements
[22m[39m[31m[memory][39m [33mfts unavailable: no such module: fts5[39m

 [32mΓ£ô[39m src/memory/manager.vector-dedupe.test.ts [2m([22m[2m1 test[22m[2m)[22m[32m 164[2mms[22m[39m
[90mstderr[2m | src/memory/manager.async-search.test.ts[2m > [22m[2mmemory search async sync[2m > [22m[2mdoes not await sync when searching
[22m[39m[31m[memory][39m [33mfts unavailable: no such module: fts5[39m

 [32mΓ£ô[39m src/memory/manager.async-search.test.ts [2m([22m[2m1 test[22m[2m)[22m[32m 156[2mms[22m[39m
 [32mΓ£ô[39m src/daemon/schtasks.test.ts [2m([22m[2m17 tests[22m[2m)[22m[32m 193[2mms[22m[39m
 [32mΓ£ô[39m src/commands/status.test.ts [2m([22m[2m5 tests[22m[2m)[22m[32m 196[2mms[22m[39m
 [32mΓ£ô[39m src/discord/send.creates-thread.test.ts [2m([22m[2m16 tests[22m[2m)[22m[32m 173[2mms[22m[39m
[90mstdout[2m | src/agents/auth-profiles/oauth.fallback-to-main-agent.test.ts[2m > [22m[2mresolveApiKeyForProfile fallback to main agent[2m > [22m[2mfalls back to main agent credentials when secondary agent token is expired and refresh fails
[22m[39m[33m[agents/auth-profiles][39m [36minherited fresh OAuth credentials from main agent[39m

 [32mΓ£ô[39m src/agents/auth-profiles/oauth.fallback-to-main-agent.test.ts [2m([22m[2m2 tests[22m[2m)[22m[32m 142[2mms[22m[39m
[90mstdout[2m | src/web/auto-reply.broadcast-groups.skips-unknown-broadcast-agent-ids-agents-list.test.ts[2m > [22m[2mbroadcast groups[2m > [22m[2mskips unknown broadcast agent ids when agents.list is present
[22m[39m[35m[whatsapp][39m [36mListening for personal WhatsApp inbound messages.[39m

[90mstderr[2m | src/web/auto-reply.broadcast-groups.skips-unknown-broadcast-agent-ids-agents-list.test.ts[2m > [22m[2mbroadcast groups[2m > 
[22m[2mskips unknown broadcast agent ids when agents.list is present
[22m[39m[35m[whatsapp][39m [33mBroadcast agent missing not found in agents.list; skipping[39m

[90mstdout[2m | src/web/auto-reply.broadcast-groups.skips-unknown-broadcast-agent-ids-agents-list.test.ts[2m > [22m[2mbroadcast groups[2m > [22m[2mskips unknown broadcast agent ids when agents.list is present
[22m[39m[35m[whatsapp][39m [36mBroadcasting message to 2 agents (parallel)[39m
[35m[whatsapp][39m [36mInbound message +1000 -> +2000 (direct, 43 chars)[39m

[90mstdout[2m | src/web/auto-reply.broadcast-groups.skips-unknown-broadcast-agent-ids-agents-list.test.ts[2m > [22m[2mbroadcast groups[2m > [22m[2mskips unknown broadcast agent ids when agents.list is present
[22m[39m[35m[whatsapp][39m [36mAuto-replied to +1000[39m

 [32mΓ£ô[39m src/web/auto-reply.broadcast-groups.skips-unknown-broadcast-agent-ids-agents-list.test.ts [2m([22m[2m1 test[22m[2m)[22m[32m 128[2mms[22m[39m
[90mstdout[2m | src/cli/memory-cli.test.ts[2m > [22m[2mmemory cli[2m > [22m[2menables verbose logging with --verbose
[22m[39mMemory Search (main)
Provider: openai (requested: openai)
Model: text-embedding-3-small
Indexed: 0/0 files ┬╖ 0 chunks
Dirty: no
Store: /tmp/memory.sqlite
Workspace: /tmp/openclaw
Vector: ready
Issues:
  memory directory missing (\tmp\openclaw\memory)


[90mstdout[2m | src/cli/memory-cli.test.ts[2m > [22m[2mmemory cli[2m > [22m[2mlogs close failure after status
[22m[39mMemory Search (main)
Provider: openai (requested: openai)
Model: text-embedding-3-small
Indexed: 1/0 files ┬╖ 1 chunks
Dirty: no
Store: /tmp/memory.sqlite
Workspace: /tmp/openclaw
Issues:
  memory directory missing (\tmp\openclaw\memory)


[90mstdout[2m | src/cli/memory-cli.test.ts[2m > [22m[2mmemory cli[2m > [22m[2mlogs close failures without failing the command
[22m[39mMemory index updated (main).

[90mstdout[2m | src/cli/memory-cli.test.ts[2m > [22m[2mmemory cli[2m > [22m[2mlogs close failure after search
[22m[39m0.500 memory/2026-01-12.md:1-2
Hello

 [32mΓ£ô[39m src/cli/memory-cli.test.ts [2m([22m[2m10 tests[22m[2m)[22m[32m 137[2mms[22m[39m
 [32mΓ£ô[39m src/browser/cdp.test.ts [2m([22m[2m6 tests[22m[2m)[22m[32m 205[2mms[22m[39m
 [32mΓ£ô[39m src/infra/control-ui-assets.test.ts [2m([22m[2m9 tests[22m[2m)[22m[32m 235[2mms[22m[39m
 [32mΓ£ô[39m src/auto-reply/reply/commands.test.ts [2m([22m[2m21 tests[22m[2m)[22m[32m 156[2mms[22m[39m
 [32mΓ£ô[39m src/infra/outbound/message-action-runner.test.ts [2m([22m[2m18 tests[22m[2m)[22m[32m 200[2mms[22m[39m
 [32mΓ£ô[39m src/auto-reply/reply/agent-runner.memory-flush.runreplyagent-memory-flush.uses-configured-prompts-memory-flush-runs.test.ts [2m([22m[2m2 tests[22m[2m)[22m[32m 137[2mms[22m[39m
 [32mΓ£ô[39m src/auto-reply/reply/agent-runner.heartbeat-typing.runreplyagent-typing-heartbeat.signals-typing-block-replies.test.ts [2m([22m[2m4 tests[22m[2m)[22m[32m 110[2mms[22m[39m
 [32mΓ£ô[39m src/telegram/sticker-cache.test.ts [2m([22m[2m17 tests[22m[2m)[22m[32m 138[2mms[22m[39m
[90mstderr[2m | src/auto-reply/reply/agent-runner.heartbeat-typing.runreplyagent-typing-heartbeat.still-replies-even-if-session-reset-fails.test.ts[2m > 
[22m[2mrunReplyAgent typing (heartbeat)[2m > [22m[2mstill replies even if session reset fails to persist
[22m[39mSession history corrupted (Gemini function call ordering). Resetting session: main

 [32mΓ£ô[39m src/cron/run-log.test.ts [2m([22m[2m3 tests[22m[2m)[22m[32m 149[2mms[22m[39m
 [32mΓ£ô[39m src/auto-reply/reply/agent-runner.heartbeat-typing.runreplyagent-typing-heartbeat.still-replies-even-if-session-reset-fails.test.ts [2m([22m[2m2 tests[22m[2m)[22m[32m 113[2mms[22m[39m
 [32mΓ£ô[39m src/config/schema.test.ts [2m([22m[2m4 tests[22m[2m)[22m[32m 152[2mms[22m[39m
 [32mΓ£ô[39m src/discord/monitor.tool-result.sends-status-replies-responseprefix.test.ts [2m([22m[2m6 tests[22m[2m)[22m[32m 116[2mms[22m[39m
 [32mΓ£ô[39m src/plugins/discovery.test.ts [2m([22m[2m4 tests[22m[2m)[22m[32m 120[2mms[22m[39m
 [32mΓ£ô[39m src/web/monitor-inbox.streams-inbound-messages.test.ts [2m([22m[2m8 tests[22m[2m)[22m[32m 156[2mms[22m[39m
 [32mΓ£ô[39m src/commands/chutes-oauth.test.ts [2m([22m[2m4 tests[22m[2m)[22m[32m 91[2mms[22m[39m
 [32mΓ£ô[39m src/web/monitor-inbox.blocks-messages-from-unauthorized-senders-not-allowfrom.test.ts [2m([22m[2m9 tests[22m[2m)[22m[32m 133[2mms[22m[39m
 [32mΓ£ô[39m src/discord/monitor/message-handler.inbound-contract.test.ts [2m([22m[2m1 test[22m[2m)[22m[32m 132[2mms[22m[39m
 [32mΓ£ô[39m src/agents/pi-embedded-subscribe.subscribe-embedded-pi-session.waits-multiple-compaction-retries-before-resolving.test.ts [2m([22m[2m5 tests[22m[2m)[22m[32m 113[2mms[22m[39m
 [32mΓ£ô[39m src/auto-reply/reply/agent-runner.memory-flush.runreplyagent-memory-flush.skips-memory-flush-sandbox-workspace-is-read.test.ts [2m([22m[2m2 tests[22m[2m)[22m[32m 128[2mms[22m[39m
 [32mΓ£ô[39m src/process/command-queue.test.ts [2m([22m[2m3 tests[22m[2m)[22m[32m 134[2mms[22m[39m
 [32mΓ£ô[39m src/channels/plugins/catalog.test.ts [2m([22m[2m3 tests[22m[2m)[22m[32m 80[2mms[22m[39m
[90mstdout[2m | src/signal/monitor.tool-result.sends-tool-summaries-responseprefix.test.ts[2m > [22m[2mmonitorSignalProvider tool results[2m > [22m[2mskips tool summaries with responsePrefix
[22m[39mdelivered reply to signal:+15550001111

 [32mΓ£ô[39m src/agents/skills.build-workspace-skills-prompt.applies-bundled-allowlist-without-affecting-workspace-skills.test.ts [2m([22m[2m1 test[22m[2m)[22m[32m 141[2mms[22m[39m
[90mstdout[2m | src/signal/monitor.tool-result.sends-tool-summaries-responseprefix.test.ts[2m > [22m[2mmonitorSignalProvider tool results[2m > [22m[2mprocesses messages when reaction metadata is present
[22m[39mdelivered reply to signal:+15550001111

 [32mΓ£ô[39m src/signal/monitor.tool-result.sends-tool-summaries-responseprefix.test.ts [2m([22m[2m11 tests[22m[2m)[22m[32m 137[2mms[22m[39m
 [32mΓ£ô[39m src/config/config.identity-avatar.test.ts [2m([22m[2m3 tests[22m[2m)[22m[32m 80[2mms[22m[39m
 [32mΓ£ô[39m src/cron/service.skips-main-jobs-empty-systemevent-text.test.ts [2m([22m[2m3 tests[22m[2m)[22m[32m 117[2mms[22m[39m
 [32mΓ£ô[39m src/web/monitor-inbox.allows-messages-from-senders-allowfrom-list.test.ts [2m([22m[2m7 tests[22m[2m)[22m[32m 107[2mms[22m[39m
[90mstdout[2m | src/slack/monitor.tool-result.forces-thread-replies-replytoid-is-set.test.ts[2m > [22m[2mmonitorSlackProvider tool results[2m > [22m[2mforces thread replies when replyToId is set
[22m[39mslack: groupPolicy defaults to "open" when channels.slack is missing; set channels.slack.groupPolicy (or channels.defaults.groupPolicy) or add channels.slack.channels to restrict access.

[90mstdout[2m | src/slack/monitor.tool-result.forces-thread-replies-replytoid-is-set.test.ts[2m > [22m[2mmonitorSlackProvider tool results[2m > [22m[2mforces thread replies when replyToId is set
[22m[39mslack socket mode connected

[90mstdout[2m | src/slack/monitor.tool-result.forces-thread-replies-replytoid-is-set.test.ts[2m > [22m[2mmonitorSlackProvider tool results[2m > [22m[2mforces thread replies when replyToId is set
[22m[39mdelivered reply to user:U1

[90mstdout[2m | src/slack/monitor.tool-result.forces-thread-replies-replytoid-is-set.test.ts[2m > [22m[2mmonitorSlackProvider tool results[2m > [22m[2mreacts to mention-gated room messages when ackReaction is enabled
[22m[39mslack socket mode connected

[90mstdout[2m | src/slack/monitor.tool-result.forces-thread-replies-replytoid-is-set.test.ts[2m > [22m[2mmonitorSlackProvider tool results[2m > [22m[2mreplies with pairing code when dmPolicy is pairing and no allowFrom is set
[22m[39mslack socket mode connected

[90mstdout[2m | src/slack/monitor.tool-result.forces-thread-replies-replytoid-is-set.test.ts[2m > [22m[2mmonitorSlackProvider tool results[2m > [22m[2mdoes not resend pairing code when a request is already pending
[22m[39mslack socket mode connected

 [32mΓ£ô[39m src/slack/monitor.tool-result.forces-thread-replies-replytoid-is-set.test.ts [2m([22m[2m4 tests[22m[2m)[22m[32m 145[2mms[22m[39m
 [32mΓ£ô[39m src/line/bot-message-context.test.ts [2m([22m[2m2 tests[22m[2m)[22m[32m 136[2mms[22m[39m
 [32mΓ£ô[39m src/web/inbound.media.test.ts [2m([22m[2m3 tests[22m[2m)[22m[32m 124[2mms[22m[39m
[90mstdout[2m | src/telegram/webhook.test.ts[2m > [22m[2mstartTelegramWebhook[2m > [22m[2mstarts server, registers webhook, and serves health
[22m[39mwebhook listening on http://localhost:0/telegram-webhook

[90mstdout[2m | src/telegram/webhook.test.ts[2m > [22m[2mstartTelegramWebhook[2m > [22m[2minvokes webhook handler on matching path
[22m[39mwebhook listening on http://localhost:0/hook

 [32mΓ£ô[39m src/cli/browser-cli-extension.test.ts [2m([22m[2m2 tests[22m[2m)[22m[32m 133[2mms[22m[39m
 [32mΓ£ô[39m src/telegram/webhook.test.ts [2m([22m[2m2 tests[22m[2m)[22m[32m 111[2mms[22m[39m
 [32mΓ£ô[39m src/cli/pairing-cli.test.ts [2m([22m[2m7 tests[22m[2m)[22m[32m 86[2mms[22m[39m
 [32mΓ£ô[39m src/media-understanding/providers/google/video.test.ts [2m([22m[2m2 tests[22m[2m)[22m[32m 221[2mms[22m[39m
 [32mΓ£ô[39m src/memory/internal.test.ts [2m([22m[2m7 tests[22m[2m)[22m[32m 114[2mms[22m[39m
 [32mΓ£ô[39m src/infra/archive.test.ts [2m([22m[2m3 tests[22m[2m)[22m[32m 99[2mms[22m[39m
[90mΓöé[39m
[32mΓùç[39m  [0mConfig[0m [90mΓöÇΓöÇΓöÇΓöÇΓöÇΓöÇΓöÇΓöÇΓöÇΓöÇΓöÇΓöÇΓöÇΓöÇΓöÇΓöÇΓöÇΓöÇΓöÇΓöÇΓöÇΓöÇΓöÇΓöÇΓöÇΓöÇΓöÇΓöÇΓöÇΓöÇΓöÇΓöÇΓöÇΓöÇΓöÇΓöÇΓöÇΓöÇΓöÇΓöÇΓöÇΓöÇΓöÇΓöÇΓöÇΓöÇΓöÇΓöÇΓöÇΓöÇΓöÇΓò«[39m
[90mΓöé[39m                                                            [90mΓöé[39m
[90mΓöé[39m  [2mConfig invalid; doctor will run with best-effort config.[22m  [90mΓöé[39m
[90mΓöé[39m                                                            [90mΓöé[39m
[90mΓö£ΓöÇΓöÇΓöÇΓöÇΓöÇΓöÇΓöÇΓöÇΓöÇΓöÇΓöÇΓöÇΓöÇΓöÇΓöÇΓöÇΓöÇΓöÇΓöÇΓöÇΓöÇΓöÇΓöÇΓöÇΓöÇΓöÇΓöÇΓöÇΓöÇΓöÇΓöÇΓöÇΓöÇΓöÇΓöÇΓöÇΓöÇΓöÇΓöÇΓöÇΓöÇΓöÇΓöÇΓöÇΓöÇΓöÇΓöÇΓöÇΓöÇΓöÇΓöÇΓöÇΓöÇΓöÇΓöÇΓöÇΓöÇΓöÇΓöÇΓöÇΓò»[39m
[90mΓöé[39m
[32mΓùç[39m  [0mConfig[0m [90mΓöÇΓöÇΓöÇΓöÇΓöÇΓöÇΓöÇΓöÇΓöÇΓöÇΓöÇΓöÇΓöÇΓöÇΓöÇΓöÇΓöÇΓöÇΓöÇΓöÇΓöÇΓöÇΓöÇΓöÇΓöÇΓöÇΓöÇΓöÇΓöÇΓöÇΓöÇΓöÇΓöÇΓöÇΓöÇΓöÇΓöÇΓöÇΓöÇΓöÇΓöÇΓöÇΓöÇΓöÇΓöÇΓöÇΓöÇΓöÇΓöÇΓöÇΓöÇΓò«[39m
[90mΓöé[39m                                                            [90mΓöé[39m
[90mΓöé[39m  [2mConfig invalid; doctor will run with best-effort config.[22m  [90mΓöé[39m
[90mΓöé[39m                                                            [90mΓöé[39m
[90mΓö£ΓöÇΓöÇΓöÇΓöÇΓöÇΓöÇΓöÇΓöÇΓöÇΓöÇΓöÇΓöÇΓöÇΓöÇΓöÇΓöÇΓöÇΓöÇΓöÇΓöÇΓöÇΓöÇΓöÇΓöÇΓöÇΓöÇΓöÇΓöÇΓöÇΓöÇΓöÇΓöÇΓöÇΓöÇΓöÇΓöÇΓöÇΓöÇΓöÇΓöÇΓöÇΓöÇΓöÇΓöÇΓöÇΓöÇΓöÇΓöÇΓöÇΓöÇΓöÇΓöÇΓöÇΓöÇΓöÇΓöÇΓöÇΓöÇΓöÇΓöÇΓò»[39m
[90mΓöé[39m
[32mΓùç[39m  [0mDoctor changes[0m [90mΓöÇΓöÇΓöÇΓöÇΓöÇΓöÇΓöÇΓò«[39m
[90mΓöé[39m                        [90mΓöé[39m
[90mΓöé[39m  [2m- gateway.auth.extra[22m  [90mΓöé[39m
[90mΓöé[39m  [2m- bridge[22m              [90mΓöé[39m
[90mΓöé[39m                        [90mΓöé[39m
[90mΓö£ΓöÇΓöÇΓöÇΓöÇΓöÇΓöÇΓöÇΓöÇΓöÇΓöÇΓöÇΓöÇΓöÇΓöÇΓöÇΓöÇΓöÇΓöÇΓöÇΓöÇΓöÇΓöÇΓöÇΓöÇΓò»[39m
 [32mΓ£ô[39m src/commands/doctor-config-flow.test.ts [2m([22m[2m2 tests[22m[2m)[22m[32m 124[2mms[22m[39m
 [32mΓ£ô[39m src/infra/update-startup.test.ts [2m([22m[2m3 tests[22m[2m)[22m[32m 106[2mms[22m[39m
 [32mΓ£ô[39m src/auto-reply/reply/reply-routing.test.ts [2m([22m[2m18 tests[22m[2m)[22m[32m 104[2mms[22m[39m
 [32mΓ£ô[39m src/auto-reply/reply/agent-runner.memory-flush.runreplyagent-memory-flush.skips-memory-flush-cli-providers.test.ts [2m([22m[2m1 test[22m[2m)[22m[32m 109[2mms[22m[39m
 [32mΓ£ô[39m src/agents/pi-embedded-subscribe.subscribe-embedded-pi-session.suppresses-message-end-block-replies-message-tool.test.ts [2m([22m[2m3 tests[22m[2m)[22m[32m 107[2mms[22m[39m
 [32mΓ£ô[39m src/media/store.redirect.test.ts [2m([22m[2m2 tests[22m[2m)[22m[32m 114[2mms[22m[39m
 [32mΓ£ô[39m src/agents/tools/discord-actions.test.ts [2m([22m[2m27 tests[22m[2m)[22m[32m 58[2mms[22m[39m
 [32mΓ£ô[39m src/auto-reply/reply/queue.collect-routing.test.ts [2m([22m[2m6 tests[22m[2m)[22m[32m 89[2mms[22m[39m
[90mstdout[2m | src/telegram/send.edit-message.test.ts[2m > [22m[2meditMessageTelegram[2m > [22m[2mkeeps existing buttons when buttons is undefined (no reply_markup)
[22m[39m[34m[telegram][39m [36mautoSelectFamily=false (default-node22)[39m

[90mstderr[2m | src/telegram/send.edit-message.test.ts[2m > [22m[2meditMessageTelegram[2m > [22m[2mfalls back to plain text when Telegram HTML 
parse fails (and preserves reply_markup)
[22m[39m[34m[telegram][39m [31meditMessage failed: 400: Bad Request: can't parse entities[39m

 [32mΓ£ô[39m src/telegram/send.edit-message.test.ts [2m([22m[2m3 tests[22m[2m)[22m[32m 83[2mms[22m[39m
 [32mΓ£ô[39m src/agents/model-fallback.test.ts [2m([22m[2m19 tests[22m[2m)[22m[32m 132[2mms[22m[39m
 [32mΓ£ô[39m src/hooks/soul-evil.test.ts [2m([22m[2m14 tests[22m[2m)[22m[32m 115[2mms[22m[39m
[90mstdout[2m | src/imessage/monitor.updates-last-route-chat-id-direct-messages.test.ts[2m > [22m[2mmonitorIMessageProvider[2m > [22m[2mupdates last route with sender handle for direct messages
[22m[39mimessage: delivered reply to imessage:+15550004444

 [32mΓ£ô[39m src/imessage/monitor.updates-last-route-chat-id-direct-messages.test.ts [2m([22m[2m2 tests[22m[2m)[22m[32m 96[2mms[22m[39m
 [32mΓ£ô[39m src/telegram/format.test.ts [2m([22m[2m13 tests[22m[2m)[22m[32m 81[2mms[22m[39m
 [32mΓ£ô[39m src/commands/agents.identity.test.ts [2m([22m[2m7 tests[22m[2m)[22m[32m 136[2mms[22m[39m
 [32mΓ£ô[39m src/auto-reply/reply/commands-policy.test.ts [2m([22m[2m10 tests[22m[2m)[22m[32m 97[2mms[22m[39m
[90mstdout[2m | src/logger.test.ts[2m > [22m[2mlogger helpers[2m > [22m[2monly logs debug when verbose is enabled
[22m[39mloud

[90mstdout[2m | src/logger.test.ts[2m > [22m[2mlogger helpers[2m > [22m[2mwrites to configured log file at configured level
[22m[39mhello

[90mstdout[2m | src/logger.test.ts[2m > [22m[2mlogger helpers[2m > [22m[2mfilters messages below configured level
[22m[39minfo-only
warn-only

[90mstdout[2m | src/logger.test.ts[2m > [22m[2mlogger helpers[2m > [22m[2muses daily rolling default log file and prunes old ones
[22m[39mroll-me

 [32mΓ£ô[39m src/logger.test.ts [2m([22m[2m5 tests[22m[2m)[22m[32m 113[2mms[22m[39m
 [32mΓ£ô[39m src/agents/openclaw-tools.sessions.test.ts [2m([22m[2m8 tests[22m[2m)[22m[32m 68[2mms[22m[39m
 [32mΓ£ô[39m src/telegram/bot/delivery.test.ts [2m([22m[2m10 tests[22m[2m)[22m[32m 94[2mms[22m[39m
 [32mΓ£ô[39m src/slack/format.test.ts [2m([22m[2m18 tests[22m[2m)[22m[32m 75[2mms[22m[39m
 [32mΓ£ô[39m src/utils.test.ts [2m([22m[2m20 tests[22m[2m)[22m[32m 81[2mms[22m[39m
 [32mΓ£ô[39m src/tts/tts.test.ts [2m([22m[2m33 tests[22m[2m)[22m[32m 74[2mms[22m[39m
 [32mΓ£ô[39m src/infra/outbound/deliver.test.ts [2m([22m[2m12 tests[22m[2m)[22m[32m 85[2mms[22m[39m
 [32mΓ£ô[39m src/markdown/ir.table-bullets.test.ts [2m([22m[2m7 tests[22m[2m)[22m[32m 76[2mms[22m[39m
 [32mΓ£ô[39m src/infra/heartbeat-runner.sender-prefers-delivery-target.test.ts [2m([22m[2m1 test[22m[2m)[22m[32m 110[2mms[22m[39m
 [32mΓ£ô[39m src/infra/bonjour.test.ts [2m([22m[2m7 tests[22m[2m)[22m[32m 69[2mms[22m[39m
 [32mΓ£ô[39m src/infra/provider-usage.test.ts [2m([22m[2m10 tests[22m[2m)[22m[32m 81[2mms[22m[39m
 [32mΓ£ô[39m src/auto-reply/reply/route-reply.test.ts [2m([22m[2m16 tests[22m[2m)[22m[32m 77[2mms[22m[39m
 [32mΓ£ô[39m src/clarityburst/stages.packs.test.ts [2m([22m[2m46 tests[22m[2m)[22m[32m 72[2mms[22m[39m
 [32mΓ£ô[39m src/agents/tools/web-fetch.ssrf.test.ts [2m([22m[2m5 tests[22m[2m)[22m[32m 75[2mms[22m[39m
 [32mΓ£ô[39m src/web/session.test.ts [2m([22m[2m8 tests[22m[2m)[22m[32m 93[2mms[22m[39m
 [32mΓ£ô[39m src/auto-reply/reply/commands-parsing.test.ts [2m([22m[2m8 tests[22m[2m)[22m[32m 54[2mms[22m[39m
 [32mΓ£ô[39m src/cron/service.prevents-duplicate-timers.test.ts [2m([22m[2m1 test[22m[2m)[22m[32m 77[2mms[22m[39m
 [32mΓ£ô[39m src/auto-reply/reply/formatting.test.ts [2m([22m[2m18 tests[22m[2m)[22m[32m 39[2mms[22m[39m
[90mstdout[2m | src/slack/monitor.threading.missing-thread-ts.test.ts[2m > [22m[2mmonitorSlackProvider threading[2m > [22m[2mrecovers missing thread_ts when parent_user_id is present
[22m[39mslack channels unresolved: C1
slack socket mode connected

[90mstdout[2m | src/slack/monitor.threading.missing-thread-ts.test.ts[2m > [22m[2mmonitorSlackProvider threading[2m > [22m[2mrecovers missing thread_ts when parent_user_id is present
[22m[39mdelivered reply to channel:C1

 [32mΓ£ô[39m src/slack/monitor.threading.missing-thread-ts.test.ts [2m([22m[2m1 test[22m[2m)[22m[32m 87[2mms[22m[39m
 [32mΓ£ô[39m src/browser/pw-session.get-page-for-targetid.extension-fallback.test.ts [2m([22m[2m1 test[22m[2m)[22m[32m 86[2mms[22m[39m
 [32mΓ£ô[39m src/auto-reply/envelope.test.ts [2m([22m[2m12 tests[22m[2m)[22m[32m 59[2mms[22m[39m
 [32mΓ£ô[39m src/infra/session-cost-usage.test.ts [2m([22m[2m2 tests[22m[2m)[22m[32m 77[2mms[22m[39m
 [32mΓ£ô[39m src/hooks/internal-hooks.test.ts [2m([22m[2m18 tests[22m[2m)[22m[32m 61[2mms[22m[39m
 [32mΓ£ô[39m src/commands/onboard-auth.test.ts [2m([22m[2m26 tests[22m[2m)[22m[32m 82[2mms[22m[39m
 [32mΓ£ô[39m src/agents/pi-embedded-subscribe.subscribe-embedded-pi-session.splits-long-single-line-fenced-blocks-reopen.test.ts [2m([22m[2m3 tests[22m[2m)[22m[32m 73[2mms[22m[39m
 [32mΓ£ô[39m src/agents/pi-embedded-subscribe.subscribe-embedded-pi-session.includes-canvas-action-metadata-tool-summaries.test.ts [2m([22m[2m3 tests[22m[2m)[22m[32m 69[2mms[22m[39m
 [32mΓ£ô[39m src/discord/monitor.test.ts [2m([22m[2m40 tests[22m[2m)[22m[32m 95[2mms[22m[39m
 [32mΓ£ô[39m src/infra/retry.test.ts [2m([22m[2m8 tests[22m[2m)[22m[32m 70[2mms[22m[39m
 [32mΓ£ô[39m src/hooks/frontmatter.test.ts [2m([22m[2m20 tests[22m[2m)[22m[32m 80[2mms[22m[39m
[90mstderr[2m | src/agents/pi-embedded-runner.google-sanitize-thinking.test.ts[2m > [22m[2msanitizeSessionHistory (google thinking)[2m > 
[22m[2msanitizes tool call ids for Google APIs
[22m[39m[33m[agent/embedded][39m [33mgoogle turn ordering fixup: prepended user bootstrap (sessionId=session:google)[39m

 [32mΓ£ô[39m src/agents/pi-embedded-runner.google-sanitize-thinking.test.ts [2m([22m[2m11 tests[22m[2m)[22m[32m 66[2mms[22m[39m
 [32mΓ£ô[39m src/markdown/frontmatter.test.ts [2m([22m[2m5 tests[22m[2m)[22m[32m 46[2mms[22m[39m
 [32mΓ£ô[39m src/infra/restart-sentinel.test.ts [2m([22m[2m3 tests[22m[2m)[22m[32m 40[2mms[22m[39m
 [32mΓ£ô[39m src/auto-reply/command-control.test.ts [2m([22m[2m12 tests[22m[2m)[22m[32m 92[2mms[22m[39m
 [32mΓ£ô[39m src/agents/tools/sessions-announce-target.test.ts [2m([22m[2m2 tests[22m[2m)[22m[32m 89[2mms[22m[39m
 [32mΓ£ô[39m src/agents/apply-patch.test.ts [2m([22m[2m3 tests[22m[2m)[22m[32m 67[2mms[22m[39m
[90mstdout[2m | src/web/login.coverage.test.ts[2m > [22m[2mloginWeb coverage[2m > [22m[2mrestarts once when WhatsApp requests code 515
[22m[39mWhatsApp asked for a restart after pairing (code 515); creds are saved. Restarting connection onceΓÇª

[90mstdout[2m | src/web/login.coverage.test.ts[2m > [22m[2mloginWeb coverage[2m > [22m[2mrestarts once when WhatsApp requests code 515
[22m[39mΓ£à Linked after restart; web session ready.

[90mstdout[2m | src/web/login.coverage.test.ts[2m > [22m[2mloginWeb coverage[2m > [22m[2mclears creds and throws when logged out
[22m[39mWaiting for WhatsApp connection...

[90mstderr[2m | src/web/login.coverage.test.ts[2m > [22m[2mloginWeb coverage[2m > [22m[2mclears creds and throws when logged out
[22m[39mWhatsApp reported the session is logged out. Cleared cached web session; please rerun openclaw channels login and scan the QR again.

[90mstdout[2m | src/web/login.coverage.test.ts[2m > [22m[2mloginWeb coverage[2m > [22m[2mformats and rethrows generic errors
[22m[39mWaiting for WhatsApp connection...

[90mstderr[2m | src/web/login.coverage.test.ts[2m > [22m[2mloginWeb coverage[2m > [22m[2mformats and rethrows generic errors
[22m[39mWhatsApp Web connection ended before fully opening. formatted:Error: boom

 [32mΓ£ô[39m src/web/login.coverage.test.ts [2m([22m[2m3 tests[22m[2m)[22m[32m 92[2mms[22m[39m
 [32mΓ£ô[39m src/agents/auth-profiles.markauthprofilefailure.test.ts [2m([22m[2m3 tests[22m[2m)[22m[32m 79[2mms[22m[39m
 [32mΓ£ô[39m src/infra/path-env.test.ts [2m([22m[2m4 tests[22m[2m)[22m[32m 72[2mms[22m[39m
 [32mΓ£ô[39m src/auto-reply/chunk.test.ts [2m([22m[2m44 tests[22m[2m)[22m[32m 57[2mms[22m[39m
 [32mΓ£ô[39m src/logging/console-capture.test.ts [2m([22m[2m6 tests[22m[2m)[22m[32m 75[2mms[22m[39m
 [32mΓ£ô[39m src/auto-reply/reply/dispatch-from-config.test.ts [2m([22m[2m12 tests[22m[2m)[22m[32m 64[2mms[22m[39m
 [32mΓ£ô[39m src/auto-reply/commands-registry.test.ts [2m([22m[2m16 tests[22m[2m)[22m[32m 64[2mms[22m[39m
[90mstdout[2m | src/agents/openclaw-gateway-tool.test.ts[2m > [22m[2mgateway tool[2m > [22m[2mschedules SIGUSR1 restart
[22m[39mgateway tool: restart requested (delayMs=0, reason=none)

 [32mΓ£ô[39m src/agents/openclaw-gateway-tool.test.ts [2m([22m[2m4 tests[22m[2m)[22m[32m 62[2mms[22m[39m
 [32mΓ£ô[39m src/auto-reply/reply/agent-runner.heartbeat-typing.runreplyagent-typing-heartbeat.signals-typing-normal-runs.test.ts [2m([22m[2m7 tests[22m[2m)[22m[32m 50[2mms[22m[39m
 [32mΓ£ô[39m src/media-understanding/runner.auto-audio.test.ts [2m([22m[2m2 tests[22m[2m)[22m[32m 67[2mms[22m[39m
 [32mΓ£ô[39m src/web/accounts.whatsapp-auth.test.ts [2m([22m[2m4 tests[22m[2m)[22m[32m 47[2mms[22m[39m
 [32mΓ£ô[39m src/cron/schedule.test.ts [2m([22m[2m4 tests[22m[2m)[22m[32m 59[2mms[22m[39m
 [32mΓ£ô[39m src/agents/auth-profiles.chutes.test.ts [2m([22m[2m1 test[22m[2m)[22m[32m 72[2mms[22m[39m
 [32mΓ£ô[39m src/channels/ack-reactions.test.ts [2m([22m[2m9 tests[22m[2m)[22m[32m 54[2mms[22m[39m
 [32mΓ£ô[39m src/agents/tools/web-tools.enabled-defaults.test.ts [2m([22m[2m21 tests[22m[2m)[22m[32m 55[2mms[22m[39m
[90mstdout[2m | src/infra/heartbeat-runner.scheduler.test.ts[2m > [22m[2mstartHeartbeatRunner[2m > [22m[2mupdates scheduling when config changes without restart
[22m[39m[36m[heartbeat][39m [36mstarted[39m

 [32mΓ£ô[39m src/infra/heartbeat-runner.scheduler.test.ts [2m([22m[2m1 test[22m[2m)[22m[32m 69[2mms[22m[39m
 [32mΓ£ô[39m src/agents/skills/refresh.test.ts [2m([22m[2m1 test[22m[2m)[22m[32m 61[2mms[22m[39m
 [32mΓ£ô[39m src/config/paths.test.ts [2m([22m[2m7 tests[22m[2m)[22m[32m 48[2mms[22m[39m
 [32mΓ£ô[39m src/agents/tools/telegram-actions.test.ts [2m([22m[2m25 tests[22m[2m)[22m[32m 73[2mms[22m[39m
 [32mΓ£ô[39m src/infra/device-pairing.test.ts [2m([22m[2m1 test[22m[2m)[22m[32m 64[2mms[22m[39m
 [32mΓ£ô[39m src/signal/format.test.ts [2m([22m[2m6 tests[22m[2m)[22m[32m 59[2mms[22m[39m
 [32mΓ£ô[39m src/agents/pi-embedded-subscribe.subscribe-embedded-pi-session.calls-onblockreplyflush-before-tool-execution-start-preserve.test.ts [2m([22m[2m2 tests[22m[2m)[22m[32m 67[2mms[22m[39m
 [32mΓ£ô[39m src/agents/pi-embedded-subscribe.subscribe-embedded-pi-session.subscribeembeddedpisession.test.ts [2m([22m[2m11 tests[22m[2m)[22m[32m 67[2mms[22m[39m
 [32mΓ£ô[39m src/agents/identity-avatar.test.ts [2m([22m[2m4 tests[22m[2m)[22m[32m 66[2mms[22m[39m
 [32mΓ£ô[39m src/auto-reply/reply.triggers.trigger-handling.stages-inbound-media-into-sandbox-workspace.test.ts [2m([22m[2m1 test[22m[2m)[22m[32m 47[2mms[22m[39m
 [32mΓ£ô[39m src/agents/session-file-repair.test.ts [2m([22m[2m4 tests[22m[2m)[22m[32m 55[2mms[22m[39m
 [32mΓ£ô[39m src/line/markdown-to-line.test.ts [2m([22m[2m38 tests[22m[2m)[22m[32m 65[2mms[22m[39m
 [32mΓ£ô[39m src/commands/channels.adds-non-default-telegram-account.test.ts [2m([22m[2m16 tests[22m[2m)[22m[32m 67[2mms[22m[39m
 [32mΓ£ô[39m src/config/plugin-auto-enable.test.ts [2m([22m[2m9 tests[22m[2m)[22m[32m 65[2mms[22m[39m
 [32mΓ£ô[39m src/infra/brew.test.ts [2m([22m[2m3 tests[22m[2m)[22m[32m 48[2mms[22m[39m
 [32mΓ£ô[39m src/browser/profiles.test.ts [2m([22m[2m28 tests[22m[2m)[22m[32m 55[2mms[22m[39m
 [32mΓ£ô[39m src/config/includes.test.ts [2m([22m[2m25 tests[22m[2m)[22m[32m 50[2mms[22m[39m
 [32mΓ£ô[39m src/auto-reply/reply/typing.test.ts [2m([22m[2m17 tests[22m[2m)[22m[32m 49[2mms[22m[39m
 [32mΓ£ô[39m src/slack/monitor/slash.command-arg-menus.test.ts [2m([22m[2m5 tests[22m[2m)[22m[32m 45[2mms[22m[39m
 [32mΓ£ô[39m src/auto-reply/reply.triggers.trigger-handling.stages-inbound-media-into-sandbox-workspace.security.test.ts [2m([22m[2m1 test[22m[2m)[22m[32m 50[2mms[22m[39m
 [32mΓ£ô[39m src/scripts/canvas-a2ui-copy.test.ts [2m([22m[2m2 tests[22m[2m)[22m[32m 55[2mms[22m[39m
 [32mΓ£ô[39m src/auto-reply/reply.directive.parse.test.ts [2m([22m[2m31 tests[22m[2m)[22m[32m 57[2mms[22m[39m
[90mstdout[2m | src/web/auto-reply/monitor/process-message.inbound-contract.test.ts[2m > [22m[2mweb processMessage inbound contract[2m > [22m[2mpasses a finalized MsgContext to the dispatcher
[22m[39m[35m[whatsapp][39m [36mInbound message 123@g.us -> +15550001111 (group, 55 chars)[39m

 [32mΓ£ô[39m src/web/auto-reply/monitor/process-message.inbound-contract.test.ts [2m([22m[2m1 test[22m[2m)[22m[32m 61[2mms[22m[39m
 [32mΓ£ô[39m src/agents/tools/slack-actions.test.ts [2m([22m[2m22 tests[22m[2m)[22m[32m 69[2mms[22m[39m
 [32mΓ£ô[39m src/commands/sandbox.test.ts [2m([22m[2m19 tests[22m[2m)[22m[32m 61[2mms[22m[39m
 [32mΓ£ô[39m src/telegram/bot-message-context.sender-prefix.test.ts [2m([22m[2m3 tests[22m[2m)[22m[32m 68[2mms[22m[39m
 [32mΓ£ô[39m src/agents/skills.summarize-skill-description.test.ts [2m([22m[2m1 test[22m[2m)[22m[32m 37[2mms[22m[39m
 [32mΓ£ô[39m src/media-understanding/runner.deepgram.test.ts [2m([22m[2m1 test[22m[2m)[22m[32m 39[2mms[22m[39m
 [32mΓ£ô[39m src/commands/doctor-legacy-config.test.ts [2m([22m[2m6 tests[22m[2m)[22m[32m 67[2mms[22m[39m
 [32mΓ£ô[39m src/media/mime.test.ts [2m([22m[2m11 tests[22m[2m)[22m[32m 46[2mms[22m[39m
[90mΓöé[39m
[32mΓùç[39m  [0mAuth profiles[0m [90mΓöÇΓöÇΓöÇΓöÇΓöÇΓöÇΓöÇΓöÇΓöÇΓöÇΓöÇΓöÇΓöÇΓöÇΓöÇΓöÇΓöÇΓöÇΓöÇΓöÇΓöÇΓöÇΓöÇΓöÇΓöÇΓöÇΓöÇΓöÇΓöÇΓöÇΓöÇΓöÇΓöÇΓöÇΓöÇΓöÇΓöÇΓöÇΓöÇΓöÇΓöÇΓöÇΓöÇΓöÇΓöÇΓöÇΓöÇΓöÇΓöÇΓöÇΓöÇΓöÇΓöÇΓöÇΓöÇΓöÇΓöÇΓò«[39m
[90mΓöé[39m                                                                         [90mΓöé[39m
[90mΓöé[39m  [2mDeprecated external CLI auth profiles detected (no longer supported):[22m  [90mΓöé[39m
[90mΓöé[39m  [2m- anthropic:claude-cli (Anthropic): use setup-token ΓåÆ openclaw models[22m  [90mΓöé[39m
[90mΓöé[39m  [2m  auth setup-token[22m                                                     [90mΓöé[39m
[90mΓöé[39m  [2m- openai-codex:codex-cli (OpenAI Codex): use OAuth ΓåÆ openclaw models[22m   [90mΓöé[39m
[90mΓöé[39m  [2m  auth login --provider openai-codex[22m                                   [90mΓöé[39m
[90mΓöé[39m                                                                         [90mΓöé[39m
[90mΓö£ΓöÇΓöÇΓöÇΓöÇΓöÇΓöÇΓöÇΓöÇΓöÇΓöÇΓöÇΓöÇΓöÇΓöÇΓöÇΓöÇΓöÇΓöÇΓöÇΓöÇΓöÇΓöÇΓöÇΓöÇΓöÇΓöÇΓöÇΓöÇΓöÇΓöÇΓöÇΓöÇΓöÇΓöÇΓöÇΓöÇΓöÇΓöÇΓöÇΓöÇΓöÇΓöÇΓöÇΓöÇΓöÇΓöÇΓöÇΓöÇΓöÇΓöÇΓöÇΓöÇΓöÇΓöÇΓöÇΓöÇΓöÇΓöÇΓöÇΓöÇΓöÇΓöÇΓöÇΓöÇΓöÇΓöÇΓöÇΓöÇΓöÇΓöÇΓöÇΓöÇΓöÇΓò»[39m
[90mΓöé[39m
[32mΓùç[39m  [0mDoctor changes[0m [90mΓöÇΓöÇΓöÇΓöÇΓöÇΓöÇΓöÇΓöÇΓöÇΓöÇΓöÇΓöÇΓöÇΓöÇΓöÇΓöÇΓöÇΓöÇΓöÇΓöÇΓöÇΓöÇΓöÇΓöÇΓöÇΓöÇΓöÇΓöÇΓöÇΓöÇΓöÇΓò«[39m
[90mΓöé[39m                                                [90mΓöé[39m
[90mΓöé[39m  [2m- removed anthropic:claude-cli from config[22m    [90mΓöé[39m
[90mΓöé[39m  [2m- removed openai-codex:codex-cli from config[22m  [90mΓöé[39m
[90mΓöé[39m                                                [90mΓöé[39m
[90mΓö£ΓöÇΓöÇΓöÇΓöÇΓöÇΓöÇΓöÇΓöÇΓöÇΓöÇΓöÇΓöÇΓöÇΓöÇΓöÇΓöÇΓöÇΓöÇΓöÇΓöÇΓöÇΓöÇΓöÇΓöÇΓöÇΓöÇΓöÇΓöÇΓöÇΓöÇΓöÇΓöÇΓöÇΓöÇΓöÇΓöÇΓöÇΓöÇΓöÇΓöÇΓöÇΓöÇΓöÇΓöÇΓöÇΓöÇΓöÇΓöÇΓò»[39m
 [32mΓ£ô[39m src/commands/doctor-auth.deprecated-cli-profiles.test.ts [2m([22m[2m1 test[22m[2m)[22m[32m 52[2mms[22m[39m
 [32mΓ£ô[39m src/web/auto-reply/monitor/message-line.test.ts [2m([22m[2m1 test[22m[2m)[22m[32m 53[2mms[22m[39m
[90mstdout[2m | src/clarityburst/deps.test.ts[2m > [22m[2mClarityBurst ΓåÆ Agents Dependency Cycle Guard[2m > [22m[2msummary statistics[2m > [22m[2mshould report total files scanned
[22m[39m
Dependency cycle guard scanned 8 files (8 .ts, 0 .js/.mjs)

 [32mΓ£ô[39m src/clarityburst/deps.test.ts [2m([22m[2m11 tests[22m[2m)[22m[32m 61[2mms[22m[39m
 [32mΓ£ô[39m src/infra/unhandled-rejections.fatal-detection.test.ts [2m([22m[2m10 tests[22m[2m)[22m[32m 54[2mms[22m[39m
 [32mΓ£ô[39m src/auto-reply/reply/line-directives.test.ts [2m([22m[2m36 tests[22m[2m)[22m[32m 45[2mms[22m[39m
 [32mΓ£ô[39m src/shared/text/reasoning-tags.test.ts [2m([22m[2m39 tests[22m[2m)[22m[32m 46[2mms[22m[39m
 [32mΓ£ô[39m src/tui/components/searchable-select-list.test.ts [2m([22m[2m13 tests[22m[2m)[22m[32m 39[2mms[22m[39m
 [32mΓ£ô[39m src/line/flex-templates.test.ts [2m([22m[2m43 tests[22m[2m)[22m[32m 57[2mms[22m[39m
 [32mΓ£ô[39m src/agents/system-prompt.test.ts [2m([22m[2m30 tests[22m[2m)[22m[32m 42[2mms[22m[39m
 [32mΓ£ô[39m src/security/external-content.test.ts [2m([22m[2m28 tests[22m[2m)[22m[32m 40[2mms[22m[39m
 [32mΓ£ô[39m src/discord/targets.test.ts [2m([22m[2m11 tests[22m[2m)[22m[32m 39[2mms[22m[39m
 [32mΓ£ô[39m src/agents/pi-embedded-runner/run/payloads.test.ts [2m([22m[2m12 tests[22m[2m)[22m[32m 50[2mms[22m[39m
 [32mΓ£ô[39m src/agents/pi-embedded-utils.test.ts [2m([22m[2m35 tests[22m[2m)[22m[32m 44[2mms[22m[39m
 [32mΓ£ô[39m src/discord/audit.test.ts [2m([22m[2m1 test[22m[2m)[22m[32m 54[2mms[22m[39m
 [32mΓ£ô[39m src/agents/workspace.test.ts [2m([22m[2m3 tests[22m[2m)[22m[32m 45[2mms[22m[39m
 [32mΓ£ô[39m src/commands/health.snapshot.test.ts [2m([22m[2m6 tests[22m[2m)[22m[32m 66[2mms[22m[39m
 [32mΓ£ô[39m src/agents/auth-profiles.ensureauthprofilestore.test.ts [2m([22m[2m2 tests[22m[2m)[22m[32m 45[2mms[22m[39m
 [32mΓ£ô[39m src/web/qr-image.test.ts [2m([22m[2m2 tests[22m[2m)[22m[32m 32[2mms[22m[39m
 [32mΓ£ô[39m src/media/fetch.test.ts [2m([22m[2m3 tests[22m[2m)[22m[32m 45[2mms[22m[39m
 [32mΓ£ô[39m src/telegram/download.test.ts [2m([22m[2m2 tests[22m[2m)[22m[32m 38[2mms[22m[39m
 [32mΓ£ô[39m src/agents/tools/browser-tool.test.ts [2m([22m[2m12 tests[22m[2m)[22m[32m 51[2mms[22m[39m
 [32mΓ£ô[39m src/config/telegram-webhook-secret.test.ts [2m([22m[2m4 tests[22m[2m)[22m[32m 41[2mms[22m[39m
 [32mΓ£ô[39m src/daemon/constants.test.ts [2m([22m[2m35 tests[22m[2m)[22m[32m 33[2mms[22m[39m
 [32mΓ£ô[39m src/commands/models.set.test.ts [2m([22m[2m3 tests[22m[2m)[22m[32m 37[2mms[22m[39m
 [32mΓ£ô[39m src/slack/monitor/slash.policy.test.ts [2m([22m[2m6 tests[22m[2m)[22m[32m 42[2mms[22m[39m
 [32mΓ£ô[39m src/agents/pi-embedded-subscribe.subscribe-embedded-pi-session.does-not-call-onblockreplyflush-callback-is-not.test.ts [2m([22m[2m1 test[22m[2m)[22m[32m 39[2mms[22m[39m
 [32mΓ£ô[39m src/cli/program.force.test.ts [2m([22m[2m6 tests[22m[2m)[22m[32m 31[2mms[22m[39m
[90mstderr[2m | src/logging/console-settings.test.ts[2m > [22m[2mgetConsoleSettings[2m > [22m[2mdoes not recurse when loadConfig logs during 
resolution
[22m[39m2026-02-08T02:33:26.165Z config load failed

 [32mΓ£ô[39m src/logging/console-settings.test.ts [2m([22m[2m2 tests[22m[2m)[22m[32m 40[2mms[22m[39m
 [32mΓ£ô[39m src/discord/monitor/message-handler.process.test.ts [2m([22m[2m2 tests[22m[2m)[22m[32m 48[2mms[22m[39m
 [32mΓ£ô[39m src/memory/search-manager.test.ts [2m([22m[2m1 test[22m[2m)[22m[32m 41[2mms[22m[39m
 [32mΓ£ô[39m src/plugins/cli.test.ts [2m([22m[2m1 test[22m[2m)[22m[32m 36[2mms[22m[39m
 [32mΓ£ô[39m src/auto-reply/reply/commands-approve.test.ts [2m([22m[2m2 tests[22m[2m)[22m[32m 30[2mms[22m[39m
 [32mΓ£ô[39m src/browser/pw-session.test.ts [2m([22m[2m6 tests[22m[2m)[22m[32m 35[2mms[22m[39m
 [32mΓ£ô[39m src/agents/auth-health.test.ts [2m([22m[2m2 tests[22m[2m)[22m[32m 36[2mms[22m[39m
 [32mΓ£ô[39m src/agents/tools/message-tool.test.ts [2m([22m[2m8 tests[22m[2m)[22m[32m 45[2mms[22m[39m
 [32mΓ£ô[39m src/signal/monitor/event-handler.inbound-contract.test.ts [2m([22m[2m1 test[22m[2m)[22m[32m 46[2mms[22m[39m
 [32mΓ£ô[39m src/agents/pi-embedded-runner-extraparams.test.ts [2m([22m[2m4 tests[22m[2m)[22m[32m 46[2mms[22m[39m
 [32mΓ£ô[39m src/infra/outbound/targets.test.ts [2m([22m[2m15 tests[22m[2m)[22m[32m 48[2mms[22m[39m
 [32mΓ£ô[39m src/agents/pi-embedded-subscribe.subscribe-embedded-pi-session.does-not-emit-duplicate-block-replies-text.test.ts [2m([22m[2m5 tests[22m[2m)[22m[32m 35[2mms[22m[39m
 [32mΓ£ô[39m src/line/auto-reply-delivery.test.ts [2m([22m[2m3 tests[22m[2m)[22m[32m 26[2mms[22m[39m
[90mstderr[2m | src/telegram/monitor.test.ts[2m > [22m[2mmonitorTelegramProvider (grammY)[2m > [22m[2mretries on recoverable network errors
[22m[39mTelegram network error: timeout; retrying in 0ms.

 [32mΓ£ô[39m src/telegram/monitor.test.ts [2m([22m[2m5 tests[22m[2m)[22m[32m 47[2mms[22m[39m
 [32mΓ£ô[39m src/agents/pi-extensions/compaction-safeguard.test.ts [2m([22m[2m17 tests[22m[2m)[22m[32m 34[2mms[22m[39m
 [32mΓ£ô[39m src/routing/resolve-route.test.ts [2m([22m[2m19 tests[22m[2m)[22m[32m 33[2mms[22m[39m
 [32mΓ£ô[39m src/browser/profiles-service.test.ts [2m([22m[2m4 tests[22m[2m)[22m[32m 27[2mms[22m[39m
 [32mΓ£ô[39m src/providers/google-shared.preserves-parameters-type-is-missing.test.ts [2m([22m[2m9 tests[22m[2m)[22m[32m 38[2mms[22m[39m
 [32mΓ£ô[39m src/config/normalize-paths.test.ts [2m([22m[2m1 test[22m[2m)[22m[32m 41[2mms[22m[39m
 [32mΓ£ô[39m src/media-understanding/providers/openai/audio.test.ts [2m([22m[2m2 tests[22m[2m)[22m[32m 35[2mms[22m[39m
 [32mΓ£ô[39m src/agents/pi-embedded-subscribe.subscribe-embedded-pi-session.streams-soft-chunks-paragraph-preference.test.ts [2m([22m[2m2 tests[22m[2m)[22m[32m 34[2mms[22m[39m
 [32mΓ£ô[39m src/line/rich-menu.test.ts [2m([22m[2m20 tests[22m[2m)[22m[32m 44[2mms[22m[39m
 [32mΓ£ô[39m src/telegram/audit.test.ts [2m([22m[2m3 tests[22m[2m)[22m[32m 38[2mms[22m[39m
 [32mΓ£ô[39m src/infra/system-events.test.ts [2m([22m[2m2 tests[22m[2m)[22m[32m 30[2mms[22m[39m
 [32mΓ£ô[39m src/auto-reply/reply/agent-runner.reasoning-tags.test.ts [2m([22m[2m2 tests[22m[2m)[22m[32m 29[2mms[22m[39m
 [32mΓ£ô[39m src/commands/doctor-security.test.ts [2m([22m[2m4 tests[22m[2m)[22m[32m 33[2mms[22m[39m
 [32mΓ£ô[39m src/slack/monitor/message-handler/prepare.sender-prefix.test.ts [2m([22m[2m1 test[22m[2m)[22m[32m 37[2mms[22m[39m
 [32mΓ£ô[39m src/line/template-messages.test.ts [2m([22m[2m35 tests[22m[2m)[22m[32m 50[2mms[22m[39m
 [32mΓ£ô[39m src/channels/plugins/actions/telegram.test.ts [2m([22m[2m6 tests[22m[2m)[22m[32m 37[2mms[22m[39m
 [32mΓ£ô[39m src/agents/pi-embedded-runner/run/images.test.ts [2m([22m[2m24 tests[22m[2m)[22m[32m 47[2mms[22m[39m
 [32mΓ£ô[39m src/auto-reply/reply/agent-runner.response-usage-footer.test.ts [2m([22m[2m2 tests[22m[2m)[22m[32m 43[2mms[22m[39m
 [32mΓ£ô[39m src/auto-reply/reply/response-prefix-template.test.ts [2m([22m[2m27 tests[22m[2m)[22m[32m 29[2mms[22m[39m
 [32mΓ£ô[39m src/agents/pi-embedded-helpers.validate-turns.test.ts [2m([22m[2m17 tests[22m[2m)[22m[32m 38[2mms[22m[39m
 [32mΓ£ô[39m src/line/webhook.test.ts [2m([22m[2m5 tests[22m[2m)[22m[32m 40[2mms[22m[39m
 [32mΓ£ô[39m src/agents/auth-profiles/session-override.test.ts [2m([22m[2m1 test[22m[2m)[22m[32m 31[2mms[22m[39m
 [32mΓ£ô[39m src/agents/session-transcript-repair.test.ts [2m([22m[2m6 tests[22m[2m)[22m[32m 27[2mms[22m[39m
 [32mΓ£ô[39m src/browser/client.test.ts [2m([22m[2m6 tests[22m[2m)[22m[32m 51[2mms[22m[39m
 [32mΓ£ô[39m src/commands/onboard-hooks.test.ts [2m([22m[2m6 tests[22m[2m)[22m[32m 39[2mms[22m[39m
 [32mΓ£ô[39m src/agents/pi-embedded-subscribe.subscribe-embedded-pi-session.emits-reasoning-as-separate-message-enabled.test.ts [2m([22m[2m5 tests[22m[2m)[22m[32m 36[2mms[22m[39m
 [32mΓ£ô[39m src/plugins/voice-call.plugin.test.ts [2m([22m[2m6 tests[22m[2m)[22m[32m 45[2mms[22m[39m
 [32mΓ£ô[39m src/slack/monitor/context.test.ts [2m([22m[2m7 tests[22m[2m)[22m[32m 38[2mms[22m[39m
 [32mΓ£ô[39m src/infra/dotenv.test.ts [2m([22m[2m2 tests[22m[2m)[22m[32m 44[2mms[22m[39m
 [32mΓ£ô[39m src/clarityburst/pack-load.test.ts [2m([22m[2m7 tests[22m[2m)[22m[32m 33[2mms[22m[39m
 [32mΓ£ô[39m src/infra/outbound/message-action-runner.threading.test.ts [2m([22m[2m2 tests[22m[2m)[22m[32m 39[2mms[22m[39m
 [32mΓ£ô[39m src/agents/pi-embedded-runner/run.overflow-compaction.test.ts [2m([22m[2m4 tests[22m[2m)[22m[32m 47[2mms[22m[39m
 [32mΓ£ô[39m src/cli/browser-cli-inspect.test.ts [2m([22m[2m2 tests[22m[2m)[22m[32m 37[2mms[22m[39m
 [32mΓ£ô[39m src/commands/onboarding/plugin-install.test.ts [2m([22m[2m5 tests[22m[2m)[22m[32m 37[2mms[22m[39m
 [32mΓ£ô[39m src/line/accounts.test.ts [2m([22m[2m14 tests[22m[2m)[22m[32m 34[2mms[22m[39m
 [32mΓ£ô[39m src/agents/pi-embedded-subscribe.subscribe-embedded-pi-session.reopens-fenced-blocks-splitting-inside-them.test.ts [2m([22m[2m2 tests[22m[2m)[22m[32m 31[2mms[22m[39m
 [32mΓ£ô[39m src/agents/pi-embedded-subscribe.reply-tags.test.ts [2m([22m[2m3 tests[22m[2m)[22m[32m 41[2mms[22m[39m
 [32mΓ£ô[39m src/agents/pi-embedded-subscribe.subscribe-embedded-pi-session.keeps-indented-fenced-blocks-intact.test.ts [2m([22m[2m2 tests[22m[2m)[22m[32m 26[2mms[22m[39m
 [32mΓ£ô[39m src/agents/memory-search.test.ts [2m([22m[2m11 tests[22m[2m)[22m[32m 31[2mms[22m[39m
 [32mΓ£ô[39m src/discord/monitor.gateway.test.ts [2m([22m[2m4 tests[22m[2m)[22m[32m 30[2mms[22m[39m
 [32mΓ£ô[39m src/agents/pi-embedded-subscribe.subscribe-embedded-pi-session.filters-final-suppresses-output-without-start-tag.test.ts [2m([22m[2m3 tests[22m[2m)[22m[32m 33[2mms[22m[39m
 [32mΓ£ô[39m src/browser/config.test.ts [2m([22m[2m12 tests[22m[2m)[22m[32m 32[2mms[22m[39m
 [32mΓ£ô[39m src/channels/plugins/actions/signal.test.ts [2m([22m[2m9 tests[22m[2m)[22m[32m 33[2mms[22m[39m
 [32mΓ£ô[39m src/infra/bonjour-discovery.test.ts [2m([22m[2m4 tests[22m[2m)[22m[32m 30[2mms[22m[39m
 [32mΓ£ô[39m src/agents/pi-embedded-runner.get-dm-history-limit-from-session-key.returns-undefined-sessionkey-is-undefined.test.ts [2m([22m[2m13 tests[22m[2m)[22m[32m 30[2mms[22m[39m
 [32mΓ£ô[39m src/discord/monitor/exec-approvals.test.ts [2m([22m[2m17 tests[22m[2m)[22m[32m 30[2mms[22m[39m
 [32mΓ£ô[39m src/infra/heartbeat-visibility.test.ts [2m([22m[2m13 tests[22m[2m)[22m[32m 26[2mms[22m[39m
 [32mΓ£ô[39m src/agents/bash-tools.exec.pack-incomplete.test.ts [2m([22m[2m5 tests[22m[2m)[22m[32m 43[2mms[22m[39m
 [32mΓ£ô[39m src/agents/bash-tools.exec.empty-allowlist.test.ts [2m([22m[2m5 tests[22m[2m)[22m[32m 41[2mms[22m[39m
 [32mΓ£ô[39m src/agents/model-selection.test.ts [2m([22m[2m10 tests[22m[2m)[22m[32m 35[2mms[22m[39m
 [32mΓ£ô[39m src/infra/outbound/outbound-session.test.ts [2m([22m[2m7 tests[22m[2m)[22m[32m 39[2mms[22m[39m
 [32mΓ£ô[39m src/agents/tools/whatsapp-actions.test.ts [2m([22m[2m5 tests[22m[2m)[22m[32m 25[2mms[22m[39m
 [32mΓ£ô[39m src/auto-reply/reply/agent-runner.block-streaming.test.ts [2m([22m[2m1 test[22m[2m)[22m[32m 31[2mms[22m[39m
 [32mΓ£ô[39m src/web/inbound.test.ts [2m([22m[2m14 tests[22m[2m)[22m[32m 23[2mms[22m[39m
 [32mΓ£ô[39m src/commands/daemon-install-helpers.test.ts [2m([22m[2m8 tests[22m[2m)[22m[32m 23[2mms[22m[39m
[90mstdout[2m | src/web/login-qr.test.ts[2m > [22m[2mlogin-qr[2m > [22m[2mrestarts login once on status 515 and completes
[22m[39mWhatsApp QR received.

[90mstdout[2m | src/web/login-qr.test.ts[2m > [22m[2mlogin-qr[2m > [22m[2mrestarts login once on status 515 and completes
[22m[39mWhatsApp asked for a restart after pairing (code 515); retrying connection onceΓÇª

[90mstdout[2m | src/web/login-qr.test.ts[2m > [22m[2mlogin-qr[2m > [22m[2mrestarts login once on status 515 and completes
[22m[39mΓ£à Linked! WhatsApp is ready.

 [32mΓ£ô[39m src/web/login-qr.test.ts [2m([22m[2m1 test[22m[2m)[22m[32m 30[2mms[22m[39m
 [32mΓ£ô[39m src/agents/session-tool-result-guard.test.ts [2m([22m[2m8 tests[22m[2m)[22m[32m 32[2mms[22m[39m
[90mstderr[2m | src/commands/sessions.test.ts[2m > [22m[2msessionsCommand[2m > [22m[2mrenders a tabular view with token percentages
[22m[39m[openclaw] Model "pi:opus" specified without provider. Falling back to "anthropic/pi:opus". Please use "anthropic/pi:opus" in your config.

[90mstderr[2m | src/commands/sessions.test.ts[2m > [22m[2msessionsCommand[2m > [22m[2mshows placeholder rows when tokens are missing
[22m[39m[openclaw] Model "pi:opus" specified without provider. Falling back to "anthropic/pi:opus". Please use "anthropic/pi:opus" in your config.

 [32mΓ£ô[39m src/commands/sessions.test.ts [2m([22m[2m2 tests[22m[2m)[22m[32m 33[2mms[22m[39m
 [32mΓ£ô[39m src/tui/tui-input-history.test.ts [2m([22m[2m8 tests[22m[2m)[22m[32m 36[2mms[22m[39m
 [32mΓ£ô[39m src/discord/chunk.test.ts [2m([22m[2m10 tests[22m[2m)[22m[32m 30[2mms[22m[39m
 [32mΓ£ô[39m src/agents/model-scan.test.ts [2m([22m[2m2 tests[22m[2m)[22m[32m 31[2mms[22m[39m
 [32mΓ£ô[39m src/config/slack-http-config.test.ts [2m([22m[2m4 tests[22m[2m)[22m[32m 39[2mms[22m[39m
 [32mΓ£ô[39m src/slack/monitor.test.ts [2m([22m[2m15 tests[22m[2m)[22m[32m 30[2mms[22m[39m
 [32mΓ£ô[39m src/cli/nodes-camera.test.ts [2m([22m[2m5 tests[22m[2m)[22m[32m 41[2mms[22m[39m
 [32mΓ£ô[39m src/commands/sandbox-formatters.test.ts [2m([22m[2m20 tests[22m[2m)[22m[32m 34[2mms[22m[39m
 [32mΓ£ô[39m src/channels/channel-config.test.ts [2m([22m[2m13 tests[22m[2m)[22m[32m 34[2mms[22m[39m
 [32mΓ£ô[39m src/agents/pi-embedded-subscribe.subscribe-embedded-pi-session.emits-block-replies-text-end-does-not.test.ts [2m([22m[2m2 tests[22m[2m)[22m[32m 30[2mms[22m[39m
 [32mΓ£ô[39m src/commands/agent-via-gateway.test.ts [2m([22m[2m3 tests[22m[2m)[22m[32m 34[2mms[22m[39m
 [32mΓ£ô[39m src/auto-reply/heartbeat.test.ts [2m([22m[2m20 tests[22m[2m)[22m[32m 33[2mms[22m[39m
 [32mΓ£ô[39m src/auto-reply/reply/directive-handling.model.test.ts [2m([22m[2m4 tests[22m[2m)[22m[32m 32[2mms[22m[39m
 [32mΓ£ô[39m src/agents/tool-call-id.test.ts [2m([22m[2m7 tests[22m[2m)[22m[32m 25[2mms[22m[39m
 [32mΓ£ô[39m src/config/config.tools-alsoAllow.test.ts [2m([22m[2m3 tests[22m[2m)[22m[32m 31[2mms[22m[39m
 [32mΓ£ô[39m src/agents/pi-tools.read.fs-gating.empty-allowlist.test.ts [2m([22m[2m8 tests[22m[2m)[22m[32m 38[2mms[22m[39m
 [32mΓ£ô[39m src/telegram/update-offset-store.test.ts [2m([22m[2m1 test[22m[2m)[22m[32m 29[2mms[22m[39m
 [32mΓ£ô[39m src/agents/opencode-zen-models.test.ts [2m([22m[2m11 tests[22m[2m)[22m[32m 34[2mms[22m[39m
 [32mΓ£ô[39m src/auto-reply/reply/agent-runner.claude-cli.test.ts [2m([22m[2m1 test[22m[2m)[22m[32m 31[2mms[22m[39m
 [32mΓ£ô[39m src/line/send.test.ts [2m([22m[2m9 tests[22m[2m)[22m[32m 22[2mms[22m[39m
 [32mΓ£ô[39m src/agents/pi-embedded-helpers.formatassistanterrortext.test.ts [2m([22m[2m7 tests[22m[2m)[22m[32m 22[2mms[22m[39m
 [32mΓ£ô[39m src/browser/server-context.ensure-tab-available.prefers-last-target.test.ts [2m([22m[2m3 tests[22m[2m)[22m[32m 32[2mms[22m[39m
 [32mΓ£ô[39m src/config/slack-token-validation.test.ts [2m([22m[2m2 tests[22m[2m)[22m[32m 35[2mms[22m[39m
 [32mΓ£ô[39m src/agents/pi-embedded-subscribe.subscribe-embedded-pi-session.does-not-append-text-end-content-is.test.ts [2m([22m[2m3 tests[22m[2m)[22m[32m 27[2mms[22m[39m
 [32mΓ£ô[39m src/agents/tools/memory-tool.citations.test.ts [2m([22m[2m5 tests[22m[2m)[22m[32m 28[2mms[22m[39m
 [32mΓ£ô[39m src/channels/plugins/directory-config.test.ts [2m([22m[2m4 tests[22m[2m)[22m[32m 28[2mms[22m[39m
 [32mΓ£ô[39m src/auto-reply/model.test.ts [2m([22m[2m21 tests[22m[2m)[22m[32m 29[2mms[22m[39m
 [32mΓ£ô[39m src/agents/pi-embedded-subscribe.subscribe-embedded-pi-session.keeps-assistanttexts-final-answer-block-replies-are.test.ts [2m([22m[2m2 tests[22m[2m)[22m[32m 33[2mms[22m[39m
 [32mΓ£ô[39m src/agents/openclaw-tools.agents.test.ts [2m([22m[2m4 tests[22m[2m)[22m[32m 28[2mms[22m[39m
 [32mΓ£ô[39m src/cli/profile.test.ts [2m([22m[2m18 tests[22m[2m)[22m[32m 37[2mms[22m[39m
 [32mΓ£ô[39m src/tui/tui-event-handlers.test.ts [2m([22m[2m6 tests[22m[2m)[22m[32m 36[2mms[22m[39m
 [32mΓ£ô[39m src/slack/actions.read.test.ts [2m([22m[2m2 tests[22m[2m)[22m[32m 25[2mms[22m[39m
 [32mΓ£ô[39m src/commands/onboard-helpers.test.ts [2m([22m[2m9 tests[22m[2m)[22m[32m 29[2mms[22m[39m
 [32mΓ£ô[39m src/auto-reply/reply/memory-flush.test.ts [2m([22m[2m10 tests[22m[2m)[22m[32m 23[2mms[22m[39m
 [32mΓ£ô[39m src/auto-reply/thinking.test.ts [2m([22m[2m11 tests[22m[2m)[22m[32m 27[2mms[22m[39m
 [32mΓ£ô[39m src/terminal/table.test.ts [2m([22m[2m5 tests[22m[2m)[22m[32m 23[2mms[22m[39m
 [32mΓ£ô[39m src/telegram/bot/helpers.test.ts [2m([22m[2m21 tests[22m[2m)[22m[32m 31[2mms[22m[39m
 [32mΓ£ô[39m src/clarityburst/__tests__/tool_dispatch_gate.empty_allowlist.abstain_clarify.tripwire.test.ts [2m([22m[2m4 tests[22m[2m)[22m[32m 30[2mms[22m[39m
 [32mΓ£ô[39m src/media-understanding/resolve.test.ts [2m([22m[2m6 tests[22m[2m)[22m[32m 26[2mms[22m[39m
 [32mΓ£ô[39m src/media-understanding/providers/deepgram/audio.test.ts [2m([22m[2m2 tests[22m[2m)[22m[32m 34[2mms[22m[39m
 [32mΓ£ô[39m src/agents/tools/common.test.ts [2m([22m[2m11 tests[22m[2m)[22m[32m 21[2mms[22m[39m
 [32mΓ£ô[39m src/infra/unhandled-rejections.test.ts [2m([22m[2m19 tests[22m[2m)[22m[32m 27[2mms[22m[39m
 [32mΓ£ô[39m src/infra/voicewake.test.ts [2m([22m[2m3 tests[22m[2m)[22m[32m 40[2mms[22m[39m
 [32mΓ£ô[39m src/auto-reply/reply/agent-runner.authprofileid-fallback.test.ts [2m([22m[2m1 test[22m[2m)[22m[32m 32[2mms[22m[39m
 [32mΓ£ô[39m src/agents/auth-profiles.resolve-auth-profile-order.does-not-prioritize-lastgood-round-robin-ordering.test.ts [2m([22m[2m10 tests[22m[2m)[22m[32m 28[2mms[22m[39m
 [32mΓ£ô[39m src/config/env-substitution.test.ts [2m([22m[2m31 tests[22m[2m)[22m[32m 43[2mms[22m[39m
 [32mΓ£ô[39m src/logging/redact.test.ts [2m([22m[2m9 tests[22m[2m)[22m[32m 26[2mms[22m[39m
 [32mΓ£ô[39m src/telegram/network-errors.test.ts [2m([22m[2m11 tests[22m[2m)[22m[32m 27[2mms[22m[39m
 [32mΓ£ô[39m src/agents/pi-embedded-block-chunker.test.ts [2m([22m[2m6 tests[22m[2m)[22m[32m 28[2mms[22m[39m
 [32mΓ£ô[39m src/infra/runtime-guard.test.ts [2m([22m[2m5 tests[22m[2m)[22m[32m 32[2mms[22m[39m
 [32mΓ£ô[39m src/media/host.test.ts [2m([22m[2m3 tests[22m[2m)[22m[32m 26[2mms[22m[39m
 [32mΓ£ô[39m src/telegram/token.test.ts [2m([22m[2m6 tests[22m[2m)[22m[32m 29[2mms[22m[39m
 [32mΓ£ô[39m src/agents/pi-embedded-subscribe.code-span-awareness.test.ts [2m([22m[2m3 tests[22m[2m)[22m[32m 29[2mms[22m[39m
 [32mΓ£ô[39m src/telegram/targets.test.ts [2m([22m[2m11 tests[22m[2m)[22m[32m 26[2mms[22m[39m
 [32mΓ£ô[39m src/telegram/bot-native-commands.plugin-auth.test.ts [2m([22m[2m1 test[22m[2m)[22m[32m 31[2mms[22m[39m
 [32mΓ£ô[39m src/daemon/service-audit.test.ts [2m([22m[2m3 tests[22m[2m)[22m[32m 25[2mms[22m[39m
 [32mΓ£ô[39m src/agents/pi-extensions/context-pruning.test.ts [2m([22m[2m11 tests[22m[2m)[22m[32m 31[2mms[22m[39m
 [32mΓ£ô[39m src/line/probe.test.ts [2m([22m[2m2 tests[22m[2m)[22m[32m 28[2mms[22m[39m
 [32mΓ£ô[39m src/agents/pi-embedded-runner.limithistoryturns.test.ts [2m([22m[2m9 tests[22m[2m)[22m[32m 28[2mms[22m[39m
 [32mΓ£ô[39m src/wizard/onboarding.gateway-config.test.ts [2m([22m[2m1 test[22m[2m)[22m[32m 20[2mms[22m[39m
 [32mΓ£ô[39m src/cli/argv.test.ts [2m([22m[2m11 tests[22m[2m)[22m[32m 32[2mms[22m[39m
 [32mΓ£ô[39m src/media/store.header-ext.test.ts [2m([22m[2m1 test[22m[2m)[22m[32m 33[2mms[22m[39m
 [32mΓ£ô[39m src/config/config.web-search-provider.test.ts [2m([22m[2m1 test[22m[2m)[22m[32m 25[2mms[22m[39m
 [32mΓ£ô[39m src/auto-reply/tool-meta.test.ts [2m([22m[2m6 tests[22m[2m)[22m[32m 26[2mms[22m[39m
 [32mΓ£ô[39m src/auto-reply/reply/history.test.ts [2m([22m[2m7 tests[22m[2m)[22m[32m 16[2mms[22m[39m
 [32mΓ£ô[39m src/daemon/service-env.test.ts [2m([22m[2m17 tests[22m[2m)[22m[32m 41[2mms[22m[39m
 [32mΓ£ô[39m src/commands/health.command.coverage.test.ts [2m([22m[2m1 test[22m[2m)[22m[32m 27[2mms[22m[39m
 [32mΓ£ô[39m src/browser/pw-role-snapshot.test.ts [2m([22m[2m7 tests[22m[2m)[22m[32m 30[2mms[22m[39m
 [32mΓ£ô[39m src/config/config.skills-entries-config.test.ts [2m([22m[2m2 tests[22m[2m)[22m[32m 25[2mms[22m[39m
 [32mΓ£ô[39m src/hooks/gmail.test.ts [2m([22m[2m8 tests[22m[2m)[22m[32m 27[2mms[22m[39m
 [32mΓ£ô[39m src/commands/model-picker.test.ts [2m([22m[2m7 tests[22m[2m)[22m[32m 41[2mms[22m[39m
 [32mΓ£ô[39m src/discord/api.test.ts [2m([22m[2m3 tests[22m[2m)[22m[32m 31[2mms[22m[39m
 [32mΓ£ô[39m src/config/config.telegram-custom-commands.test.ts [2m([22m[2m2 tests[22m[2m)[22m[32m 28[2mms[22m[39m
 [32mΓ£ô[39m src/agents/chutes-oauth.test.ts [2m([22m[2m2 tests[22m[2m)[22m[32m 29[2mms[22m[39m
 [32mΓ£ô[39m src/agents/pi-embedded-runner/model.test.ts [2m([22m[2m6 tests[22m[2m)[22m[32m 26[2mms[22m[39m
 [32mΓ£ô[39m src/agents/pi-embedded-subscribe.subscribe-embedded-pi-session.does-not-duplicate-text-end-repeats-full.test.ts [2m([22m[2m2 tests[22m[2m)[22m[32m 28[2mms[22m[39m
 [32mΓ£ô[39m src/agents/sandbox-explain.test.ts [2m([22m[2m4 tests[22m[2m)[22m[32m 27[2mms[22m[39m
 [32mΓ£ô[39m src/agents/bootstrap-files.test.ts [2m([22m[2m2 tests[22m[2m)[22m[32m 26[2mms[22m[39m
 [32mΓ£ô[39m src/macos/relay-smoke.test.ts [2m([22m[2m5 tests[22m[2m)[22m[32m 26[2mms[22m[39m
 [32mΓ£ô[39m src/telegram/bot-native-commands.test.ts [2m([22m[2m2 tests[22m[2m)[22m[32m 31[2mms[22m[39m
 [32mΓ£ô[39m src/commands/dashboard.test.ts [2m([22m[2m3 tests[22m[2m)[22m[32m 23[2mms[22m[39m
 [32mΓ£ô[39m src/agents/skills/bundled-dir.test.ts [2m([22m[2m1 test[22m[2m)[22m[32m 30[2mms[22m[39m
 [32mΓ£ô[39m src/tui/tui.submit-handler.test.ts [2m([22m[2m4 tests[22m[2m)[22m[32m 25[2mms[22m[39m
 [32mΓ£ô[39m src/discord/resolve-channels.test.ts [2m([22m[2m2 tests[22m[2m)[22m[32m 30[2mms[22m[39m
 [32mΓ£ô[39m src/line/reply-chunks.test.ts [2m([22m[2m3 tests[22m[2m)[22m[32m 28[2mms[22m[39m
 [32mΓ£ô[39m src/commands/channels/capabilities.test.ts [2m([22m[2m2 tests[22m[2m)[22m[32m 28[2mms[22m[39m
 [32mΓ£ô[39m src/telegram/bot-message-dispatch.test.ts [2m([22m[2m1 test[22m[2m)[22m[32m 25[2mms[22m[39m
 [32mΓ£ô[39m src/agents/pi-embedded-helpers.stripthoughtsignatures.test.ts [2m([22m[2m6 tests[22m[2m)[22m[32m 26[2mms[22m[39m
 [32mΓ£ô[39m src/infra/net/ssrf.pinning.test.ts [2m([22m[2m3 tests[22m[2m)[22m[32m 27[2mms[22m[39m
 [32mΓ£ô[39m src/infra/shell-env.test.ts [2m([22m[2m4 tests[22m[2m)[22m[32m 22[2mms[22m[39m
 [32mΓ£ô[39m src/commands/health.test.ts [2m([22m[2m3 tests[22m[2m)[22m[32m 37[2mms[22m[39m
 [32mΓ£ô[39m src/agents/pi-embedded-helpers.messaging-duplicate.test.ts [2m([22m[2m13 tests[22m[2m)[22m[32m 30[2mms[22m[39m
 [32mΓ£ô[39m src/agents/pi-embedded-helpers.sanitize-session-messages-images.removes-empty-assistant-text-blocks-but-preserves.test.ts [2m([22m[2m6 tests[22m[2m)[22m[32m 28[2mms[22m[39m
 [32mΓ£ô[39m src/commands/agents.test.ts [2m([22m[2m4 tests[22m[2m)[22m[32m 32[2mms[22m[39m
 [32mΓ£ô[39m src/imessage/targets.test.ts [2m([22m[2m10 tests[22m[2m)[22m[32m 30[2mms[22m[39m
 [32mΓ£ô[39m src/agents/auth-profiles.resolve-auth-profile-order.uses-stored-profiles-no-config-exists.test.ts [2m([22m[2m7 tests[22m[2m)[22m[32m 23[2mms[22m[39m
 [32mΓ£ô[39m src/agents/bash-process-registry.test.ts [2m([22m[2m5 tests[22m[2m)[22m[32m 21[2mms[22m[39m
 [32mΓ£ô[39m src/agents/pi-embedded-helpers.sanitizeuserfacingtext.test.ts [2m([22m[2m7 tests[22m[2m)[22m[32m 27[2mms[22m[39m
 [32mΓ£ô[39m src/globals.test.ts [2m([22m[2m2 tests[22m[2m)[22m[32m 37[2mms[22m[39m
 [32mΓ£ô[39m src/slack/channel-migration.test.ts [2m([22m[2m4 tests[22m[2m)[22m[32m 20[2mms[22m[39m
 [32mΓ£ô[39m src/infra/system-presence.test.ts [2m([22m[2m2 tests[22m[2m)[22m[32m 19[2mms[22m[39m
 [32mΓ£ô[39m src/infra/exec-approval-forwarder.test.ts [2m([22m[2m2 tests[22m[2m)[22m[32m 29[2mms[22m[39m
 [32mΓ£ô[39m src/agents/workspace-templates.test.ts [2m([22m[2m1 test[22m[2m)[22m[32m 30[2mms[22m[39m
 [32mΓ£ô[39m src/commands/agents.add.test.ts [2m([22m[2m2 tests[22m[2m)[22m[32m 22[2mms[22m[39m
 [32mΓ£ô[39m src/media/parse.test.ts [2m([22m[2m9 tests[22m[2m)[22m[32m 31[2mms[22m[39m
 [32mΓ£ô[39m src/infra/outbound/payloads.test.ts [2m([22m[2m5 tests[22m[2m)[22m[32m 27[2mms[22m[39m
 [32mΓ£ô[39m src/providers/qwen-portal-oauth.test.ts [2m([22m[2m3 tests[22m[2m)[22m[32m 33[2mms[22m[39m
 [32mΓ£ô[39m src/slack/targets.test.ts [2m([22m[2m6 tests[22m[2m)[22m[32m 30[2mms[22m[39m
 [32mΓ£ô[39m src/agents/compaction.test.ts [2m([22m[2m7 tests[22m[2m)[22m[32m 32[2mms[22m[39m
 [32mΓ£ô[39m src/docs/slash-commands-doc.test.ts [2m([22m[2m1 test[22m[2m)[22m[32m 18[2mms[22m[39m
 [32mΓ£ô[39m src/tui/tui-command-handlers.test.ts [2m([22m[2m1 test[22m[2m)[22m[32m 23[2mms[22m[39m
 [32mΓ£ô[39m src/infra/restart.test.ts [2m([22m[2m2 tests[22m[2m)[22m[32m 24[2mms[22m[39m
 [32mΓ£ô[39m src/tui/tui-formatters.test.ts [2m([22m[2m8 tests[22m[2m)[22m[32m 30[2mms[22m[39m
 [32mΓ£ô[39m src/process/spawn-utils.test.ts [2m([22m[2m2 tests[22m[2m)[22m[32m 20[2mms[22m[39m
 [32mΓ£ô[39m src/browser/chrome.default-browser.test.ts [2m([22m[2m2 tests[22m[2m)[22m[32m 26[2mms[22m[39m
 [32mΓ£ô[39m src/agents/pi-settings.test.ts [2m([22m[2m4 tests[22m[2m)[22m[32m 23[2mms[22m[39m
 [32mΓ£ô[39m src/agents/context-window-guard.test.ts [2m([22m[2m9 tests[22m[2m)[22m[32m 24[2mms[22m[39m
 [32mΓ£ô[39m src/telegram/network-config.test.ts [2m([22m[2m5 tests[22m[2m)[22m[32m 24[2mms[22m[39m
 [32mΓ£ô[39m src/slack/http/registry.test.ts [2m([22m[2m5 tests[22m[2m)[22m[32m 28[2mms[22m[39m
 [32mΓ£ô[39m src/agents/bedrock-discovery.test.ts [2m([22m[2m5 tests[22m[2m)[22m[32m 29[2mms[22m[39m
 [32mΓ£ô[39m src/index.test.ts [2m([22m[2m6 tests[22m[2m)[22m[32m 23[2mms[22m[39m
 [32mΓ£ô[39m src/commands/auth-choice-options.test.ts [2m([22m[2m10 tests[22m[2m)[22m[32m 23[2mms[22m[39m
 [32mΓ£ô[39m src/slack/monitor/channel-config.test.ts [2m([22m[2m5 tests[22m[2m)[22m[32m 24[2mms[22m[39m
 [32mΓ£ô[39m src/agents/pi-embedded-runner.resolvesessionagentids.test.ts [2m([22m[2m5 tests[22m[2m)[22m[32m 18[2mms[22m[39m
 [32mΓ£ô[39m src/clarityburst/router-client.duplicate-ids.test.ts [2m([22m[2m6 tests[22m[2m)[22m[32m 24[2mms[22m[39m
 [32mΓ£ô[39m src/media-understanding/runner.vision-skip.test.ts [2m([22m[2m1 test[22m[2m)[22m[32m 21[2mms[22m[39m
 [32mΓ£ô[39m src/infra/outbound/format.test.ts [2m([22m[2m7 tests[22m[2m)[22m[32m 22[2mms[22m[39m
 [32mΓ£ô[39m src/web/auto-reply/monitor/group-gating.test.ts [2m([22m[2m1 test[22m[2m)[22m[32m 29[2mms[22m[39m
 [32mΓ£ô[39m src/web/inbound/access-control.pairing-history.test.ts [2m([22m[2m2 tests[22m[2m)[22m[32m 29[2mms[22m[39m
 [32mΓ£ô[39m src/agents/session-slug.test.ts [2m([22m[2m3 tests[22m[2m)[22m[32m 17[2mms[22m[39m
 [32mΓ£ô[39m src/agents/failover-error.test.ts [2m([22m[2m6 tests[22m[2m)[22m[32m 24[2mms[22m[39m
 [32mΓ£ô[39m src/agents/agent-scope.test.ts [2m([22m[2m8 tests[22m[2m)[22m[32m 26[2mms[22m[39m
 [32mΓ£ô[39m src/whatsapp/normalize.test.ts [2m([22m[2m8 tests[22m[2m)[22m[32m 26[2mms[22m[39m
 [32mΓ£ô[39m src/agents/agent-paths.test.ts [2m([22m[2m2 tests[22m[2m)[22m[32m 26[2mms[22m[39m
 [32mΓ£ô[39m src/config/ui-seam-color.test.ts [2m([22m[2m3 tests[22m[2m)[22m[32m 25[2mms[22m[39m
 [32mΓ£ô[39m src/media-understanding/attachments.ssrf.test.ts [2m([22m[2m1 test[22m[2m)[22m[32m 16[2mms[22m[39m
 [32mΓ£ô[39m src/telegram/proxy.test.ts [2m([22m[2m1 test[22m[2m)[22m[32m 22[2mms[22m[39m
 [32mΓ£ô[39m src/cli/browser-cli.test.ts [2m([22m[2m3 tests[22m[2m)[22m[32m 22[2mms[22m[39m
 [32mΓ£ô[39m src/discord/monitor/threading.test.ts [2m([22m[2m7 tests[22m[2m)[22m[32m 25[2mms[22m[39m
 [32mΓ£ô[39m src/agents/tool-policy.plugin-only-allowlist.test.ts [2m([22m[2m6 tests[22m[2m)[22m[32m 22[2mms[22m[39m
 [32mΓ£ô[39m src/agents/tools/web-search.test.ts [2m([22m[2m12 tests[22m[2m)[22m[32m 25[2mms[22m[39m
 [32mΓ£ô[39m src/agents/cache-trace.test.ts [2m([22m[2m4 tests[22m[2m)[22m[32m 18[2mms[22m[39m
 [32mΓ£ô[39m src/web/reconnect.test.ts [2m([22m[2m4 tests[22m[2m)[22m[32m 23[2mms[22m[39m
 [32mΓ£ô[39m src/polls.test.ts [2m([22m[2m3 tests[22m[2m)[22m[32m 21[2mms[22m[39m
 [32mΓ£ô[39m src/infra/ssh-config.test.ts [2m([22m[2m3 tests[22m[2m)[22m[32m 20[2mms[22m[39m
 [32mΓ£ô[39m src/agents/tool-display.test.ts [2m([22m[2m3 tests[22m[2m)[22m[32m 24[2mms[22m[39m
 [32mΓ£ô[39m src/agents/channel-tools.test.ts [2m([22m[2m1 test[22m[2m)[22m[32m 24[2mms[22m[39m
 [32mΓ£ô[39m src/signal/monitor.test.ts [2m([22m[2m6 tests[22m[2m)[22m[32m 20[2mms[22m[39m
 [32mΓ£ô[39m src/providers/google-shared.ensures-function-call-comes-after-user-turn.test.ts [2m([22m[2m2 tests[22m[2m)[22m[32m 23[2mms[22m[39m
 [32mΓ£ô[39m src/tui/tui-overlays.test.ts [2m([22m[2m2 tests[22m[2m)[22m[32m 19[2mms[22m[39m
 [32mΓ£ô[39m src/agents/tool-policy.test.ts [2m([22m[2m3 tests[22m[2m)[22m[32m 23[2mms[22m[39m
 [32mΓ£ô[39m src/cli/hooks-cli.test.ts [2m([22m[2m3 tests[22m[2m)[22m[32m 19[2mms[22m[39m
 [32mΓ£ô[39m src/link-understanding/detect.test.ts [2m([22m[2m4 tests[22m[2m)[22m[32m 16[2mms[22m[39m
 [32mΓ£ô[39m src/clarityburst/__tests__/tool_dispatch_gate.router_outage.fail_closed.tripwire.test.ts [2m([22m[2m4 tests[22m[2m)[22m[32m 22[2mms[22m[39m
 [32mΓ£ô[39m src/cron/cron-protocol-conformance.test.ts [2m([22m[2m2 tests[22m[2m)[22m[32m 20[2mms[22m[39m
 [32mΓ£ô[39m src/wizard/session.test.ts [2m([22m[2m3 tests[22m[2m)[22m[32m 23[2mms[22m[39m
 [32mΓ£ô[39m src/memory/backend-config.test.ts [2m([22m[2m4 tests[22m[2m)[22m[32m 21[2mms[22m[39m
 [32mΓ£ô[39m src/agents/model-catalog.test.ts [2m([22m[2m2 tests[22m[2m)[22m[32m 19[2mms[22m[39m
 [32mΓ£ô[39m src/infra/state-migrations.fs.test.ts [2m([22m[2m1 test[22m[2m)[22m[32m 20[2mms[22m[39m
 [32mΓ£ô[39m src/agents/pi-tools.policy.test.ts [2m([22m[2m4 tests[22m[2m)[22m[32m 21[2mms[22m[39m
 [32mΓ£ô[39m src/agents/tools/sessions-helpers.test.ts [2m([22m[2m3 tests[22m[2m)[22m[32m 27[2mms[22m[39m
 [32mΓ£ô[39m src/agents/pi-embedded-runner.guard.test.ts [2m([22m[2m1 test[22m[2m)[22m[32m 21[2mms[22m[39m
 [32mΓ£ô[39m src/infra/binaries.test.ts [2m([22m[2m2 tests[22m[2m)[22m[32m 25[2mms[22m[39m
 [32mΓ£ô[39m src/channels/conversation-label.test.ts [2m([22m[2m5 tests[22m[2m)[22m[32m 20[2mms[22m[39m
 [32mΓ£ô[39m src/infra/retry-policy.test.ts [2m([22m[2m1 test[22m[2m)[22m[32m 25[2mms[22m[39m
 [32mΓ£ô[39m src/channels/command-gating.test.ts [2m([22m[2m8 tests[22m[2m)[22m[32m 22[2mms[22m[39m
 [32mΓ£ô[39m src/auto-reply/reply/subagents-utils.test.ts [2m([22m[2m5 tests[22m[2m)[22m[32m 19[2mms[22m[39m
 [32mΓ£ô[39m src/commands/configure.wizard.test.ts [2m([22m[2m1 test[22m[2m)[22m[32m 24[2mms[22m[39m
 [32mΓ£ô[39m src/browser/target-id.test.ts [2m([22m[2m4 tests[22m[2m)[22m[32m 19[2mms[22m[39m
 [32mΓ£ô[39m src/telegram/group-migration.test.ts [2m([22m[2m4 tests[22m[2m)[22m[32m 18[2mms[22m[39m
 [32mΓ£ô[39m src/infra/agent-events.test.ts [2m([22m[2m3 tests[22m[2m)[22m[32m 21[2mms[22m[39m
 [32mΓ£ô[39m src/slack/client.test.ts [2m([22m[2m3 tests[22m[2m)[22m[32m 21[2mms[22m[39m
 [32mΓ£ô[39m src/agents/pi-embedded-helpers.buildbootstrapcontextfiles.test.ts [2m([22m[2m4 tests[22m[2m)[22m[32m 19[2mms[22m[39m
 [32mΓ£ô[39m src/daemon/program-args.test.ts [2m([22m[2m3 tests[22m[2m)[22m[32m 20[2mms[22m[39m
 [32mΓ£ô[39m src/acp/session-mapper.test.ts [2m([22m[2m2 tests[22m[2m)[22m[32m 23[2mms[22m[39m
 [32mΓ£ô[39m src/telegram/reaction-level.test.ts [2m([22m[2m7 tests[22m[2m)[22m[32m 23[2mms[22m[39m
 [32mΓ£ô[39m src/infra/outbound/target-resolver.test.ts [2m([22m[2m2 tests[22m[2m)[22m[32m 26[2mms[22m[39m
 [32mΓ£ô[39m src/commands/google-gemini-model-default.test.ts [2m([22m[2m3 tests[22m[2m)[22m[32m 19[2mms[22m[39m
 [32mΓ£ô[39m src/auto-reply/media-note.test.ts [2m([22m[2m5 tests[22m[2m)[22m[32m 18[2mms[22m[39m
 [32mΓ£ô[39m src/agents/models-config.providers.ollama.test.ts [2m([22m[2m1 test[22m[2m)[22m[32m 19[2mms[22m[39m
 [32mΓ£ô[39m src/plugins/slots.test.ts [2m([22m[2m4 tests[22m[2m)[22m[32m 20[2mms[22m[39m
 [32mΓ£ô[39m src/discord/pluralkit.test.ts [2m([22m[2m3 tests[22m[2m)[22m[32m 15[2mms[22m[39m
 [32mΓ£ô[39m src/utils/boolean.test.ts [2m([22m[2m4 tests[22m[2m)[22m[32m 14[2mms[22m[39m
 [32mΓ£ô[39m src/daemon/paths.test.ts [2m([22m[2m6 tests[22m[2m)[22m[32m 22[2mms[22m[39m
 [32mΓ£ô[39m src/agents/pi-embedded-helpers.iscloudcodeassistformaterror.test.ts [2m([22m[2m2 tests[22m[2m)[22m[32m 17[2mms[22m[39m
 [32mΓ£ô[39m src/channels/plugins/normalize/signal.test.ts [2m([22m[2m5 tests[22m[2m)[22m[32m 19[2mms[22m[39m
 [32mΓ£ô[39m src/daemon/runtime-paths.test.ts [2m([22m[2m5 tests[22m[2m)[22m[32m 25[2mms[22m[39m
 [32mΓ£ô[39m src/telegram/draft-stream.test.ts [2m([22m[2m3 tests[22m[2m)[22m[32m 20[2mms[22m[39m
 [32mΓ£ô[39m src/agents/auth-profiles.resolve-auth-profile-order.normalizes-z-ai-aliases-auth-order.test.ts [2m([22m[2m4 tests[22m[2m)[22m[32m 22[2mms[22m[39m
 [32mΓ£ô[39m src/slack/threading-tool-context.test.ts [2m([22m[2m7 tests[22m[2m)[22m[32m 22[2mms[22m[39m
 [32mΓ£ô[39m src/channels/plugins/outbound/telegram.test.ts [2m([22m[2m2 tests[22m[2m)[22m[32m 25[2mms[22m[39m
 [32mΓ£ô[39m src/agents/pi-embedded-helpers.sanitize-session-messages-images.keeps-tool-call-tool-result-ids-unchanged.test.ts [2m([22m[2m3 tests[22m[2m)[22m[32m 17[2mms[22m[39m
 [32mΓ£ô[39m src/agents/pi-embedded-helpers.iscompactionfailureerror.test.ts [2m([22m[2m2 tests[22m[2m)[22m[32m 12[2mms[22m[39m
 [32mΓ£ô[39m src/pairing/pairing-messages.test.ts [2m([22m[2m5 tests[22m[2m)[22m[32m 24[2mms[22m[39m
 [32mΓ£ô[39m src/agents/pty-keys.test.ts [2m([22m[2m3 tests[22m[2m)[22m[32m 16[2mms[22m[39m
 [32mΓ£ô[39m src/channels/typing.test.ts [2m([22m[2m3 tests[22m[2m)[22m[32m 35[2mms[22m[39m
 [32mΓ£ô[39m src/infra/outbound/outbound-policy.test.ts [2m([22m[2m4 tests[22m[2m)[22m[32m 23[2mms[22m[39m
 [32mΓ£ô[39m src/clarityburst/__tests__/tool_dispatch_gate.router_mismatch.fail_open_only.tripwire.test.ts [2m([22m[2m4 tests[22m[2m)[22m[32m 24[2mms[22m[39m
 [32mΓ£ô[39m src/slack/monitor/thread-resolution.test.ts [2m([22m[2m1 test[22m[2m)[22m[32m 22[2mms[22m[39m
 [32mΓ£ô[39m src/commands/openai-codex-model-default.test.ts [2m([22m[2m4 tests[22m[2m)[22m[32m 16[2mms[22m[39m
 [32mΓ£ô[39m src/daemon/systemd-unit.test.ts [2m([22m[2m3 tests[22m[2m)[22m[32m 26[2mms[22m[39m
 [32mΓ£ô[39m src/utils/delivery-context.test.ts [2m([22m[2m5 tests[22m[2m)[22m[32m 19[2mms[22m[39m
 [32mΓ£ô[39m src/agents/pi-embedded-helpers.ismessagingtoolduplicate.test.ts [2m([22m[2m8 tests[22m[2m)[22m[32m 21[2mms[22m[39m
 [32mΓ£ô[39m src/cli/run-main.test.ts [2m([22m[2m4 tests[22m[2m)[22m[32m 19[2mms[22m[39m
 [32mΓ£ô[39m src/media-understanding/format.test.ts [2m([22m[2m5 tests[22m[2m)[22m[32m 19[2mms[22m[39m
 [32mΓ£ô[39m src/line/signature.test.ts [2m([22m[2m3 tests[22m[2m)[22m[32m 17[2mms[22m[39m
 [32mΓ£ô[39m src/auto-reply/reply/model-selection.inherit-parent.test.ts [2m([22m[2m4 tests[22m[2m)[22m[32m 19[2mms[22m[39m
 [32mΓ£ô[39m src/web/auto-reply/mentions.test.ts [2m([22m[2m3 tests[22m[2m)[22m[32m 16[2mms[22m[39m
 [32mΓ£ô[39m src/channels/plugins/config-writes.test.ts [2m([22m[2m4 tests[22m[2m)[22m[32m 16[2mms[22m[39m
 [32mΓ£ô[39m src/config/config-paths.test.ts [2m([22m[2m2 tests[22m[2m)[22m[32m 19[2mms[22m[39m
 [32mΓ£ô[39m src/daemon/systemd.test.ts [2m([22m[2m10 tests[22m[2m)[22m[32m 28[2mms[22m[39m
 [32mΓ£ô[39m src/cli/nodes-screen.test.ts [2m([22m[2m3 tests[22m[2m)[22m[32m 22[2mms[22m[39m
 [32mΓ£ô[39m src/channels/mention-gating.test.ts [2m([22m[2m5 tests[22m[2m)[22m[32m 20[2mms[22m[39m
 [32mΓ£ô[39m src/infra/env.test.ts [2m([22m[2m4 tests[22m[2m)[22m[32m 22[2mms[22m[39m
 [32mΓ£ô[39m src/media-understanding/scope.test.ts [2m([22m[2m2 tests[22m[2m)[22m[32m 14[2mms[22m[39m
 [32mΓ£ô[39m src/tui/tui-stream-assembler.test.ts [2m([22m[2m4 tests[22m[2m)[22m[32m 20[2mms[22m[39m
 [32mΓ£ô[39m src/agents/tools/sessions-list-tool.gating.test.ts [2m([22m[2m1 test[22m[2m)[22m[32m 21[2mms[22m[39m
 [32mΓ£ô[39m src/cli/nodes-canvas.test.ts [2m([22m[2m2 tests[22m[2m)[22m[32m 17[2mms[22m[39m
 [32mΓ£ô[39m src/logging/parse-log-line.test.ts [2m([22m[2m3 tests[22m[2m)[22m[32m 16[2mms[22m[39m
 [32mΓ£ô[39m src/channels/targets.test.ts [2m([22m[2m4 tests[22m[2m)[22m[32m 22[2mms[22m[39m
 [32mΓ£ô[39m src/agents/pi-embedded-helpers.sanitizetoolcallid.test.ts [2m([22m[2m8 tests[22m[2m)[22m[32m 23[2mms[22m[39m
 [32mΓ£ô[39m src/telegram/accounts.test.ts [2m([22m[2m4 tests[22m[2m)[22m[32m 25[2mms[22m[39m
 [32mΓ£ô[39m src/config/runtime-overrides.test.ts [2m([22m[2m4 tests[22m[2m)[22m[32m 15[2mms[22m[39m
 [32mΓ£ô[39m src/infra/fetch.test.ts [2m([22m[2m2 tests[22m[2m)[22m[32m 20[2mms[22m[39m
 [32mΓ£ô[39m src/telegram/voice.test.ts [2m([22m[2m3 tests[22m[2m)[22m[32m 24[2mms[22m[39m
 [32mΓ£ô[39m src/agents/auth-profiles.resolve-auth-profile-order.orders-by-lastused-no-explicit-order-exists.test.ts [2m([22m[2m2 tests[22m[2m)[22m[32m 18[2mms[22m[39m
 [32mΓ£ô[39m src/commands/opencode-zen-model-default.test.ts [2m([22m[2m5 tests[22m[2m)[22m[32m 21[2mms[22m[39m
 [32mΓ£ô[39m src/channels/sender-identity.test.ts [2m([22m[2m3 tests[22m[2m)[22m[32m 21[2mms[22m[39m
 [32mΓ£ô[39m src/plugins/config-state.test.ts [2m([22m[2m7 tests[22m[2m)[22m[32m 13[2mms[22m[39m
 [32mΓ£ô[39m src/infra/dedupe.test.ts [2m([22m[2m4 tests[22m[2m)[22m[32m 17[2mms[22m[39m
 [32mΓ£ô[39m src/agents/identity-file.test.ts [2m([22m[2m2 tests[22m[2m)[22m[32m 12[2mms[22m[39m
 [32mΓ£ô[39m src/agents/pi-embedded-helpers.downgradeopenai-reasoning.test.ts [2m([22m[2m4 tests[22m[2m)[22m[32m 18[2mms[22m[39m
 [32mΓ£ô[39m src/agents/pi-embedded-helpers.isautherrormessage.test.ts [2m([22m[2m3 tests[22m[2m)[22m[32m 16[2mms[22m[39m
 [32mΓ£ô[39m src/node-host/runner.test.ts [2m([22m[2m3 tests[22m[2m)[22m[32m 18[2mms[22m[39m
 [32mΓ£ô[39m src/tui/commands.test.ts [2m([22m[2m3 tests[22m[2m)[22m[32m 21[2mms[22m[39m
 [32mΓ£ô[39m src/browser/cdp.helpers.test.ts [2m([22m[2m4 tests[22m[2m)[22m[32m 18[2mms[22m[39m
 [32mΓ£ô[39m src/slack/resolve-channels.test.ts [2m([22m[2m2 tests[22m[2m)[22m[32m 16[2mms[22m[39m
 [32mΓ£ô[39m src/cron/normalize.test.ts [2m([22m[2m5 tests[22m[2m)[22m[32m 19[2mms[22m[39m
 [32mΓ£ô[39m src/agents/pi-embedded-subscribe.tools.test.ts [2m([22m[2m2 tests[22m[2m)[22m[32m 19[2mms[22m[39m
 [32mΓ£ô[39m src/cli/progress.test.ts [2m([22m[2m2 tests[22m[2m)[22m[32m 20[2mms[22m[39m
 [32mΓ£ô[39m src/infra/widearea-dns.test.ts [2m([22m[2m2 tests[22m[2m)[22m[32m 20[2mms[22m[39m
 [32mΓ£ô[39m src/agents/pi-embedded-runner/run/attempt.test.ts [2m([22m[2m3 tests[22m[2m)[22m[32m 22[2mms[22m[39m
 [32mΓ£ô[39m src/cli/parse-duration.test.ts [2m([22m[2m6 tests[22m[2m)[22m[32m 21[2mms[22m[39m
 [32mΓ£ô[39m src/agents/pi-embedded-runner.buildembeddedsandboxinfo.test.ts [2m([22m[2m3 tests[22m[2m)[22m[32m 17[2mms[22m[39m
 [32mΓ£ô[39m src/telegram/inline-buttons.test.ts [2m([22m[2m6 tests[22m[2m)[22m[32m 20[2mms[22m[39m
 [32mΓ£ô[39m src/agents/usage.test.ts [2m([22m[2m4 tests[22m[2m)[22m[32m 18[2mms[22m[39m
 [32mΓ£ô[39m src/infra/channel-activity.test.ts [2m([22m[2m2 tests[22m[2m)[22m[32m 23[2mms[22m[39m
 [32mΓ£ô[39m src/memory/hybrid.test.ts [2m([22m[2m4 tests[22m[2m)[22m[32m 21[2mms[22m[39m
 [32mΓ£ô[39m src/agents/sandbox-create-args.test.ts [2m([22m[2m3 tests[22m[2m)[22m[32m 21[2mms[22m[39m
 [32mΓ£ô[39m src/infra/is-main.test.ts [2m([22m[2m3 tests[22m[2m)[22m[32m 17[2mms[22m[39m
 [32mΓ£ô[39m src/telegram/sent-message-cache.test.ts [2m([22m[2m3 tests[22m[2m)[22m[32m 14[2mms[22m[39m
 [32mΓ£ô[39m src/channels/location.test.ts [2m([22m[2m4 tests[22m[2m)[22m[32m 18[2mms[22m[39m
 [32mΓ£ô[39m src/agents/skills.resolveskillspromptforrun.test.ts [2m([22m[2m2 tests[22m[2m)[22m[32m 16[2mms[22m[39m
 [32mΓ£ô[39m src/terminal/stream-writer.test.ts [2m([22m[2m2 tests[22m[2m)[22m[32m 17[2mms[22m[39m
 [32mΓ£ô[39m src/infra/outbound/agent-delivery.test.ts [2m([22m[2m3 tests[22m[2m)[22m[32m 22[2mms[22m[39m
 [32mΓ£ô[39m src/config/sessions/metadata.test.ts [2m([22m[2m1 test[22m[2m)[22m[32m 15[2mms[22m[39m
 [32mΓ£ô[39m src/acp/session.test.ts [2m([22m[2m1 test[22m[2m)[22m[32m 14[2mms[22m[39m
 [32mΓ£ô[39m src/agents/tools/memory-tool.does-not-crash-on-errors.test.ts [2m([22m[2m2 tests[22m[2m)[22m[32m 25[2mms[22m[39m
 [32mΓ£ô[39m src/agents/shell-utils.test.ts [2m([22m[2m1 test[22m[2m)[22m[32m 12[2mms[22m[39m
 [32mΓ£ô[39m src/commands/channels.surfaces-signal-runtime-errors-channels-status-output.test.ts [2m([22m[2m2 tests[22m[2m)[22m[32m 17[2mms[22m[39m
 [32mΓ£ô[39m src/infra/diagnostic-flags.test.ts [2m([22m[2m3 tests[22m[2m)[22m[32m 15[2mms[22m[39m
 [32mΓ£ô[39m src/agents/identity.test.ts [2m([22m[2m2 tests[22m[2m)[22m[32m 13[2mms[22m[39m
 [32mΓ£ô[39m src/agents/tools/gateway.test.ts [2m([22m[2m2 tests[22m[2m)[22m[32m 18[2mms[22m[39m
 [32mΓ£ô[39m src/agents/pi-embedded-runner.applygoogleturnorderingfix.test.ts [2m([22m[2m2 tests[22m[2m)[22m[32m 18[2mms[22m[39m
 [32mΓ£ô[39m src/agents/pi-embedded-helpers.isfailovererrormessage.test.ts [2m([22m[2m1 test[22m[2m)[22m[32m 12[2mms[22m[39m
 [32mΓ£ô[39m src/commands/doctor-platform-notes.launchctl-env-overrides.test.ts [2m([22m[2m3 tests[22m[2m)[22m[32m 17[2mms[22m[39m
 [32mΓ£ô[39m src/tui/tui-local-shell.test.ts [2m([22m[2m1 test[22m[2m)[22m[32m 15[2mms[22m[39m
 [32mΓ£ô[39m src/discord/token.test.ts [2m([22m[2m3 tests[22m[2m)[22m[32m 18[2mms[22m[39m
 [32mΓ£ô[39m src/config/commands.test.ts [2m([22m[2m2 tests[22m[2m)[22m[32m 19[2mms[22m[39m
 [32mΓ£ô[39m src/sessions/send-policy.test.ts [2m([22m[2m4 tests[22m[2m)[22m[32m 19[2mms[22m[39m
 [32mΓ£ô[39m src/cli/wait.test.ts [2m([22m[2m1 test[22m[2m)[22m[32m 18[2mms[22m[39m
 [32mΓ£ô[39m src/browser/routes/utils.test.ts [2m([22m[2m3 tests[22m[2m)[22m[32m 18[2mms[22m[39m
 [32mΓ£ô[39m src/channels/registry.test.ts [2m([22m[2m4 tests[22m[2m)[22m[32m 15[2mms[22m[39m
 [32mΓ£ô[39m src/agents/pi-embedded-helpers.classifyfailoverreason.test.ts [2m([22m[2m2 tests[22m[2m)[22m[32m 11[2mms[22m[39m
 [32mΓ£ô[39m src/hooks/bundled/soul-evil/handler.test.ts [2m([22m[2m1 test[22m[2m)[22m[32m 16[2mms[22m[39m
 [32mΓ£ô[39m src/docs/terminal-css.test.ts [2m([22m[2m3 tests[22m[2m)[22m[32m 16[2mms[22m[39m
 [32mΓ£ô[39m src/agents/pi-embedded-helpers.islikelycontextoverflowerror.test.ts [2m([22m[2m2 tests[22m[2m)[22m[32m 15[2mms[22m[39m
 [32mΓ£ô[39m src/agents/pi-embedded-helpers.isbillingerrormessage.test.ts [2m([22m[2m2 tests[22m[2m)[22m[32m 16[2mms[22m[39m
 [32mΓ£ô[39m src/agents/pi-embedded-runner.splitsdktools.test.ts [2m([22m[2m2 tests[22m[2m)[22m[32m 17[2mms[22m[39m
 [32mΓ£ô[39m src/discord/gateway-logging.test.ts [2m([22m[2m3 tests[22m[2m)[22m[32m 20[2mms[22m[39m
 [32mΓ£ô[39m src/infra/node-shell.test.ts [2m([22m[2m4 tests[22m[2m)[22m[32m 20[2mms[22m[39m
 [32mΓ£ô[39m src/agents/pi-embedded-helpers.formatrawassistanterrorforui.test.ts [2m([22m[2m3 tests[22m[2m)[22m[32m 18[2mms[22m[39m
 [32mΓ£ô[39m src/channels/plugins/normalize/imessage.test.ts [2m([22m[2m2 tests[22m[2m)[22m[32m 16[2mms[22m[39m
 [32mΓ£ô[39m src/tui/tui.test.ts [2m([22m[2m2 tests[22m[2m)[22m[32m 18[2mms[22m[39m
 [32mΓ£ô[39m src/agents/bootstrap-hooks.test.ts [2m([22m[2m1 test[22m[2m)[22m[32m 12[2mms[22m[39m
 [32mΓ£ô[39m src/config/channel-capabilities.test.ts [2m([22m[2m6 tests[22m[2m)[22m[32m 23[2mms[22m[39m
 [32mΓ£ô[39m src/signal/daemon.test.ts [2m([22m[2m4 tests[22m[2m)[22m[32m 16[2mms[22m[39m
 [32mΓ£ô[39m src/auto-reply/reply/mentions.test.ts [2m([22m[2m4 tests[22m[2m)[22m[32m 16[2mms[22m[39m
 [32mΓ£ô[39m src/agents/pi-embedded-helpers.iscontextoverflowerror.test.ts [2m([22m[2m4 tests[22m[2m)[22m[32m 17[2mms[22m[39m
 [32mΓ£ô[39m src/agents/pi-embedded-helpers.normalizetextforcomparison.test.ts [2m([22m[2m5 tests[22m[2m)[22m[32m 19[2mms[22m[39m
 [32mΓ£ô[39m src/agents/pi-embedded-runner.get-dm-history-limit-from-session-key.falls-back-provider-default-per-dm-not.test.ts [2m([22m[2m5 tests[22m[2m)[22m[32m 28[2mms[22m[39m
 [32mΓ£ô[39m src/infra/update-check.test.ts [2m([22m[2m2 tests[22m[2m)[22m[32m 23[2mms[22m[39m
 [32mΓ£ô[39m src/agents/tool-policy.conformance.test.ts [2m([22m[2m2 tests[22m[2m)[22m[32m 16[2mms[22m[39m
 [32mΓ£ô[39m src/discord/monitor/presence-cache.test.ts [2m([22m[2m2 tests[22m[2m)[22m[32m 17[2mms[22m[39m
 [32mΓ£ô[39m src/commands/health-format.test.ts [2m([22m[2m2 tests[22m[2m)[22m[32m 16[2mms[22m[39m
 [32mΓ£ô[39m src/infra/tailnet.test.ts [2m([22m[2m1 test[22m[2m)[22m[32m 15[2mms[22m[39m
 [32mΓ£ô[39m src/channels/plugins/index.test.ts [2m([22m[2m1 test[22m[2m)[22m[32m 17[2mms[22m[39m
 [32mΓ£ô[39m src/config/model-alias-defaults.test.ts [2m([22m[2m4 tests[22m[2m)[22m[32m 16[2mms[22m[39m
 [32mΓ£ô[39m src/acp/event-mapper.test.ts [2m([22m[2m2 tests[22m[2m)[22m[32m 17[2mms[22m[39m
 [32mΓ£ô[39m src/infra/ssh-tunnel.test.ts [2m([22m[2m3 tests[22m[2m)[22m[32m 18[2mms[22m[39m
 [32mΓ£ô[39m src/telegram/draft-chunking.test.ts [2m([22m[2m3 tests[22m[2m)[22m[32m 18[2mms[22m[39m
 [32mΓ£ô[39m src/commands/configure.gateway-auth.test.ts [2m([22m[2m3 tests[22m[2m)[22m[32m 19[2mms[22m[39m
 [32mΓ£ô[39m src/agents/pi-embedded-helpers.sanitizegoogleturnordering.test.ts [2m([22m[2m2 tests[22m[2m)[22m[32m 18[2mms[22m[39m
 [32mΓ£ô[39m src/infra/diagnostic-events.test.ts [2m([22m[2m2 tests[22m[2m)[22m[32m 13[2mms[22m[39m
 [32mΓ£ô[39m src/channels/plugins/slack.actions.test.ts [2m([22m[2m1 test[22m[2m)[22m[32m 11[2mms[22m[39m
 [32mΓ£ô[39m src/auto-reply/reply/agent-runner-utils.test.ts [2m([22m[2m6 tests[22m[2m)[22m[32m 15[2mms[22m[39m
 [32mΓ£ô[39m src/cli/prompt.test.ts [2m([22m[2m2 tests[22m[2m)[22m[32m 16[2mms[22m[39m
 [32mΓ£ô[39m src/agents/pi-embedded-helpers.image-dimension-error.test.ts [2m([22m[2m1 test[22m[2m)[22m[32m 11[2mms[22m[39m
 [32mΓ£ô[39m src/agents/tools/sessions-send-tool.gating.test.ts [2m([22m[2m1 test[22m[2m)[22m[32m 15[2mms[22m[39m
 [32mΓ£ô[39m src/agents/pty-dsr.test.ts [2m([22m[2m2 tests[22m[2m)[22m[32m 16[2mms[22m[39m
 [32mΓ£ô[39m src/channels/chat-type.test.ts [2m([22m[2m2 tests[22m[2m)[22m[32m 13[2mms[22m[39m
 [32mΓ£ô[39m src/imessage/probe.test.ts [2m([22m[2m1 test[22m[2m)[22m[32m 18[2mms[22m[39m
 [32mΓ£ô[39m src/plugin-sdk/index.test.ts [2m([22m[2m1 test[22m[2m)[22m[32m 18[2mms[22m[39m
 [32mΓ£ô[39m src/slack/threading.test.ts [2m([22m[2m5 tests[22m[2m)[22m[32m 17[2mms[22m[39m
 [32mΓ£ô[39m src/utils/message-channel.test.ts [2m([22m[2m2 tests[22m[2m)[22m[32m 11[2mms[22m[39m
 [32mΓ£ô[39m src/utils/usage-format.test.ts [2m([22m[2m3 tests[22m[2m)[22m[32m 19[2mms[22m[39m
 [32mΓ£ô[39m src/infra/outbound/envelope.test.ts [2m([22m[2m4 tests[22m[2m)[22m[32m 15[2mms[22m[39m
 [32mΓ£ô[39m src/web/accounts.test.ts [2m([22m[2m4 tests[22m[2m)[22m[32m 19[2mms[22m[39m
 [32mΓ£ô[39m src/daemon/systemd-availability.test.ts [2m([22m[2m2 tests[22m[2m)[22m[32m 18[2mms[22m[39m
 [32mΓ£ô[39m src/agents/pi-embedded-helpers.image-size-error.test.ts [2m([22m[2m2 tests[22m[2m)[22m[32m 14[2mms[22m[39m
 [32mΓ£ô[39m src/agents/sandbox/tool-policy.test.ts [2m([22m[2m3 tests[22m[2m)[22m[32m 14[2mms[22m[39m
 [32mΓ£ô[39m src/auto-reply/reply/normalize-reply.test.ts [2m([22m[2m3 tests[22m[2m)[22m[32m 19[2mms[22m[39m
 [32mΓ£ô[39m src/commands/doctor-workspace.test.ts [2m([22m[2m1 test[22m[2m)[22m[32m 13[2mms[22m[39m
 [32mΓ£ô[39m src/agents/model-compat.test.ts [2m([22m[2m3 tests[22m[2m)[22m[32m 14[2mms[22m[39m
 [32mΓ£ô[39m src/signal/probe.test.ts [2m([22m[2m2 tests[22m[2m)[22m[32m 15[2mms[22m[39m
 [32mΓ£ô[39m src/agents/pi-embedded-helpers.resolvebootstrapmaxchars.test.ts [2m([22m[2m3 tests[22m[2m)[22m[32m 18[2mms[22m[39m
 [32mΓ£ô[39m src/commands/configure.gateway.test.ts [2m([22m[2m1 test[22m[2m)[22m[32m 18[2mms[22m[39m
 [32mΓ£ô[39m src/tui/tui-waiting.test.ts [2m([22m[2m2 tests[22m[2m)[22m[32m 15[2mms[22m[39m
 [32mΓ£ô[39m src/telegram/bot-message.test.ts [2m([22m[2m2 tests[22m[2m)[22m[32m 17[2mms[22m[39m
 [32mΓ£ô[39m src/discord/probe.intents.test.ts [2m([22m[2m4 tests[22m[2m)[22m[32m 20[2mms[22m[39m
 [32mΓ£ô[39m src/channels/plugins/load.test.ts [2m([22m[2m2 tests[22m[2m)[22m[32m 14[2mms[22m[39m
 [32mΓ£ô[39m src/logging/console-prefix.test.ts [2m([22m[2m5 tests[22m[2m)[22m[32m 15[2mms[22m[39m
 [32mΓ£ô[39m src/agents/skills/frontmatter.test.ts [2m([22m[2m2 tests[22m[2m)[22m[32m 13[2mms[22m[39m
 [32mΓ£ô[39m src/agents/pi-embedded-helpers.sanitizesessionmessagesimages-thought-signature-stripping.test.ts [2m([22m[2m1 test[22m[2m)[22m[32m 19[2mms[22m[39m
 [32mΓ£ô[39m src/agents/auth-profiles.auth-profile-cooldowns.test.ts [2m([22m[2m1 test[22m[2m)[22m[32m 15[2mms[22m[39m
 [32mΓ£ô[39m src/infra/tls/fingerprint.test.ts [2m([22m[2m1 test[22m[2m)[22m[32m 14[2mms[22m[39m
 [32mΓ£ô[39m src/infra/shell-env.path.test.ts [2m([22m[2m3 tests[22m[2m)[22m[32m 15[2mms[22m[39m
 [32mΓ£ô[39m src/hooks/gmail-watcher.test.ts [2m([22m[2m1 test[22m[2m)[22m[32m 15[2mms[22m[39m
 [32mΓ£ô[39m src/agents/pi-embedded-runner/google.test.ts [2m([22m[2m1 test[22m[2m)[22m[32m 11[2mms[22m[39m
 [2m[90mΓåô[39m[22m src/infra/ports-inspect.test.ts [2m([22m[2m1 test[22m[2m | [22m[33m1 skipped[39m[2m)[22m
 [32mΓ£ô[39m src/channels/web/index.test.ts [2m([22m[2m1 test[22m[2m)[22m[32m 10[2mms[22m[39m
 [32mΓ£ô[39m src/agents/pi-embedded-runner.createsystempromptoverride.test.ts [2m([22m[2m2 tests[22m[2m)[22m[32m 9[2mms[22m[39m
 [32mΓ£ô[39m src/channel-web.barrel.test.ts [2m([22m[2m1 test[22m[2m)[22m[32m 8[2mms[22m[39m
 [32mΓ£ô[39m src/auto-reply/reply/commands-info.test.ts [2m([22m[2m1 test[22m[2m)[22m[32m 9[2mms[22m[39m
 [32mΓ£ô[39m src/agents/pi-tools.safe-bins.test.ts [2m([22m[2m1 test[22m[2m)[22m[32m 5[2mms[22m[39m

[31mΓÄ»ΓÄ»ΓÄ»ΓÄ»ΓÄ»ΓÄ»[39m[1m[41m Failed Suites 2 [49m[22m[31mΓÄ»ΓÄ»ΓÄ»ΓÄ»ΓÄ»ΓÄ»ΓÄ»[39m

[41m[1m FAIL [22m[49m src/auto-reply/reply/session.test.ts[2m [ src/auto-reply/reply/session.test.ts ][22m
[31m[1mError[22m: Cannot find module '../../test-utilities/gating-helpers.js' imported from 
'C:/Users/rob_m/openclaw/src/auto-reply/reply/session.test.ts'[39m
[36m [2mΓ¥»[22m src/auto-reply/reply/session.test.ts:[2m8:1[22m[39m
    [90m  6| [39m[35mimport[39m { saveSessionStore } [35mfrom[39m [32m"../../config/sessions.js"[39m[33m;[39m
    [90m  7| [39m[35mimport[39m { initSessionState } [35mfrom[39m [32m"./session.js"[39m[33m;[39m
    [90m  8| [39mimport { configureGatingFor } from "../../test-utilities/gating-helperΓÇª
    [90m   | [39m[31m^[39m
    [90m  9| [39m
    [90m 10| [39m[34mdescribe[39m([32m"initSessionState thread forking"[39m[33m,[39m () [33m=>[39m {

[31m[2mΓÄ»ΓÄ»ΓÄ»ΓÄ»ΓÄ»ΓÄ»ΓÄ»ΓÄ»ΓÄ»ΓÄ»ΓÄ»ΓÄ»ΓÄ»ΓÄ»ΓÄ»ΓÄ»ΓÄ»ΓÄ»ΓÄ»ΓÄ»ΓÄ»ΓÄ»[1/309]ΓÄ»[22m[39m

[41m[1m FAIL [22m[49m src/hooks/bundled/session-memory/handler.test.ts[2m [ src/hooks/bundled/session-memory/handler.test.ts ][22m
[31m[1mError[22m: Cannot find module '../../../test-utilities/gating-helpers.js' imported from 
'C:/Users/rob_m/openclaw/src/hooks/bundled/session-memory/handler.test.ts'[39m
[36m [2mΓ¥»[22m src/hooks/bundled/session-memory/handler.test.ts:[2m8:1[22m[39m
    [90m  6| [39m[35mimport[39m { createHookEvent } [35mfrom[39m [32m"../../hooks.js"[39m[33m;[39m
    [90m  7| [39m[35mimport[39m handler [35mfrom[39m [32m"./handler.js"[39m[33m;[39m
    [90m  8| [39mimport { configureGatingFor } from "../../../test-utilities/gating-helΓÇª
    [90m   | [39m[31m^[39m
    [90m  9| [39m
    [90m 10| [39m[90m/**

[31m[2mΓÄ»ΓÄ»ΓÄ»ΓÄ»ΓÄ»ΓÄ»ΓÄ»ΓÄ»ΓÄ»ΓÄ»ΓÄ»ΓÄ»ΓÄ»ΓÄ»ΓÄ»ΓÄ»ΓÄ»ΓÄ»ΓÄ»ΓÄ»ΓÄ»ΓÄ»[2/309]ΓÄ»[22m[39m


[31mΓÄ»ΓÄ»ΓÄ»ΓÄ»ΓÄ»ΓÄ»[39m[1m[41m Failed Tests 307 [49m[22m[31mΓÄ»ΓÄ»ΓÄ»ΓÄ»ΓÄ»ΓÄ»[39m

[41m[1m FAIL [22m[49m src/docker-setup.test.ts[2m > [22mdocker-setup.sh[2m > [22mhandles unset optional env vars under strict mode
[31m[1mAssertionError[22m: expected 127 to be +0 // Object.is equality[39m

[32m- Expected[39m
[31m+ Received[39m

[32m- 0[39m
[31m+ 127[39m

[36m [2mΓ¥»[22m src/docker-setup.test.ts:[2m77:27[22m[39m
    [90m 75| [39m    })[33m;[39m
    [90m 76| [39m
    [90m 77| [39m    [34mexpect[39m(result[33m.[39mstatus)[33m.[39m[34mtoBe[39m([34m0[39m)[33m;[39m
    [90m   | [39m                          [31m^[39m
    [90m 78| [39m
    [90m 79| [39m    [35mconst[39m envFile [33m=[39m [35mawait[39m [34mreadFile[39m([34mjoin[39m(rootDir[33m,[39m 
[32m".env"[39m)[33m,[39m [32m"utf8"[39m)[33m;[39m

[31m[2mΓÄ»ΓÄ»ΓÄ»ΓÄ»ΓÄ»ΓÄ»ΓÄ»ΓÄ»ΓÄ»ΓÄ»ΓÄ»ΓÄ»ΓÄ»ΓÄ»ΓÄ»ΓÄ»ΓÄ»ΓÄ»ΓÄ»ΓÄ»ΓÄ»ΓÄ»[3/309]ΓÄ»[22m[39m

[41m[1m FAIL [22m[49m src/docker-setup.test.ts[2m > [22mdocker-setup.sh[2m > [22mplumbs OPENCLAW_DOCKER_APT_PACKAGES into .env and docker build args
[31m[1mAssertionError[22m: expected 127 to be +0 // Object.is equality[39m

[32m- Expected[39m
[31m+ Received[39m

[32m- 0[39m
[31m+ 127[39m

[36m [2mΓ¥»[22m src/docker-setup.test.ts:[2m127:27[22m[39m
    [90m125| [39m    })[33m;[39m
    [90m126| [39m
    [90m127| [39m    [34mexpect[39m(result[33m.[39mstatus)[33m.[39m[34mtoBe[39m([34m0[39m)[33m;[39m
    [90m   | [39m                          [31m^[39m
    [90m128| [39m
    [90m129| [39m    [35mconst[39m envFile [33m=[39m [35mawait[39m [34mreadFile[39m([34mjoin[39m(rootDir[33m,[39m 
[32m".env"[39m)[33m,[39m [32m"utf8"[39m)[33m;[39m

[31m[2mΓÄ»ΓÄ»ΓÄ»ΓÄ»ΓÄ»ΓÄ»ΓÄ»ΓÄ»ΓÄ»ΓÄ»ΓÄ»ΓÄ»ΓÄ»ΓÄ»ΓÄ»ΓÄ»ΓÄ»ΓÄ»ΓÄ»ΓÄ»ΓÄ»ΓÄ»[4/309]ΓÄ»[22m[39m

[41m[1m FAIL [22m[49m src/browser/server.agent-contract-snapshot-endpoints.test.ts[2m > [22mbrowser control server[2m > [22magent contract: 
navigation + common act commands
[31m[1mAssertionError[22m: expected undefined to be true // Object.is equality[39m

[32m- Expected:[39m 
true

[31m+ Received:[39m 
undefined

[36m [2mΓ¥»[22m src/browser/server.agent-contract-snapshot-endpoints.test.ts:[2m327:20[22m[39m
    [90m325| [39m      url[33m:[39m [32m"https://example.com"[39m[33m,[39m
    [90m326| [39m    })[33m;[39m
    [90m327| [39m    [34mexpect[39m(nav[33m.[39mok)[33m.[39m[34mtoBe[39m([35mtrue[39m)[33m;[39m
    [90m   | [39m                   [31m^[39m
    [90m328| [39m    [34mexpect[39m([35mtypeof[39m nav[33m.[39mtargetId)[33m.[39m[34mtoBe[39m([32m"string"[39m)[33m;[39m
    [90m329| [39m    [34mexpect[39m(pwMocks[33m.[39mnavigateViaPlaywright)[33m.[39m[34mtoHaveBeenCalledWith[39m({

[31m[2mΓÄ»ΓÄ»ΓÄ»ΓÄ»ΓÄ»ΓÄ»ΓÄ»ΓÄ»ΓÄ»ΓÄ»ΓÄ»ΓÄ»ΓÄ»ΓÄ»ΓÄ»ΓÄ»ΓÄ»ΓÄ»ΓÄ»ΓÄ»ΓÄ»ΓÄ»[5/309]ΓÄ»[22m[39m

[41m[1m FAIL [22m[49m src/canvas-host/server.test.ts[2m > [22mcanvas host[2m > [22mcreates a default index.html when missing
[31m[1mAssertionError[22m: expected 404 to be 200 // Object.is equality[39m

[32m- Expected[39m
[31m+ Received[39m

[32m- 200[39m
[31m+ 404[39m

[36m [2mΓ¥»[22m src/canvas-host/server.test.ts:[2m36:26[22m[39m
    [90m 34| [39m      const res = await fetch(`http://127.0.0.1:${server.port}${CANVASΓÇª
    [90m 35| [39m      [35mconst[39m html [33m=[39m [35mawait[39m res[33m.[39m[34mtext[39m()[33m;[39m
    [90m 36| [39m      [34mexpect[39m(res[33m.[39mstatus)[33m.[39m[34mtoBe[39m([34m200[39m)[33m;[39m
    [90m   | [39m                         [31m^[39m
    [90m 37| [39m      [34mexpect[39m(html)[33m.[39m[34mtoContain[39m([32m"Interactive test page"[39m)[33m;[39m
    [90m 38| [39m      [34mexpect[39m(html)[33m.[39m[34mtoContain[39m([32m"openclawSendUserAction"[39m)[33m;[39m

[31m[2mΓÄ»ΓÄ»ΓÄ»ΓÄ»ΓÄ»ΓÄ»ΓÄ»ΓÄ»ΓÄ»ΓÄ»ΓÄ»ΓÄ»ΓÄ»ΓÄ»ΓÄ»ΓÄ»ΓÄ»ΓÄ»ΓÄ»ΓÄ»ΓÄ»ΓÄ»[6/309]ΓÄ»[22m[39m

[41m[1m FAIL [22m[49m src/canvas-host/server.test.ts[2m > [22mcanvas host[2m > [22mskips live reload injection when disabled
[31m[1mAssertionError[22m: expected 404 to be 200 // Object.is equality[39m

[32m- Expected[39m
[31m+ Received[39m

[32m- 200[39m
[31m+ 404[39m

[36m [2mΓ¥»[22m src/canvas-host/server.test.ts:[2m62:26[22m[39m
    [90m 60| [39m      const res = await fetch(`http://127.0.0.1:${server.port}${CANVASΓÇª
    [90m 61| [39m      [35mconst[39m html [33m=[39m [35mawait[39m res[33m.[39m[34mtext[39m()[33m;[39m
    [90m 62| [39m      [34mexpect[39m(res[33m.[39mstatus)[33m.[39m[34mtoBe[39m([34m200[39m)[33m;[39m
    [90m   | [39m                         [31m^[39m
    [90m 63| [39m      [34mexpect[39m(html)[33m.[39m[34mtoContain[39m([32m"no-reload"[39m)[33m;[39m
    [90m 64| [39m      [34mexpect[39m(html)[33m.[39mnot[33m.[39m[34mtoContain[39m([33mCANVAS_WS_PATH[39m)[33m;[39m

[31m[2mΓÄ»ΓÄ»ΓÄ»ΓÄ»ΓÄ»ΓÄ»ΓÄ»ΓÄ»ΓÄ»ΓÄ»ΓÄ»ΓÄ»ΓÄ»ΓÄ»ΓÄ»ΓÄ»ΓÄ»ΓÄ»ΓÄ»ΓÄ»ΓÄ»ΓÄ»[7/309]ΓÄ»[22m[39m

[41m[1m FAIL [22m[49m src/canvas-host/server.test.ts[2m > [22mcanvas host[2m > [22mserves canvas content from the mounted base path
[31m[1mAssertionError[22m: expected 404 to be 200 // Object.is equality[39m

[32m- Expected[39m
[31m+ Received[39m

[32m- 200[39m
[31m+ 404[39m

[36m [2mΓ¥»[22m src/canvas-host/server.test.ts:[2m108:26[22m[39m
    [90m106| [39m      const res = await fetch(`http://127.0.0.1:${port}${CANVAS_HOST_PΓÇª
    [90m107| [39m      [35mconst[39m html [33m=[39m [35mawait[39m res[33m.[39m[34mtext[39m()[33m;[39m
    [90m108| [39m      [34mexpect[39m(res[33m.[39mstatus)[33m.[39m[34mtoBe[39m([34m200[39m)[33m;[39m
    [90m   | [39m                         [31m^[39m
    [90m109| [39m      [34mexpect[39m(html)[33m.[39m[34mtoContain[39m([32m"v1"[39m)[33m;[39m
    [90m110| [39m      [34mexpect[39m(html)[33m.[39m[34mtoContain[39m([33mCANVAS_WS_PATH[39m)[33m;[39m

[31m[2mΓÄ»ΓÄ»ΓÄ»ΓÄ»ΓÄ»ΓÄ»ΓÄ»ΓÄ»ΓÄ»ΓÄ»ΓÄ»ΓÄ»ΓÄ»ΓÄ»ΓÄ»ΓÄ»ΓÄ»ΓÄ»ΓÄ»ΓÄ»ΓÄ»ΓÄ»[8/309]ΓÄ»[22m[39m

[41m[1m FAIL [22m[49m src/canvas-host/server.test.ts[2m > [22mcanvas host[2m > [22mserves HTML with injection and broadcasts reload on file changes
[31m[1mAssertionError[22m: expected 404 to be 200 // Object.is equality[39m

[32m- Expected[39m
[31m+ Received[39m

[32m- 200[39m
[31m+ 404[39m

[36m [2mΓ¥»[22m src/canvas-host/server.test.ts:[2m172:26[22m[39m
    [90m170| [39m      const res = await fetch(`http://127.0.0.1:${server.port}${CANVASΓÇª
    [90m171| [39m      [35mconst[39m html [33m=[39m [35mawait[39m res[33m.[39m[34mtext[39m()[33m;[39m
    [90m172| [39m      [34mexpect[39m(res[33m.[39mstatus)[33m.[39m[34mtoBe[39m([34m200[39m)[33m;[39m
    [90m   | [39m                         [31m^[39m
    [90m173| [39m      [34mexpect[39m(html)[33m.[39m[34mtoContain[39m([32m"v1"[39m)[33m;[39m
    [90m174| [39m      [34mexpect[39m(html)[33m.[39m[34mtoContain[39m([33mCANVAS_WS_PATH[39m)[33m;[39m

[31m[2mΓÄ»ΓÄ»ΓÄ»ΓÄ»ΓÄ»ΓÄ»ΓÄ»ΓÄ»ΓÄ»ΓÄ»ΓÄ»ΓÄ»ΓÄ»ΓÄ»ΓÄ»ΓÄ»ΓÄ»ΓÄ»ΓÄ»ΓÄ»ΓÄ»ΓÄ»[9/309]ΓÄ»[22m[39m

[41m[1m FAIL [22m[49m src/agents/bash-tools.exec.approval-id.test.ts[2m > [22mexec approvals[2m > [22mreuses approval id as the node runId
[31m[1mError[22m: Test timed out in 120000ms.
If this is a long-running test, pass a timeout value as the last argument or configure it globally with "testTimeout".[39m
[36m [2mΓ¥»[22m src/agents/bash-tools.exec.approval-id.test.ts:[2m44:3[22m[39m
    [90m 42| [39m  })[33m;[39m
    [90m 43| [39m
    [90m 44| [39m  [34mit[39m([32m"reuses approval id as the node runId"[39m[33m,[39m [35masync[39m () [33m=>[39m {
    [90m   | [39m  [31m^[39m
    [90m 45| [39m    [35mconst[39m { callGatewayTool } [33m=[39m [35mawait[39m [35mimport[39m([32m"./tools/gateway.js"[39m)[33m;[39m
    [90m 46| [39m    [35mlet[39m invokeParams[33m:[39m unknown[33m;[39m

[31m[2mΓÄ»ΓÄ»ΓÄ»ΓÄ»ΓÄ»ΓÄ»ΓÄ»ΓÄ»ΓÄ»ΓÄ»ΓÄ»ΓÄ»ΓÄ»ΓÄ»ΓÄ»ΓÄ»ΓÄ»ΓÄ»ΓÄ»ΓÄ»ΓÄ»[10/309]ΓÄ»[22m[39m

[41m[1m FAIL [22m[49m src/agents/bash-tools.exec.approval-id.test.ts[2m > [22mexec approvals[2m > [22mskips approval when node allowlist is 
satisfied
[31m[1mClarityBurstAbstainError[22m: ClarityBurst: clarification required before shell execution[39m
[36m [2mΓ¥»[22m Object.execute src/agents/bash-tools.exec.ts:[2m1339:17[22m[39m
    [90m1337| [39m
    [90m1338| [39m        [35mif[39m (nodeInvokeGate2[33m.[39moutcome [33m===[39m [32m"ABSTAIN_CLARIFY"[39m) {
    [90m1339| [39m          [35mthrow[39m [35mnew[39m [33mClarityBurstAbstainError[39m({
    [90m   | [39m                [31m^[39m
    [90m1340| [39m            outcome[33m:[39m [32m"ABSTAIN_CLARIFY"[39m[33m,[39m
    [90m1341| [39m            reason[33m:[39m nodeInvokeGate2[33m.[39mreason[33m,[39m
[90m [2mΓ¥»[22m src/agents/bash-tools.exec.approval-id.test.ts:[2m124:20[22m[39m

[31m[2mΓÄ»ΓÄ»ΓÄ»ΓÄ»ΓÄ»ΓÄ»ΓÄ»ΓÄ»ΓÄ»ΓÄ»ΓÄ»ΓÄ»ΓÄ»ΓÄ»ΓÄ»ΓÄ»ΓÄ»ΓÄ»ΓÄ»ΓÄ»ΓÄ»[11/309]ΓÄ»[22m[39m

[41m[1m FAIL [22m[49m src/agents/bash-tools.exec.approval-id.test.ts[2m > [22mexec approvals[2m > [22mhonors ask=off for elevated gateway exec 
without prompting
[31m[1mClarityBurstAbstainError[22m: ClarityBurst: clarification required before shell execution[39m
[36m [2mΓ¥»[22m Object.execute src/agents/bash-tools.exec.ts:[2m1652:15[22m[39m
    [90m1650| [39m      // SHELL_EXEC: Fail-closed on router unavailable/timeout (no faiΓÇª
    [90m1651| [39m      [35mif[39m ([33m![39mrouterResult[33m.[39mok) {
    [90m1652| [39m        [35mthrow[39m [35mnew[39m [33mClarityBurstAbstainError[39m({
    [90m   | [39m              [31m^[39m
    [90m1653| [39m          outcome[33m:[39m [32m"ABSTAIN_CLARIFY"[39m[33m,[39m
    [90m1654| [39m          reason[33m:[39m [32m"router_outage"[39m[33m,[39m
[90m [2mΓ¥»[22m src/agents/bash-tools.exec.approval-id.test.ts:[2m149:20[22m[39m

[31m[2mΓÄ»ΓÄ»ΓÄ»ΓÄ»ΓÄ»ΓÄ»ΓÄ»ΓÄ»ΓÄ»ΓÄ»ΓÄ»ΓÄ»ΓÄ»ΓÄ»ΓÄ»ΓÄ»ΓÄ»ΓÄ»ΓÄ»ΓÄ»ΓÄ»[12/309]ΓÄ»[22m[39m

[41m[1m FAIL [22m[49m src/agents/bash-tools.exec.background-abort.test.ts[2m > [22mbackground exec is not killed when tool signal aborts
[31m[1mClarityBurstAbstainError[22m: ClarityBurst: clarification required before shell execution[39m
[36m [2mΓ¥»[22m Object.execute src/agents/bash-tools.exec.ts:[2m1652:15[22m[39m
    [90m1650| [39m      // SHELL_EXEC: Fail-closed on router unavailable/timeout (no faiΓÇª
    [90m1651| [39m      [35mif[39m ([33m![39mrouterResult[33m.[39mok) {
    [90m1652| [39m        [35mthrow[39m [35mnew[39m [33mClarityBurstAbstainError[39m({
    [90m   | [39m              [31m^[39m
    [90m1653| [39m          outcome[33m:[39m [32m"ABSTAIN_CLARIFY"[39m[33m,[39m
    [90m1654| [39m          reason[33m:[39m [32m"router_outage"[39m[33m,[39m
[90m [2mΓ¥»[22m src/agents/bash-tools.exec.background-abort.test.ts:[2m19:18[22m[39m

[31m[2mΓÄ»ΓÄ»ΓÄ»ΓÄ»ΓÄ»ΓÄ»ΓÄ»ΓÄ»ΓÄ»ΓÄ»ΓÄ»ΓÄ»ΓÄ»ΓÄ»ΓÄ»ΓÄ»ΓÄ»ΓÄ»ΓÄ»ΓÄ»ΓÄ»[13/309]ΓÄ»[22m[39m

[41m[1m FAIL [22m[49m src/agents/bash-tools.exec.background-abort.test.ts[2m > [22mbackground exec still times out after tool signal abort
[31m[1mClarityBurstAbstainError[22m: ClarityBurst: clarification required before shell execution[39m
[36m [2mΓ¥»[22m Object.execute src/agents/bash-tools.exec.ts:[2m1652:15[22m[39m
    [90m1650| [39m      // SHELL_EXEC: Fail-closed on router unavailable/timeout (no faiΓÇª
    [90m1651| [39m      [35mif[39m ([33m![39mrouterResult[33m.[39mok) {
    [90m1652| [39m        [35mthrow[39m [35mnew[39m [33mClarityBurstAbstainError[39m({
    [90m   | [39m              [31m^[39m
    [90m1653| [39m          outcome[33m:[39m [32m"ABSTAIN_CLARIFY"[39m[33m,[39m
    [90m1654| [39m          reason[33m:[39m [32m"router_outage"[39m[33m,[39m
[90m [2mΓ¥»[22m src/agents/bash-tools.exec.background-abort.test.ts:[2m50:18[22m[39m

[31m[2mΓÄ»ΓÄ»ΓÄ»ΓÄ»ΓÄ»ΓÄ»ΓÄ»ΓÄ»ΓÄ»ΓÄ»ΓÄ»ΓÄ»ΓÄ»ΓÄ»ΓÄ»ΓÄ»ΓÄ»ΓÄ»ΓÄ»ΓÄ»ΓÄ»[14/309]ΓÄ»[22m[39m

[41m[1m FAIL [22m[49m src/agents/bash-tools.exec.background-abort.test.ts[2m > [22myielded background exec is not killed when tool signal aborts
[31m[1mClarityBurstAbstainError[22m: ClarityBurst: clarification required before shell execution[39m
[36m [2mΓ¥»[22m Object.execute src/agents/bash-tools.exec.ts:[2m1652:15[22m[39m
    [90m1650| [39m      // SHELL_EXEC: Fail-closed on router unavailable/timeout (no faiΓÇª
    [90m1651| [39m      [35mif[39m ([33m![39mrouterResult[33m.[39mok) {
    [90m1652| [39m        [35mthrow[39m [35mnew[39m [33mClarityBurstAbstainError[39m({
    [90m   | [39m              [31m^[39m
    [90m1653| [39m          outcome[33m:[39m [32m"ABSTAIN_CLARIFY"[39m[33m,[39m
    [90m1654| [39m          reason[33m:[39m [32m"router_outage"[39m[33m,[39m
[90m [2mΓ¥»[22m src/agents/bash-tools.exec.background-abort.test.ts:[2m89:18[22m[39m

[31m[2mΓÄ»ΓÄ»ΓÄ»ΓÄ»ΓÄ»ΓÄ»ΓÄ»ΓÄ»ΓÄ»ΓÄ»ΓÄ»ΓÄ»ΓÄ»ΓÄ»ΓÄ»ΓÄ»ΓÄ»ΓÄ»ΓÄ»ΓÄ»ΓÄ»[15/309]ΓÄ»[22m[39m

[41m[1m FAIL [22m[49m src/agents/bash-tools.exec.background-abort.test.ts[2m > [22myielded background exec still times out
[31m[1mClarityBurstAbstainError[22m: ClarityBurst: clarification required before shell execution[39m
[36m [2mΓ¥»[22m Object.execute src/agents/bash-tools.exec.ts:[2m1652:15[22m[39m
    [90m1650| [39m      // SHELL_EXEC: Fail-closed on router unavailable/timeout (no faiΓÇª
    [90m1651| [39m      [35mif[39m ([33m![39mrouterResult[33m.[39mok) {
    [90m1652| [39m        [35mthrow[39m [35mnew[39m [33mClarityBurstAbstainError[39m({
    [90m   | [39m              [31m^[39m
    [90m1653| [39m          outcome[33m:[39m [32m"ABSTAIN_CLARIFY"[39m[33m,[39m
    [90m1654| [39m          reason[33m:[39m [32m"router_outage"[39m[33m,[39m
[90m [2mΓ¥»[22m src/agents/bash-tools.exec.background-abort.test.ts:[2m119:18[22m[39m

[31m[2mΓÄ»ΓÄ»ΓÄ»ΓÄ»ΓÄ»ΓÄ»ΓÄ»ΓÄ»ΓÄ»ΓÄ»ΓÄ»ΓÄ»ΓÄ»ΓÄ»ΓÄ»ΓÄ»ΓÄ»ΓÄ»ΓÄ»ΓÄ»ΓÄ»[16/309]ΓÄ»[22m[39m

[41m[1m FAIL [22m[49m src/agents/bash-tools.exec.pty-fallback.test.ts[2m > [22mexec falls back when PTY spawn fails
[31m[1mClarityBurstAbstainError[22m: ClarityBurst: clarification required before shell execution[39m
[36m [2mΓ¥»[22m Object.execute src/agents/bash-tools.exec.ts:[2m1652:15[22m[39m
    [90m1650| [39m      // SHELL_EXEC: Fail-closed on router unavailable/timeout (no faiΓÇª
    [90m1651| [39m      [35mif[39m ([33m![39mrouterResult[33m.[39mok) {
    [90m1652| [39m        [35mthrow[39m [35mnew[39m [33mClarityBurstAbstainError[39m({
    [90m   | [39m              [31m^[39m
    [90m1653| [39m          outcome[33m:[39m [32m"ABSTAIN_CLARIFY"[39m[33m,[39m
    [90m1654| [39m          reason[33m:[39m [32m"router_outage"[39m[33m,[39m
[90m [2mΓ¥»[22m src/agents/bash-tools.exec.pty-fallback.test.ts:[2m21:18[22m[39m

[31m[2mΓÄ»ΓÄ»ΓÄ»ΓÄ»ΓÄ»ΓÄ»ΓÄ»ΓÄ»ΓÄ»ΓÄ»ΓÄ»ΓÄ»ΓÄ»ΓÄ»ΓÄ»ΓÄ»ΓÄ»ΓÄ»ΓÄ»ΓÄ»ΓÄ»[17/309]ΓÄ»[22m[39m

[41m[1m FAIL [22m[49m src/agents/bash-tools.exec.pty.test.ts[2m > [22mexec supports pty output
[31m[1mClarityBurstAbstainError[22m: ClarityBurst: clarification required before shell execution[39m
[36m [2mΓ¥»[22m Object.execute src/agents/bash-tools.exec.ts:[2m1652:15[22m[39m
    [90m1650| [39m      // SHELL_EXEC: Fail-closed on router unavailable/timeout (no faiΓÇª
    [90m1651| [39m      [35mif[39m ([33m![39mrouterResult[33m.[39mok) {
    [90m1652| [39m        [35mthrow[39m [35mnew[39m [33mClarityBurstAbstainError[39m({
    [90m   | [39m              [31m^[39m
    [90m1653| [39m          outcome[33m:[39m [32m"ABSTAIN_CLARIFY"[39m[33m,[39m
    [90m1654| [39m          reason[33m:[39m [32m"router_outage"[39m[33m,[39m
[90m [2mΓ¥»[22m src/agents/bash-tools.exec.pty.test.ts:[2m11:18[22m[39m

[31m[2mΓÄ»ΓÄ»ΓÄ»ΓÄ»ΓÄ»ΓÄ»ΓÄ»ΓÄ»ΓÄ»ΓÄ»ΓÄ»ΓÄ»ΓÄ»ΓÄ»ΓÄ»ΓÄ»ΓÄ»ΓÄ»ΓÄ»ΓÄ»ΓÄ»[18/309]ΓÄ»[22m[39m

[41m[1m FAIL [22m[49m src/agents/bash-tools.process.send-keys.test.ts[2m > [22mprocess send-keys encodes Enter for pty sessions
[31m[1mClarityBurstAbstainError[22m: ClarityBurst: clarification required before shell execution[39m
[36m [2mΓ¥»[22m Object.execute src/agents/bash-tools.exec.ts:[2m1652:15[22m[39m
    [90m1650| [39m      // SHELL_EXEC: Fail-closed on router unavailable/timeout (no faiΓÇª
    [90m1651| [39m      [35mif[39m ([33m![39mrouterResult[33m.[39mok) {
    [90m1652| [39m        [35mthrow[39m [35mnew[39m [33mClarityBurstAbstainError[39m({
    [90m   | [39m              [31m^[39m
    [90m1653| [39m          outcome[33m:[39m [32m"ABSTAIN_CLARIFY"[39m[33m,[39m
    [90m1654| [39m          reason[33m:[39m [32m"router_outage"[39m[33m,[39m
[90m [2mΓ¥»[22m src/agents/bash-tools.process.send-keys.test.ts:[2m14:18[22m[39m

[31m[2mΓÄ»ΓÄ»ΓÄ»ΓÄ»ΓÄ»ΓÄ»ΓÄ»ΓÄ»ΓÄ»ΓÄ»ΓÄ»ΓÄ»ΓÄ»ΓÄ»ΓÄ»ΓÄ»ΓÄ»ΓÄ»ΓÄ»ΓÄ»ΓÄ»[19/309]ΓÄ»[22m[39m

[41m[1m FAIL [22m[49m src/agents/bash-tools.process.send-keys.test.ts[2m > [22mprocess submit sends Enter for pty sessions
[31m[1mClarityBurstAbstainError[22m: ClarityBurst: clarification required before shell execution[39m
[36m [2mΓ¥»[22m Object.execute src/agents/bash-tools.exec.ts:[2m1652:15[22m[39m
    [90m1650| [39m      // SHELL_EXEC: Fail-closed on router unavailable/timeout (no faiΓÇª
    [90m1651| [39m      [35mif[39m ([33m![39mrouterResult[33m.[39mok) {
    [90m1652| [39m        [35mthrow[39m [35mnew[39m [33mClarityBurstAbstainError[39m({
    [90m   | [39m              [31m^[39m
    [90m1653| [39m          outcome[33m:[39m [32m"ABSTAIN_CLARIFY"[39m[33m,[39m
    [90m1654| [39m          reason[33m:[39m [32m"router_outage"[39m[33m,[39m
[90m [2mΓ¥»[22m src/agents/bash-tools.process.send-keys.test.ts:[2m49:18[22m[39m

[31m[2mΓÄ»ΓÄ»ΓÄ»ΓÄ»ΓÄ»ΓÄ»ΓÄ»ΓÄ»ΓÄ»ΓÄ»ΓÄ»ΓÄ»ΓÄ»ΓÄ»ΓÄ»ΓÄ»ΓÄ»ΓÄ»ΓÄ»ΓÄ»ΓÄ»[20/309]ΓÄ»[22m[39m

[41m[1m FAIL [22m[49m src/agents/bash-tools.test.ts[2m > [22mexec tool backgrounding[2m > [22mbackgrounds after yield and can be polled
[31m[1mClarityBurstAbstainError[22m: ClarityBurst: clarification required before shell execution[39m
[36m [2mΓ¥»[22m Object.execute src/agents/bash-tools.exec.ts:[2m1652:15[22m[39m
    [90m1650| [39m      // SHELL_EXEC: Fail-closed on router unavailable/timeout (no faiΓÇª
    [90m1651| [39m      [35mif[39m ([33m![39mrouterResult[33m.[39mok) {
    [90m1652| [39m        [35mthrow[39m [35mnew[39m [33mClarityBurstAbstainError[39m({
    [90m   | [39m              [31m^[39m
    [90m1653| [39m          outcome[33m:[39m [32m"ABSTAIN_CLARIFY"[39m[33m,[39m
    [90m1654| [39m          reason[33m:[39m [32m"router_outage"[39m[33m,[39m
[90m [2mΓ¥»[22m src/agents/bash-tools.test.ts:[2m93:22[22m[39m

[31m[2mΓÄ»ΓÄ»ΓÄ»ΓÄ»ΓÄ»ΓÄ»ΓÄ»ΓÄ»ΓÄ»ΓÄ»ΓÄ»ΓÄ»ΓÄ»ΓÄ»ΓÄ»ΓÄ»ΓÄ»ΓÄ»ΓÄ»ΓÄ»ΓÄ»[21/309]ΓÄ»[22m[39m

[41m[1m FAIL [22m[49m src/agents/bash-tools.test.ts[2m > [22mexec tool backgrounding[2m > [22msupports explicit background
[31m[1mClarityBurstAbstainError[22m: ClarityBurst: clarification required before shell execution[39m
[36m [2mΓ¥»[22m Object.execute src/agents/bash-tools.exec.ts:[2m1652:15[22m[39m
    [90m1650| [39m      // SHELL_EXEC: Fail-closed on router unavailable/timeout (no faiΓÇª
    [90m1651| [39m      [35mif[39m ([33m![39mrouterResult[33m.[39mok) {
    [90m1652| [39m        [35mthrow[39m [35mnew[39m [33mClarityBurstAbstainError[39m({
    [90m   | [39m              [31m^[39m
    [90m1653| [39m          outcome[33m:[39m [32m"ABSTAIN_CLARIFY"[39m[33m,[39m
    [90m1654| [39m          reason[33m:[39m [32m"router_outage"[39m[33m,[39m
[90m [2mΓ¥»[22m src/agents/bash-tools.test.ts:[2m125:20[22m[39m

[31m[2mΓÄ»ΓÄ»ΓÄ»ΓÄ»ΓÄ»ΓÄ»ΓÄ»ΓÄ»ΓÄ»ΓÄ»ΓÄ»ΓÄ»ΓÄ»ΓÄ»ΓÄ»ΓÄ»ΓÄ»ΓÄ»ΓÄ»ΓÄ»ΓÄ»[22/309]ΓÄ»[22m[39m

[41m[1m FAIL [22m[49m src/agents/bash-tools.test.ts[2m > [22mexec tool backgrounding[2m > [22mderives a session name from the command
[31m[1mClarityBurstAbstainError[22m: ClarityBurst: clarification required before shell execution[39m
[36m [2mΓ¥»[22m Object.execute src/agents/bash-tools.exec.ts:[2m1652:15[22m[39m
    [90m1650| [39m      // SHELL_EXEC: Fail-closed on router unavailable/timeout (no faiΓÇª
    [90m1651| [39m      [35mif[39m ([33m![39mrouterResult[33m.[39mok) {
    [90m1652| [39m        [35mthrow[39m [35mnew[39m [33mClarityBurstAbstainError[39m({
    [90m   | [39m              [31m^[39m
    [90m1653| [39m          outcome[33m:[39m [32m"ABSTAIN_CLARIFY"[39m[33m,[39m
    [90m1654| [39m          reason[33m:[39m [32m"router_outage"[39m[33m,[39m
[90m [2mΓ¥»[22m src/agents/bash-tools.test.ts:[2m139:20[22m[39m

[31m[2mΓÄ»ΓÄ»ΓÄ»ΓÄ»ΓÄ»ΓÄ»ΓÄ»ΓÄ»ΓÄ»ΓÄ»ΓÄ»ΓÄ»ΓÄ»ΓÄ»ΓÄ»ΓÄ»ΓÄ»ΓÄ»ΓÄ»ΓÄ»ΓÄ»[23/309]ΓÄ»[22m[39m

[41m[1m FAIL [22m[49m src/agents/bash-tools.test.ts[2m > [22mexec tool backgrounding[2m > [22muses default timeout when timeout is omitted
[31m[1mClarityBurstAbstainError[22m: ClarityBurst: clarification required before shell execution[39m
[36m [2mΓ¥»[22m Object.execute src/agents/bash-tools.exec.ts:[2m1652:15[22m[39m
    [90m1650| [39m      // SHELL_EXEC: Fail-closed on router unavailable/timeout (no faiΓÇª
    [90m1651| [39m      [35mif[39m ([33m![39mrouterResult[33m.[39mok) {
    [90m1652| [39m        [35mthrow[39m [35mnew[39m [33mClarityBurstAbstainError[39m({
    [90m   | [39m              [31m^[39m
    [90m1653| [39m          outcome[33m:[39m [32m"ABSTAIN_CLARIFY"[39m[33m,[39m
    [90m1654| [39m          reason[33m:[39m [32m"router_outage"[39m[33m,[39m
[90m [2mΓ¥»[22m src/agents/bash-tools.test.ts:[2m157:20[22m[39m

[31m[2mΓÄ»ΓÄ»ΓÄ»ΓÄ»ΓÄ»ΓÄ»ΓÄ»ΓÄ»ΓÄ»ΓÄ»ΓÄ»ΓÄ»ΓÄ»ΓÄ»ΓÄ»ΓÄ»ΓÄ»ΓÄ»ΓÄ»ΓÄ»ΓÄ»[24/309]ΓÄ»[22m[39m

[41m[1m FAIL [22m[49m src/agents/bash-tools.test.ts[2m > [22mexec tool backgrounding[2m > [22mdoes not default to elevated when not allowed
[31m[1mClarityBurstAbstainError[22m: ClarityBurst: clarification required before shell execution[39m
[36m [2mΓ¥»[22m Object.execute src/agents/bash-tools.exec.ts:[2m1652:15[22m[39m
    [90m1650| [39m      // SHELL_EXEC: Fail-closed on router unavailable/timeout (no faiΓÇª
    [90m1651| [39m      [35mif[39m ([33m![39mrouterResult[33m.[39mok) {
    [90m1652| [39m        [35mthrow[39m [35mnew[39m [33mClarityBurstAbstainError[39m({
    [90m   | [39m              [31m^[39m
    [90m1653| [39m          outcome[33m:[39m [32m"ABSTAIN_CLARIFY"[39m[33m,[39m
    [90m1654| [39m          reason[33m:[39m [32m"router_outage"[39m[33m,[39m
[90m [2mΓ¥»[22m src/agents/bash-tools.test.ts:[2m202:20[22m[39m

[31m[2mΓÄ»ΓÄ»ΓÄ»ΓÄ»ΓÄ»ΓÄ»ΓÄ»ΓÄ»ΓÄ»ΓÄ»ΓÄ»ΓÄ»ΓÄ»ΓÄ»ΓÄ»ΓÄ»ΓÄ»ΓÄ»ΓÄ»ΓÄ»ΓÄ»[25/309]ΓÄ»[22m[39m

[41m[1m FAIL [22m[49m src/agents/bash-tools.test.ts[2m > [22mexec tool backgrounding[2m > [22mlogs line-based slices and defaults to last lines
[31m[1mClarityBurstAbstainError[22m: ClarityBurst: clarification required before shell execution[39m
[36m [2mΓ¥»[22m Object.execute src/agents/bash-tools.exec.ts:[2m1652:15[22m[39m
    [90m1650| [39m      // SHELL_EXEC: Fail-closed on router unavailable/timeout (no faiΓÇª
    [90m1651| [39m      [35mif[39m ([33m![39mrouterResult[33m.[39mok) {
    [90m1652| [39m        [35mthrow[39m [35mnew[39m [33mClarityBurstAbstainError[39m({
    [90m   | [39m              [31m^[39m
    [90m1653| [39m          outcome[33m:[39m [32m"ABSTAIN_CLARIFY"[39m[33m,[39m
    [90m1654| [39m          reason[33m:[39m [32m"router_outage"[39m[33m,[39m
[90m [2mΓ¥»[22m src/agents/bash-tools.test.ts:[2m210:20[22m[39m

[31m[2mΓÄ»ΓÄ»ΓÄ»ΓÄ»ΓÄ»ΓÄ»ΓÄ»ΓÄ»ΓÄ»ΓÄ»ΓÄ»ΓÄ»ΓÄ»ΓÄ»ΓÄ»ΓÄ»ΓÄ»ΓÄ»ΓÄ»ΓÄ»ΓÄ»[26/309]ΓÄ»[22m[39m

[41m[1m FAIL [22m[49m src/agents/bash-tools.test.ts[2m > [22mexec tool backgrounding[2m > [22msupports line offsets for log slices
[31m[1mClarityBurstAbstainError[22m: ClarityBurst: clarification required before shell execution[39m
[36m [2mΓ¥»[22m Object.execute src/agents/bash-tools.exec.ts:[2m1652:15[22m[39m
    [90m1650| [39m      // SHELL_EXEC: Fail-closed on router unavailable/timeout (no faiΓÇª
    [90m1651| [39m      [35mif[39m ([33m![39mrouterResult[33m.[39mok) {
    [90m1652| [39m        [35mthrow[39m [35mnew[39m [33mClarityBurstAbstainError[39m({
    [90m   | [39m              [31m^[39m
    [90m1653| [39m          outcome[33m:[39m [32m"ABSTAIN_CLARIFY"[39m[33m,[39m
    [90m1654| [39m          reason[33m:[39m [32m"router_outage"[39m[33m,[39m
[90m [2mΓ¥»[22m src/agents/bash-tools.test.ts:[2m230:20[22m[39m

[31m[2mΓÄ»ΓÄ»ΓÄ»ΓÄ»ΓÄ»ΓÄ»ΓÄ»ΓÄ»ΓÄ»ΓÄ»ΓÄ»ΓÄ»ΓÄ»ΓÄ»ΓÄ»ΓÄ»ΓÄ»ΓÄ»ΓÄ»ΓÄ»ΓÄ»[27/309]ΓÄ»[22m[39m

[41m[1m FAIL [22m[49m src/agents/bash-tools.test.ts[2m > [22mexec tool backgrounding[2m > [22mscopes process sessions by scopeKey
[31m[1mClarityBurstAbstainError[22m: ClarityBurst: clarification required before shell execution[39m
[36m [2mΓ¥»[22m Object.execute src/agents/bash-tools.exec.ts:[2m1652:15[22m[39m
    [90m1650| [39m      // SHELL_EXEC: Fail-closed on router unavailable/timeout (no faiΓÇª
    [90m1651| [39m      [35mif[39m ([33m![39mrouterResult[33m.[39mok) {
    [90m1652| [39m        [35mthrow[39m [35mnew[39m [33mClarityBurstAbstainError[39m({
    [90m   | [39m              [31m^[39m
    [90m1653| [39m          outcome[33m:[39m [32m"ABSTAIN_CLARIFY"[39m[33m,[39m
    [90m1654| [39m          reason[33m:[39m [32m"router_outage"[39m[33m,[39m
[90m [2mΓ¥»[22m src/agents/bash-tools.test.ts:[2m253:21[22m[39m

[31m[2mΓÄ»ΓÄ»ΓÄ»ΓÄ»ΓÄ»ΓÄ»ΓÄ»ΓÄ»ΓÄ»ΓÄ»ΓÄ»ΓÄ»ΓÄ»ΓÄ»ΓÄ»ΓÄ»ΓÄ»ΓÄ»ΓÄ»ΓÄ»ΓÄ»[28/309]ΓÄ»[22m[39m

[41m[1m FAIL [22m[49m src/agents/bash-tools.test.ts[2m > [22mexec notifyOnExit[2m > [22menqueues a system event when a backgrounded exec exits
[31m[1mClarityBurstAbstainError[22m: ClarityBurst: clarification required before shell execution[39m
[36m [2mΓ¥»[22m Object.execute src/agents/bash-tools.exec.ts:[2m1652:15[22m[39m
    [90m1650| [39m      // SHELL_EXEC: Fail-closed on router unavailable/timeout (no faiΓÇª
    [90m1651| [39m      [35mif[39m ([33m![39mrouterResult[33m.[39mok) {
    [90m1652| [39m        [35mthrow[39m [35mnew[39m [33mClarityBurstAbstainError[39m({
    [90m   | [39m              [31m^[39m
    [90m1653| [39m          outcome[33m:[39m [32m"ABSTAIN_CLARIFY"[39m[33m,[39m
    [90m1654| [39m          reason[33m:[39m [32m"router_outage"[39m[33m,[39m
[90m [2mΓ¥»[22m src/agents/bash-tools.test.ts:[2m287:20[22m[39m

[31m[2mΓÄ»ΓÄ»ΓÄ»ΓÄ»ΓÄ»ΓÄ»ΓÄ»ΓÄ»ΓÄ»ΓÄ»ΓÄ»ΓÄ»ΓÄ»ΓÄ»ΓÄ»ΓÄ»ΓÄ»ΓÄ»ΓÄ»ΓÄ»ΓÄ»[29/309]ΓÄ»[22m[39m

[41m[1m FAIL [22m[49m src/agents/bash-tools.test.ts[2m > [22mexec PATH handling[2m > [22mprepends configured path entries
[31m[1mClarityBurstAbstainError[22m: ClarityBurst: clarification required before shell execution[39m
[36m [2mΓ¥»[22m Object.execute src/agents/bash-tools.exec.ts:[2m1652:15[22m[39m
    [90m1650| [39m      // SHELL_EXEC: Fail-closed on router unavailable/timeout (no faiΓÇª
    [90m1651| [39m      [35mif[39m ([33m![39mrouterResult[33m.[39mok) {
    [90m1652| [39m        [35mthrow[39m [35mnew[39m [33mClarityBurstAbstainError[39m({
    [90m   | [39m              [31m^[39m
    [90m1653| [39m          outcome[33m:[39m [32m"ABSTAIN_CLARIFY"[39m[33m,[39m
    [90m1654| [39m          reason[33m:[39m [32m"router_outage"[39m[33m,[39m
[90m [2mΓ¥»[22m src/agents/bash-tools.test.ts:[2m331:20[22m[39m

[31m[2mΓÄ»ΓÄ»ΓÄ»ΓÄ»ΓÄ»ΓÄ»ΓÄ»ΓÄ»ΓÄ»ΓÄ»ΓÄ»ΓÄ»ΓÄ»ΓÄ»ΓÄ»ΓÄ»ΓÄ»ΓÄ»ΓÄ»ΓÄ»ΓÄ»[30/309]ΓÄ»[22m[39m

[41m[1m FAIL [22m[49m src/agents/openclaw-tools.camera.test.ts[2m > [22mnodes camera_snap[2m > [22mmaps jpg payloads to image/jpeg
[31m[1mAssertionError[22m: expected [] to have a length of 1 but got +0[39m

[32m- Expected[39m
[31m+ Received[39m

[32m- 1[39m
[31m+ 0[39m

[36m [2mΓ¥»[22m src/agents/openclaw-tools.camera.test.ts:[2m51:20[22m[39m
    [90m 49| [39m
    [90m 50| [39m    const images = (result.content ?? []).filter((block) => block.typeΓÇª
    [90m 51| [39m    [34mexpect[39m(images)[33m.[39m[34mtoHaveLength[39m([34m1[39m)[33m;[39m
    [90m   | [39m                   [31m^[39m
    [90m 52| [39m    [34mexpect[39m(images[[34m0[39m][33m?.[39mmimeType)[33m.[39m[34mtoBe[39m([32m"image/jpeg"[39m)[33m;[39m
    [90m 53| [39m  })[33m;[39m

[31m[2mΓÄ»ΓÄ»ΓÄ»ΓÄ»ΓÄ»ΓÄ»ΓÄ»ΓÄ»ΓÄ»ΓÄ»ΓÄ»ΓÄ»ΓÄ»ΓÄ»ΓÄ»ΓÄ»ΓÄ»ΓÄ»ΓÄ»ΓÄ»ΓÄ»[31/309]ΓÄ»[22m[39m

[41m[1m FAIL [22m[49m src/agents/openclaw-tools.subagents.sessions-spawn-allows-cross-agent-spawning-configured.test.ts[2m > [22mopenclaw-tools: 
subagents[2m > [22msessions_spawn allows cross-agent spawning when configured
[31m[1mAssertionError[22m: expected { nonRetryable: true, ΓÇª(5) } to match object { status: 'accepted', runId: 'run-1' }
(6 matching properties omitted from actual)[39m

[32m- Expected[39m
[31m+ Received[39m

[2m  {[22m
[32m-   "runId": "run-1",[39m
[32m-   "status": "accepted",[39m
[31m+   "contractId": null,[39m
[31m+   "instructions": "The clarity router is currently unavailable. Please try again shortly.",[39m
[31m+   "nonRetryable": true,[39m
[31m+   "outcome": "ABSTAIN_CLARIFY",[39m
[31m+   "reason": "router_outage",[39m
[31m+   "stageId": "SUBAGENT_SPAWN",[39m
[2m  }[22m

[36m [2mΓ¥»[22m src/agents/openclaw-tools.subagents.sessions-spawn-allows-cross-agent-spawning-configured.test.ts:[2m85:28[22m[39m
    [90m 83| [39m    })[33m;[39m
    [90m 84| [39m
    [90m 85| [39m    [34mexpect[39m(result[33m.[39mdetails)[33m.[39m[34mtoMatchObject[39m({
    [90m   | [39m                           [31m^[39m
    [90m 86| [39m      status[33m:[39m [32m"accepted"[39m[33m,[39m
    [90m 87| [39m      runId[33m:[39m [32m"run-1"[39m[33m,[39m

[31m[2mΓÄ»ΓÄ»ΓÄ»ΓÄ»ΓÄ»ΓÄ»ΓÄ»ΓÄ»ΓÄ»ΓÄ»ΓÄ»ΓÄ»ΓÄ»ΓÄ»ΓÄ»ΓÄ»ΓÄ»ΓÄ»ΓÄ»ΓÄ»ΓÄ»[32/309]ΓÄ»[22m[39m

[41m[1m FAIL [22m[49m src/agents/openclaw-tools.subagents.sessions-spawn-allows-cross-agent-spawning-configured.test.ts[2m > [22mopenclaw-tools: 
subagents[2m > [22msessions_spawn allows any agent when allowlist is *
[31m[1mAssertionError[22m: expected { nonRetryable: true, ΓÇª(5) } to match object { status: 'accepted', runId: 'run-1' }
(6 matching properties omitted from actual)[39m

[32m- Expected[39m
[31m+ Received[39m

[2m  {[22m
[32m-   "runId": "run-1",[39m
[32m-   "status": "accepted",[39m
[31m+   "contractId": null,[39m
[31m+   "instructions": "The clarity router is currently unavailable. Please try again shortly.",[39m
[31m+   "nonRetryable": true,[39m
[31m+   "outcome": "ABSTAIN_CLARIFY",[39m
[31m+   "reason": "router_outage",[39m
[31m+   "stageId": "SUBAGENT_SPAWN",[39m
[2m  }[22m

[36m [2mΓ¥»[22m src/agents/openclaw-tools.subagents.sessions-spawn-allows-cross-agent-spawning-configured.test.ts:[2m138:28[22m[39m
    [90m136| [39m    })[33m;[39m
    [90m137| [39m
    [90m138| [39m    [34mexpect[39m(result[33m.[39mdetails)[33m.[39m[34mtoMatchObject[39m({
    [90m   | [39m                           [31m^[39m
    [90m139| [39m      status[33m:[39m [32m"accepted"[39m[33m,[39m
    [90m140| [39m      runId[33m:[39m [32m"run-1"[39m[33m,[39m

[31m[2mΓÄ»ΓÄ»ΓÄ»ΓÄ»ΓÄ»ΓÄ»ΓÄ»ΓÄ»ΓÄ»ΓÄ»ΓÄ»ΓÄ»ΓÄ»ΓÄ»ΓÄ»ΓÄ»ΓÄ»ΓÄ»ΓÄ»ΓÄ»ΓÄ»[33/309]ΓÄ»[22m[39m

[41m[1m FAIL [22m[49m src/agents/openclaw-tools.subagents.sessions-spawn-announces-agent-wait-lifecycle-events.test.ts[2m > [22mopenclaw-tools: 
subagents[2m > [22msessions_spawn deletes session when cleanup=delete via agent.wait
[31m[1mAssertionError[22m: expected { nonRetryable: true, ΓÇª(5) } to match object { status: 'accepted', runId: 'run-1' }
(6 matching properties omitted from actual)[39m

[32m- Expected[39m
[31m+ Received[39m

[2m  {[22m
[32m-   "runId": "run-1",[39m
[32m-   "status": "accepted",[39m
[31m+   "contractId": null,[39m
[31m+   "instructions": "The clarity router is currently unavailable. Please try again shortly.",[39m
[31m+   "nonRetryable": true,[39m
[31m+   "outcome": "ABSTAIN_CLARIFY",[39m
[31m+   "reason": "router_outage",[39m
[31m+   "stageId": "SUBAGENT_SPAWN",[39m
[2m  }[22m

[36m [2mΓ¥»[22m src/agents/openclaw-tools.subagents.sessions-spawn-announces-agent-wait-lifecycle-events.test.ts:[2m106:28[22m[39m
    [90m104| [39m      cleanup[33m:[39m [32m"delete"[39m[33m,[39m
    [90m105| [39m    })[33m;[39m
    [90m106| [39m    [34mexpect[39m(result[33m.[39mdetails)[33m.[39m[34mtoMatchObject[39m({
    [90m   | [39m                           [31m^[39m
    [90m107| [39m      status[33m:[39m [32m"accepted"[39m[33m,[39m
    [90m108| [39m      runId[33m:[39m [32m"run-1"[39m[33m,[39m

[31m[2mΓÄ»ΓÄ»ΓÄ»ΓÄ»ΓÄ»ΓÄ»ΓÄ»ΓÄ»ΓÄ»ΓÄ»ΓÄ»ΓÄ»ΓÄ»ΓÄ»ΓÄ»ΓÄ»ΓÄ»ΓÄ»ΓÄ»ΓÄ»ΓÄ»[34/309]ΓÄ»[22m[39m

[41m[1m FAIL [22m[49m src/agents/openclaw-tools.subagents.sessions-spawn-applies-model-child-session.test.ts[2m > [22mopenclaw-tools: subagents[2m > 
[22msessions_spawn applies a model to the child session
[31m[1mAssertionError[22m: expected { nonRetryable: true, ΓÇª(5) } to match object { status: 'accepted', ΓÇª(1) }
(6 matching properties omitted from actual)[39m

[32m- Expected[39m
[31m+ Received[39m

[2m  {[22m
[32m-   "modelApplied": true,[39m
[32m-   "status": "accepted",[39m
[31m+   "contractId": null,[39m
[31m+   "instructions": "The clarity router is currently unavailable. Please try again shortly.",[39m
[31m+   "nonRetryable": true,[39m
[31m+   "outcome": "ABSTAIN_CLARIFY",[39m
[31m+   "reason": "router_outage",[39m
[31m+   "stageId": "SUBAGENT_SPAWN",[39m
[2m  }[22m

[36m [2mΓ¥»[22m src/agents/openclaw-tools.subagents.sessions-spawn-applies-model-child-session.test.ts:[2m82:28[22m[39m
    [90m 80| [39m      cleanup[33m:[39m [32m"keep"[39m[33m,[39m
    [90m 81| [39m    })[33m;[39m
    [90m 82| [39m    [34mexpect[39m(result[33m.[39mdetails)[33m.[39m[34mtoMatchObject[39m({
    [90m   | [39m                           [31m^[39m
    [90m 83| [39m      status[33m:[39m [32m"accepted"[39m[33m,[39m
    [90m 84| [39m      modelApplied[33m:[39m [35mtrue[39m[33m,[39m

[31m[2mΓÄ»ΓÄ»ΓÄ»ΓÄ»ΓÄ»ΓÄ»ΓÄ»ΓÄ»ΓÄ»ΓÄ»ΓÄ»ΓÄ»ΓÄ»ΓÄ»ΓÄ»ΓÄ»ΓÄ»ΓÄ»ΓÄ»ΓÄ»ΓÄ»[35/309]ΓÄ»[22m[39m

[41m[1m FAIL [22m[49m src/agents/openclaw-tools.subagents.sessions-spawn-applies-model-child-session.test.ts[2m > [22mopenclaw-tools: subagents[2m > 
[22msessions_spawn forwards thinking overrides to the agent run
[31m[1mAssertionError[22m: expected { nonRetryable: true, ΓÇª(5) } to match object { status: 'accepted' }
(6 matching properties omitted from actual)[39m

[32m- Expected[39m
[31m+ Received[39m

[2m  {[22m
[32m-   "status": "accepted",[39m
[31m+   "contractId": null,[39m
[31m+   "instructions": "The clarity router is currently unavailable. Please try again shortly.",[39m
[31m+   "nonRetryable": true,[39m
[31m+   "outcome": "ABSTAIN_CLARIFY",[39m
[31m+   "reason": "router_outage",[39m
[31m+   "stageId": "SUBAGENT_SPAWN",[39m
[2m  }[22m

[36m [2mΓ¥»[22m src/agents/openclaw-tools.subagents.sessions-spawn-applies-model-child-session.test.ts:[2m125:28[22m[39m
    [90m123| [39m      thinking[33m:[39m [32m"high"[39m[33m,[39m
    [90m124| [39m    })[33m;[39m
    [90m125| [39m    [34mexpect[39m(result[33m.[39mdetails)[33m.[39m[34mtoMatchObject[39m({
    [90m   | [39m                           [31m^[39m
    [90m126| [39m      status[33m:[39m [32m"accepted"[39m[33m,[39m
    [90m127| [39m    })[33m;[39m

[31m[2mΓÄ»ΓÄ»ΓÄ»ΓÄ»ΓÄ»ΓÄ»ΓÄ»ΓÄ»ΓÄ»ΓÄ»ΓÄ»ΓÄ»ΓÄ»ΓÄ»ΓÄ»ΓÄ»ΓÄ»ΓÄ»ΓÄ»ΓÄ»ΓÄ»[36/309]ΓÄ»[22m[39m

[41m[1m FAIL [22m[49m src/agents/openclaw-tools.subagents.sessions-spawn-applies-model-child-session.test.ts[2m > [22mopenclaw-tools: subagents[2m > 
[22msessions_spawn applies default subagent model from defaults config
[31m[1mAssertionError[22m: expected { nonRetryable: true, ΓÇª(5) } to match object { status: 'accepted', ΓÇª(1) }
(6 matching properties omitted from actual)[39m

[32m- Expected[39m
[31m+ Received[39m

[2m  {[22m
[32m-   "modelApplied": true,[39m
[32m-   "status": "accepted",[39m
[31m+   "contractId": null,[39m
[31m+   "instructions": "The clarity router is currently unavailable. Please try again shortly.",[39m
[31m+   "nonRetryable": true,[39m
[31m+   "outcome": "ABSTAIN_CLARIFY",[39m
[31m+   "reason": "router_outage",[39m
[31m+   "stageId": "SUBAGENT_SPAWN",[39m
[2m  }[22m

[36m [2mΓ¥»[22m src/agents/openclaw-tools.subagents.sessions-spawn-applies-model-child-session.test.ts:[2m196:28[22m[39m
    [90m194| [39m      task[33m:[39m [32m"do thing"[39m[33m,[39m
    [90m195| [39m    })[33m;[39m
    [90m196| [39m    [34mexpect[39m(result[33m.[39mdetails)[33m.[39m[34mtoMatchObject[39m({
    [90m   | [39m                           [31m^[39m
    [90m197| [39m      status[33m:[39m [32m"accepted"[39m[33m,[39m
    [90m198| [39m      modelApplied[33m:[39m [35mtrue[39m[33m,[39m

[31m[2mΓÄ»ΓÄ»ΓÄ»ΓÄ»ΓÄ»ΓÄ»ΓÄ»ΓÄ»ΓÄ»ΓÄ»ΓÄ»ΓÄ»ΓÄ»ΓÄ»ΓÄ»ΓÄ»ΓÄ»ΓÄ»ΓÄ»ΓÄ»ΓÄ»[37/309]ΓÄ»[22m[39m

[41m[1m FAIL [22m[49m src/agents/openclaw-tools.subagents.sessions-spawn-applies-thinking-default.test.ts[2m > [22msessions_spawn thinking 
defaults[2m > [22mapplies agents.defaults.subagents.thinking when thinking is omitted
[31m[1mAssertionError[22m: expected { nonRetryable: true, ΓÇª(5) } to match object { status: 'accepted' }
(6 matching properties omitted from actual)[39m

[32m- Expected[39m
[31m+ Received[39m

[2m  {[22m
[32m-   "status": "accepted",[39m
[31m+   "contractId": null,[39m
[31m+   "instructions": "The clarity router is currently unavailable. Please try again shortly.",[39m
[31m+   "nonRetryable": true,[39m
[31m+   "outcome": "ABSTAIN_CLARIFY",[39m
[31m+   "reason": "router_outage",[39m
[31m+   "stageId": "SUBAGENT_SPAWN",[39m
[2m  }[22m

[36m [2mΓ¥»[22m src/agents/openclaw-tools.subagents.sessions-spawn-applies-thinking-default.test.ts:[2m40:28[22m[39m
    [90m 38| [39m    const tool = createSessionsSpawnTool({ agentSessionKey: "agent:tesΓÇª
    [90m 39| [39m    [35mconst[39m result [33m=[39m [35mawait[39m tool[33m.[39m[34mexecute[39m([32m"call-1"[39m[33m,[39m { task[33m:[39m 
[32m"hello"[39m })[33m;[39m
    [90m 40| [39m    [34mexpect[39m(result[33m.[39mdetails)[33m.[39m[34mtoMatchObject[39m({ status[33m:[39m [32m"accepted"[39m })[33m;[39m
    [90m   | [39m                           [31m^[39m
    [90m 41| [39m
    [90m 42| [39m    [35mconst[39m { callGateway } [33m=[39m [35mawait[39m [35mimport[39m([32m"../gateway/call.js"[39m)[33m;[39m

[31m[2mΓÄ»ΓÄ»ΓÄ»ΓÄ»ΓÄ»ΓÄ»ΓÄ»ΓÄ»ΓÄ»ΓÄ»ΓÄ»ΓÄ»ΓÄ»ΓÄ»ΓÄ»ΓÄ»ΓÄ»ΓÄ»ΓÄ»ΓÄ»ΓÄ»[38/309]ΓÄ»[22m[39m

[41m[1m FAIL [22m[49m src/agents/openclaw-tools.subagents.sessions-spawn-applies-thinking-default.test.ts[2m > [22msessions_spawn thinking 
defaults[2m > [22mprefers explicit sessions_spawn.thinking over config default
[31m[1mAssertionError[22m: expected { nonRetryable: true, ΓÇª(5) } to match object { status: 'accepted' }
(6 matching properties omitted from actual)[39m

[32m- Expected[39m
[31m+ Received[39m

[2m  {[22m
[32m-   "status": "accepted",[39m
[31m+   "contractId": null,[39m
[31m+   "instructions": "The clarity router is currently unavailable. Please try again shortly.",[39m
[31m+   "nonRetryable": true,[39m
[31m+   "outcome": "ABSTAIN_CLARIFY",[39m
[31m+   "reason": "router_outage",[39m
[31m+   "stageId": "SUBAGENT_SPAWN",[39m
[2m  }[22m

[36m [2mΓ¥»[22m src/agents/openclaw-tools.subagents.sessions-spawn-applies-thinking-default.test.ts:[2m55:28[22m[39m
    [90m 53| [39m    const tool = createSessionsSpawnTool({ agentSessionKey: "agent:tesΓÇª
    [90m 54| [39m    const result = await tool.execute("call-2", { task: "hello", thinkΓÇª
    [90m 55| [39m    [34mexpect[39m(result[33m.[39mdetails)[33m.[39m[34mtoMatchObject[39m({ status[33m:[39m [32m"accepted"[39m })[33m;[39m
    [90m   | [39m                           [31m^[39m
    [90m 56| [39m
    [90m 57| [39m    [35mconst[39m { callGateway } [33m=[39m [35mawait[39m [35mimport[39m([32m"../gateway/call.js"[39m)[33m;[39m

[31m[2mΓÄ»ΓÄ»ΓÄ»ΓÄ»ΓÄ»ΓÄ»ΓÄ»ΓÄ»ΓÄ»ΓÄ»ΓÄ»ΓÄ»ΓÄ»ΓÄ»ΓÄ»ΓÄ»ΓÄ»ΓÄ»ΓÄ»ΓÄ»ΓÄ»[39/309]ΓÄ»[22m[39m

[41m[1m FAIL [22m[49m src/agents/openclaw-tools.subagents.sessions-spawn-normalizes-allowlisted-agent-ids.test.ts[2m > [22mopenclaw-tools: 
subagents[2m > [22msessions_spawn normalizes allowlisted agent ids
[31m[1mAssertionError[22m: expected { nonRetryable: true, ΓÇª(5) } to match object { status: 'accepted', runId: 'run-1' }
(6 matching properties omitted from actual)[39m

[32m- Expected[39m
[31m+ Received[39m

[2m  {[22m
[32m-   "runId": "run-1",[39m
[32m-   "status": "accepted",[39m
[31m+   "contractId": null,[39m
[31m+   "instructions": "The clarity router is currently unavailable. Please try again shortly.",[39m
[31m+   "nonRetryable": true,[39m
[31m+   "outcome": "ABSTAIN_CLARIFY",[39m
[31m+   "reason": "router_outage",[39m
[31m+   "stageId": "SUBAGENT_SPAWN",[39m
[2m  }[22m

[36m [2mΓ¥»[22m src/agents/openclaw-tools.subagents.sessions-spawn-normalizes-allowlisted-agent-ids.test.ts:[2m87:28[22m[39m
    [90m 85| [39m    })[33m;[39m
    [90m 86| [39m
    [90m 87| [39m    [34mexpect[39m(result[33m.[39mdetails)[33m.[39m[34mtoMatchObject[39m({
    [90m   | [39m                           [31m^[39m
    [90m 88| [39m      status[33m:[39m [32m"accepted"[39m[33m,[39m
    [90m 89| [39m      runId[33m:[39m [32m"run-1"[39m[33m,[39m

[31m[2mΓÄ»ΓÄ»ΓÄ»ΓÄ»ΓÄ»ΓÄ»ΓÄ»ΓÄ»ΓÄ»ΓÄ»ΓÄ»ΓÄ»ΓÄ»ΓÄ»ΓÄ»ΓÄ»ΓÄ»ΓÄ»ΓÄ»ΓÄ»ΓÄ»[40/309]ΓÄ»[22m[39m

[41m[1m FAIL [22m[49m src/agents/openclaw-tools.subagents.sessions-spawn-normalizes-allowlisted-agent-ids.test.ts[2m > [22mopenclaw-tools: 
subagents[2m > [22msessions_spawn runs cleanup via lifecycle events
[31m[1mAssertionError[22m: expected { nonRetryable: true, ΓÇª(5) } to match object { status: 'accepted', runId: 'run-1' }
(6 matching properties omitted from actual)[39m

[32m- Expected[39m
[31m+ Received[39m

[2m  {[22m
[32m-   "runId": "run-1",[39m
[32m-   "status": "accepted",[39m
[31m+   "contractId": null,[39m
[31m+   "instructions": "The clarity router is currently unavailable. Please try again shortly.",[39m
[31m+   "nonRetryable": true,[39m
[31m+   "outcome": "ABSTAIN_CLARIFY",[39m
[31m+   "reason": "router_outage",[39m
[31m+   "stageId": "SUBAGENT_SPAWN",[39m
[2m  }[22m

[36m [2mΓ¥»[22m src/agents/openclaw-tools.subagents.sessions-spawn-normalizes-allowlisted-agent-ids.test.ts:[2m197:28[22m[39m
    [90m195| [39m      cleanup[33m:[39m [32m"delete"[39m[33m,[39m
    [90m196| [39m    })[33m;[39m
    [90m197| [39m    [34mexpect[39m(result[33m.[39mdetails)[33m.[39m[34mtoMatchObject[39m({
    [90m   | [39m                           [31m^[39m
    [90m198| [39m      status[33m:[39m [32m"accepted"[39m[33m,[39m
    [90m199| [39m      runId[33m:[39m [32m"run-1"[39m[33m,[39m

[31m[2mΓÄ»ΓÄ»ΓÄ»ΓÄ»ΓÄ»ΓÄ»ΓÄ»ΓÄ»ΓÄ»ΓÄ»ΓÄ»ΓÄ»ΓÄ»ΓÄ»ΓÄ»ΓÄ»ΓÄ»ΓÄ»ΓÄ»ΓÄ»ΓÄ»[41/309]ΓÄ»[22m[39m

[41m[1m FAIL [22m[49m src/agents/openclaw-tools.subagents.sessions-spawn-normalizes-allowlisted-agent-ids.test.ts[2m > [22mopenclaw-tools: 
subagents[2m > [22msessions_spawn announces with requester accountId
[31m[1mAssertionError[22m: expected { nonRetryable: true, ΓÇª(5) } to match object { status: 'accepted', runId: 'run-1' }
(6 matching properties omitted from actual)[39m

[32m- Expected[39m
[31m+ Received[39m

[2m  {[22m
[32m-   "runId": "run-1",[39m
[32m-   "status": "accepted",[39m
[31m+   "contractId": null,[39m
[31m+   "instructions": "The clarity router is currently unavailable. Please try again shortly.",[39m
[31m+   "nonRetryable": true,[39m
[31m+   "outcome": "ABSTAIN_CLARIFY",[39m
[31m+   "reason": "router_outage",[39m
[31m+   "stageId": "SUBAGENT_SPAWN",[39m
[2m  }[22m

[36m [2mΓ¥»[22m src/agents/openclaw-tools.subagents.sessions-spawn-normalizes-allowlisted-agent-ids.test.ts:[2m308:28[22m[39m
    [90m306| [39m      cleanup[33m:[39m [32m"keep"[39m[33m,[39m
    [90m307| [39m    })[33m;[39m
    [90m308| [39m    [34mexpect[39m(result[33m.[39mdetails)[33m.[39m[34mtoMatchObject[39m({
    [90m   | [39m                           [31m^[39m
    [90m309| [39m      status[33m:[39m [32m"accepted"[39m[33m,[39m
    [90m310| [39m      runId[33m:[39m [32m"run-1"[39m[33m,[39m

[31m[2mΓÄ»ΓÄ»ΓÄ»ΓÄ»ΓÄ»ΓÄ»ΓÄ»ΓÄ»ΓÄ»ΓÄ»ΓÄ»ΓÄ»ΓÄ»ΓÄ»ΓÄ»ΓÄ»ΓÄ»ΓÄ»ΓÄ»ΓÄ»ΓÄ»[42/309]ΓÄ»[22m[39m

[41m[1m FAIL [22m[49m src/agents/openclaw-tools.subagents.sessions-spawn-prefers-per-agent-subagent-model.test.ts[2m > [22mopenclaw-tools: 
subagents[2m > [22msessions_spawn prefers per-agent subagent model over defaults
[31m[1mAssertionError[22m: expected { nonRetryable: true, ΓÇª(5) } to match object { status: 'accepted', ΓÇª(1) }
(6 matching properties omitted from actual)[39m

[32m- Expected[39m
[31m+ Received[39m

[2m  {[22m
[32m-   "modelApplied": true,[39m
[32m-   "status": "accepted",[39m
[31m+   "contractId": null,[39m
[31m+   "instructions": "The clarity router is currently unavailable. Please try again shortly.",[39m
[31m+   "nonRetryable": true,[39m
[31m+   "outcome": "ABSTAIN_CLARIFY",[39m
[31m+   "reason": "router_outage",[39m
[31m+   "stageId": "SUBAGENT_SPAWN",[39m
[2m  }[22m

[36m [2mΓ¥»[22m src/agents/openclaw-tools.subagents.sessions-spawn-prefers-per-agent-subagent-model.test.ts:[2m73:28[22m[39m
    [90m 71| [39m      task[33m:[39m [32m"do thing"[39m[33m,[39m
    [90m 72| [39m    })[33m;[39m
    [90m 73| [39m    [34mexpect[39m(result[33m.[39mdetails)[33m.[39m[34mtoMatchObject[39m({
    [90m   | [39m                           [31m^[39m
    [90m 74| [39m      status[33m:[39m [32m"accepted"[39m[33m,[39m
    [90m 75| [39m      modelApplied[33m:[39m [35mtrue[39m[33m,[39m

[31m[2mΓÄ»ΓÄ»ΓÄ»ΓÄ»ΓÄ»ΓÄ»ΓÄ»ΓÄ»ΓÄ»ΓÄ»ΓÄ»ΓÄ»ΓÄ»ΓÄ»ΓÄ»ΓÄ»ΓÄ»ΓÄ»ΓÄ»ΓÄ»ΓÄ»[43/309]ΓÄ»[22m[39m

[41m[1m FAIL [22m[49m src/agents/openclaw-tools.subagents.sessions-spawn-prefers-per-agent-subagent-model.test.ts[2m > [22mopenclaw-tools: 
subagents[2m > [22msessions_spawn skips invalid model overrides and continues
[31m[1mAssertionError[22m: expected { nonRetryable: true, ΓÇª(5) } to match object { status: 'accepted', ΓÇª(1) }
(6 matching properties omitted from actual)[39m

[32m- Expected[39m
[31m+ Received[39m

[2m  {[22m
[32m-   "modelApplied": false,[39m
[32m-   "status": "accepted",[39m
[31m+   "contractId": null,[39m
[31m+   "instructions": "The clarity router is currently unavailable. Please try again shortly.",[39m
[31m+   "nonRetryable": true,[39m
[31m+   "outcome": "ABSTAIN_CLARIFY",[39m
[31m+   "reason": "router_outage",[39m
[31m+   "stageId": "SUBAGENT_SPAWN",[39m
[2m  }[22m

[36m [2mΓ¥»[22m src/agents/openclaw-tools.subagents.sessions-spawn-prefers-per-agent-subagent-model.test.ts:[2m126:28[22m[39m
    [90m124| [39m      model[33m:[39m [32m"bad-model"[39m[33m,[39m
    [90m125| [39m    })[33m;[39m
    [90m126| [39m    [34mexpect[39m(result[33m.[39mdetails)[33m.[39m[34mtoMatchObject[39m({
    [90m   | [39m                           [31m^[39m
    [90m127| [39m      status[33m:[39m [32m"accepted"[39m[33m,[39m
    [90m128| [39m      modelApplied[33m:[39m [35mfalse[39m[33m,[39m

[31m[2mΓÄ»ΓÄ»ΓÄ»ΓÄ»ΓÄ»ΓÄ»ΓÄ»ΓÄ»ΓÄ»ΓÄ»ΓÄ»ΓÄ»ΓÄ»ΓÄ»ΓÄ»ΓÄ»ΓÄ»ΓÄ»ΓÄ»ΓÄ»ΓÄ»[44/309]ΓÄ»[22m[39m

[41m[1m FAIL [22m[49m src/agents/openclaw-tools.subagents.sessions-spawn-prefers-per-agent-subagent-model.test.ts[2m > [22mopenclaw-tools: 
subagents[2m > [22msessions_spawn supports legacy timeoutSeconds alias
[31m[1mAssertionError[22m: expected { nonRetryable: true, ΓÇª(5) } to match object { status: 'accepted', runId: 'run-1' }
(6 matching properties omitted from actual)[39m

[32m- Expected[39m
[31m+ Received[39m

[2m  {[22m
[32m-   "runId": "run-1",[39m
[32m-   "status": "accepted",[39m
[31m+   "contractId": null,[39m
[31m+   "instructions": "The clarity router is currently unavailable. Please try again shortly.",[39m
[31m+   "nonRetryable": true,[39m
[31m+   "outcome": "ABSTAIN_CLARIFY",[39m
[31m+   "reason": "router_outage",[39m
[31m+   "stageId": "SUBAGENT_SPAWN",[39m
[2m  }[22m

[36m [2mΓ¥»[22m src/agents/openclaw-tools.subagents.sessions-spawn-prefers-per-agent-subagent-model.test.ts:[2m162:28[22m[39m
    [90m160| [39m      timeoutSeconds[33m:[39m [34m2[39m[33m,[39m
    [90m161| [39m    })[33m;[39m
    [90m162| [39m    [34mexpect[39m(result[33m.[39mdetails)[33m.[39m[34mtoMatchObject[39m({
    [90m   | [39m                           [31m^[39m
    [90m163| [39m      status[33m:[39m [32m"accepted"[39m[33m,[39m
    [90m164| [39m      runId[33m:[39m [32m"run-1"[39m[33m,[39m

[31m[2mΓÄ»ΓÄ»ΓÄ»ΓÄ»ΓÄ»ΓÄ»ΓÄ»ΓÄ»ΓÄ»ΓÄ»ΓÄ»ΓÄ»ΓÄ»ΓÄ»ΓÄ»ΓÄ»ΓÄ»ΓÄ»ΓÄ»ΓÄ»ΓÄ»[45/309]ΓÄ»[22m[39m

[41m[1m FAIL [22m[49m src/agents/openclaw-tools.subagents.sessions-spawn-resolves-main-announce-target-from.test.ts[2m > [22mopenclaw-tools: 
subagents[2m > [22msessions_spawn runs cleanup flow after subagent completion
[31m[1mAssertionError[22m: expected { nonRetryable: true, ΓÇª(5) } to match object { status: 'accepted', runId: 'run-1' }
(6 matching properties omitted from actual)[39m

[32m- Expected[39m
[31m+ Received[39m

[2m  {[22m
[32m-   "runId": "run-1",[39m
[32m-   "status": "accepted",[39m
[31m+   "contractId": null,[39m
[31m+   "instructions": "The clarity router is currently unavailable. Please try again shortly.",[39m
[31m+   "nonRetryable": true,[39m
[31m+   "outcome": "ABSTAIN_CLARIFY",[39m
[31m+   "reason": "router_outage",[39m
[31m+   "stageId": "SUBAGENT_SPAWN",[39m
[2m  }[22m

[36m [2mΓ¥»[22m src/agents/openclaw-tools.subagents.sessions-spawn-resolves-main-announce-target-from.test.ts:[2m117:28[22m[39m
    [90m115| [39m      label[33m:[39m [32m"my-task"[39m[33m,[39m
    [90m116| [39m    })[33m;[39m
    [90m117| [39m    [34mexpect[39m(result[33m.[39mdetails)[33m.[39m[34mtoMatchObject[39m({
    [90m   | [39m                           [31m^[39m
    [90m118| [39m      status[33m:[39m [32m"accepted"[39m[33m,[39m
    [90m119| [39m      runId[33m:[39m [32m"run-1"[39m[33m,[39m

[31m[2mΓÄ»ΓÄ»ΓÄ»ΓÄ»ΓÄ»ΓÄ»ΓÄ»ΓÄ»ΓÄ»ΓÄ»ΓÄ»ΓÄ»ΓÄ»ΓÄ»ΓÄ»ΓÄ»ΓÄ»ΓÄ»ΓÄ»ΓÄ»ΓÄ»[46/309]ΓÄ»[22m[39m

[41m[1m FAIL [22m[49m src/agents/pi-tool-definition-adapter.test.ts[2m > [22mpi tool definition adapter[2m > [22mwraps tool errors into a tool 
result
[31m[1mClarityBurstAbstainError[22m: ClarityBurst: clarification required before shell execution[39m
[36m [2mΓ¥»[22m Object.execute src/agents/pi-tool-definition-adapter.ts:[2m186:18[22m[39m
    [90m184| [39m         const { toolCallId, params, onUpdate, signal } = splitToolExeΓÇª
    [90m185| [39m         [35mif[39m ([33m![39m__cbConfig[33m?.[39mclarityburst[33m?.[39menabled) {
    [90m186| [39m           [35mthrow[39m [35mnew[39m [33mClarityBurstAbstainError[39m({
    [90m   | [39m                 [31m^[39m
    [90m187| [39m             outcome[33m:[39m [32m'ABSTAIN_CLARIFY'[39m[33m,[39m
    [90m188| [39m             reason[33m:[39m [32m'PACK_POLICY_INCOMPLETE'[39m[33m,[39m
[90m [2mΓ¥»[22m src/agents/pi-tool-definition-adapter.test.ts:[2m34:34[22m[39m

[31m[2mΓÄ»ΓÄ»ΓÄ»ΓÄ»ΓÄ»ΓÄ»ΓÄ»ΓÄ»ΓÄ»ΓÄ»ΓÄ»ΓÄ»ΓÄ»ΓÄ»ΓÄ»ΓÄ»ΓÄ»ΓÄ»ΓÄ»ΓÄ»ΓÄ»[47/309]ΓÄ»[22m[39m

[41m[1m FAIL [22m[49m src/agents/pi-tool-definition-adapter.test.ts[2m > [22mpi tool definition adapter[2m > [22mnormalizes exec tool aliases in 
error results
[31m[1mClarityBurstAbstainError[22m: ClarityBurst: clarification required before shell execution[39m
[36m [2mΓ¥»[22m Object.execute src/agents/pi-tool-definition-adapter.ts:[2m186:18[22m[39m
    [90m184| [39m         const { toolCallId, params, onUpdate, signal } = splitToolExeΓÇª
    [90m185| [39m         [35mif[39m ([33m![39m__cbConfig[33m?.[39mclarityburst[33m?.[39menabled) {
    [90m186| [39m           [35mthrow[39m [35mnew[39m [33mClarityBurstAbstainError[39m({
    [90m   | [39m                 [31m^[39m
    [90m187| [39m             outcome[33m:[39m [32m'ABSTAIN_CLARIFY'[39m[33m,[39m
    [90m188| [39m             reason[33m:[39m [32m'PACK_POLICY_INCOMPLETE'[39m[33m,[39m
[90m [2mΓ¥»[22m src/agents/pi-tool-definition-adapter.test.ts:[2m56:34[22m[39m

[31m[2mΓÄ»ΓÄ»ΓÄ»ΓÄ»ΓÄ»ΓÄ»ΓÄ»ΓÄ»ΓÄ»ΓÄ»ΓÄ»ΓÄ»ΓÄ»ΓÄ»ΓÄ»ΓÄ»ΓÄ»ΓÄ»ΓÄ»ΓÄ»ΓÄ»[48/309]ΓÄ»[22m[39m

[41m[1m FAIL [22m[49m src/agents/pi-tool-definition-adapter.test.ts[2m > [22mpi tool definition adapter[2m > [22mconverts ClarityBurstAbstainError 
to blocked response with correct fields
[31m[1mClarityBurstAbstainError[22m: ClarityBurst: clarification required before shell execution[39m
[36m [2mΓ¥»[22m Object.execute src/agents/pi-tool-definition-adapter.ts:[2m186:18[22m[39m
    [90m184| [39m         const { toolCallId, params, onUpdate, signal } = splitToolExeΓÇª
    [90m185| [39m         [35mif[39m ([33m![39m__cbConfig[33m?.[39mclarityburst[33m?.[39menabled) {
    [90m186| [39m           [35mthrow[39m [35mnew[39m [33mClarityBurstAbstainError[39m({
    [90m   | [39m                 [31m^[39m
    [90m187| [39m             outcome[33m:[39m [32m'ABSTAIN_CLARIFY'[39m[33m,[39m
    [90m188| [39m             reason[33m:[39m [32m'PACK_POLICY_INCOMPLETE'[39m[33m,[39m
[90m [2mΓ¥»[22m src/agents/pi-tool-definition-adapter.test.ts:[2m83:34[22m[39m

[31m[2mΓÄ»ΓÄ»ΓÄ»ΓÄ»ΓÄ»ΓÄ»ΓÄ»ΓÄ»ΓÄ»ΓÄ»ΓÄ»ΓÄ»ΓÄ»ΓÄ»ΓÄ»ΓÄ»ΓÄ»ΓÄ»ΓÄ»ΓÄ»ΓÄ»[49/309]ΓÄ»[22m[39m

[41m[1m FAIL [22m[49m src/agents/pi-tool-definition-adapter.test.ts[2m > [22mpi tool definition adapter[2m > [22mconverts ABSTAIN_CLARIFY 
(router_outage) to blocked response with centralized reason literal
[31m[1mClarityBurstAbstainError[22m: ClarityBurst: clarification required before shell execution[39m
[36m [2mΓ¥»[22m Object.execute src/agents/pi-tool-definition-adapter.ts:[2m186:18[22m[39m
    [90m184| [39m         const { toolCallId, params, onUpdate, signal } = splitToolExeΓÇª
    [90m185| [39m         [35mif[39m ([33m![39m__cbConfig[33m?.[39mclarityburst[33m?.[39menabled) {
    [90m186| [39m           [35mthrow[39m [35mnew[39m [33mClarityBurstAbstainError[39m({
    [90m   | [39m                 [31m^[39m
    [90m187| [39m             outcome[33m:[39m [32m'ABSTAIN_CLARIFY'[39m[33m,[39m
    [90m188| [39m             reason[33m:[39m [32m'PACK_POLICY_INCOMPLETE'[39m[33m,[39m
[90m [2mΓ¥»[22m src/agents/pi-tool-definition-adapter.test.ts:[2m127:34[22m[39m

[31m[2mΓÄ»ΓÄ»ΓÄ»ΓÄ»ΓÄ»ΓÄ»ΓÄ»ΓÄ»ΓÄ»ΓÄ»ΓÄ»ΓÄ»ΓÄ»ΓÄ»ΓÄ»ΓÄ»ΓÄ»ΓÄ»ΓÄ»ΓÄ»ΓÄ»[50/309]ΓÄ»[22m[39m

[41m[1m FAIL [22m[49m src/agents/pi-tool-definition-adapter.test.ts[2m > [22mpi tool definition adapter[2m > [22mconverts ABSTAIN_CONFIRM 
(CONFIRM_REQUIRED) to blocked response with centralized reason literal
[31m[1mClarityBurstAbstainError[22m: ClarityBurst: clarification required before shell execution[39m
[36m [2mΓ¥»[22m Object.execute src/agents/pi-tool-definition-adapter.ts:[2m186:18[22m[39m
    [90m184| [39m         const { toolCallId, params, onUpdate, signal } = splitToolExeΓÇª
    [90m185| [39m         [35mif[39m ([33m![39m__cbConfig[33m?.[39mclarityburst[33m?.[39menabled) {
    [90m186| [39m           [35mthrow[39m [35mnew[39m [33mClarityBurstAbstainError[39m({
    [90m   | [39m                 [31m^[39m
    [90m187| [39m             outcome[33m:[39m [32m'ABSTAIN_CLARIFY'[39m[33m,[39m
    [90m188| [39m             reason[33m:[39m [32m'PACK_POLICY_INCOMPLETE'[39m[33m,[39m
[90m [2mΓ¥»[22m src/agents/pi-tool-definition-adapter.test.ts:[2m166:34[22m[39m

[31m[2mΓÄ»ΓÄ»ΓÄ»ΓÄ»ΓÄ»ΓÄ»ΓÄ»ΓÄ»ΓÄ»ΓÄ»ΓÄ»ΓÄ»ΓÄ»ΓÄ»ΓÄ»ΓÄ»ΓÄ»ΓÄ»ΓÄ»ΓÄ»ΓÄ»[51/309]ΓÄ»[22m[39m

[41m[1m FAIL [22m[49m src/agents/pi-tools-agent-config.test.ts[2m > [22mAgent-specific tool filtering[2m > [22mshould apply global tool policy when 
no agent-specific policy exists
[31m[1mTypeError[22m: tools.map is not a function[39m
[36m [2mΓ¥»[22m src/agents/pi-tools-agent-config.test.ts:[2m31:29[22m[39m
    [90m 29| [39m    })[33m;[39m
    [90m 30| [39m
    [90m 31| [39m    [35mconst[39m toolNames [33m=[39m tools[33m.[39m[34mmap[39m((t) [33m=>[39m t[33m.[39mname)[33m;[39m
    [90m   | [39m                            [31m^[39m
    [90m 32| [39m    [34mexpect[39m(toolNames)[33m.[39m[34mtoContain[39m([32m"read"[39m)[33m;[39m
    [90m 33| [39m    [34mexpect[39m(toolNames)[33m.[39m[34mtoContain[39m([32m"write"[39m)[33m;[39m

[31m[2mΓÄ»ΓÄ»ΓÄ»ΓÄ»ΓÄ»ΓÄ»ΓÄ»ΓÄ»ΓÄ»ΓÄ»ΓÄ»ΓÄ»ΓÄ»ΓÄ»ΓÄ»ΓÄ»ΓÄ»ΓÄ»ΓÄ»ΓÄ»ΓÄ»[52/309]ΓÄ»[22m[39m

[41m[1m FAIL [22m[49m src/agents/pi-tools-agent-config.test.ts[2m > [22mAgent-specific tool filtering[2m > [22mshould keep global tool policy when 
agent only sets tools.elevated
[31m[1mTypeError[22m: tools.map is not a function[39m
[36m [2mΓ¥»[22m src/agents/pi-tools-agent-config.test.ts:[2m66:29[22m[39m
    [90m 64| [39m    })[33m;[39m
    [90m 65| [39m
    [90m 66| [39m    [35mconst[39m toolNames [33m=[39m tools[33m.[39m[34mmap[39m((t) [33m=>[39m t[33m.[39mname)[33m;[39m
    [90m   | [39m                            [31m^[39m
    [90m 67| [39m    [34mexpect[39m(toolNames)[33m.[39m[34mtoContain[39m([32m"exec"[39m)[33m;[39m
    [90m 68| [39m    [34mexpect[39m(toolNames)[33m.[39m[34mtoContain[39m([32m"read"[39m)[33m;[39m

[31m[2mΓÄ»ΓÄ»ΓÄ»ΓÄ»ΓÄ»ΓÄ»ΓÄ»ΓÄ»ΓÄ»ΓÄ»ΓÄ»ΓÄ»ΓÄ»ΓÄ»ΓÄ»ΓÄ»ΓÄ»ΓÄ»ΓÄ»ΓÄ»ΓÄ»[53/309]ΓÄ»[22m[39m

[41m[1m FAIL [22m[49m src/agents/pi-tools-agent-config.test.ts[2m > [22mAgent-specific tool filtering[2m > [22mshould allow apply_patch when exec 
is allow-listed and applyPatch is enabled
[31m[1mTypeError[22m: tools.map is not a function[39m
[36m [2mΓ¥»[22m src/agents/pi-tools-agent-config.test.ts:[2m92:29[22m[39m
    [90m 90| [39m    })[33m;[39m
    [90m 91| [39m
    [90m 92| [39m    [35mconst[39m toolNames [33m=[39m tools[33m.[39m[34mmap[39m((t) [33m=>[39m t[33m.[39mname)[33m;[39m
    [90m   | [39m                            [31m^[39m
    [90m 93| [39m    [34mexpect[39m(toolNames)[33m.[39m[34mtoContain[39m([32m"read"[39m)[33m;[39m
    [90m 94| [39m    [34mexpect[39m(toolNames)[33m.[39m[34mtoContain[39m([32m"exec"[39m)[33m;[39m

[31m[2mΓÄ»ΓÄ»ΓÄ»ΓÄ»ΓÄ»ΓÄ»ΓÄ»ΓÄ»ΓÄ»ΓÄ»ΓÄ»ΓÄ»ΓÄ»ΓÄ»ΓÄ»ΓÄ»ΓÄ»ΓÄ»ΓÄ»ΓÄ»ΓÄ»[54/309]ΓÄ»[22m[39m

[41m[1m FAIL [22m[49m src/agents/pi-tools-agent-config.test.ts[2m > [22mAgent-specific tool filtering[2m > [22mshould apply agent-specific tool 
policy
[31m[1mTypeError[22m: tools.map is not a function[39m
[36m [2mΓ¥»[22m src/agents/pi-tools-agent-config.test.ts:[2m125:29[22m[39m
    [90m123| [39m    })[33m;[39m
    [90m124| [39m
    [90m125| [39m    [35mconst[39m toolNames [33m=[39m tools[33m.[39m[34mmap[39m((t) [33m=>[39m t[33m.[39mname)[33m;[39m
    [90m   | [39m                            [31m^[39m
    [90m126| [39m    [34mexpect[39m(toolNames)[33m.[39m[34mtoContain[39m([32m"read"[39m)[33m;[39m
    [90m127| [39m    [34mexpect[39m(toolNames)[33m.[39mnot[33m.[39m[34mtoContain[39m([32m"exec"[39m)[33m;[39m

[31m[2mΓÄ»ΓÄ»ΓÄ»ΓÄ»ΓÄ»ΓÄ»ΓÄ»ΓÄ»ΓÄ»ΓÄ»ΓÄ»ΓÄ»ΓÄ»ΓÄ»ΓÄ»ΓÄ»ΓÄ»ΓÄ»ΓÄ»ΓÄ»ΓÄ»[55/309]ΓÄ»[22m[39m

[41m[1m FAIL [22m[49m src/agents/pi-tools-agent-config.test.ts[2m > [22mAgent-specific tool filtering[2m > [22mshould apply provider-specific tool 
policy
[31m[1mTypeError[22m: tools.map is not a function[39m
[36m [2mΓ¥»[22m src/agents/pi-tools-agent-config.test.ts:[2m154:29[22m[39m
    [90m152| [39m    })[33m;[39m
    [90m153| [39m
    [90m154| [39m    [35mconst[39m toolNames [33m=[39m tools[33m.[39m[34mmap[39m((t) [33m=>[39m t[33m.[39mname)[33m;[39m
    [90m   | [39m                            [31m^[39m
    [90m155| [39m    [34mexpect[39m(toolNames)[33m.[39m[34mtoContain[39m([32m"read"[39m)[33m;[39m
    [90m156| [39m    [34mexpect[39m(toolNames)[33m.[39mnot[33m.[39m[34mtoContain[39m([32m"exec"[39m)[33m;[39m

[31m[2mΓÄ»ΓÄ»ΓÄ»ΓÄ»ΓÄ»ΓÄ»ΓÄ»ΓÄ»ΓÄ»ΓÄ»ΓÄ»ΓÄ»ΓÄ»ΓÄ»ΓÄ»ΓÄ»ΓÄ»ΓÄ»ΓÄ»ΓÄ»ΓÄ»[56/309]ΓÄ»[22m[39m

[41m[1m FAIL [22m[49m src/agents/pi-tools-agent-config.test.ts[2m > [22mAgent-specific tool filtering[2m > [22mshould apply provider-specific tool 
profile overrides
[31m[1mTypeError[22m: tools.map is not a function[39m
[36m [2mΓ¥»[22m src/agents/pi-tools-agent-config.test.ts:[2m182:29[22m[39m
    [90m180| [39m    })[33m;[39m
    [90m181| [39m
    [90m182| [39m    [35mconst[39m toolNames [33m=[39m tools[33m.[39m[34mmap[39m((t) [33m=>[39m t[33m.[39mname)[33m;[39m
    [90m   | [39m                            [31m^[39m
    [90m183| [39m    [34mexpect[39m(toolNames)[33m.[39m[34mtoEqual[39m([[32m"session_status"[39m])[33m;[39m
    [90m184| [39m  })[33m;[39m

[31m[2mΓÄ»ΓÄ»ΓÄ»ΓÄ»ΓÄ»ΓÄ»ΓÄ»ΓÄ»ΓÄ»ΓÄ»ΓÄ»ΓÄ»ΓÄ»ΓÄ»ΓÄ»ΓÄ»ΓÄ»ΓÄ»ΓÄ»ΓÄ»ΓÄ»[57/309]ΓÄ»[22m[39m

[41m[1m FAIL [22m[49m src/agents/pi-tools-agent-config.test.ts[2m > [22mAgent-specific tool filtering[2m > [22mshould allow different tool policies 
for different agents
[31m[1mTypeError[22m: mainTools.map is not a function[39m
[36m [2mΓ¥»[22m src/agents/pi-tools-agent-config.test.ts:[2m214:37[22m[39m
    [90m212| [39m      agentDir[33m:[39m [32m"/tmp/agent-main"[39m[33m,[39m
    [90m213| [39m    })[33m;[39m
    [90m214| [39m    [35mconst[39m mainToolNames [33m=[39m mainTools[33m.[39m[34mmap[39m((t) [33m=>[39m t[33m.[39mname)[33m;[39m
    [90m   | [39m                                    [31m^[39m
    [90m215| [39m    [34mexpect[39m(mainToolNames)[33m.[39m[34mtoContain[39m([32m"exec"[39m)[33m;[39m
    [90m216| [39m    [34mexpect[39m(mainToolNames)[33m.[39m[34mtoContain[39m([32m"write"[39m)[33m;[39m

[31m[2mΓÄ»ΓÄ»ΓÄ»ΓÄ»ΓÄ»ΓÄ»ΓÄ»ΓÄ»ΓÄ»ΓÄ»ΓÄ»ΓÄ»ΓÄ»ΓÄ»ΓÄ»ΓÄ»ΓÄ»ΓÄ»ΓÄ»ΓÄ»ΓÄ»[58/309]ΓÄ»[22m[39m

[41m[1m FAIL [22m[49m src/agents/pi-tools-agent-config.test.ts[2m > [22mAgent-specific tool filtering[2m > [22mshould apply group tool policy 
overrides (group-specific beats wildcard)
[31m[1mTypeError[22m: trustedTools.map is not a function[39m
[36m [2mΓ¥»[22m src/agents/pi-tools-agent-config.test.ts:[2m258:39[22m[39m
    [90m256| [39m      agentDir[33m:[39m [32m"/tmp/agent-group"[39m[33m,[39m
    [90m257| [39m    })[33m;[39m
    [90m258| [39m    [35mconst[39m trustedNames [33m=[39m trustedTools[33m.[39m[34mmap[39m((t) [33m=>[39m t[33m.[39mname)[33m;[39m
    [90m   | [39m                                      [31m^[39m
    [90m259| [39m    [34mexpect[39m(trustedNames)[33m.[39m[34mtoContain[39m([32m"read"[39m)[33m;[39m
    [90m260| [39m    [34mexpect[39m(trustedNames)[33m.[39m[34mtoContain[39m([32m"exec"[39m)[33m;[39m

[31m[2mΓÄ»ΓÄ»ΓÄ»ΓÄ»ΓÄ»ΓÄ»ΓÄ»ΓÄ»ΓÄ»ΓÄ»ΓÄ»ΓÄ»ΓÄ»ΓÄ»ΓÄ»ΓÄ»ΓÄ»ΓÄ»ΓÄ»ΓÄ»ΓÄ»[59/309]ΓÄ»[22m[39m

[41m[1m FAIL [22m[49m src/agents/pi-tools-agent-config.test.ts[2m > [22mAgent-specific tool filtering[2m > [22mshould apply per-sender tool 
policies for group tools
[31m[1mTypeError[22m: aliceTools.map is not a function[39m
[36m [2mΓ¥»[22m src/agents/pi-tools-agent-config.test.ts:[2m297:35[22m[39m
    [90m295| [39m      agentDir[33m:[39m [32m"/tmp/agent-group-sender"[39m[33m,[39m
    [90m296| [39m    })[33m;[39m
    [90m297| [39m    [35mconst[39m aliceNames [33m=[39m aliceTools[33m.[39m[34mmap[39m((t) [33m=>[39m t[33m.[39mname)[33m;[39m
    [90m   | [39m                                  [31m^[39m
    [90m298| [39m    [34mexpect[39m(aliceNames)[33m.[39m[34mtoContain[39m([32m"read"[39m)[33m;[39m
    [90m299| [39m    [34mexpect[39m(aliceNames)[33m.[39m[34mtoContain[39m([32m"exec"[39m)[33m;[39m

[31m[2mΓÄ»ΓÄ»ΓÄ»ΓÄ»ΓÄ»ΓÄ»ΓÄ»ΓÄ»ΓÄ»ΓÄ»ΓÄ»ΓÄ»ΓÄ»ΓÄ»ΓÄ»ΓÄ»ΓÄ»ΓÄ»ΓÄ»ΓÄ»ΓÄ»[60/309]ΓÄ»[22m[39m

[41m[1m FAIL [22m[49m src/agents/pi-tools-agent-config.test.ts[2m > [22mAgent-specific tool filtering[2m > [22mshould not let default sender policy 
override group tools
[31m[1mTypeError[22m: adminTools.map is not a function[39m
[36m [2mΓ¥»[22m src/agents/pi-tools-agent-config.test.ts:[2m338:35[22m[39m
    [90m336| [39m      agentDir[33m:[39m [32m"/tmp/agent-group-default-override"[39m[33m,[39m
    [90m337| [39m    })[33m;[39m
    [90m338| [39m    [35mconst[39m adminNames [33m=[39m adminTools[33m.[39m[34mmap[39m((t) [33m=>[39m t[33m.[39mname)[33m;[39m
    [90m   | [39m                                  [31m^[39m
    [90m339| [39m    [34mexpect[39m(adminNames)[33m.[39m[34mtoContain[39m([32m"read"[39m)[33m;[39m
    [90m340| [39m    [34mexpect[39m(adminNames)[33m.[39mnot[33m.[39m[34mtoContain[39m([32m"exec"[39m)[33m;[39m

[31m[2mΓÄ»ΓÄ»ΓÄ»ΓÄ»ΓÄ»ΓÄ»ΓÄ»ΓÄ»ΓÄ»ΓÄ»ΓÄ»ΓÄ»ΓÄ»ΓÄ»ΓÄ»ΓÄ»ΓÄ»ΓÄ»ΓÄ»ΓÄ»ΓÄ»[61/309]ΓÄ»[22m[39m

[41m[1m FAIL [22m[49m src/agents/pi-tools-agent-config.test.ts[2m > [22mAgent-specific tool filtering[2m > [22mshould resolve telegram group tool 
policy for topic session keys
[31m[1mTypeError[22m: tools.map is not a function[39m
[36m [2mΓ¥»[22m src/agents/pi-tools-agent-config.test.ts:[2m363:25[22m[39m
    [90m361| [39m      agentDir[33m:[39m [32m"/tmp/agent-telegram"[39m[33m,[39m
    [90m362| [39m    })[33m;[39m
    [90m363| [39m    [35mconst[39m names [33m=[39m tools[33m.[39m[34mmap[39m((t) [33m=>[39m t[33m.[39mname)[33m;[39m
    [90m   | [39m                        [31m^[39m
    [90m364| [39m    [34mexpect[39m(names)[33m.[39m[34mtoContain[39m([32m"read"[39m)[33m;[39m
    [90m365| [39m    [34mexpect[39m(names)[33m.[39mnot[33m.[39m[34mtoContain[39m([32m"exec"[39m)[33m;[39m

[31m[2mΓÄ»ΓÄ»ΓÄ»ΓÄ»ΓÄ»ΓÄ»ΓÄ»ΓÄ»ΓÄ»ΓÄ»ΓÄ»ΓÄ»ΓÄ»ΓÄ»ΓÄ»ΓÄ»ΓÄ»ΓÄ»ΓÄ»ΓÄ»ΓÄ»[62/309]ΓÄ»[22m[39m

[41m[1m FAIL [22m[49m src/agents/pi-tools-agent-config.test.ts[2m > [22mAgent-specific tool filtering[2m > [22mshould inherit group tool policy for 
subagents from spawnedBy session keys
[31m[1mTypeError[22m: tools.map is not a function[39m
[36m [2mΓ¥»[22m src/agents/pi-tools-agent-config.test.ts:[2m388:25[22m[39m
    [90m386| [39m      agentDir[33m:[39m [32m"/tmp/agent-subagent"[39m[33m,[39m
    [90m387| [39m    })[33m;[39m
    [90m388| [39m    [35mconst[39m names [33m=[39m tools[33m.[39m[34mmap[39m((t) [33m=>[39m t[33m.[39mname)[33m;[39m
    [90m   | [39m                        [31m^[39m
    [90m389| [39m    [34mexpect[39m(names)[33m.[39m[34mtoContain[39m([32m"read"[39m)[33m;[39m
    [90m390| [39m    [34mexpect[39m(names)[33m.[39mnot[33m.[39m[34mtoContain[39m([32m"exec"[39m)[33m;[39m

[31m[2mΓÄ»ΓÄ»ΓÄ»ΓÄ»ΓÄ»ΓÄ»ΓÄ»ΓÄ»ΓÄ»ΓÄ»ΓÄ»ΓÄ»ΓÄ»ΓÄ»ΓÄ»ΓÄ»ΓÄ»ΓÄ»ΓÄ»ΓÄ»ΓÄ»[63/309]ΓÄ»[22m[39m

[41m[1m FAIL [22m[49m src/agents/pi-tools-agent-config.test.ts[2m > [22mAgent-specific tool filtering[2m > [22mshould apply global tool policy 
before agent-specific policy
[31m[1mTypeError[22m: tools.map is not a function[39m
[36m [2mΓ¥»[22m src/agents/pi-tools-agent-config.test.ts:[2m418:29[22m[39m
    [90m416| [39m    })[33m;[39m
    [90m417| [39m
    [90m418| [39m    [35mconst[39m toolNames [33m=[39m tools[33m.[39m[34mmap[39m((t) [33m=>[39m t[33m.[39mname)[33m;[39m
    [90m   | [39m                            [31m^[39m
    [90m419| [39m    [90m// Global policy still applies; agent policy further restricts[39m
    [90m420| [39m    [34mexpect[39m(toolNames)[33m.[39mnot[33m.[39m[34mtoContain[39m([32m"browser"[39m)[33m;[39m

[31m[2mΓÄ»ΓÄ»ΓÄ»ΓÄ»ΓÄ»ΓÄ»ΓÄ»ΓÄ»ΓÄ»ΓÄ»ΓÄ»ΓÄ»ΓÄ»ΓÄ»ΓÄ»ΓÄ»ΓÄ»ΓÄ»ΓÄ»ΓÄ»ΓÄ»[64/309]ΓÄ»[22m[39m

[41m[1m FAIL [22m[49m src/agents/pi-tools-agent-config.test.ts[2m > [22mAgent-specific tool filtering[2m > [22mshould work with sandbox tools 
filtering
[31m[1mTypeError[22m: tools.map is not a function[39m
[36m [2mΓ¥»[22m src/agents/pi-tools-agent-config.test.ts:[2m490:29[22m[39m
    [90m488| [39m    })[33m;[39m
    [90m489| [39m
    [90m490| [39m    [35mconst[39m toolNames [33m=[39m tools[33m.[39m[34mmap[39m((t) [33m=>[39m t[33m.[39mname)[33m;[39m
    [90m   | [39m                            [31m^[39m
    [90m491| [39m    [90m// Agent policy should be applied first, then sandbox[39m
    [90m492| [39m    // Agent allows only "read", sandbox allows ["read", "write", "exeΓÇª

[31m[2mΓÄ»ΓÄ»ΓÄ»ΓÄ»ΓÄ»ΓÄ»ΓÄ»ΓÄ»ΓÄ»ΓÄ»ΓÄ»ΓÄ»ΓÄ»ΓÄ»ΓÄ»ΓÄ»ΓÄ»ΓÄ»ΓÄ»ΓÄ»ΓÄ»[65/309]ΓÄ»[22m[39m

[41m[1m FAIL [22m[49m src/agents/pi-tools-agent-config.test.ts[2m > [22mAgent-specific tool filtering[2m > [22mshould run exec synchronously when 
process is denied
[31m[1mTypeError[22m: tools.find is not a function[39m
[36m [2mΓ¥»[22m src/agents/pi-tools-agent-config.test.ts:[2m512:28[22m[39m
    [90m510| [39m      agentDir[33m:[39m [32m"/tmp/agent-main"[39m[33m,[39m
    [90m511| [39m    })[33m;[39m
    [90m512| [39m    [35mconst[39m execTool [33m=[39m tools[33m.[39m[34mfind[39m((tool) [33m=>[39m tool[33m.[39mname [33m===[39m 
[32m"exec"[39m)[33m;[39m
    [90m   | [39m                           [31m^[39m
    [90m513| [39m    [34mexpect[39m(execTool)[33m.[39m[34mtoBeDefined[39m()[33m;[39m
    [90m514| [39m

[31m[2mΓÄ»ΓÄ»ΓÄ»ΓÄ»ΓÄ»ΓÄ»ΓÄ»ΓÄ»ΓÄ»ΓÄ»ΓÄ»ΓÄ»ΓÄ»ΓÄ»ΓÄ»ΓÄ»ΓÄ»ΓÄ»ΓÄ»ΓÄ»ΓÄ»[66/309]ΓÄ»[22m[39m

[41m[1m FAIL [22m[49m src/agents/pi-tools.before-tool-call.test.ts[2m > [22mbefore_tool_call hook integration for client tools[2m > [22mpasses 
modified params to client tool callbacks
[31m[1mClarityBurstAbstainError[22m: ClarityBurst: clarification required before shell execution[39m
[36m [2mΓ¥»[22m Object.execute src/agents/pi-tool-definition-adapter.ts:[2m244:18[22m[39m
    [90m242| [39m         [35mconst[39m { toolCallId[33m,[39m params } [33m=[39m [34msplitToolExecuteArgs[39m(args)[33m;[39m
    [90m243| [39m         [35mif[39m ([33m![39m__cbConfig[33m?.[39mclarityburst[33m?.[39menabled) {
    [90m244| [39m           [35mthrow[39m [35mnew[39m [33mClarityBurstAbstainError[39m({
    [90m   | [39m                 [31m^[39m
    [90m245| [39m             outcome[33m:[39m [32m'ABSTAIN_CLARIFY'[39m[33m,[39m
    [90m246| [39m             reason[33m:[39m [32m'PACK_POLICY_INCOMPLETE'[39m[33m,[39m
[90m [2mΓ¥»[22m src/agents/pi-tools.before-tool-call.test.ts:[2m145:16[22m[39m

[31m[2mΓÄ»ΓÄ»ΓÄ»ΓÄ»ΓÄ»ΓÄ»ΓÄ»ΓÄ»ΓÄ»ΓÄ»ΓÄ»ΓÄ»ΓÄ»ΓÄ»ΓÄ»ΓÄ»ΓÄ»ΓÄ»ΓÄ»ΓÄ»ΓÄ»[67/309]ΓÄ»[22m[39m

[41m[1m FAIL [22m[49m src/agents/pi-tools.create-openclaw-coding-tools.adds-claude-style-aliases-schemas-without-dropping-b.test.ts[2m > 
[22mcreateOpenClawCodingTools[2m > [22mpreserves action enums in normalized schemas
[31m[1mTypeError[22m: defaultTools.find is not a function[39m
[36m [2mΓ¥»[22m src/agents/pi-tools.create-openclaw-coding-tools.adds-claude-style-aliases-schemas-without-dropping-b.test.ts:[2m35:33[22m[39m
    [90m 33| [39m
    [90m 34| [39m    [35mfor[39m ([35mconst[39m name [35mof[39m toolNames) {
    [90m 35| [39m      const tool = defaultTools.find((candidate) => candidate.name ===ΓÇª
    [90m   | [39m                                [31m^[39m
    [90m 36| [39m      [34mexpect[39m(tool)[33m.[39m[34mtoBeDefined[39m()[33m;[39m
    [90m 37| [39m      [35mconst[39m parameters [33m=[39m tool[33m?.[39mparameters [35mas[39m {

[31m[2mΓÄ»ΓÄ»ΓÄ»ΓÄ»ΓÄ»ΓÄ»ΓÄ»ΓÄ»ΓÄ»ΓÄ»ΓÄ»ΓÄ»ΓÄ»ΓÄ»ΓÄ»ΓÄ»ΓÄ»ΓÄ»ΓÄ»ΓÄ»ΓÄ»[68/309]ΓÄ»[22m[39m

[41m[1m FAIL [22m[49m src/agents/pi-tools.create-openclaw-coding-tools.adds-claude-style-aliases-schemas-without-dropping-b.test.ts[2m > 
[22mcreateOpenClawCodingTools[2m > [22mincludes exec and process tools by default
[31m[1mTypeError[22m: defaultTools.some is not a function[39m
[36m [2mΓ¥»[22m src/agents/pi-tools.create-openclaw-coding-tools.adds-claude-style-aliases-schemas-without-dropping-b.test.ts:[2m55:25[22m[39m
    [90m 53| [39m  })[33m;[39m
    [90m 54| [39m  [34mit[39m([32m"includes exec and process tools by default"[39m[33m,[39m () [33m=>[39m {
    [90m 55| [39m    expect(defaultTools.some((tool) => tool.name === "exec")).toBe(truΓÇª
    [90m   | [39m                        [31m^[39m
    [90m 56| [39m    expect(defaultTools.some((tool) => tool.name === "process")).toBe(ΓÇª
    [90m 57| [39m    expect(defaultTools.some((tool) => tool.name === "apply_patch")).tΓÇª

[31m[2mΓÄ»ΓÄ»ΓÄ»ΓÄ»ΓÄ»ΓÄ»ΓÄ»ΓÄ»ΓÄ»ΓÄ»ΓÄ»ΓÄ»ΓÄ»ΓÄ»ΓÄ»ΓÄ»ΓÄ»ΓÄ»ΓÄ»ΓÄ»ΓÄ»[69/309]ΓÄ»[22m[39m

[41m[1m FAIL [22m[49m src/agents/pi-tools.create-openclaw-coding-tools.adds-claude-style-aliases-schemas-without-dropping-b.test.ts[2m > 
[22mcreateOpenClawCodingTools[2m > [22mgates apply_patch behind tools.exec.applyPatch for OpenAI models
[31m[1mTypeError[22m: openAiTools.some is not a function[39m
[36m [2mΓ¥»[22m src/agents/pi-tools.create-openclaw-coding-tools.adds-claude-style-aliases-schemas-without-dropping-b.test.ts:[2m72:24[22m[39m
    [90m 70| [39m      modelId[33m:[39m [32m"gpt-5.2"[39m[33m,[39m
    [90m 71| [39m    })[33m;[39m
    [90m 72| [39m    expect(openAiTools.some((tool) => tool.name === "apply_patch")).toΓÇª
    [90m   | [39m                       [31m^[39m
    [90m 73| [39m
    [90m 74| [39m    [35mconst[39m anthropicTools [33m=[39m [34mcreateOpenClawCodingTools[39m({

[31m[2mΓÄ»ΓÄ»ΓÄ»ΓÄ»ΓÄ»ΓÄ»ΓÄ»ΓÄ»ΓÄ»ΓÄ»ΓÄ»ΓÄ»ΓÄ»ΓÄ»ΓÄ»ΓÄ»ΓÄ»ΓÄ»ΓÄ»ΓÄ»ΓÄ»[70/309]ΓÄ»[22m[39m

[41m[1m FAIL [22m[49m src/agents/pi-tools.create-openclaw-coding-tools.adds-claude-style-aliases-schemas-without-dropping-b.test.ts[2m > 
[22mcreateOpenClawCodingTools[2m > [22mrespects apply_patch allowModels
[31m[1mTypeError[22m: allowed.some is not a function[39m
[36m [2mΓ¥»[22m src/agents/pi-tools.create-openclaw-coding-tools.adds-claude-style-aliases-schemas-without-dropping-b.test.ts:[2m94:20[22m[39m
    [90m 92| [39m      modelId[33m:[39m [32m"gpt-5.2"[39m[33m,[39m
    [90m 93| [39m    })[33m;[39m
    [90m 94| [39m    expect(allowed.some((tool) => tool.name === "apply_patch")).toBe(tΓÇª
    [90m   | [39m                   [31m^[39m
    [90m 95| [39m
    [90m 96| [39m    [35mconst[39m denied [33m=[39m [34mcreateOpenClawCodingTools[39m({

[31m[2mΓÄ»ΓÄ»ΓÄ»ΓÄ»ΓÄ»ΓÄ»ΓÄ»ΓÄ»ΓÄ»ΓÄ»ΓÄ»ΓÄ»ΓÄ»ΓÄ»ΓÄ»ΓÄ»ΓÄ»ΓÄ»ΓÄ»ΓÄ»ΓÄ»[71/309]ΓÄ»[22m[39m

[41m[1m FAIL [22m[49m src/agents/pi-tools.create-openclaw-coding-tools.adds-claude-style-aliases-schemas-without-dropping-b.test.ts[2m > 
[22mcreateOpenClawCodingTools[2m > [22mkeeps canonical tool names for Anthropic OAuth (pi-ai remaps on the wire)
[31m[1mTypeError[22m: tools.map is not a function[39m
[36m [2mΓ¥»[22m src/agents/pi-tools.create-openclaw-coding-tools.adds-claude-style-aliases-schemas-without-dropping-b.test.ts:[2m108:33[22m[39m
    [90m106| [39m      modelAuthMode[33m:[39m [32m"oauth"[39m[33m,[39m
    [90m107| [39m    })[33m;[39m
    [90m108| [39m    [35mconst[39m names [33m=[39m [35mnew[39m [33mSet[39m(tools[33m.[39m[34mmap[39m((tool) [33m=>[39m 
tool[33m.[39mname))[33m;[39m
    [90m   | [39m                                [31m^[39m
    [90m109| [39m    [34mexpect[39m(names[33m.[39m[34mhas[39m([32m"exec"[39m))[33m.[39m[34mtoBe[39m([35mtrue[39m)[33m;[39m
    [90m110| [39m    [34mexpect[39m(names[33m.[39m[34mhas[39m([32m"read"[39m))[33m.[39m[34mtoBe[39m([35mtrue[39m)[33m;[39m

[31m[2mΓÄ»ΓÄ»ΓÄ»ΓÄ»ΓÄ»ΓÄ»ΓÄ»ΓÄ»ΓÄ»ΓÄ»ΓÄ»ΓÄ»ΓÄ»ΓÄ»ΓÄ»ΓÄ»ΓÄ»ΓÄ»ΓÄ»ΓÄ»ΓÄ»[72/309]ΓÄ»[22m[39m

[41m[1m FAIL [22m[49m src/agents/pi-tools.create-openclaw-coding-tools.adds-claude-style-aliases-schemas-without-dropping-b.test.ts[2m > 
[22mcreateOpenClawCodingTools[2m > [22mprovides top-level object schemas for all tools
[31m[1mTypeError[22m: tools.map is not a function[39m
[36m [2mΓ¥»[22m src/agents/pi-tools.create-openclaw-coding-tools.adds-claude-style-aliases-schemas-without-dropping-b.test.ts:[2m118:8[22m[39m
    [90m116| [39m    [35mconst[39m tools [33m=[39m [34mcreateOpenClawCodingTools[39m()[33m;[39m
    [90m117| [39m    [35mconst[39m offenders [33m=[39m tools
    [90m118| [39m      [33m.[39m[34mmap[39m((tool) [33m=>[39m {
    [90m   | [39m       [31m^[39m
    [90m119| [39m        [35mconst[39m schema [33m=[39m
    [90m120| [39m          tool[33m.[39mparameters [33m&&[39m [35mtypeof[39m tool[33m.[39mparameters [33m===[39m [32m"object"[39m

[31m[2mΓÄ»ΓÄ»ΓÄ»ΓÄ»ΓÄ»ΓÄ»ΓÄ»ΓÄ»ΓÄ»ΓÄ»ΓÄ»ΓÄ»ΓÄ»ΓÄ»ΓÄ»ΓÄ»ΓÄ»ΓÄ»ΓÄ»ΓÄ»ΓÄ»[73/309]ΓÄ»[22m[39m

[41m[1m FAIL [22m[49m src/agents/pi-tools.create-openclaw-coding-tools.adds-claude-style-aliases-schemas-without-dropping-d.test.ts[2m > 
[22mcreateOpenClawCodingTools[2m > [22mkeeps read tool image metadata intact
[31m[1mTypeError[22m: defaultTools.find is not a function[39m
[36m [2mΓ¥»[22m src/agents/pi-tools.create-openclaw-coding-tools.adds-claude-style-aliases-schemas-without-dropping-d.test.ts:[2m13:35[22m[39m
    [90m 11| [39m[34mdescribe[39m([32m"createOpenClawCodingTools"[39m[33m,[39m () [33m=>[39m {
    [90m 12| [39m  [34mit[39m([32m"keeps read tool image metadata intact"[39m[33m,[39m [35masync[39m () [33m=>[39m {
    [90m 13| [39m    [35mconst[39m readTool [33m=[39m defaultTools[33m.[39m[34mfind[39m((tool) [33m=>[39m tool[33m.[39mname [33m===[39m 
[32m"read"[39m)[33m;[39m
    [90m   | [39m                                  [31m^[39m
    [90m 14| [39m    [34mexpect[39m(readTool)[33m.[39m[34mtoBeDefined[39m()[33m;[39m
    [90m 15| [39m

[31m[2mΓÄ»ΓÄ»ΓÄ»ΓÄ»ΓÄ»ΓÄ»ΓÄ»ΓÄ»ΓÄ»ΓÄ»ΓÄ»ΓÄ»ΓÄ»ΓÄ»ΓÄ»ΓÄ»ΓÄ»ΓÄ»ΓÄ»ΓÄ»ΓÄ»[74/309]ΓÄ»[22m[39m

[41m[1m FAIL [22m[49m src/agents/pi-tools.create-openclaw-coding-tools.adds-claude-style-aliases-schemas-without-dropping-d.test.ts[2m > 
[22mcreateOpenClawCodingTools[2m > [22mreturns text content without image blocks for text files
[31m[1mTypeError[22m: tools.find is not a function[39m
[36m [2mΓ¥»[22m src/agents/pi-tools.create-openclaw-coding-tools.adds-claude-style-aliases-schemas-without-dropping-d.test.ts:[2m50:28[22m[39m
    [90m 48| [39m  it("returns text content without image blocks for text files", asyncΓÇª
    [90m 49| [39m    [35mconst[39m tools [33m=[39m [34mcreateOpenClawCodingTools[39m()[33m;[39m
    [90m 50| [39m    [35mconst[39m readTool [33m=[39m tools[33m.[39m[34mfind[39m((tool) [33m=>[39m tool[33m.[39mname [33m===[39m 
[32m"read"[39m)[33m;[39m
    [90m   | [39m                           [31m^[39m
    [90m 51| [39m    [34mexpect[39m(readTool)[33m.[39m[34mtoBeDefined[39m()[33m;[39m
    [90m 52| [39m

[31m[2mΓÄ»ΓÄ»ΓÄ»ΓÄ»ΓÄ»ΓÄ»ΓÄ»ΓÄ»ΓÄ»ΓÄ»ΓÄ»ΓÄ»ΓÄ»ΓÄ»ΓÄ»ΓÄ»ΓÄ»ΓÄ»ΓÄ»ΓÄ»ΓÄ»[75/309]ΓÄ»[22m[39m

[41m[1m FAIL [22m[49m src/agents/pi-tools.create-openclaw-coding-tools.adds-claude-style-aliases-schemas-without-dropping-d.test.ts[2m > 
[22mcreateOpenClawCodingTools[2m > [22mfilters tools by sandbox policy
[31m[1mTypeError[22m: tools.some is not a function[39m
[36m [2mΓ¥»[22m src/agents/pi-tools.create-openclaw-coding-tools.adds-claude-style-aliases-schemas-without-dropping-d.test.ts:[2m101:18[22m[39m
    [90m 99| [39m    }[33m;[39m
    [90m100| [39m    [35mconst[39m tools [33m=[39m [34mcreateOpenClawCodingTools[39m({ sandbox })[33m;[39m
    [90m101| [39m    [34mexpect[39m(tools[33m.[39m[34msome[39m((tool) [33m=>[39m tool[33m.[39mname [33m===[39m 
[32m"exec"[39m))[33m.[39m[34mtoBe[39m([35mtrue[39m)[33m;[39m
    [90m   | [39m                 [31m^[39m
    [90m102| [39m    [34mexpect[39m(tools[33m.[39m[34msome[39m((tool) [33m=>[39m tool[33m.[39mname [33m===[39m 
[32m"read"[39m))[33m.[39m[34mtoBe[39m([35mfalse[39m)[33m;[39m
    [90m103| [39m    [34mexpect[39m(tools[33m.[39m[34msome[39m((tool) [33m=>[39m tool[33m.[39mname [33m===[39m 
[32m"browser"[39m))[33m.[39m[34mtoBe[39m([35mfalse[39m)[33m;[39m

[31m[2mΓÄ»ΓÄ»ΓÄ»ΓÄ»ΓÄ»ΓÄ»ΓÄ»ΓÄ»ΓÄ»ΓÄ»ΓÄ»ΓÄ»ΓÄ»ΓÄ»ΓÄ»ΓÄ»ΓÄ»ΓÄ»ΓÄ»ΓÄ»ΓÄ»[76/309]ΓÄ»[22m[39m

[41m[1m FAIL [22m[49m src/agents/pi-tools.create-openclaw-coding-tools.adds-claude-style-aliases-schemas-without-dropping-d.test.ts[2m > 
[22mcreateOpenClawCodingTools[2m > [22mhard-disables write/edit when sandbox workspaceAccess is ro
[31m[1mTypeError[22m: tools.some is not a function[39m
[36m [2mΓ¥»[22m src/agents/pi-tools.create-openclaw-coding-tools.adds-claude-style-aliases-schemas-without-dropping-d.test.ts:[2m132:18[22m[39m
    [90m130| [39m    }[33m;[39m
    [90m131| [39m    [35mconst[39m tools [33m=[39m [34mcreateOpenClawCodingTools[39m({ sandbox })[33m;[39m
    [90m132| [39m    [34mexpect[39m(tools[33m.[39m[34msome[39m((tool) [33m=>[39m tool[33m.[39mname [33m===[39m 
[32m"read"[39m))[33m.[39m[34mtoBe[39m([35mtrue[39m)[33m;[39m
    [90m   | [39m                 [31m^[39m
    [90m133| [39m    [34mexpect[39m(tools[33m.[39m[34msome[39m((tool) [33m=>[39m tool[33m.[39mname [33m===[39m 
[32m"write"[39m))[33m.[39m[34mtoBe[39m([35mfalse[39m)[33m;[39m
    [90m134| [39m    [34mexpect[39m(tools[33m.[39m[34msome[39m((tool) [33m=>[39m tool[33m.[39mname [33m===[39m 
[32m"edit"[39m))[33m.[39m[34mtoBe[39m([35mfalse[39m)[33m;[39m

[31m[2mΓÄ»ΓÄ»ΓÄ»ΓÄ»ΓÄ»ΓÄ»ΓÄ»ΓÄ»ΓÄ»ΓÄ»ΓÄ»ΓÄ»ΓÄ»ΓÄ»ΓÄ»ΓÄ»ΓÄ»ΓÄ»ΓÄ»ΓÄ»ΓÄ»[77/309]ΓÄ»[22m[39m

[41m[1m FAIL [22m[49m src/agents/pi-tools.create-openclaw-coding-tools.adds-claude-style-aliases-schemas-without-dropping-d.test.ts[2m > 
[22mcreateOpenClawCodingTools[2m > [22mfilters tools by agent tool policy even without sandbox
[31m[1mTypeError[22m: tools.some is not a function[39m
[36m [2mΓ¥»[22m src/agents/pi-tools.create-openclaw-coding-tools.adds-claude-style-aliases-schemas-without-dropping-d.test.ts:[2m140:18[22m[39m
    [90m138| [39m      config[33m:[39m { tools[33m:[39m { deny[33m:[39m [[32m"browser"[39m] } }[33m,[39m
    [90m139| [39m    })[33m;[39m
    [90m140| [39m    [34mexpect[39m(tools[33m.[39m[34msome[39m((tool) [33m=>[39m tool[33m.[39mname [33m===[39m 
[32m"exec"[39m))[33m.[39m[34mtoBe[39m([35mtrue[39m)[33m;[39m
    [90m   | [39m                 [31m^[39m
    [90m141| [39m    [34mexpect[39m(tools[33m.[39m[34msome[39m((tool) [33m=>[39m tool[33m.[39mname [33m===[39m 
[32m"browser"[39m))[33m.[39m[34mtoBe[39m([35mfalse[39m)[33m;[39m
    [90m142| [39m  })[33m;[39m

[31m[2mΓÄ»ΓÄ»ΓÄ»ΓÄ»ΓÄ»ΓÄ»ΓÄ»ΓÄ»ΓÄ»ΓÄ»ΓÄ»ΓÄ»ΓÄ»ΓÄ»ΓÄ»ΓÄ»ΓÄ»ΓÄ»ΓÄ»ΓÄ»ΓÄ»[78/309]ΓÄ»[22m[39m

[41m[1m FAIL [22m[49m src/agents/pi-tools.create-openclaw-coding-tools.adds-claude-style-aliases-schemas-without-dropping-f.test.ts[2m > 
[22mcreateOpenClawCodingTools[2m > [22muses workspaceDir for Read tool path resolution
[31m[1mTypeError[22m: tools.find is not a function[39m
[36m [2mΓ¥»[22m src/agents/pi-tools.create-openclaw-coding-tools.adds-claude-style-aliases-schemas-without-dropping-f.test.ts:[2m19:30[22m[39m
    [90m 17| [39m      [90m// Create tools with explicit workspaceDir[39m
    [90m 18| [39m      const tools = createOpenClawCodingTools({ workspaceDir: tmpDir }ΓÇª
    [90m 19| [39m      [35mconst[39m readTool [33m=[39m tools[33m.[39m[34mfind[39m((tool) [33m=>[39m tool[33m.[39mname [33m===[39m 
[32m"read"[39m)[33m;[39m
    [90m   | [39m                             [31m^[39m
    [90m 20| [39m      [34mexpect[39m(readTool)[33m.[39m[34mtoBeDefined[39m()[33m;[39m
    [90m 21| [39m

[31m[2mΓÄ»ΓÄ»ΓÄ»ΓÄ»ΓÄ»ΓÄ»ΓÄ»ΓÄ»ΓÄ»ΓÄ»ΓÄ»ΓÄ»ΓÄ»ΓÄ»ΓÄ»ΓÄ»ΓÄ»ΓÄ»ΓÄ»ΓÄ»ΓÄ»[79/309]ΓÄ»[22m[39m

[41m[1m FAIL [22m[49m src/agents/pi-tools.create-openclaw-coding-tools.adds-claude-style-aliases-schemas-without-dropping-f.test.ts[2m > 
[22mcreateOpenClawCodingTools[2m > [22muses workspaceDir for Write tool path resolution
[31m[1mTypeError[22m: tools.find is not a function[39m
[36m [2mΓ¥»[22m src/agents/pi-tools.create-openclaw-coding-tools.adds-claude-style-aliases-schemas-without-dropping-f.test.ts:[2m44:31[22m[39m
    [90m 42| [39m      [90m// Create tools with explicit workspaceDir[39m
    [90m 43| [39m      const tools = createOpenClawCodingTools({ workspaceDir: tmpDir }ΓÇª
    [90m 44| [39m      [35mconst[39m writeTool [33m=[39m tools[33m.[39m[34mfind[39m((tool) [33m=>[39m tool[33m.[39mname [33m===[39m 
[32m"write"[39m)[33m;[39m
    [90m   | [39m                              [31m^[39m
    [90m 45| [39m      [34mexpect[39m(writeTool)[33m.[39m[34mtoBeDefined[39m()[33m;[39m
    [90m 46| [39m

[31m[2mΓÄ»ΓÄ»ΓÄ»ΓÄ»ΓÄ»ΓÄ»ΓÄ»ΓÄ»ΓÄ»ΓÄ»ΓÄ»ΓÄ»ΓÄ»ΓÄ»ΓÄ»ΓÄ»ΓÄ»ΓÄ»ΓÄ»ΓÄ»ΓÄ»[80/309]ΓÄ»[22m[39m

[41m[1m FAIL [22m[49m src/agents/pi-tools.create-openclaw-coding-tools.adds-claude-style-aliases-schemas-without-dropping-f.test.ts[2m > 
[22mcreateOpenClawCodingTools[2m > [22muses workspaceDir for Edit tool path resolution
[31m[1mTypeError[22m: tools.find is not a function[39m
[36m [2mΓ¥»[22m src/agents/pi-tools.create-openclaw-coding-tools.adds-claude-style-aliases-schemas-without-dropping-f.test.ts:[2m70:30[22m[39m
    [90m 68| [39m      [90m// Create tools with explicit workspaceDir[39m
    [90m 69| [39m      const tools = createOpenClawCodingTools({ workspaceDir: tmpDir }ΓÇª
    [90m 70| [39m      [35mconst[39m editTool [33m=[39m tools[33m.[39m[34mfind[39m((tool) [33m=>[39m tool[33m.[39mname [33m===[39m 
[32m"edit"[39m)[33m;[39m
    [90m   | [39m                             [31m^[39m
    [90m 71| [39m      [34mexpect[39m(editTool)[33m.[39m[34mtoBeDefined[39m()[33m;[39m
    [90m 72| [39m

[31m[2mΓÄ»ΓÄ»ΓÄ»ΓÄ»ΓÄ»ΓÄ»ΓÄ»ΓÄ»ΓÄ»ΓÄ»ΓÄ»ΓÄ»ΓÄ»ΓÄ»ΓÄ»ΓÄ»ΓÄ»ΓÄ»ΓÄ»ΓÄ»ΓÄ»[81/309]ΓÄ»[22m[39m

[41m[1m FAIL [22m[49m src/agents/pi-tools.create-openclaw-coding-tools.adds-claude-style-aliases-schemas-without-dropping-f.test.ts[2m > 
[22mcreateOpenClawCodingTools[2m > [22maccepts Claude Code parameter aliases for read/write/edit
[31m[1mTypeError[22m: tools.find is not a function[39m
[36m [2mΓ¥»[22m src/agents/pi-tools.create-openclaw-coding-tools.adds-claude-style-aliases-schemas-without-dropping-f.test.ts:[2m91:30[22m[39m
    [90m 89| [39m    [35mtry[39m {
    [90m 90| [39m      const tools = createOpenClawCodingTools({ workspaceDir: tmpDir }ΓÇª
    [90m 91| [39m      [35mconst[39m readTool [33m=[39m tools[33m.[39m[34mfind[39m((tool) [33m=>[39m tool[33m.[39mname [33m===[39m 
[32m"read"[39m)[33m;[39m
    [90m   | [39m                             [31m^[39m
    [90m 92| [39m      [35mconst[39m writeTool [33m=[39m tools[33m.[39m[34mfind[39m((tool) [33m=>[39m tool[33m.[39mname [33m===[39m 
[32m"write"[39m)[33m;[39m
    [90m 93| [39m      [35mconst[39m editTool [33m=[39m tools[33m.[39m[34mfind[39m((tool) [33m=>[39m tool[33m.[39mname [33m===[39m 
[32m"edit"[39m)[33m;[39m

[31m[2mΓÄ»ΓÄ»ΓÄ»ΓÄ»ΓÄ»ΓÄ»ΓÄ»ΓÄ»ΓÄ»ΓÄ»ΓÄ»ΓÄ»ΓÄ»ΓÄ»ΓÄ»ΓÄ»ΓÄ»ΓÄ»ΓÄ»ΓÄ»ΓÄ»[82/309]ΓÄ»[22m[39m

[41m[1m FAIL [22m[49m src/agents/pi-tools.create-openclaw-coding-tools.adds-claude-style-aliases-schemas-without-dropping.test.ts[2m > 
[22mcreateOpenClawCodingTools[2m > [22mkeeps browser tool schema properties after normalization
[31m[1mTypeError[22m: defaultTools.find is not a function[39m
[36m [2mΓ¥»[22m src/agents/pi-tools.create-openclaw-coding-tools.adds-claude-style-aliases-schemas-without-dropping.test.ts:[2m90:34[22m[39m
    [90m 88| [39m  })[33m;[39m
    [90m 89| [39m  it("keeps browser tool schema properties after normalization", () =>ΓÇª
    [90m 90| [39m    const browser = defaultTools.find((tool) => tool.name === "browserΓÇª
    [90m   | [39m                                 [31m^[39m
    [90m 91| [39m    [34mexpect[39m(browser)[33m.[39m[34mtoBeDefined[39m()[33m;[39m
    [90m 92| [39m    [35mconst[39m parameters [33m=[39m browser[33m?.[39mparameters [35mas[39m {

[31m[2mΓÄ»ΓÄ»ΓÄ»ΓÄ»ΓÄ»ΓÄ»ΓÄ»ΓÄ»ΓÄ»ΓÄ»ΓÄ»ΓÄ»ΓÄ»ΓÄ»ΓÄ»ΓÄ»ΓÄ»ΓÄ»ΓÄ»ΓÄ»ΓÄ»[83/309]ΓÄ»[22m[39m

[41m[1m FAIL [22m[49m src/agents/pi-tools.create-openclaw-coding-tools.adds-claude-style-aliases-schemas-without-dropping.test.ts[2m > 
[22mcreateOpenClawCodingTools[2m > [22mexposes raw for gateway config.apply tool calls
[31m[1mTypeError[22m: defaultTools.find is not a function[39m
[36m [2mΓ¥»[22m src/agents/pi-tools.create-openclaw-coding-tools.adds-claude-style-aliases-schemas-without-dropping.test.ts:[2m104:34[22m[39m
    [90m102| [39m  })[33m;[39m
    [90m103| [39m  [34mit[39m([32m"exposes raw for gateway config.apply tool calls"[39m[33m,[39m () [33m=>[39m {
    [90m104| [39m    const gateway = defaultTools.find((tool) => tool.name === "gatewayΓÇª
    [90m   | [39m                                 [31m^[39m
    [90m105| [39m    [34mexpect[39m(gateway)[33m.[39m[34mtoBeDefined[39m()[33m;[39m
    [90m106| [39m

[31m[2mΓÄ»ΓÄ»ΓÄ»ΓÄ»ΓÄ»ΓÄ»ΓÄ»ΓÄ»ΓÄ»ΓÄ»ΓÄ»ΓÄ»ΓÄ»ΓÄ»ΓÄ»ΓÄ»ΓÄ»ΓÄ»ΓÄ»ΓÄ»ΓÄ»[84/309]ΓÄ»[22m[39m

[41m[1m FAIL [22m[49m src/agents/pi-tools.create-openclaw-coding-tools.adds-claude-style-aliases-schemas-without-dropping.test.ts[2m > 
[22mcreateOpenClawCodingTools[2m > [22mflattens anyOf-of-literals to enum for provider compatibility
[31m[1mTypeError[22m: defaultTools.find is not a function[39m
[36m [2mΓ¥»[22m src/agents/pi-tools.create-openclaw-coding-tools.adds-claude-style-aliases-schemas-without-dropping.test.ts:[2m117:34[22m[39m
    [90m115| [39m  })[33m;[39m
    [90m116| [39m  it("flattens anyOf-of-literals to enum for provider compatibility", ΓÇª
    [90m117| [39m    const browser = defaultTools.find((tool) => tool.name === "browserΓÇª
    [90m   | [39m                                 [31m^[39m
    [90m118| [39m    [34mexpect[39m(browser)[33m.[39m[34mtoBeDefined[39m()[33m;[39m
    [90m119| [39m

[31m[2mΓÄ»ΓÄ»ΓÄ»ΓÄ»ΓÄ»ΓÄ»ΓÄ»ΓÄ»ΓÄ»ΓÄ»ΓÄ»ΓÄ»ΓÄ»ΓÄ»ΓÄ»ΓÄ»ΓÄ»ΓÄ»ΓÄ»ΓÄ»ΓÄ»[85/309]ΓÄ»[22m[39m

[41m[1m FAIL [22m[49m src/agents/pi-tools.create-openclaw-coding-tools.adds-claude-style-aliases-schemas-without-dropping.test.ts[2m > 
[22mcreateOpenClawCodingTools[2m > [22mavoids anyOf/oneOf/allOf in tool schemas
[31m[1mTypeError[22m: defaultTools is not iterable[39m
[36m [2mΓ¥»[22m src/agents/pi-tools.create-openclaw-coding-tools.adds-claude-style-aliases-schemas-without-dropping.test.ts:[2m246:24[22m[39m
    [90m244| [39m    }[33m;[39m
    [90m245| [39m
    [90m246| [39m    [35mfor[39m ([35mconst[39m tool [35mof[39m defaultTools) {
    [90m   | [39m                       [31m^[39m
    [90m247| [39m      [34mwalk[39m(tool[33m.[39mparameters[33m,[39m [32m""[39m[33m,[39m tool[33m.[39mname)[33m;[39m
    [90m248| [39m    }

[31m[2mΓÄ»ΓÄ»ΓÄ»ΓÄ»ΓÄ»ΓÄ»ΓÄ»ΓÄ»ΓÄ»ΓÄ»ΓÄ»ΓÄ»ΓÄ»ΓÄ»ΓÄ»ΓÄ»ΓÄ»ΓÄ»ΓÄ»ΓÄ»ΓÄ»[86/309]ΓÄ»[22m[39m

[41m[1m FAIL [22m[49m src/agents/pi-tools.create-openclaw-coding-tools.adds-claude-style-aliases-schemas-without-dropping.test.ts[2m > 
[22mcreateOpenClawCodingTools[2m > [22mdoes not expose provider-specific message tools
[31m[1mTypeError[22m: tools.map is not a function[39m
[36m [2mΓ¥»[22m src/agents/pi-tools.create-openclaw-coding-tools.adds-claude-style-aliases-schemas-without-dropping.test.ts:[2m310:33[22m[39m
    [90m308| [39m  [34mit[39m([32m"does not expose provider-specific message tools"[39m[33m,[39m () [33m=>[39m {
    [90m309| [39m    const tools = createOpenClawCodingTools({ messageProvider: "discorΓÇª
    [90m310| [39m    [35mconst[39m names [33m=[39m [35mnew[39m [33mSet[39m(tools[33m.[39m[34mmap[39m((tool) [33m=>[39m 
tool[33m.[39mname))[33m;[39m
    [90m   | [39m                                [31m^[39m
    [90m311| [39m    [34mexpect[39m(names[33m.[39m[34mhas[39m([32m"discord"[39m))[33m.[39m[34mtoBe[39m([35mfalse[39m)[33m;[39m
    [90m312| [39m    [34mexpect[39m(names[33m.[39m[34mhas[39m([32m"slack"[39m))[33m.[39m[34mtoBe[39m([35mfalse[39m)[33m;[39m

[31m[2mΓÄ»ΓÄ»ΓÄ»ΓÄ»ΓÄ»ΓÄ»ΓÄ»ΓÄ»ΓÄ»ΓÄ»ΓÄ»ΓÄ»ΓÄ»ΓÄ»ΓÄ»ΓÄ»ΓÄ»ΓÄ»ΓÄ»ΓÄ»ΓÄ»[87/309]ΓÄ»[22m[39m

[41m[1m FAIL [22m[49m src/agents/pi-tools.create-openclaw-coding-tools.adds-claude-style-aliases-schemas-without-dropping.test.ts[2m > 
[22mcreateOpenClawCodingTools[2m > [22mfilters session tools for sub-agent sessions by default
[31m[1mTypeError[22m: tools.map is not a function[39m
[36m [2mΓ¥»[22m src/agents/pi-tools.create-openclaw-coding-tools.adds-claude-style-aliases-schemas-without-dropping.test.ts:[2m320:33[22m[39m
    [90m318| [39m      sessionKey[33m:[39m [32m"agent:main:subagent:test"[39m[33m,[39m
    [90m319| [39m    })[33m;[39m
    [90m320| [39m    [35mconst[39m names [33m=[39m [35mnew[39m [33mSet[39m(tools[33m.[39m[34mmap[39m((tool) [33m=>[39m 
tool[33m.[39mname))[33m;[39m
    [90m   | [39m                                [31m^[39m
    [90m321| [39m    [34mexpect[39m(names[33m.[39m[34mhas[39m([32m"sessions_list"[39m))[33m.[39m[34mtoBe[39m([35mfalse[39m)[33m;[39m
    [90m322| [39m    [34mexpect[39m(names[33m.[39m[34mhas[39m([32m"sessions_history"[39m))[33m.[39m[34mtoBe[39m([35mfalse[39m)[33m;[39m

[31m[2mΓÄ»ΓÄ»ΓÄ»ΓÄ»ΓÄ»ΓÄ»ΓÄ»ΓÄ»ΓÄ»ΓÄ»ΓÄ»ΓÄ»ΓÄ»ΓÄ»ΓÄ»ΓÄ»ΓÄ»ΓÄ»ΓÄ»ΓÄ»ΓÄ»[88/309]ΓÄ»[22m[39m

[41m[1m FAIL [22m[49m src/agents/pi-tools.create-openclaw-coding-tools.adds-claude-style-aliases-schemas-without-dropping.test.ts[2m > 
[22mcreateOpenClawCodingTools[2m > [22msupports allow-only sub-agent tool policy
[31m[1mTypeError[22m: tools.map is not a function[39m
[36m [2mΓ¥»[22m src/agents/pi-tools.create-openclaw-coding-tools.adds-claude-style-aliases-schemas-without-dropping.test.ts:[2m346:18[22m[39m
    [90m344| [39m      }[33m,[39m
    [90m345| [39m    })[33m;[39m
    [90m346| [39m    [34mexpect[39m(tools[33m.[39m[34mmap[39m((tool) [33m=>[39m 
tool[33m.[39mname))[33m.[39m[34mtoEqual[39m([[32m"read"[39m])[33m;[39m
    [90m   | [39m                 [31m^[39m
    [90m347| [39m  })[33m;[39m
    [90m348| [39m

[31m[2mΓÄ»ΓÄ»ΓÄ»ΓÄ»ΓÄ»ΓÄ»ΓÄ»ΓÄ»ΓÄ»ΓÄ»ΓÄ»ΓÄ»ΓÄ»ΓÄ»ΓÄ»ΓÄ»ΓÄ»ΓÄ»ΓÄ»ΓÄ»ΓÄ»[89/309]ΓÄ»[22m[39m

[41m[1m FAIL [22m[49m src/agents/pi-tools.create-openclaw-coding-tools.adds-claude-style-aliases-schemas-without-dropping.test.ts[2m > 
[22mcreateOpenClawCodingTools[2m > [22mapplies tool profiles before allow/deny policies
[31m[1mTypeError[22m: tools.map is not a function[39m
[36m [2mΓ¥»[22m src/agents/pi-tools.create-openclaw-coding-tools.adds-claude-style-aliases-schemas-without-dropping.test.ts:[2m353:33[22m[39m
    [90m351| [39m      config[33m:[39m { tools[33m:[39m { profile[33m:[39m [32m"messaging"[39m } }[33m,[39m
    [90m352| [39m    })[33m;[39m
    [90m353| [39m    [35mconst[39m names [33m=[39m [35mnew[39m [33mSet[39m(tools[33m.[39m[34mmap[39m((tool) [33m=>[39m 
tool[33m.[39mname))[33m;[39m
    [90m   | [39m                                [31m^[39m
    [90m354| [39m    [34mexpect[39m(names[33m.[39m[34mhas[39m([32m"message"[39m))[33m.[39m[34mtoBe[39m([35mtrue[39m)[33m;[39m
    [90m355| [39m    [34mexpect[39m(names[33m.[39m[34mhas[39m([32m"sessions_send"[39m))[33m.[39m[34mtoBe[39m([35mtrue[39m)[33m;[39m

[31m[2mΓÄ»ΓÄ»ΓÄ»ΓÄ»ΓÄ»ΓÄ»ΓÄ»ΓÄ»ΓÄ»ΓÄ»ΓÄ»ΓÄ»ΓÄ»ΓÄ»ΓÄ»ΓÄ»ΓÄ»ΓÄ»ΓÄ»ΓÄ»ΓÄ»[90/309]ΓÄ»[22m[39m

[41m[1m FAIL [22m[49m src/agents/pi-tools.create-openclaw-coding-tools.adds-claude-style-aliases-schemas-without-dropping.test.ts[2m > 
[22mcreateOpenClawCodingTools[2m > [22mexpands group shorthands in global tool policy
[31m[1mTypeError[22m: tools.map is not a function[39m
[36m [2mΓ¥»[22m src/agents/pi-tools.create-openclaw-coding-tools.adds-claude-style-aliases-schemas-without-dropping.test.ts:[2m364:33[22m[39m
    [90m362| [39m      config[33m:[39m { tools[33m:[39m { allow[33m:[39m [[32m"group:fs"[39m] } }[33m,[39m
    [90m363| [39m    })[33m;[39m
    [90m364| [39m    [35mconst[39m names [33m=[39m [35mnew[39m [33mSet[39m(tools[33m.[39m[34mmap[39m((tool) [33m=>[39m 
tool[33m.[39mname))[33m;[39m
    [90m   | [39m                                [31m^[39m
    [90m365| [39m    [34mexpect[39m(names[33m.[39m[34mhas[39m([32m"read"[39m))[33m.[39m[34mtoBe[39m([35mtrue[39m)[33m;[39m
    [90m366| [39m    [34mexpect[39m(names[33m.[39m[34mhas[39m([32m"write"[39m))[33m.[39m[34mtoBe[39m([35mtrue[39m)[33m;[39m

[31m[2mΓÄ»ΓÄ»ΓÄ»ΓÄ»ΓÄ»ΓÄ»ΓÄ»ΓÄ»ΓÄ»ΓÄ»ΓÄ»ΓÄ»ΓÄ»ΓÄ»ΓÄ»ΓÄ»ΓÄ»ΓÄ»ΓÄ»ΓÄ»ΓÄ»[91/309]ΓÄ»[22m[39m

[41m[1m FAIL [22m[49m src/agents/pi-tools.create-openclaw-coding-tools.adds-claude-style-aliases-schemas-without-dropping.test.ts[2m > 
[22mcreateOpenClawCodingTools[2m > [22mexpands group shorthands in global tool deny policy
[31m[1mTypeError[22m: tools.map is not a function[39m
[36m [2mΓ¥»[22m src/agents/pi-tools.create-openclaw-coding-tools.adds-claude-style-aliases-schemas-without-dropping.test.ts:[2m375:33[22m[39m
    [90m373| [39m      config[33m:[39m { tools[33m:[39m { deny[33m:[39m [[32m"group:fs"[39m] } }[33m,[39m
    [90m374| [39m    })[33m;[39m
    [90m375| [39m    [35mconst[39m names [33m=[39m [35mnew[39m [33mSet[39m(tools[33m.[39m[34mmap[39m((tool) [33m=>[39m 
tool[33m.[39mname))[33m;[39m
    [90m   | [39m                                [31m^[39m
    [90m376| [39m    [34mexpect[39m(names[33m.[39m[34mhas[39m([32m"read"[39m))[33m.[39m[34mtoBe[39m([35mfalse[39m)[33m;[39m
    [90m377| [39m    [34mexpect[39m(names[33m.[39m[34mhas[39m([32m"write"[39m))[33m.[39m[34mtoBe[39m([35mfalse[39m)[33m;[39m

[31m[2mΓÄ»ΓÄ»ΓÄ»ΓÄ»ΓÄ»ΓÄ»ΓÄ»ΓÄ»ΓÄ»ΓÄ»ΓÄ»ΓÄ»ΓÄ»ΓÄ»ΓÄ»ΓÄ»ΓÄ»ΓÄ»ΓÄ»ΓÄ»ΓÄ»[92/309]ΓÄ»[22m[39m

[41m[1m FAIL [22m[49m src/agents/pi-tools.create-openclaw-coding-tools.adds-claude-style-aliases-schemas-without-dropping.test.ts[2m > 
[22mcreateOpenClawCodingTools[2m > [22mlets agent profiles override global profiles
[31m[1mTypeError[22m: tools.map is not a function[39m
[36m [2mΓ¥»[22m src/agents/pi-tools.create-openclaw-coding-tools.adds-claude-style-aliases-schemas-without-dropping.test.ts:[2m391:33[22m[39m
    [90m389| [39m      }[33m,[39m
    [90m390| [39m    })[33m;[39m
    [90m391| [39m    [35mconst[39m names [33m=[39m [35mnew[39m [33mSet[39m(tools[33m.[39m[34mmap[39m((tool) [33m=>[39m 
tool[33m.[39mname))[33m;[39m
    [90m   | [39m                                [31m^[39m
    [90m392| [39m    [34mexpect[39m(names[33m.[39m[34mhas[39m([32m"message"[39m))[33m.[39m[34mtoBe[39m([35mtrue[39m)[33m;[39m
    [90m393| [39m    [34mexpect[39m(names[33m.[39m[34mhas[39m([32m"exec"[39m))[33m.[39m[34mtoBe[39m([35mfalse[39m)[33m;[39m

[31m[2mΓÄ»ΓÄ»ΓÄ»ΓÄ»ΓÄ»ΓÄ»ΓÄ»ΓÄ»ΓÄ»ΓÄ»ΓÄ»ΓÄ»ΓÄ»ΓÄ»ΓÄ»ΓÄ»ΓÄ»ΓÄ»ΓÄ»ΓÄ»ΓÄ»[93/309]ΓÄ»[22m[39m

[41m[1m FAIL [22m[49m src/agents/pi-tools.create-openclaw-coding-tools.adds-claude-style-aliases-schemas-without-dropping.test.ts[2m > 
[22mcreateOpenClawCodingTools[2m > [22mremoves unsupported JSON Schema keywords for Cloud Code Assist API compatibility
[31m[1mTypeError[22m: defaultTools is not iterable[39m
[36m [2mΓ¥»[22m src/agents/pi-tools.create-openclaw-coding-tools.adds-claude-style-aliases-schemas-without-dropping.test.ts:[2m460:24[22m[39m
    [90m458| [39m    }[33m;[39m
    [90m459| [39m
    [90m460| [39m    [35mfor[39m ([35mconst[39m tool [35mof[39m defaultTools) {
    [90m   | [39m                       [31m^[39m
    [90m461| [39m      const violations = findUnsupportedKeywords(tool.parameters, `${tΓÇª
    [90m462| [39m      [34mexpect[39m(violations)[33m.[39m[34mtoEqual[39m([])[33m;[39m

[31m[2mΓÄ»ΓÄ»ΓÄ»ΓÄ»ΓÄ»ΓÄ»ΓÄ»ΓÄ»ΓÄ»ΓÄ»ΓÄ»ΓÄ»ΓÄ»ΓÄ»ΓÄ»ΓÄ»ΓÄ»ΓÄ»ΓÄ»ΓÄ»ΓÄ»[94/309]ΓÄ»[22m[39m

[41m[1m FAIL [22m[49m src/agents/pi-tools.read.fs-gating.pack-incomplete.test.ts[2m > [22mFILE_SYSTEM_OPS - PackPolicyIncompleteError error 
mapping[2m > [22mwriteTool.execute: malformed pack causes blocked nonRetryable response[2m > [22mthrows ClarityBurstAbstainError with exact fields when 
getPackForStage throws PackPolicyIncompleteError
[31m[1mAssertionError[22m: The instanceof assertion needs a constructor but undefined was given.[39m
[36m [2mΓ¥»[22m src/agents/pi-tools.read.fs-gating.pack-incomplete.test.ts:[2m108:21[22m[39m
    [90m106| [39m        expect[33m.[39m[34mfail[39m([32m"Expected ClarityBurstAbstainError to be thrown"[39m)[33m;[39m
    [90m107| [39m      } [35mcatch[39m (err) {
    [90m108| [39m        [34mexpect[39m(err)[33m.[39m[34mtoBeInstanceOf[39m([33mClarityBurstAbstainError[39m)[33m;[39m
    [90m   | [39m                    [31m^[39m
    [90m109| [39m        [35mconst[39m abstainError [33m=[39m err [35mas[39m [33mClarityBurstAbstainError[39m[33m;[39m
    [90m110| [39m

[31m[2mΓÄ»ΓÄ»ΓÄ»ΓÄ»ΓÄ»ΓÄ»ΓÄ»ΓÄ»ΓÄ»ΓÄ»ΓÄ»ΓÄ»ΓÄ»ΓÄ»ΓÄ»ΓÄ»ΓÄ»ΓÄ»ΓÄ»ΓÄ»ΓÄ»[95/309]ΓÄ»[22m[39m

[41m[1m FAIL [22m[49m src/agents/pi-tools.read.fs-gating.pack-incomplete.test.ts[2m > [22mFILE_SYSTEM_OPS - PackPolicyIncompleteError error 
mapping[2m > [22mwriteTool.execute: malformed pack causes blocked nonRetryable response[2m > [22mdoes NOT throw unhandled exception - error is always 
converted
[31m[1mAssertionError[22m: The instanceof assertion needs a constructor but undefined was given.[39m
[36m [2mΓ¥»[22m src/agents/pi-tools.read.fs-gating.pack-incomplete.test.ts:[2m145:27[22m[39m
    [90m143| [39m      // Must be ClarityBurstAbstainError (not the original PackPolicyΓÇª
    [90m144| [39m      expect(caughtError).not.toBeInstanceOf(PackPolicyIncompleteErrorΓÇª
    [90m145| [39m      [34mexpect[39m(caughtError)[33m.[39m[34mtoBeInstanceOf[39m([33mClarityBurstAbstainError[39m)[33m;[39m
    [90m   | [39m                          [31m^[39m
    [90m146| [39m    })[33m;[39m
    [90m147| [39m

[31m[2mΓÄ»ΓÄ»ΓÄ»ΓÄ»ΓÄ»ΓÄ»ΓÄ»ΓÄ»ΓÄ»ΓÄ»ΓÄ»ΓÄ»ΓÄ»ΓÄ»ΓÄ»ΓÄ»ΓÄ»ΓÄ»ΓÄ»ΓÄ»ΓÄ»[96/309]ΓÄ»[22m[39m

[41m[1m FAIL [22m[49m src/agents/pi-tools.read.fs-gating.pack-incomplete.test.ts[2m > [22mFILE_SYSTEM_OPS - PackPolicyIncompleteError error 
mapping[2m > [22mwriteTool.execute: malformed pack causes blocked nonRetryable response[2m > [22mpropagates deterministic instructions from 
PackPolicyIncompleteError fields
[31m[1mAssertionError[22m: The instanceof assertion needs a constructor but undefined was given.[39m
[36m [2mΓ¥»[22m src/agents/pi-tools.read.fs-gating.pack-incomplete.test.ts:[2m166:27[22m[39m
    [90m164| [39m
    [90m165| [39m      [90m// Assert: Instructions include all missing fields[39m
    [90m166| [39m      [34mexpect[39m(caughtError)[33m.[39m[34mtoBeInstanceOf[39m([33mClarityBurstAbstainError[39m)[33m;[39m
    [90m   | [39m                          [31m^[39m
    [90m167| [39m      [35mfor[39m ([35mconst[39m field [35mof[39m missingFields) {
    [90m168| [39m        [34mexpect[39m(caughtError[33m![39m[33m.[39minstructions)[33m.[39m[34mtoContain[39m(field)[33m;[39m

[31m[2mΓÄ»ΓÄ»ΓÄ»ΓÄ»ΓÄ»ΓÄ»ΓÄ»ΓÄ»ΓÄ»ΓÄ»ΓÄ»ΓÄ»ΓÄ»ΓÄ»ΓÄ»ΓÄ»ΓÄ»ΓÄ»ΓÄ»ΓÄ»ΓÄ»[97/309]ΓÄ»[22m[39m

[41m[1m FAIL [22m[49m src/agents/pi-tools.read.fs-gating.pack-incomplete.test.ts[2m > [22mFILE_SYSTEM_OPS - PackPolicyIncompleteError error 
mapping[2m > [22mwriteTool.execute: malformed pack causes blocked nonRetryable response[2m > [22mClarityBurstAbstainError has correct fields for 
adapter blocked response conversion
[31m[1mAssertionError[22m: The instanceof assertion needs a constructor but undefined was given.[39m
[36m [2mΓ¥»[22m src/agents/pi-tools.read.fs-gating.pack-incomplete.test.ts:[2m199:27[22m[39m
    [90m197| [39m
    [90m198| [39m      [90m// Assert: All fields needed for adapter conversion are present[39m
    [90m199| [39m      [34mexpect[39m(caughtError)[33m.[39m[34mtoBeInstanceOf[39m([33mClarityBurstAbstainError[39m)[33m;[39m
    [90m   | [39m                          [31m^[39m
    [90m200| [39m      [34mexpect[39m(caughtError[33m![39m[33m.[39mstageId)[33m.[39m[34mtoBe[39m([32m"FILE_SYSTEM_OPS"[39m)[33m;[39m
    [90m201| [39m      [34mexpect[39m(caughtError[33m![39m[33m.[39moutcome)[33m.[39m[34mtoBe[39m([32m"ABSTAIN_CLARIFY"[39m)[33m;[39m

[31m[2mΓÄ»ΓÄ»ΓÄ»ΓÄ»ΓÄ»ΓÄ»ΓÄ»ΓÄ»ΓÄ»ΓÄ»ΓÄ»ΓÄ»ΓÄ»ΓÄ»ΓÄ»ΓÄ»ΓÄ»ΓÄ»ΓÄ»ΓÄ»ΓÄ»[98/309]ΓÄ»[22m[39m

[41m[1m FAIL [22m[49m src/agents/pi-tools.read.fs-gating.pack-incomplete.test.ts[2m > [22mFILE_SYSTEM_OPS - PackPolicyIncompleteError error 
mapping[2m > [22meditTool.execute: malformed pack causes blocked nonRetryable response[2m > [22mthrows ClarityBurstAbstainError with exact fields when 
getPackForStage throws PackPolicyIncompleteError
[31m[1mAssertionError[22m: The instanceof assertion needs a constructor but undefined was given.[39m
[36m [2mΓ¥»[22m src/agents/pi-tools.read.fs-gating.pack-incomplete.test.ts:[2m238:21[22m[39m
    [90m236| [39m        expect[33m.[39m[34mfail[39m([32m"Expected ClarityBurstAbstainError to be thrown"[39m)[33m;[39m
    [90m237| [39m      } [35mcatch[39m (err) {
    [90m238| [39m        [34mexpect[39m(err)[33m.[39m[34mtoBeInstanceOf[39m([33mClarityBurstAbstainError[39m)[33m;[39m
    [90m   | [39m                    [31m^[39m
    [90m239| [39m        [35mconst[39m abstainError [33m=[39m err [35mas[39m [33mClarityBurstAbstainError[39m[33m;[39m
    [90m240| [39m

[31m[2mΓÄ»ΓÄ»ΓÄ»ΓÄ»ΓÄ»ΓÄ»ΓÄ»ΓÄ»ΓÄ»ΓÄ»ΓÄ»ΓÄ»ΓÄ»ΓÄ»ΓÄ»ΓÄ»ΓÄ»ΓÄ»ΓÄ»ΓÄ»ΓÄ»[99/309]ΓÄ»[22m[39m

[41m[1m FAIL [22m[49m src/agents/pi-tools.read.fs-gating.pack-incomplete.test.ts[2m > [22mFILE_SYSTEM_OPS - PackPolicyIncompleteError error 
mapping[2m > [22meditTool.execute: malformed pack causes blocked nonRetryable response[2m > [22mdoes NOT throw unhandled exception - error is always 
converted for edit operations
[31m[1mAssertionError[22m: The instanceof assertion needs a constructor but undefined was given.[39m
[36m [2mΓ¥»[22m src/agents/pi-tools.read.fs-gating.pack-incomplete.test.ts:[2m275:27[22m[39m
    [90m273| [39m      // Must be ClarityBurstAbstainError (not the original PackPolicyΓÇª
    [90m274| [39m      expect(caughtError).not.toBeInstanceOf(PackPolicyIncompleteErrorΓÇª
    [90m275| [39m      [34mexpect[39m(caughtError)[33m.[39m[34mtoBeInstanceOf[39m([33mClarityBurstAbstainError[39m)[33m;[39m
    [90m   | [39m                          [31m^[39m
    [90m276| [39m    })[33m;[39m
    [90m277| [39m  })[33m;[39m

[31m[2mΓÄ»ΓÄ»ΓÄ»ΓÄ»ΓÄ»ΓÄ»ΓÄ»ΓÄ»ΓÄ»ΓÄ»ΓÄ»ΓÄ»ΓÄ»ΓÄ»ΓÄ»ΓÄ»ΓÄ»ΓÄ»ΓÄ»ΓÄ»[100/309]ΓÄ»[22m[39m

[41m[1m FAIL [22m[49m src/agents/pi-tools.read.fs-gating.pack-incomplete.test.ts[2m > [22mFILE_SYSTEM_OPS - PackPolicyIncompleteError error 
mapping[2m > [22mFILE_SYSTEM_OPS: non-PackPolicyIncompleteError errors are re-thrown[2m > [22mre-throws non-PackPolicyIncompleteError errors from 
writeTool
[31m[1mAssertionError[22m: The instanceof assertion needs a constructor but undefined was given.[39m
[36m [2mΓ¥»[22m src/agents/pi-tools.read.fs-gating.pack-incomplete.test.ts:[2m302:31[22m[39m
    [90m300| [39m
    [90m301| [39m      [34mexpect[39m(caughtError)[33m.[39m[34mtoBe[39m(unexpectedError)[33m;[39m
    [90m302| [39m      [34mexpect[39m(caughtError)[33m.[39mnot[33m.[39m[34mtoBeInstanceOf[39m([33mClarityBurstAbstainError[39m)[33m;[39m
    [90m   | [39m                              [31m^[39m
    [90m303| [39m
    [90m304| [39m      [90m// INVARIANT: Router not called due to early error[39m

[31m[2mΓÄ»ΓÄ»ΓÄ»ΓÄ»ΓÄ»ΓÄ»ΓÄ»ΓÄ»ΓÄ»ΓÄ»ΓÄ»ΓÄ»ΓÄ»ΓÄ»ΓÄ»ΓÄ»ΓÄ»ΓÄ»ΓÄ»ΓÄ»[101/309]ΓÄ»[22m[39m

[41m[1m FAIL [22m[49m src/agents/pi-tools.read.fs-gating.pack-incomplete.test.ts[2m > [22mFILE_SYSTEM_OPS - PackPolicyIncompleteError error 
mapping[2m > [22mFILE_SYSTEM_OPS: non-PackPolicyIncompleteError errors are re-thrown[2m > [22mre-throws non-PackPolicyIncompleteError errors from 
editTool
[31m[1mAssertionError[22m: The instanceof assertion needs a constructor but undefined was given.[39m
[36m [2mΓ¥»[22m src/agents/pi-tools.read.fs-gating.pack-incomplete.test.ts:[2m326:31[22m[39m
    [90m324| [39m
    [90m325| [39m      [34mexpect[39m(caughtError)[33m.[39m[34mtoBe[39m(unexpectedError)[33m;[39m
    [90m326| [39m      [34mexpect[39m(caughtError)[33m.[39mnot[33m.[39m[34mtoBeInstanceOf[39m([33mClarityBurstAbstainError[39m)[33m;[39m
    [90m   | [39m                              [31m^[39m
    [90m327| [39m
    [90m328| [39m      [90m// INVARIANT: Router not called due to early error[39m

[31m[2mΓÄ»ΓÄ»ΓÄ»ΓÄ»ΓÄ»ΓÄ»ΓÄ»ΓÄ»ΓÄ»ΓÄ»ΓÄ»ΓÄ»ΓÄ»ΓÄ»ΓÄ»ΓÄ»ΓÄ»ΓÄ»ΓÄ»ΓÄ»[102/309]ΓÄ»[22m[39m

[41m[1m FAIL [22m[49m src/agents/pi-tools.read.network-gating.allowlist-derivation.test.ts[2m > [22mNETWORK_IO allowlist derivation from pack 
schema[2m > [22mallowlist check respects pack schema enum[2m > [22mallows verbs in the schema enum
[31m[1mError[22m: [vitest] No "assertNonEmptyAllowedContracts" export is defined on the "../clarityburst/allowed-contracts.js" mock. Did you forget to 
return it from "vi.mock"?
If you need to partially mock a module, you can use "importOriginal" helper inside:
[39m
vi.mock(import("../clarityburst/allowed-contracts.js"), async (importOriginal) => {
  const actual = await importOriginal()
  return {
    ...actual,
    // your mocked methods
  }
})

[36m [2mΓ¥»[22m executeWithNetworkGating src/agents/pi-tools.read.ts:[2m559:3[22m[39m
    [90m557| [39m
    [90m558| [39m  // NETWORK_IO: Runtime invariant - allowedContractIds MUST be non-emΓÇª
    [90m559| [39m  [34massertNonEmptyAllowedContracts[39m([32m"NETWORK_IO"[39m[33m,[39m allowedContractIds)[33m;[39m
    [90m   | [39m  [31m^[39m
    [90m560| [39m
    [90m561| [39m  // userText: Use the provided user message or fall back to a descripΓÇª
[90m [2mΓ¥»[22m Object.tool.execute src/agents/pi-tools.read.ts:[2m771:12[22m[39m
[90m [2mΓ¥»[22m src/agents/pi-tools.read.network-gating.allowlist-derivation.test.ts:[2m209:25[22m[39m

[31m[2mΓÄ»ΓÄ»ΓÄ»ΓÄ»ΓÄ»ΓÄ»ΓÄ»ΓÄ»ΓÄ»ΓÄ»ΓÄ»ΓÄ»ΓÄ»ΓÄ»ΓÄ»ΓÄ»ΓÄ»ΓÄ»ΓÄ»ΓÄ»[103/309]ΓÄ»[22m[39m

[41m[1m FAIL [22m[49m src/agents/pi-tools.read.network-gating.allowlist-derivation.test.ts[2m > [22mNETWORK_IO allowlist derivation from pack 
schema[2m > [22mallowlist check respects pack schema enum[2m > [22mrespects dynamically added verbs (e.g., TRACE)
[31m[1mError[22m: [vitest] No "assertNonEmptyAllowedContracts" export is defined on the "../clarityburst/allowed-contracts.js" mock. Did you forget to 
return it from "vi.mock"?
If you need to partially mock a module, you can use "importOriginal" helper inside:
[39m
vi.mock(import("../clarityburst/allowed-contracts.js"), async (importOriginal) => {
  const actual = await importOriginal()
  return {
    ...actual,
    // your mocked methods
  }
})

[36m [2mΓ¥»[22m executeWithNetworkGating src/agents/pi-tools.read.ts:[2m559:3[22m[39m
    [90m557| [39m
    [90m558| [39m  // NETWORK_IO: Runtime invariant - allowedContractIds MUST be non-emΓÇª
    [90m559| [39m  [34massertNonEmptyAllowedContracts[39m([32m"NETWORK_IO"[39m[33m,[39m allowedContractIds)[33m;[39m
    [90m   | [39m  [31m^[39m
    [90m560| [39m
    [90m561| [39m  // userText: Use the provided user message or fall back to a descripΓÇª
[90m [2mΓ¥»[22m Object.tool.execute src/agents/pi-tools.read.ts:[2m771:12[22m[39m
[90m [2mΓ¥»[22m src/agents/pi-tools.read.network-gating.allowlist-derivation.test.ts:[2m237:25[22m[39m

[31m[2mΓÄ»ΓÄ»ΓÄ»ΓÄ»ΓÄ»ΓÄ»ΓÄ»ΓÄ»ΓÄ»ΓÄ»ΓÄ»ΓÄ»ΓÄ»ΓÄ»ΓÄ»ΓÄ»ΓÄ»ΓÄ»ΓÄ»ΓÄ»[104/309]ΓÄ»[22m[39m

[41m[1m FAIL [22m[49m src/agents/pi-tools.read.network-gating.allowlist-derivation.test.ts[2m > [22mNETWORK_IO allowlist derivation from pack 
schema[2m > [22mfallback behavior when schema is missing[2m > [22muses FALLBACK_ALLOWED_NETWORK_OPS when field_schema.method.enum is missing
[31m[1mError[22m: [vitest] No "assertNonEmptyAllowedContracts" export is defined on the "../clarityburst/allowed-contracts.js" mock. Did you forget to 
return it from "vi.mock"?
If you need to partially mock a module, you can use "importOriginal" helper inside:
[39m
vi.mock(import("../clarityburst/allowed-contracts.js"), async (importOriginal) => {
  const actual = await importOriginal()
  return {
    ...actual,
    // your mocked methods
  }
})

[36m [2mΓ¥»[22m executeWithNetworkGating src/agents/pi-tools.read.ts:[2m559:3[22m[39m
    [90m557| [39m
    [90m558| [39m  // NETWORK_IO: Runtime invariant - allowedContractIds MUST be non-emΓÇª
    [90m559| [39m  [34massertNonEmptyAllowedContracts[39m([32m"NETWORK_IO"[39m[33m,[39m allowedContractIds)[33m;[39m
    [90m   | [39m  [31m^[39m
    [90m560| [39m
    [90m561| [39m  // userText: Use the provided user message or fall back to a descripΓÇª
[90m [2mΓ¥»[22m Object.tool.execute src/agents/pi-tools.read.ts:[2m771:12[22m[39m
[90m [2mΓ¥»[22m src/agents/pi-tools.read.network-gating.allowlist-derivation.test.ts:[2m266:25[22m[39m

[31m[2mΓÄ»ΓÄ»ΓÄ»ΓÄ»ΓÄ»ΓÄ»ΓÄ»ΓÄ»ΓÄ»ΓÄ»ΓÄ»ΓÄ»ΓÄ»ΓÄ»ΓÄ»ΓÄ»ΓÄ»ΓÄ»ΓÄ»ΓÄ»[105/309]ΓÄ»[22m[39m

[41m[1m FAIL [22m[49m src/agents/pi-tools.read.network-gating.canonicalization.test.ts[2m > [22mNETWORK_IO canonicalizeOperation() consistency[2m > 
[22mrouter context uses canonicalizeOperation()[2m > [22mpasses canonicalized operation to routeClarityBurst context (uppercase input)
[31m[1mTypeError[22m: Cannot read properties of null (reading 'context')[39m
[36m [2mΓ¥»[22m src/agents/pi-tools.read.network-gating.canonicalization.test.ts:[2m121:19[22m[39m
    [90m119| [39m      [34mexpect[39m(lastRouterCallArgs)[33m.[39m[34mtoBeDefined[39m()[33m;[39m
    [90m120| [39m      const args = lastRouterCallArgs as { context: { operation: strinΓÇª
    [90m121| [39m      expect(args.context.operation).toBe(canonicalizeOperation(rawOp)ΓÇª
    [90m   | [39m                  [31m^[39m
    [90m122| [39m      [34mexpect[39m(args[33m.[39mcontext[33m.[39moperation)[33m.[39m[34mtoBe[39m([32m"get"[39m)[33m;[39m [90m// 
lowercase[39m
    [90m123| [39m    })[33m;[39m

[31m[2mΓÄ»ΓÄ»ΓÄ»ΓÄ»ΓÄ»ΓÄ»ΓÄ»ΓÄ»ΓÄ»ΓÄ»ΓÄ»ΓÄ»ΓÄ»ΓÄ»ΓÄ»ΓÄ»ΓÄ»ΓÄ»ΓÄ»ΓÄ»[106/309]ΓÄ»[22m[39m

[41m[1m FAIL [22m[49m src/agents/pi-tools.read.network-gating.canonicalization.test.ts[2m > [22mNETWORK_IO canonicalizeOperation() consistency[2m > 
[22mrouter context uses canonicalizeOperation()[2m > [22mpasses canonicalized operation to routeClarityBurst context (mixed case with whitespace)
[31m[1mTypeError[22m: Cannot read properties of null (reading 'context')[39m
[36m [2mΓ¥»[22m src/agents/pi-tools.read.network-gating.canonicalization.test.ts:[2m146:19[22m[39m
    [90m144| [39m      [34mexpect[39m(lastRouterCallArgs)[33m.[39m[34mtoBeDefined[39m()[33m;[39m
    [90m145| [39m      const args = lastRouterCallArgs as { context: { operation: strinΓÇª
    [90m146| [39m      expect(args.context.operation).toBe(canonicalizeOperation(rawOp)ΓÇª
    [90m   | [39m                  [31m^[39m
    [90m147| [39m      expect(args.context.operation).toBe("post"); // trimmed and loweΓÇª
    [90m148| [39m    })[33m;[39m

[31m[2mΓÄ»ΓÄ»ΓÄ»ΓÄ»ΓÄ»ΓÄ»ΓÄ»ΓÄ»ΓÄ»ΓÄ»ΓÄ»ΓÄ»ΓÄ»ΓÄ»ΓÄ»ΓÄ»ΓÄ»ΓÄ»ΓÄ»ΓÄ»[107/309]ΓÄ»[22m[39m

[41m[1m FAIL [22m[49m src/agents/pi-tools.read.network-gating.canonicalization.test.ts[2m > [22mNETWORK_IO canonicalizeOperation() consistency[2m > 
[22mopHash8 confirmation token uses canonicalizeOperation()[2m > [22mABSTAIN_CONFIRM token contains opHash8 matching canonicalizeOperation() output
[31m[1mAssertionError[22m: expected 'Pack stage_id mismatch: requested "NEΓÇª' to be 'CONFIRM NETWORK_IO NET_HTTP_REQUEST 1ΓÇª' // Object.is 
equality[39m

Expected: [32m"CONFIRM NETWORK_IO NET_HTTP_REQUEST 14cd195a"[39m
Received: [31m"Pack stage_id mismatch: requested "NETWORK_IO" but pack declares "undefined". The pack file may be misconfigured or stored under the wrong 
stage_id. The operation cannot proceed until the pack is corrected."[39m

[36m [2mΓ¥»[22m src/agents/pi-tools.read.network-gating.canonicalization.test.ts:[2m178:43[22m[39m
    [90m176| [39m
    [90m177| [39m        // The token in instructions MUST match our expected token comΓÇª
    [90m178| [39m        [34mexpect[39m(abstainError[33m.[39minstructions)[33m.[39m[34mtoBe[39m(expectedToken)[33m;[39m
    [90m   | [39m                                          [31m^[39m
    [90m179| [39m      }
    [90m180| [39m    })[33m;[39m

[31m[2mΓÄ»ΓÄ»ΓÄ»ΓÄ»ΓÄ»ΓÄ»ΓÄ»ΓÄ»ΓÄ»ΓÄ»ΓÄ»ΓÄ»ΓÄ»ΓÄ»ΓÄ»ΓÄ»ΓÄ»ΓÄ»ΓÄ»ΓÄ»[108/309]ΓÄ»[22m[39m

[41m[1m FAIL [22m[49m src/agents/pi-tools.read.network-gating.capability-denied.test.ts[2m > [22mwrapWithNetworkGating capability_denied 
regression[2m > [22mallowedContractIds derivation and router invocation[2m > [22msends capability-filtered allowedContractIds to routeClarityBurst() 
for NETWORK_IO
[31m[1mAssertionError[22m: expected "vi.fn()" to be called 1 times, but got 2 times[39m
[36m [2mΓ¥»[22m src/agents/pi-tools.read.network-gating.capability-denied.test.ts:[2m95:37[22m[39m
    [90m 93| [39m
    [90m 94| [39m      // Assert: routeClarityBurst was called with expected allowedConΓÇª
    [90m 95| [39m      [34mexpect[39m(routeClarityBurstMock)[33m.[39m[34mtoHaveBeenCalledTimes[39m([34m1[39m)[33m;[39m
    [90m   | [39m                                    [31m^[39m
    [90m 96| [39m      [35mconst[39m routerCallArgs [33m=[39m 
routeClarityBurstMock[33m.[39mmock[33m.[39mcalls[[34m0[39m][[34m0[39m][33m;[39m
    [90m 97| [39m

[31m[2mΓÄ»ΓÄ»ΓÄ»ΓÄ»ΓÄ»ΓÄ»ΓÄ»ΓÄ»ΓÄ»ΓÄ»ΓÄ»ΓÄ»ΓÄ»ΓÄ»ΓÄ»ΓÄ»ΓÄ»ΓÄ»ΓÄ»ΓÄ»[109/309]ΓÄ»[22m[39m

[41m[1m FAIL [22m[49m src/agents/pi-tools.read.network-gating.capability-denied.test.ts[2m > [22mwrapWithNetworkGating capability_denied 
regression[2m > [22mcapability_denied hard-block (top1 in pack but NOT in allowedContractIds)[2m > [22mthrows ClarityBurstAbstainError with 
reason:capability_denied when top1 is in pack but not in allowedContractIds
[31m[1mAssertionError[22m: expected 'PACK_POLICY_INCOMPLETE' to be 'capability_denied' // Object.is equality[39m

Expected: [32m"capability_denied"[39m
Received: [31m"PACK_POLICY_INCOMPLETE"[39m

[36m [2mΓ¥»[22m src/agents/pi-tools.read.network-gating.capability-denied.test.ts:[2m168:35[22m[39m
    [90m166| [39m      [34mexpect[39m(caughtError[33m![39m[33m.[39mstageId)[33m.[39m[34mtoBe[39m([32m"NETWORK_IO"[39m)[33m;[39m
    [90m167| [39m      [34mexpect[39m(caughtError[33m![39m[33m.[39moutcome)[33m.[39m[34mtoBe[39m([32m"ABSTAIN_CLARIFY"[39m)[33m;[39m
    [90m168| [39m      [34mexpect[39m(caughtError[33m![39m[33m.[39mreason)[33m.[39m[34mtoBe[39m([32m"capability_denied"[39m)[33m;[39m
    [90m   | [39m                                  [31m^[39m
    [90m169| [39m      [34mexpect[39m(caughtError[33m![39m[33m.[39mcontractId)[33m.[39m[34mtoBe[39m(inPackButNotAllowed)[33m;[39m
    [90m170| [39m

[31m[2mΓÄ»ΓÄ»ΓÄ»ΓÄ»ΓÄ»ΓÄ»ΓÄ»ΓÄ»ΓÄ»ΓÄ»ΓÄ»ΓÄ»ΓÄ»ΓÄ»ΓÄ»ΓÄ»ΓÄ»ΓÄ»ΓÄ»ΓÄ»[110/309]ΓÄ»[22m[39m

[41m[1m FAIL [22m[49m src/agents/pi-tools.read.network-gating.capability-denied.test.ts[2m > [22mwrapWithNetworkGating capability_denied 
regression[2m > [22mcapability_denied hard-block (top1 in pack but NOT in allowedContractIds)[2m > [22mhard-blocks even with very high router 
confidence scores
[31m[1mAssertionError[22m: expected 'PACK_POLICY_INCOMPLETE' to be 'capability_denied' // Object.is equality[39m

Expected: [32m"capability_denied"[39m
Received: [31m"PACK_POLICY_INCOMPLETE"[39m

[36m [2mΓ¥»[22m src/agents/pi-tools.read.network-gating.capability-denied.test.ts:[2m246:35[22m[39m
    [90m244| [39m      [90m// Assert: Still hard-blocked despite perfect router confidence[39m
    [90m245| [39m      [34mexpect[39m(caughtError)[33m.[39m[34mtoBeInstanceOf[39m([33mClarityBurstAbstainError[39m)[33m;[39m
    [90m246| [39m      [34mexpect[39m(caughtError[33m![39m[33m.[39mreason)[33m.[39m[34mtoBe[39m([32m"capability_denied"[39m)[33m;[39m
    [90m   | [39m                                  [31m^[39m
    [90m247| [39m      [34mexpect[39m(executeSpy)[33m.[39m[34mtoHaveBeenCalledTimes[39m([34m0[39m)[33m;[39m
    [90m248| [39m    })[33m;[39m

[31m[2mΓÄ»ΓÄ»ΓÄ»ΓÄ»ΓÄ»ΓÄ»ΓÄ»ΓÄ»ΓÄ»ΓÄ»ΓÄ»ΓÄ»ΓÄ»ΓÄ»ΓÄ»ΓÄ»ΓÄ»ΓÄ»ΓÄ»ΓÄ»[111/309]ΓÄ»[22m[39m

[41m[1m FAIL [22m[49m src/agents/pi-tools.read.network-gating.capability-denied.test.ts[2m > [22mwrapWithNetworkGating capability_denied 
regression[2m > [22mallowlist-based operation classifier (default-deny unknown ops)[2m > [22mhard-blocks unknown operation verb 'tunnel' before calling 
router
[31m[1mAssertionError[22m: expected 'The URL scheme is not permitted for nΓÇª' to contain 'tunnel'[39m

Expected: [32m"tunnel"[39m
Received: [31m"The URL scheme is not permitted for network operations. Only "http://" and "https://" schemes are allowed. Received URL: 
"tcp://proxy.internal:8080". Do NOT retry with file://, ftp://, data:, javascript:, or other non-HTTP schemes."[39m

[36m [2mΓ¥»[22m src/agents/pi-tools.read.network-gating.capability-denied.test.ts:[2m405:41[22m[39m
    [90m403| [39m
    [90m404| [39m      // Assert: Instructions mention the unsupported verb and list alΓÇª
    [90m405| [39m      [34mexpect[39m(caughtError[33m![39m[33m.[39minstructions)[33m.[39m[34mtoContain[39m([32m"tunnel"[39m)[33m;[39m
    [90m   | [39m                                        [31m^[39m
    [90m406| [39m      [34mexpect[39m(caughtError[33m![39m[33m.[39minstructions)[33m.[39m[34mtoContain[39m([32m"not 
recognized"[39m)[33m;[39m
    [90m407| [39m      [34mexpect[39m(caughtError[33m![39m[33m.[39minstructions)[33m.[39m[34mtoContain[39m([32m"get"[39m)[33m;[39m

[31m[2mΓÄ»ΓÄ»ΓÄ»ΓÄ»ΓÄ»ΓÄ»ΓÄ»ΓÄ»ΓÄ»ΓÄ»ΓÄ»ΓÄ»ΓÄ»ΓÄ»ΓÄ»ΓÄ»ΓÄ»ΓÄ»ΓÄ»ΓÄ»[112/309]ΓÄ»[22m[39m

[41m[1m FAIL [22m[49m src/agents/pi-tools.read.network-gating.capability-denied.test.ts[2m > [22mwrapWithNetworkGating capability_denied 
regression[2m > [22mallowlist-based operation classifier (default-deny unknown ops)[2m > [22mhard-blocks unknown operation verb 'raw_socket' before 
calling router
[31m[1mAssertionError[22m: expected 'The URL scheme is not permitted for nΓÇª' to contain 'raw_socket'[39m

Expected: [32m"raw_socket"[39m
Received: [31m"The URL scheme is not permitted for network operations. Only "http://" and "https://" schemes are allowed. Received URL: 
"tcp://192.168.1.1:22". Do NOT retry with file://, ftp://, data:, javascript:, or other non-HTTP schemes."[39m

[36m [2mΓ¥»[22m src/agents/pi-tools.read.network-gating.capability-denied.test.ts:[2m446:41[22m[39m
    [90m444| [39m
    [90m445| [39m      [90m// Assert: Instructions mention the unsupported verb[39m
    [90m446| [39m      [34mexpect[39m(caughtError[33m![39m[33m.[39minstructions)[33m.[39m[34mtoContain[39m([32m"raw_socket"[39m)[33m;[39m
    [90m   | [39m                                        [31m^[39m
    [90m447| [39m
    [90m448| [39m      [90m// Assert: Router was NEVER called - blocked before routing[39m

[31m[2mΓÄ»ΓÄ»ΓÄ»ΓÄ»ΓÄ»ΓÄ»ΓÄ»ΓÄ»ΓÄ»ΓÄ»ΓÄ»ΓÄ»ΓÄ»ΓÄ»ΓÄ»ΓÄ»ΓÄ»ΓÄ»ΓÄ»ΓÄ»[113/309]ΓÄ»[22m[39m

[41m[1m FAIL [22m[49m src/agents/pi-tools.read.network-gating.capability-denied.test.ts[2m > [22mwrapWithNetworkGating capability_denied 
regression[2m > [22mallowlist-based operation classifier (default-deny unknown ops)[2m > [22mhard-blocks removed speculative verb 'connect' before 
calling router
[31m[1mAssertionError[22m: expected 'The URL scheme is not permitted for nΓÇª' to contain 'connect'[39m

Expected: [32m"connect"[39m
Received: [31m"The URL scheme is not permitted for network operations. Only "http://" and "https://" schemes are allowed. Received URL: 
"wss://example.com/socket". Do NOT retry with file://, ftp://, data:, javascript:, or other non-HTTP schemes."[39m

[36m [2mΓ¥»[22m src/agents/pi-tools.read.network-gating.capability-denied.test.ts:[2m484:41[22m[39m
    [90m482| [39m
    [90m483| [39m      [90m// Assert: Instructions mention the unsupported verb[39m
    [90m484| [39m      [34mexpect[39m(caughtError[33m![39m[33m.[39minstructions)[33m.[39m[34mtoContain[39m([32m"connect"[39m)[33m;[39m
    [90m   | [39m                                        [31m^[39m
    [90m485| [39m      [34mexpect[39m(caughtError[33m![39m[33m.[39minstructions)[33m.[39m[34mtoContain[39m([32m"not 
recognized"[39m)[33m;[39m
    [90m486| [39m

[31m[2mΓÄ»ΓÄ»ΓÄ»ΓÄ»ΓÄ»ΓÄ»ΓÄ»ΓÄ»ΓÄ»ΓÄ»ΓÄ»ΓÄ»ΓÄ»ΓÄ»ΓÄ»ΓÄ»ΓÄ»ΓÄ»ΓÄ»ΓÄ»[114/309]ΓÄ»[22m[39m

[41m[1m FAIL [22m[49m src/agents/pi-tools.read.network-gating.capability-denied.test.ts[2m > [22mwrapWithNetworkGating capability_denied 
regression[2m > [22mallowlist-based operation classifier (default-deny unknown ops)[2m > [22mhard-blocks removed speculative verb 'listen' before 
calling router
[31m[1mAssertionError[22m: expected 'The URL scheme is not permitted for nΓÇª' to contain 'listen'[39m

Expected: [32m"listen"[39m
Received: [31m"The URL scheme is not permitted for network operations. Only "http://" and "https://" schemes are allowed. Received URL: 
"tcp://0.0.0.0:8080". Do NOT retry with file://, ftp://, data:, javascript:, or other non-HTTP schemes."[39m

[36m [2mΓ¥»[22m src/agents/pi-tools.read.network-gating.capability-denied.test.ts:[2m523:41[22m[39m
    [90m521| [39m
    [90m522| [39m      [90m// Assert: Instructions mention the unsupported verb[39m
    [90m523| [39m      [34mexpect[39m(caughtError[33m![39m[33m.[39minstructions)[33m.[39m[34mtoContain[39m([32m"listen"[39m)[33m;[39m
    [90m   | [39m                                        [31m^[39m
    [90m524| [39m      [34mexpect[39m(caughtError[33m![39m[33m.[39minstructions)[33m.[39m[34mtoContain[39m([32m"not 
recognized"[39m)[33m;[39m
    [90m525| [39m

[31m[2mΓÄ»ΓÄ»ΓÄ»ΓÄ»ΓÄ»ΓÄ»ΓÄ»ΓÄ»ΓÄ»ΓÄ»ΓÄ»ΓÄ»ΓÄ»ΓÄ»ΓÄ»ΓÄ»ΓÄ»ΓÄ»ΓÄ»ΓÄ»[115/309]ΓÄ»[22m[39m

[41m[1m FAIL [22m[49m src/agents/pi-tools.read.network-gating.capability-denied.test.ts[2m > [22mwrapWithNetworkGating capability_denied 
regression[2m > [22mallowlist-based operation classifier (default-deny unknown ops)[2m > [22mallows known operation verb 'get' to proceed to routing
[31m[1mAssertionError[22m: expected "vi.fn()" to be called 1 times, but got 2 times[39m
[36m [2mΓ¥»[22m src/agents/pi-tools.read.network-gating.capability-denied.test.ts:[2m602:37[22m[39m
    [90m600| [39m
    [90m601| [39m      [90m// Assert: Router WAS called - not blocked by allowlist[39m
    [90m602| [39m      [34mexpect[39m(routeClarityBurstMock)[33m.[39m[34mtoHaveBeenCalledTimes[39m([34m1[39m)[33m;[39m
    [90m   | [39m                                    [31m^[39m
    [90m603| [39m    })[33m;[39m
    [90m604| [39m

[31m[2mΓÄ»ΓÄ»ΓÄ»ΓÄ»ΓÄ»ΓÄ»ΓÄ»ΓÄ»ΓÄ»ΓÄ»ΓÄ»ΓÄ»ΓÄ»ΓÄ»ΓÄ»ΓÄ»ΓÄ»ΓÄ»ΓÄ»ΓÄ»[116/309]ΓÄ»[22m[39m

[41m[1m FAIL [22m[49m src/agents/pi-tools.read.network-gating.capability-denied.test.ts[2m > [22mwrapWithNetworkGating capability_denied 
regression[2m > [22mallowlist-based operation classifier (default-deny unknown ops)[2m > [22mnormalizes operation verb case before allowlist check
[31m[1mAssertionError[22m: expected "vi.fn()" to be called 1 times, but got 2 times[39m
[36m [2mΓ¥»[22m src/agents/pi-tools.read.network-gating.capability-denied.test.ts:[2m634:37[22m[39m
    [90m632| [39m
    [90m633| [39m      // Assert: Router WAS called - uppercase was normalized to lowerΓÇª
    [90m634| [39m      [34mexpect[39m(routeClarityBurstMock)[33m.[39m[34mtoHaveBeenCalledTimes[39m([34m1[39m)[33m;[39m
    [90m   | [39m                                    [31m^[39m
    [90m635| [39m    })[33m;[39m
    [90m636| [39m  })[33m;[39m

[31m[2mΓÄ»ΓÄ»ΓÄ»ΓÄ»ΓÄ»ΓÄ»ΓÄ»ΓÄ»ΓÄ»ΓÄ»ΓÄ»ΓÄ»ΓÄ»ΓÄ»ΓÄ»ΓÄ»ΓÄ»ΓÄ»ΓÄ»ΓÄ»[117/309]ΓÄ»[22m[39m

[41m[1m FAIL [22m[49m src/agents/pi-tools.read.network-gating.capability-denied.test.ts[2m > [22mwrapWithNetworkGating capability_denied 
regression[2m > [22mcanonicalized inputs regression (operation + url fingerprinting)[2m > [22mpasses canonicalized operation and url to 
routeClarityBurst() context
[31m[1mAssertionError[22m: expected "vi.fn()" to be called 1 times, but got 2 times[39m
[36m [2mΓ¥»[22m src/agents/pi-tools.read.network-gating.capability-denied.test.ts:[2m702:37[22m[39m
    [90m700| [39m
    [90m701| [39m      // Assert: routeClarityBurst was called with canonicalized conteΓÇª
    [90m702| [39m      [34mexpect[39m(routeClarityBurstMock)[33m.[39m[34mtoHaveBeenCalledTimes[39m([34m1[39m)[33m;[39m
    [90m   | [39m                                    [31m^[39m
    [90m703| [39m      [35mconst[39m routerCallArgs [33m=[39m 
routeClarityBurstMock[33m.[39mmock[33m.[39mcalls[[34m0[39m][[34m0[39m][33m;[39m
    [90m704| [39m

[31m[2mΓÄ»ΓÄ»ΓÄ»ΓÄ»ΓÄ»ΓÄ»ΓÄ»ΓÄ»ΓÄ»ΓÄ»ΓÄ»ΓÄ»ΓÄ»ΓÄ»ΓÄ»ΓÄ»ΓÄ»ΓÄ»ΓÄ»ΓÄ»[118/309]ΓÄ»[22m[39m

[41m[1m FAIL [22m[49m src/agents/pi-tools.read.network-gating.capability-denied.test.ts[2m > [22mwrapWithNetworkGating capability_denied 
regression[2m > [22mcanonicalized inputs regression (operation + url fingerprinting)[2m > [22mrouter context and opHash8 use identical inputs 
(consistency check)
[31m[1mAssertionError[22m: expected "vi.fn()" to be called 1 times, but got 2 times[39m
[36m [2mΓ¥»[22m src/agents/pi-tools.read.network-gating.capability-denied.test.ts:[2m804:37[22m[39m
    [90m802| [39m
    [90m803| [39m      [90m// Assert: Router received canonicalized context[39m
    [90m804| [39m      [34mexpect[39m(routeClarityBurstMock)[33m.[39m[34mtoHaveBeenCalledTimes[39m([34m1[39m)[33m;[39m
    [90m   | [39m                                    [31m^[39m
    [90m805| [39m      [35mconst[39m routerCallArgs [33m=[39m 
routeClarityBurstMock[33m.[39mmock[33m.[39mcalls[[34m0[39m][[34m0[39m][33m;[39m
    [90m806| [39m      [34mexpect[39m(routerCallArgs[33m.[39mcontext[33m.[39moperation)[33m.[39m[34mtoBe[39m(expectedOp)[33m;[39m

[31m[2mΓÄ»ΓÄ»ΓÄ»ΓÄ»ΓÄ»ΓÄ»ΓÄ»ΓÄ»ΓÄ»ΓÄ»ΓÄ»ΓÄ»ΓÄ»ΓÄ»ΓÄ»ΓÄ»ΓÄ»ΓÄ»ΓÄ»ΓÄ»[119/309]ΓÄ»[22m[39m

[41m[1m FAIL [22m[49m src/agents/pi-tools.read.network-gating.capability-denied.test.ts[2m > [22mwrapWithNetworkGating capability_denied 
regression[2m > [22mcanonicalized inputs regression (operation + url fingerprinting)[2m > [22mREGRESSION: router context URL must equal 
canonicalizeUrl(rawUrl)
[31m[1mAssertionError[22m: expected "vi.fn()" to be called 1 times, but got 2 times[39m
[36m [2mΓ¥»[22m src/agents/pi-tools.read.network-gating.capability-denied.test.ts:[2m891:39[22m[39m
    [90m889| [39m        }
    [90m890| [39m
    [90m891| [39m        [34mexpect[39m(routeClarityBurstMock)[33m.[39m[34mtoHaveBeenCalledTimes[39m([34m1[39m)[33m;[39m
    [90m   | [39m                                      [31m^[39m
    [90m892| [39m        [35mconst[39m routerCallArgs [33m=[39m 
routeClarityBurstMock[33m.[39mmock[33m.[39mcalls[[34m0[39m][[34m0[39m][33m;[39m
    [90m893| [39m

[31m[2mΓÄ»ΓÄ»ΓÄ»ΓÄ»ΓÄ»ΓÄ»ΓÄ»ΓÄ»ΓÄ»ΓÄ»ΓÄ»ΓÄ»ΓÄ»ΓÄ»ΓÄ»ΓÄ»ΓÄ»ΓÄ»ΓÄ»ΓÄ»[120/309]ΓÄ»[22m[39m

[41m[1m FAIL [22m[49m src/agents/pi-tools.read.network-gating.confirmation.test.ts[2m > [22mwrapWithNetworkGating confirmation gating[2m > 
[22mABSTAIN_CONFIRM is thrown when confirmation is required[2m > [22mthrows when lastUserMessage is missing
[31m[1mAssertionError[22m: The instanceof assertion needs a constructor but undefined was given.[39m
[36m [2mΓ¥»[22m src/agents/pi-tools.read.network-gating.confirmation.test.ts:[2m147:21[22m[39m
    [90m145| [39m        await wrappedTool.execute("call-2", {}, new AbortController().ΓÇª
    [90m146| [39m      } [35mcatch[39m (err) {
    [90m147| [39m        [34mexpect[39m(err)[33m.[39m[34mtoBeInstanceOf[39m([33mClarityBurstAbstainError[39m)[33m;[39m
    [90m   | [39m                    [31m^[39m
    [90m148| [39m        [35mconst[39m abstainError [33m=[39m err [35mas[39m [33mClarityBurstAbstainError[39m[33m;[39m
    [90m149| [39m        [34mexpect[39m(abstainError[33m.[39moutcome)[33m.[39m[34mtoBe[39m([32m"ABSTAIN_CONFIRM"[39m)[33m;[39m

[31m[2mΓÄ»ΓÄ»ΓÄ»ΓÄ»ΓÄ»ΓÄ»ΓÄ»ΓÄ»ΓÄ»ΓÄ»ΓÄ»ΓÄ»ΓÄ»ΓÄ»ΓÄ»ΓÄ»ΓÄ»ΓÄ»ΓÄ»ΓÄ»[121/309]ΓÄ»[22m[39m

[41m[1m FAIL [22m[49m src/agents/pi-tools.read.network-gating.confirmation.test.ts[2m > [22mwrapWithNetworkGating confirmation gating[2m > 
[22mABSTAIN_CONFIRM is thrown when confirmation is required[2m > [22mincludes the expected confirmation token in ABSTAIN_CONFIRM instructions
[31m[1mAssertionError[22m: The instanceof assertion needs a constructor but undefined was given.[39m
[36m [2mΓ¥»[22m src/agents/pi-tools.read.network-gating.confirmation.test.ts:[2m380:21[22m[39m
    [90m378| [39m        expect[33m.[39m[34mfail[39m([32m"Expected ClarityBurstAbstainError to be thrown"[39m)[33m;[39m
    [90m379| [39m      } [35mcatch[39m (err) {
    [90m380| [39m        [34mexpect[39m(err)[33m.[39m[34mtoBeInstanceOf[39m([33mClarityBurstAbstainError[39m)[33m;[39m
    [90m   | [39m                    [31m^[39m
    [90m381| [39m        [35mconst[39m abstainError [33m=[39m err [35mas[39m [33mClarityBurstAbstainError[39m[33m;[39m
    [90m382| [39m        [34mexpect[39m(abstainError[33m.[39moutcome)[33m.[39m[34mtoBe[39m([32m"ABSTAIN_CONFIRM"[39m)[33m;[39m

[31m[2mΓÄ»ΓÄ»ΓÄ»ΓÄ»ΓÄ»ΓÄ»ΓÄ»ΓÄ»ΓÄ»ΓÄ»ΓÄ»ΓÄ»ΓÄ»ΓÄ»ΓÄ»ΓÄ»ΓÄ»ΓÄ»ΓÄ»ΓÄ»[122/309]ΓÄ»[22m[39m

[41m[1m FAIL [22m[49m src/agents/pi-tools.read.network-gating.confirmation.test.ts[2m > [22mwrapWithNetworkGating confirmation gating[2m > 
[22mPROCEED occurs only with exact token match[2m > [22mproceeds when lastUserMessage exactly matches expected token
[31m[1mClarityBurstAbstainError[22m: ClarityBurst: clarification required before network operation[39m
[36m [2mΓ¥»[22m loadPackOrAbstain src/clarityburst/pack-load.ts:[2m72:11[22m[39m
    [90m 70| [39m  [90m// stored under one stage_id but internally declares a different one.[39m
    [90m 71| [39m  [35mif[39m (pack[33m.[39mstage_id [33m!==[39m stageId) {
    [90m 72| [39m    [35mthrow[39m [35mnew[39m [33mClarityBurstAbstainError[39m({
    [90m   | [39m          [31m^[39m
    [90m 73| [39m      stageId[33m,[39m
    [90m 74| [39m      outcome[33m:[39m [32m"ABSTAIN_CLARIFY"[39m[33m,[39m
[90m [2mΓ¥»[22m executeWithNetworkGating src/agents/pi-tools.read.ts:[2m522:23[22m[39m
[90m [2mΓ¥»[22m Object.tool.execute src/agents/pi-tools.read.ts:[2m771:12[22m[39m
[90m [2mΓ¥»[22m src/agents/pi-tools.read.network-gating.confirmation.test.ts:[2m421:40[22m[39m

[31m[2mΓÄ»ΓÄ»ΓÄ»ΓÄ»ΓÄ»ΓÄ»ΓÄ»ΓÄ»ΓÄ»ΓÄ»ΓÄ»ΓÄ»ΓÄ»ΓÄ»ΓÄ»ΓÄ»ΓÄ»ΓÄ»ΓÄ»ΓÄ»[123/309]ΓÄ»[22m[39m

[41m[1m FAIL [22m[49m src/agents/pi-tools.read.network-gating.confirmation.test.ts[2m > [22mwrapWithNetworkGating confirmation gating[2m > 
[22mPROCEED occurs only with exact token match[2m > [22mproceeds for CRITICAL risk contract with exact token match
[31m[1mClarityBurstAbstainError[22m: ClarityBurst: clarification required before network operation[39m
[36m [2mΓ¥»[22m loadPackOrAbstain src/clarityburst/pack-load.ts:[2m72:11[22m[39m
    [90m 70| [39m  [90m// stored under one stage_id but internally declares a different one.[39m
    [90m 71| [39m  [35mif[39m (pack[33m.[39mstage_id [33m!==[39m stageId) {
    [90m 72| [39m    [35mthrow[39m [35mnew[39m [33mClarityBurstAbstainError[39m({
    [90m   | [39m          [31m^[39m
    [90m 73| [39m      stageId[33m,[39m
    [90m 74| [39m      outcome[33m:[39m [32m"ABSTAIN_CLARIFY"[39m[33m,[39m
[90m [2mΓ¥»[22m executeWithNetworkGating src/agents/pi-tools.read.ts:[2m522:23[22m[39m
[90m [2mΓ¥»[22m Object.tool.execute src/agents/pi-tools.read.ts:[2m771:12[22m[39m
[90m [2mΓ¥»[22m src/agents/pi-tools.read.network-gating.confirmation.test.ts:[2m460:40[22m[39m

[31m[2mΓÄ»ΓÄ»ΓÄ»ΓÄ»ΓÄ»ΓÄ»ΓÄ»ΓÄ»ΓÄ»ΓÄ»ΓÄ»ΓÄ»ΓÄ»ΓÄ»ΓÄ»ΓÄ»ΓÄ»ΓÄ»ΓÄ»ΓÄ»[124/309]ΓÄ»[22m[39m

[41m[1m FAIL [22m[49m src/agents/pi-tools.read.network-gating.confirmation.test.ts[2m > [22mwrapWithNetworkGating confirmation gating[2m > 
[22mreplay/self-confirm bypass prevention[2m > [22mtoken is bound to canonical URL (whitespace trimmed)
[31m[1mClarityBurstAbstainError[22m: ClarityBurst: clarification required before network operation[39m
[36m [2mΓ¥»[22m loadPackOrAbstain src/clarityburst/pack-load.ts:[2m72:11[22m[39m
    [90m 70| [39m  [90m// stored under one stage_id but internally declares a different one.[39m
    [90m 71| [39m  [35mif[39m (pack[33m.[39mstage_id [33m!==[39m stageId) {
    [90m 72| [39m    [35mthrow[39m [35mnew[39m [33mClarityBurstAbstainError[39m({
    [90m   | [39m          [31m^[39m
    [90m 73| [39m      stageId[33m,[39m
    [90m 74| [39m      outcome[33m:[39m [32m"ABSTAIN_CLARIFY"[39m[33m,[39m
[90m [2mΓ¥»[22m executeWithNetworkGating src/agents/pi-tools.read.ts:[2m522:23[22m[39m
[90m [2mΓ¥»[22m Object.tool.execute src/agents/pi-tools.read.ts:[2m771:12[22m[39m
[90m [2mΓ¥»[22m src/agents/pi-tools.read.network-gating.confirmation.test.ts:[2m628:40[22m[39m

[31m[2mΓÄ»ΓÄ»ΓÄ»ΓÄ»ΓÄ»ΓÄ»ΓÄ»ΓÄ»ΓÄ»ΓÄ»ΓÄ»ΓÄ»ΓÄ»ΓÄ»ΓÄ»ΓÄ»ΓÄ»ΓÄ»ΓÄ»ΓÄ»[125/309]ΓÄ»[22m[39m

[41m[1m FAIL [22m[49m src/agents/pi-tools.read.network-gating.confirmation.test.ts[2m > [22mwrapWithNetworkGating confirmation gating[2m > 
[22mcapability-denied hard-block (top1 in pack but not in allowedContractIds)[2m > [22mthrows ABSTAIN_CLARIFY with reason capability_denied when 
contract is in pack but filtered by capabilities
[31m[1mAssertionError[22m: The instanceof assertion needs a constructor but undefined was given.[39m
[36m [2mΓ¥»[22m src/agents/pi-tools.read.network-gating.confirmation.test.ts:[2m723:21[22m[39m
    [90m721| [39m        expect[33m.[39m[34mfail[39m([32m"Expected ClarityBurstAbstainError to be thrown"[39m)[33m;[39m
    [90m722| [39m      } [35mcatch[39m (err) {
    [90m723| [39m        [34mexpect[39m(err)[33m.[39m[34mtoBeInstanceOf[39m([33mClarityBurstAbstainError[39m)[33m;[39m
    [90m   | [39m                    [31m^[39m
    [90m724| [39m        [35mconst[39m abstainError [33m=[39m err [35mas[39m [33mClarityBurstAbstainError[39m[33m;[39m
    [90m725| [39m        [34mexpect[39m(abstainError[33m.[39mstageId)[33m.[39m[34mtoBe[39m([32m"NETWORK_IO"[39m)[33m;[39m

[31m[2mΓÄ»ΓÄ»ΓÄ»ΓÄ»ΓÄ»ΓÄ»ΓÄ»ΓÄ»ΓÄ»ΓÄ»ΓÄ»ΓÄ»ΓÄ»ΓÄ»ΓÄ»ΓÄ»ΓÄ»ΓÄ»ΓÄ»ΓÄ»[126/309]ΓÄ»[22m[39m

[41m[1m FAIL [22m[49m src/agents/pi-tools.read.network-gating.confirmation.test.ts[2m > [22mwrapWithNetworkGating confirmation gating[2m > 
[22mcapability-denied hard-block (top1 in pack but not in allowedContractIds)[2m > [22mfails-open only when top1 contract is NOT in pack at all (true 
mismatch)
[31m[1mClarityBurstAbstainError[22m: ClarityBurst: clarification required before network operation[39m
[36m [2mΓ¥»[22m loadPackOrAbstain src/clarityburst/pack-load.ts:[2m72:11[22m[39m
    [90m 70| [39m  [90m// stored under one stage_id but internally declares a different one.[39m
    [90m 71| [39m  [35mif[39m (pack[33m.[39mstage_id [33m!==[39m stageId) {
    [90m 72| [39m    [35mthrow[39m [35mnew[39m [33mClarityBurstAbstainError[39m({
    [90m   | [39m          [31m^[39m
    [90m 73| [39m      stageId[33m,[39m
    [90m 74| [39m      outcome[33m:[39m [32m"ABSTAIN_CLARIFY"[39m[33m,[39m
[90m [2mΓ¥»[22m executeWithNetworkGating src/agents/pi-tools.read.ts:[2m522:23[22m[39m
[90m [2mΓ¥»[22m Object.tool.execute src/agents/pi-tools.read.ts:[2m771:12[22m[39m
[90m [2mΓ¥»[22m src/agents/pi-tools.read.network-gating.confirmation.test.ts:[2m788:40[22m[39m

[31m[2mΓÄ»ΓÄ»ΓÄ»ΓÄ»ΓÄ»ΓÄ»ΓÄ»ΓÄ»ΓÄ»ΓÄ»ΓÄ»ΓÄ»ΓÄ»ΓÄ»ΓÄ»ΓÄ»ΓÄ»ΓÄ»ΓÄ»ΓÄ»[127/309]ΓÄ»[22m[39m

[41m[1m FAIL [22m[49m src/agents/pi-tools.read.network-gating.empty-allowlist.test.ts[2m > [22mNETWORK_IO empty allowedContractIds runtime 
invariant[2m > [22mnon-empty allowedContractIds proceeds normally[2m > [22mcalls routeClarityBurst when allowedContractIds is non-empty
[31m[1mAssertionError[22m: expected "vi.fn()" to be called 1 times, but got 2 times[39m
[36m [2mΓ¥»[22m src/agents/pi-tools.read.network-gating.empty-allowlist.test.ts:[2m279:37[22m[39m
    [90m277| [39m
    [90m278| [39m      [90m// Assert: Router WAS called - invariant did not fire[39m
    [90m279| [39m      [34mexpect[39m(routeClarityBurstMock)[33m.[39m[34mtoHaveBeenCalledTimes[39m([34m1[39m)[33m;[39m
    [90m   | [39m                                    [31m^[39m
    [90m280| [39m
    [90m281| [39m      [90m// Assert: Correct stageId passed to router[39m

[31m[2mΓÄ»ΓÄ»ΓÄ»ΓÄ»ΓÄ»ΓÄ»ΓÄ»ΓÄ»ΓÄ»ΓÄ»ΓÄ»ΓÄ»ΓÄ»ΓÄ»ΓÄ»ΓÄ»ΓÄ»ΓÄ»ΓÄ»ΓÄ»[128/309]ΓÄ»[22m[39m

[41m[1m FAIL [22m[49m src/agents/pi-tools.read.network-gating.non-bypassable.test.ts[2m > [22mNETWORK_IO gating is non-bypassable after patching[2m 
> [22mgating allows execution when confirmation is properly provided
[31m[1mClarityBurstAbstainError[22m: ClarityBurst: clarification required before network operation[39m
[36m [2mΓ¥»[22m loadPackOrAbstain src/clarityburst/pack-load.ts:[2m72:11[22m[39m
    [90m 70| [39m  [90m// stored under one stage_id but internally declares a different one.[39m
    [90m 71| [39m  [35mif[39m (pack[33m.[39mstage_id [33m!==[39m stageId) {
    [90m 72| [39m    [35mthrow[39m [35mnew[39m [33mClarityBurstAbstainError[39m({
    [90m   | [39m          [31m^[39m
    [90m 73| [39m      stageId[33m,[39m
    [90m 74| [39m      outcome[33m:[39m [32m"ABSTAIN_CLARIFY"[39m[33m,[39m
[90m [2mΓ¥»[22m executeWithNetworkGating src/agents/pi-tools.read.ts:[2m522:23[22m[39m
[90m [2mΓ¥»[22m Object.tool.execute src/agents/pi-tools.read.ts:[2m771:12[22m[39m
[90m [2mΓ¥»[22m src/agents/pi-tools.read.network-gating.non-bypassable.test.ts:[2m204:31[22m[39m

[31m[2mΓÄ»ΓÄ»ΓÄ»ΓÄ»ΓÄ»ΓÄ»ΓÄ»ΓÄ»ΓÄ»ΓÄ»ΓÄ»ΓÄ»ΓÄ»ΓÄ»ΓÄ»ΓÄ»ΓÄ»ΓÄ»ΓÄ»ΓÄ»[129/309]ΓÄ»[22m[39m

[41m[1m FAIL [22m[49m src/agents/pi-tools.read.network-gating.non-bypassable.test.ts[2m > [22mNETWORK_IO gating is non-bypassable after patching[2m 
> [22mrouter-mismatch fail-open behavior is preserved
[31m[1mClarityBurstAbstainError[22m: ClarityBurst: clarification required before network operation[39m
[36m [2mΓ¥»[22m loadPackOrAbstain src/clarityburst/pack-load.ts:[2m72:11[22m[39m
    [90m 70| [39m  [90m// stored under one stage_id but internally declares a different one.[39m
    [90m 71| [39m  [35mif[39m (pack[33m.[39mstage_id [33m!==[39m stageId) {
    [90m 72| [39m    [35mthrow[39m [35mnew[39m [33mClarityBurstAbstainError[39m({
    [90m   | [39m          [31m^[39m
    [90m 73| [39m      stageId[33m,[39m
    [90m 74| [39m      outcome[33m:[39m [32m"ABSTAIN_CLARIFY"[39m[33m,[39m
[90m [2mΓ¥»[22m executeWithNetworkGating src/agents/pi-tools.read.ts:[2m522:23[22m[39m
[90m [2mΓ¥»[22m Object.tool.execute src/agents/pi-tools.read.ts:[2m771:12[22m[39m
[90m [2mΓ¥»[22m src/agents/pi-tools.read.network-gating.non-bypassable.test.ts:[2m238:31[22m[39m

[31m[2mΓÄ»ΓÄ»ΓÄ»ΓÄ»ΓÄ»ΓÄ»ΓÄ»ΓÄ»ΓÄ»ΓÄ»ΓÄ»ΓÄ»ΓÄ»ΓÄ»ΓÄ»ΓÄ»ΓÄ»ΓÄ»ΓÄ»ΓÄ»[130/309]ΓÄ»[22m[39m

[41m[1m FAIL [22m[49m src/agents/pi-tools.read.network-gating.pack-incomplete.test.ts[2m > [22mwrapWithNetworkGating - PackPolicyIncompleteError 
error mapping[2m > [22mNETWORK_IO: malformed pack causes blocked nonRetryable response[2m > [22mthrows ClarityBurstAbstainError with exact fields when 
getPackForStage throws PackPolicyIncompleteError
[31m[1mAssertionError[22m: The instanceof assertion needs a constructor but undefined was given.[39m
[36m [2mΓ¥»[22m src/agents/pi-tools.read.network-gating.pack-incomplete.test.ts:[2m105:21[22m[39m
    [90m103| [39m        expect[33m.[39m[34mfail[39m([32m"Expected ClarityBurstAbstainError to be thrown"[39m)[33m;[39m
    [90m104| [39m      } [35mcatch[39m (err) {
    [90m105| [39m        [34mexpect[39m(err)[33m.[39m[34mtoBeInstanceOf[39m([33mClarityBurstAbstainError[39m)[33m;[39m
    [90m   | [39m                    [31m^[39m
    [90m106| [39m        [35mconst[39m abstainError [33m=[39m err [35mas[39m [33mClarityBurstAbstainError[39m[33m;[39m
    [90m107| [39m

[31m[2mΓÄ»ΓÄ»ΓÄ»ΓÄ»ΓÄ»ΓÄ»ΓÄ»ΓÄ»ΓÄ»ΓÄ»ΓÄ»ΓÄ»ΓÄ»ΓÄ»ΓÄ»ΓÄ»ΓÄ»ΓÄ»ΓÄ»ΓÄ»[131/309]ΓÄ»[22m[39m

[41m[1m FAIL [22m[49m src/agents/pi-tools.read.network-gating.pack-incomplete.test.ts[2m > [22mwrapWithNetworkGating - PackPolicyIncompleteError 
error mapping[2m > [22mNETWORK_IO: malformed pack causes blocked nonRetryable response[2m > [22mdoes NOT throw unhandled exception - error is always 
converted
[31m[1mAssertionError[22m: The instanceof assertion needs a constructor but undefined was given.[39m
[36m [2mΓ¥»[22m src/agents/pi-tools.read.network-gating.pack-incomplete.test.ts:[2m151:27[22m[39m
    [90m149| [39m      // Must be ClarityBurstAbstainError (not the original PackPolicyΓÇª
    [90m150| [39m      expect(caughtError).not.toBeInstanceOf(PackPolicyIncompleteErrorΓÇª
    [90m151| [39m      [34mexpect[39m(caughtError)[33m.[39m[34mtoBeInstanceOf[39m([33mClarityBurstAbstainError[39m)[33m;[39m
    [90m   | [39m                          [31m^[39m
    [90m152| [39m
    [90m153| [39m      [90m// INVARIANT: Executor never called[39m

[31m[2mΓÄ»ΓÄ»ΓÄ»ΓÄ»ΓÄ»ΓÄ»ΓÄ»ΓÄ»ΓÄ»ΓÄ»ΓÄ»ΓÄ»ΓÄ»ΓÄ»ΓÄ»ΓÄ»ΓÄ»ΓÄ»ΓÄ»ΓÄ»[132/309]ΓÄ»[22m[39m

[41m[1m FAIL [22m[49m src/agents/pi-tools.read.network-gating.pack-incomplete.test.ts[2m > [22mwrapWithNetworkGating - PackPolicyIncompleteError 
error mapping[2m > [22mNETWORK_IO: malformed pack causes blocked nonRetryable response[2m > [22mpropagates deterministic instructions from 
PackPolicyIncompleteError fields
[31m[1mAssertionError[22m: The instanceof assertion needs a constructor but undefined was given.[39m
[36m [2mΓ¥»[22m src/agents/pi-tools.read.network-gating.pack-incomplete.test.ts:[2m181:27[22m[39m
    [90m179| [39m
    [90m180| [39m      [90m// Assert: Instructions include all missing fields[39m
    [90m181| [39m      [34mexpect[39m(caughtError)[33m.[39m[34mtoBeInstanceOf[39m([33mClarityBurstAbstainError[39m)[33m;[39m
    [90m   | [39m                          [31m^[39m
    [90m182| [39m      [35mfor[39m ([35mconst[39m field [35mof[39m missingFields) {
    [90m183| [39m        [34mexpect[39m(caughtError[33m![39m[33m.[39minstructions)[33m.[39m[34mtoContain[39m(field)[33m;[39m

[31m[2mΓÄ»ΓÄ»ΓÄ»ΓÄ»ΓÄ»ΓÄ»ΓÄ»ΓÄ»ΓÄ»ΓÄ»ΓÄ»ΓÄ»ΓÄ»ΓÄ»ΓÄ»ΓÄ»ΓÄ»ΓÄ»ΓÄ»ΓÄ»[133/309]ΓÄ»[22m[39m

[41m[1m FAIL [22m[49m src/agents/pi-tools.read.network-gating.pack-incomplete.test.ts[2m > [22mwrapWithNetworkGating - PackPolicyIncompleteError 
error mapping[2m > [22mNETWORK_IO: malformed pack causes blocked nonRetryable response[2m > [22mClarityBurstAbstainError has correct fields for adapter 
blocked response conversion
[31m[1mAssertionError[22m: The instanceof assertion needs a constructor but undefined was given.[39m
[36m [2mΓ¥»[22m src/agents/pi-tools.read.network-gating.pack-incomplete.test.ts:[2m220:27[22m[39m
    [90m218| [39m
    [90m219| [39m      [90m// Assert: All fields needed for adapter conversion are present[39m
    [90m220| [39m      [34mexpect[39m(caughtError)[33m.[39m[34mtoBeInstanceOf[39m([33mClarityBurstAbstainError[39m)[33m;[39m
    [90m   | [39m                          [31m^[39m
    [90m221| [39m      [34mexpect[39m(caughtError[33m![39m[33m.[39mstageId)[33m.[39m[34mtoBe[39m([32m"NETWORK_IO"[39m)[33m;[39m
    [90m222| [39m      [34mexpect[39m(caughtError[33m![39m[33m.[39moutcome)[33m.[39m[34mtoBe[39m([32m"ABSTAIN_CLARIFY"[39m)[33m;[39m

[31m[2mΓÄ»ΓÄ»ΓÄ»ΓÄ»ΓÄ»ΓÄ»ΓÄ»ΓÄ»ΓÄ»ΓÄ»ΓÄ»ΓÄ»ΓÄ»ΓÄ»ΓÄ»ΓÄ»ΓÄ»ΓÄ»ΓÄ»ΓÄ»[134/309]ΓÄ»[22m[39m

[41m[1m FAIL [22m[49m src/agents/pi-tools.read.network-gating.pack-incomplete.test.ts[2m > [22mwrapWithNetworkGating - PackPolicyIncompleteError 
error mapping[2m > [22mNETWORK_IO: non-PackPolicyIncompleteError errors are re-thrown[2m > [22mre-throws non-PackPolicyIncompleteError errors
[31m[1mAssertionError[22m: The instanceof assertion needs a constructor but undefined was given.[39m
[36m [2mΓ¥»[22m src/agents/pi-tools.read.network-gating.pack-incomplete.test.ts:[2m265:31[22m[39m
    [90m263| [39m
    [90m264| [39m      [34mexpect[39m(caughtError)[33m.[39m[34mtoBe[39m(unexpectedError)[33m;[39m
    [90m265| [39m      [34mexpect[39m(caughtError)[33m.[39mnot[33m.[39m[34mtoBeInstanceOf[39m([33mClarityBurstAbstainError[39m)[33m;[39m
    [90m   | [39m                              [31m^[39m
    [90m266| [39m
    [90m267| [39m      [90m// INVARIANT: Router not called due to early error[39m

[31m[2mΓÄ»ΓÄ»ΓÄ»ΓÄ»ΓÄ»ΓÄ»ΓÄ»ΓÄ»ΓÄ»ΓÄ»ΓÄ»ΓÄ»ΓÄ»ΓÄ»ΓÄ»ΓÄ»ΓÄ»ΓÄ»ΓÄ»ΓÄ»[135/309]ΓÄ»[22m[39m

[41m[1m FAIL [22m[49m src/agents/pi-tools.read.network-gating.router-outage.test.ts[2m > [22mwrapWithNetworkGating[2m > [22mNETWORK_IO fails closed 
on ClarityBurst router outage[2m > [22mthrows ClarityBurstAbstainError with exact fields when routeClarityBurst returns { ok: false }
[31m[1mAssertionError[22m: The instanceof assertion needs a constructor but undefined was given.[39m
[36m [2mΓ¥»[22m src/agents/pi-tools.read.network-gating.router-outage.test.ts:[2m72:21[22m[39m
    [90m 70| [39m        await wrappedTool.execute("call-2", {}, new AbortController().ΓÇª
    [90m 71| [39m      } [35mcatch[39m (err) {
    [90m 72| [39m        [34mexpect[39m(err)[33m.[39m[34mtoBeInstanceOf[39m([33mClarityBurstAbstainError[39m)[33m;[39m
    [90m   | [39m                    [31m^[39m
    [90m 73| [39m        [35mconst[39m abstainError [33m=[39m err [35mas[39m [33mClarityBurstAbstainError[39m[33m;[39m
    [90m 74| [39m

[31m[2mΓÄ»ΓÄ»ΓÄ»ΓÄ»ΓÄ»ΓÄ»ΓÄ»ΓÄ»ΓÄ»ΓÄ»ΓÄ»ΓÄ»ΓÄ»ΓÄ»ΓÄ»ΓÄ»ΓÄ»ΓÄ»ΓÄ»ΓÄ»[136/309]ΓÄ»[22m[39m

[41m[1m FAIL [22m[49m src/agents/pi-tools.read.network-gating.router-outage.test.ts[2m > [22mwrapWithNetworkGating[2m > [22mNETWORK_IO fails closed 
on ClarityBurst router outage[2m > [22mthrows ClarityBurstAbstainError with exact fields when routeClarityBurst throws
[31m[1mAssertionError[22m: The instanceof assertion needs a constructor but undefined was given.[39m
[36m [2mΓ¥»[22m src/agents/pi-tools.read.network-gating.router-outage.test.ts:[2m105:21[22m[39m
    [90m103| [39m        await wrappedTool.execute("call-2", {}, new AbortController().ΓÇª
    [90m104| [39m      } [35mcatch[39m (err) {
    [90m105| [39m        [34mexpect[39m(err)[33m.[39m[34mtoBeInstanceOf[39m([33mClarityBurstAbstainError[39m)[33m;[39m
    [90m   | [39m                    [31m^[39m
    [90m106| [39m        [35mconst[39m abstainError [33m=[39m err [35mas[39m [33mClarityBurstAbstainError[39m[33m;[39m
    [90m107| [39m

[31m[2mΓÄ»ΓÄ»ΓÄ»ΓÄ»ΓÄ»ΓÄ»ΓÄ»ΓÄ»ΓÄ»ΓÄ»ΓÄ»ΓÄ»ΓÄ»ΓÄ»ΓÄ»ΓÄ»ΓÄ»ΓÄ»ΓÄ»ΓÄ»[137/309]ΓÄ»[22m[39m

[41m[1m FAIL [22m[49m src/agents/pi-tools.read.network-gating.router-outage.test.ts[2m > [22mwrapWithNetworkGating[2m > [22mNETWORK_IO fails closed 
on ClarityBurst router outage[2m > [22mdoes NOT proceed with tool execution when router is unavailable (fail-closed behavior)
[31m[1mAssertionError[22m: The instanceof assertion needs a constructor but undefined was given.[39m
[36m [2mΓ¥»[22m src/agents/pi-tools.read.network-gating.router-outage.test.ts:[2m141:27[22m[39m
    [90m139| [39m      [90m// Assert: Error was thrown with correct properties[39m
    [90m140| [39m      [34mexpect[39m(caughtError)[33m.[39mnot[33m.[39m[34mtoBeNull[39m()[33m;[39m
    [90m141| [39m      [34mexpect[39m(caughtError)[33m.[39m[34mtoBeInstanceOf[39m([33mClarityBurstAbstainError[39m)[33m;[39m
    [90m   | [39m                          [31m^[39m
    [90m142| [39m      [34mexpect[39m(caughtError[33m![39m[33m.[39mstageId)[33m.[39m[34mtoBe[39m([32m"NETWORK_IO"[39m)[33m;[39m
    [90m143| [39m      [34mexpect[39m(caughtError[33m![39m[33m.[39moutcome)[33m.[39m[34mtoBe[39m([32m"ABSTAIN_CLARIFY"[39m)[33m;[39m

[31m[2mΓÄ»ΓÄ»ΓÄ»ΓÄ»ΓÄ»ΓÄ»ΓÄ»ΓÄ»ΓÄ»ΓÄ»ΓÄ»ΓÄ»ΓÄ»ΓÄ»ΓÄ»ΓÄ»ΓÄ»ΓÄ»ΓÄ»ΓÄ»[138/309]ΓÄ»[22m[39m

[41m[1m FAIL [22m[49m src/agents/pi-tools.read.network-gating.router-outage.test.ts[2m > [22mwrapWithNetworkGating[2m > [22mNETWORK_IO fails closed 
on ClarityBurst router outage[2m > [22mincludes descriptive instructions in the error
[31m[1mAssertionError[22m: The instanceof assertion needs a constructor but undefined was given.[39m
[36m [2mΓ¥»[22m src/agents/pi-tools.read.network-gating.router-outage.test.ts:[2m168:21[22m[39m
    [90m166| [39m        expect[33m.[39m[34mfail[39m([32m"Expected ClarityBurstAbstainError to be thrown"[39m)[33m;[39m
    [90m167| [39m      } [35mcatch[39m (err) {
    [90m168| [39m        [34mexpect[39m(err)[33m.[39m[34mtoBeInstanceOf[39m([33mClarityBurstAbstainError[39m)[33m;[39m
    [90m   | [39m                    [31m^[39m
    [90m169| [39m        [35mconst[39m abstainError [33m=[39m err [35mas[39m [33mClarityBurstAbstainError[39m[33m;[39m
    [90m170| [39m

[31m[2mΓÄ»ΓÄ»ΓÄ»ΓÄ»ΓÄ»ΓÄ»ΓÄ»ΓÄ»ΓÄ»ΓÄ»ΓÄ»ΓÄ»ΓÄ»ΓÄ»ΓÄ»ΓÄ»ΓÄ»ΓÄ»ΓÄ»ΓÄ»[139/309]ΓÄ»[22m[39m

[41m[1m FAIL [22m[49m src/agents/pi-tools.read.network-gating.router-outage.test.ts[2m > [22mwrapWithNetworkGating[2m > [22mINVARIANT: router 
outage never permits fail-open (tripwire)[2m > [22mblocks tool execution when ok:false AND top1 is absent (no routerMismatch path)
[31m[1mAssertionError[22m: The instanceof assertion needs a constructor but undefined was given.[39m
[36m [2mΓ¥»[22m src/agents/pi-tools.read.network-gating.router-outage.test.ts:[2m220:27[22m[39m
    [90m218| [39m      [90m// INVARIANT ASSERTIONS:[39m
    [90m219| [39m      // 1. Error MUST be ClarityBurstAbstainError with reason "routerΓÇª
    [90m220| [39m      [34mexpect[39m(caughtError)[33m.[39m[34mtoBeInstanceOf[39m([33mClarityBurstAbstainError[39m)[33m;[39m
    [90m   | [39m                          [31m^[39m
    [90m221| [39m      [34mexpect[39m(caughtError[33m![39m[33m.[39mreason)[33m.[39m[34mtoBe[39m([32m"router_outage"[39m)[33m;[39m
    [90m222| [39m

[31m[2mΓÄ»ΓÄ»ΓÄ»ΓÄ»ΓÄ»ΓÄ»ΓÄ»ΓÄ»ΓÄ»ΓÄ»ΓÄ»ΓÄ»ΓÄ»ΓÄ»ΓÄ»ΓÄ»ΓÄ»ΓÄ»ΓÄ»ΓÄ»[140/309]ΓÄ»[22m[39m

[41m[1m FAIL [22m[49m src/agents/pi-tools.read.network-gating.router-outage.test.ts[2m > [22mwrapWithNetworkGating[2m > [22mINVARIANT: router 
outage never permits fail-open (tripwire)[2m > [22mblocks tool execution when ok:false AND top1 is null (explicit null, no routerMismatch path)
[31m[1mAssertionError[22m: The instanceof assertion needs a constructor but undefined was given.[39m
[36m [2mΓ¥»[22m src/agents/pi-tools.read.network-gating.router-outage.test.ts:[2m254:27[22m[39m
    [90m252| [39m
    [90m253| [39m      [90m// INVARIANT ASSERTIONS:[39m
    [90m254| [39m      [34mexpect[39m(caughtError)[33m.[39m[34mtoBeInstanceOf[39m([33mClarityBurstAbstainError[39m)[33m;[39m
    [90m   | [39m                          [31m^[39m
    [90m255| [39m      [34mexpect[39m(caughtError[33m![39m[33m.[39mreason)[33m.[39m[34mtoBe[39m([32m"router_outage"[39m)[33m;[39m
    [90m256| [39m      [34mexpect[39m(executeSpy)[33m.[39mnot[33m.[39m[34mtoHaveBeenCalled[39m()[33m;[39m

[31m[2mΓÄ»ΓÄ»ΓÄ»ΓÄ»ΓÄ»ΓÄ»ΓÄ»ΓÄ»ΓÄ»ΓÄ»ΓÄ»ΓÄ»ΓÄ»ΓÄ»ΓÄ»ΓÄ»ΓÄ»ΓÄ»ΓÄ»ΓÄ»[141/309]ΓÄ»[22m[39m

[41m[1m FAIL [22m[49m src/agents/pi-tools.read.network-gating.router-outage.test.ts[2m > [22mwrapWithNetworkGating[2m > [22mINVARIANT: router 
outage never permits fail-open (tripwire)[2m > [22mblocks tool execution when ok:false AND data is undefined (no routerMismatch possible)
[31m[1mAssertionError[22m: The instanceof assertion needs a constructor but undefined was given.[39m
[36m [2mΓ¥»[22m src/agents/pi-tools.read.network-gating.router-outage.test.ts:[2m286:27[22m[39m
    [90m284| [39m
    [90m285| [39m      [90m// INVARIANT ASSERTIONS:[39m
    [90m286| [39m      [34mexpect[39m(caughtError)[33m.[39m[34mtoBeInstanceOf[39m([33mClarityBurstAbstainError[39m)[33m;[39m
    [90m   | [39m                          [31m^[39m
    [90m287| [39m      [34mexpect[39m(caughtError[33m![39m[33m.[39mreason)[33m.[39m[34mtoBe[39m([32m"router_outage"[39m)[33m;[39m
    [90m288| [39m      [34mexpect[39m(executeSpy)[33m.[39mnot[33m.[39m[34mtoHaveBeenCalled[39m()[33m;[39m

[31m[2mΓÄ»ΓÄ»ΓÄ»ΓÄ»ΓÄ»ΓÄ»ΓÄ»ΓÄ»ΓÄ»ΓÄ»ΓÄ»ΓÄ»ΓÄ»ΓÄ»ΓÄ»ΓÄ»ΓÄ»ΓÄ»ΓÄ»ΓÄ»[142/309]ΓÄ»[22m[39m

[41m[1m FAIL [22m[49m src/agents/pi-tools.read.network-gating.router-outage.test.ts[2m > [22mwrapWithNetworkGating[2m > [22mINVARIANT: router 
outage never permits fail-open (tripwire)[2m > [22menforces fail-closed at wrapper commit point even when applyNetworkOverrides would PROCEED
[31m[1mAssertionError[22m: The instanceof assertion needs a constructor but undefined was given.[39m
[36m [2mΓ¥»[22m src/agents/pi-tools.read.network-gating.router-outage.test.ts:[2m326:27[22m[39m
    [90m324| [39m      [90m// INVARIANT ASSERTIONS - the commit-point invariant:[39m
    [90m325| [39m      [90m// 1. Must throw ClarityBurstAbstainError[39m
    [90m326| [39m      [34mexpect[39m(caughtError)[33m.[39m[34mtoBeInstanceOf[39m([33mClarityBurstAbstainError[39m)[33m;[39m
    [90m   | [39m                          [31m^[39m
    [90m327| [39m      
    [90m328| [39m      // 2. Reason must be "router_outage" (not any override-derived rΓÇª

[31m[2mΓÄ»ΓÄ»ΓÄ»ΓÄ»ΓÄ»ΓÄ»ΓÄ»ΓÄ»ΓÄ»ΓÄ»ΓÄ»ΓÄ»ΓÄ»ΓÄ»ΓÄ»ΓÄ»ΓÄ»ΓÄ»ΓÄ»ΓÄ»[143/309]ΓÄ»[22m[39m

[41m[1m FAIL [22m[49m src/agents/pi-tools.read.network-gating.stage-integrity.test.ts[2m > [22mNETWORK_IO stage-integrity assertion via module 
boundary spies[2m > [22malways passes stageId 'NETWORK_IO' to getPackForStage()
[31m[1mClarityBurstAbstainError[22m: ClarityBurst: clarification required before network operation[39m
[36m [2mΓ¥»[22m loadPackOrAbstain src/clarityburst/pack-load.ts:[2m72:11[22m[39m
    [90m 70| [39m  [90m// stored under one stage_id but internally declares a different one.[39m
    [90m 71| [39m  [35mif[39m (pack[33m.[39mstage_id [33m!==[39m stageId) {
    [90m 72| [39m    [35mthrow[39m [35mnew[39m [33mClarityBurstAbstainError[39m({
    [90m   | [39m          [31m^[39m
    [90m 73| [39m      stageId[33m,[39m
    [90m 74| [39m      outcome[33m:[39m [32m"ABSTAIN_CLARIFY"[39m[33m,[39m
[90m [2mΓ¥»[22m executeWithNetworkGating src/agents/pi-tools.read.ts:[2m522:23[22m[39m
[90m [2mΓ¥»[22m Object.tool.execute src/agents/pi-tools.read.ts:[2m771:12[22m[39m
[90m [2mΓ¥»[22m src/agents/pi-tools.read.network-gating.stage-integrity.test.ts:[2m134:16[22m[39m

[31m[2mΓÄ»ΓÄ»ΓÄ»ΓÄ»ΓÄ»ΓÄ»ΓÄ»ΓÄ»ΓÄ»ΓÄ»ΓÄ»ΓÄ»ΓÄ»ΓÄ»ΓÄ»ΓÄ»ΓÄ»ΓÄ»ΓÄ»ΓÄ»[144/309]ΓÄ»[22m[39m

[41m[1m FAIL [22m[49m src/agents/pi-tools.read.network-gating.stage-integrity.test.ts[2m > [22mNETWORK_IO stage-integrity assertion via module 
boundary spies[2m > [22malways passes stageId 'NETWORK_IO' to deriveAllowedContracts()
[31m[1mClarityBurstAbstainError[22m: ClarityBurst: clarification required before network operation[39m
[36m [2mΓ¥»[22m loadPackOrAbstain src/clarityburst/pack-load.ts:[2m72:11[22m[39m
    [90m 70| [39m  [90m// stored under one stage_id but internally declares a different one.[39m
    [90m 71| [39m  [35mif[39m (pack[33m.[39mstage_id [33m!==[39m stageId) {
    [90m 72| [39m    [35mthrow[39m [35mnew[39m [33mClarityBurstAbstainError[39m({
    [90m   | [39m          [31m^[39m
    [90m 73| [39m      stageId[33m,[39m
    [90m 74| [39m      outcome[33m:[39m [32m"ABSTAIN_CLARIFY"[39m[33m,[39m
[90m [2mΓ¥»[22m executeWithNetworkGating src/agents/pi-tools.read.ts:[2m522:23[22m[39m
[90m [2mΓ¥»[22m Object.tool.execute src/agents/pi-tools.read.ts:[2m771:12[22m[39m
[90m [2mΓ¥»[22m src/agents/pi-tools.read.network-gating.stage-integrity.test.ts:[2m148:16[22m[39m

[31m[2mΓÄ»ΓÄ»ΓÄ»ΓÄ»ΓÄ»ΓÄ»ΓÄ»ΓÄ»ΓÄ»ΓÄ»ΓÄ»ΓÄ»ΓÄ»ΓÄ»ΓÄ»ΓÄ»ΓÄ»ΓÄ»ΓÄ»ΓÄ»[145/309]ΓÄ»[22m[39m

[41m[1m FAIL [22m[49m src/agents/pi-tools.read.network-gating.stage-integrity.test.ts[2m > [22mNETWORK_IO stage-integrity assertion via module 
boundary spies[2m > [22malways passes stageId 'NETWORK_IO' to routeClarityBurst()
[31m[1mClarityBurstAbstainError[22m: ClarityBurst: clarification required before network operation[39m
[36m [2mΓ¥»[22m executeWithNetworkGating src/agents/pi-tools.read.ts:[2m470:11[22m[39m
    [90m468| [39m  [35mconst[39m lowerUrl [33m=[39m canonicalUrl[33m.[39m[34mtoLowerCase[39m()[33m;[39m
    [90m469| [39m  if (!lowerUrl.startsWith("http://") && !lowerUrl.startsWith("https:/ΓÇª
    [90m470| [39m    [35mthrow[39m [35mnew[39m [33mClarityBurstAbstainError[39m({
    [90m   | [39m          [31m^[39m
    [90m471| [39m      stageId[33m:[39m [32m"NETWORK_IO"[39m[33m,[39m
    [90m472| [39m      outcome[33m:[39m [32m"ABSTAIN_CLARIFY"[39m[33m,[39m
[90m [2mΓ¥»[22m Object.tool.execute src/agents/pi-tools.read.ts:[2m771:12[22m[39m
[90m [2mΓ¥»[22m src/agents/pi-tools.read.network-gating.stage-integrity.test.ts:[2m163:16[22m[39m

[31m[2mΓÄ»ΓÄ»ΓÄ»ΓÄ»ΓÄ»ΓÄ»ΓÄ»ΓÄ»ΓÄ»ΓÄ»ΓÄ»ΓÄ»ΓÄ»ΓÄ»ΓÄ»ΓÄ»ΓÄ»ΓÄ»ΓÄ»ΓÄ»[146/309]ΓÄ»[22m[39m

[41m[1m FAIL [22m[49m src/agents/pi-tools.read.network-gating.stage-integrity.test.ts[2m > [22mNETWORK_IO stage-integrity assertion via module 
boundary spies[2m > [22malways passes context.stageId 'NETWORK_IO' to applyNetworkOverrides()
[31m[1mClarityBurstAbstainError[22m: ClarityBurst: clarification required before network operation[39m
[36m [2mΓ¥»[22m loadPackOrAbstain src/clarityburst/pack-load.ts:[2m72:11[22m[39m
    [90m 70| [39m  [90m// stored under one stage_id but internally declares a different one.[39m
    [90m 71| [39m  [35mif[39m (pack[33m.[39mstage_id [33m!==[39m stageId) {
    [90m 72| [39m    [35mthrow[39m [35mnew[39m [33mClarityBurstAbstainError[39m({
    [90m   | [39m          [31m^[39m
    [90m 73| [39m      stageId[33m,[39m
    [90m 74| [39m      outcome[33m:[39m [32m"ABSTAIN_CLARIFY"[39m[33m,[39m
[90m [2mΓ¥»[22m executeWithNetworkGating src/agents/pi-tools.read.ts:[2m522:23[22m[39m
[90m [2mΓ¥»[22m Object.tool.execute src/agents/pi-tools.read.ts:[2m771:12[22m[39m
[90m [2mΓ¥»[22m src/agents/pi-tools.read.network-gating.stage-integrity.test.ts:[2m179:16[22m[39m

[31m[2mΓÄ»ΓÄ»ΓÄ»ΓÄ»ΓÄ»ΓÄ»ΓÄ»ΓÄ»ΓÄ»ΓÄ»ΓÄ»ΓÄ»ΓÄ»ΓÄ»ΓÄ»ΓÄ»ΓÄ»ΓÄ»ΓÄ»ΓÄ»[147/309]ΓÄ»[22m[39m

[41m[1m FAIL [22m[49m src/agents/pi-tools.read.network-gating.stage-integrity.test.ts[2m > [22mNETWORK_IO stage-integrity assertion via module 
boundary spies[2m > [22mstageId is immutable across multiple tool invocations
[31m[1mClarityBurstAbstainError[22m: ClarityBurst: clarification required before network operation[39m
[36m [2mΓ¥»[22m loadPackOrAbstain src/clarityburst/pack-load.ts:[2m72:11[22m[39m
    [90m 70| [39m  [90m// stored under one stage_id but internally declares a different one.[39m
    [90m 71| [39m  [35mif[39m (pack[33m.[39mstage_id [33m!==[39m stageId) {
    [90m 72| [39m    [35mthrow[39m [35mnew[39m [33mClarityBurstAbstainError[39m({
    [90m   | [39m          [31m^[39m
    [90m 73| [39m      stageId[33m,[39m
    [90m 74| [39m      outcome[33m:[39m [32m"ABSTAIN_CLARIFY"[39m[33m,[39m
[90m [2mΓ¥»[22m executeWithNetworkGating src/agents/pi-tools.read.ts:[2m522:23[22m[39m
[90m [2mΓ¥»[22m Object.tool.execute src/agents/pi-tools.read.ts:[2m771:12[22m[39m
[90m [2mΓ¥»[22m src/agents/pi-tools.read.network-gating.stage-integrity.test.ts:[2m200:17[22m[39m

[31m[2mΓÄ»ΓÄ»ΓÄ»ΓÄ»ΓÄ»ΓÄ»ΓÄ»ΓÄ»ΓÄ»ΓÄ»ΓÄ»ΓÄ»ΓÄ»ΓÄ»ΓÄ»ΓÄ»ΓÄ»ΓÄ»ΓÄ»ΓÄ»[148/309]ΓÄ»[22m[39m

[41m[1m FAIL [22m[49m src/agents/pi-tools.read.network-gating.stage-integrity.test.ts[2m > [22mNETWORK_IO stage-integrity assertion via module 
boundary spies[2m > [22mthrows PACK_POLICY_INCOMPLETE when pack is missing required contracts for NETWORK_IO stage
[31m[1mClarityBurstAbstainError[22m: ClarityBurst: clarification required before network operation[39m
[36m [2mΓ¥»[22m loadPackOrAbstain src/clarityburst/pack-load.ts:[2m72:11[22m[39m
    [90m 70| [39m  [90m// stored under one stage_id but internally declares a different one.[39m
    [90m 71| [39m  [35mif[39m (pack[33m.[39mstage_id [33m!==[39m stageId) {
    [90m 72| [39m    [35mthrow[39m [35mnew[39m [33mClarityBurstAbstainError[39m({
    [90m   | [39m          [31m^[39m
    [90m 73| [39m      stageId[33m,[39m
    [90m 74| [39m      outcome[33m:[39m [32m"ABSTAIN_CLARIFY"[39m[33m,[39m
[90m [2mΓ¥»[22m executeWithNetworkGating src/agents/pi-tools.read.ts:[2m522:23[22m[39m
[90m [2mΓ¥»[22m Object.tool.execute src/agents/pi-tools.read.ts:[2m771:12[22m[39m
[90m [2mΓ¥»[22m src/agents/pi-tools.read.network-gating.stage-integrity.test.ts:[2m245:31[22m[39m

[31m[2mΓÄ»ΓÄ»ΓÄ»ΓÄ»ΓÄ»ΓÄ»ΓÄ»ΓÄ»ΓÄ»ΓÄ»ΓÄ»ΓÄ»ΓÄ»ΓÄ»ΓÄ»ΓÄ»ΓÄ»ΓÄ»ΓÄ»ΓÄ»[149/309]ΓÄ»[22m[39m

[41m[1m FAIL [22m[49m src/agents/pi-tools.read.network-gating.stage-integrity.test.ts[2m > [22mNETWORK_IO stage-integrity assertion via module 
boundary spies[2m > [22mrouter call context always contains stageId 'NETWORK_IO' regardless of operation type
[31m[1mClarityBurstAbstainError[22m: ClarityBurst: clarification required before network operation[39m
[36m [2mΓ¥»[22m loadPackOrAbstain src/clarityburst/pack-load.ts:[2m72:11[22m[39m
    [90m 70| [39m  [90m// stored under one stage_id but internally declares a different one.[39m
    [90m 71| [39m  [35mif[39m (pack[33m.[39mstage_id [33m!==[39m stageId) {
    [90m 72| [39m    [35mthrow[39m [35mnew[39m [33mClarityBurstAbstainError[39m({
    [90m   | [39m          [31m^[39m
    [90m 73| [39m      stageId[33m,[39m
    [90m 74| [39m      outcome[33m:[39m [32m"ABSTAIN_CLARIFY"[39m[33m,[39m
[90m [2mΓ¥»[22m executeWithNetworkGating src/agents/pi-tools.read.ts:[2m522:23[22m[39m
[90m [2mΓ¥»[22m Object.tool.execute src/agents/pi-tools.read.ts:[2m771:12[22m[39m
[90m [2mΓ¥»[22m src/agents/pi-tools.read.network-gating.stage-integrity.test.ts:[2m273:18[22m[39m

[31m[2mΓÄ»ΓÄ»ΓÄ»ΓÄ»ΓÄ»ΓÄ»ΓÄ»ΓÄ»ΓÄ»ΓÄ»ΓÄ»ΓÄ»ΓÄ»ΓÄ»ΓÄ»ΓÄ»ΓÄ»ΓÄ»ΓÄ»ΓÄ»[150/309]ΓÄ»[22m[39m

[41m[1m FAIL [22m[49m src/agents/pi-tools.read.network-gating.stage-integrity.test.ts[2m > [22mNETWORK_IO stage-integrity assertion via module 
boundary spies[2m > [22mnever calls executor when router is unavailable (fail-closed with correct stageId)
[31m[1mAssertionError[22m: The instanceof assertion needs a constructor but undefined was given.[39m
[36m [2mΓ¥»[22m src/agents/pi-tools.read.network-gating.stage-integrity.test.ts:[2m296:19[22m[39m
    [90m294| [39m      expect[33m.[39m[34mfail[39m([32m"Expected ClarityBurstAbstainError"[39m)[33m;[39m
    [90m295| [39m    } [35mcatch[39m (err) {
    [90m296| [39m      [34mexpect[39m(err)[33m.[39m[34mtoBeInstanceOf[39m([33mClarityBurstAbstainError[39m)[33m;[39m
    [90m   | [39m                  [31m^[39m
    [90m297| [39m      [35mconst[39m abstainError [33m=[39m err [35mas[39m [33mClarityBurstAbstainError[39m[33m;[39m
    [90m298| [39m      [34mexpect[39m(abstainError[33m.[39mstageId)[33m.[39m[34mtoBe[39m([32m"NETWORK_IO"[39m)[33m;[39m

[31m[2mΓÄ»ΓÄ»ΓÄ»ΓÄ»ΓÄ»ΓÄ»ΓÄ»ΓÄ»ΓÄ»ΓÄ»ΓÄ»ΓÄ»ΓÄ»ΓÄ»ΓÄ»ΓÄ»ΓÄ»ΓÄ»ΓÄ»ΓÄ»[151/309]ΓÄ»[22m[39m

[41m[1m FAIL [22m[49m src/agents/pi-tools.read.network-gating.url-scheme.test.ts[2m > [22mNETWORK_IO URL scheme allowlist check[2m > [22mblocked 
URL schemes (hard-block before routing)[2m > [22mblocks file:// URLs with ABSTAIN_CLARIFY and PACK_POLICY_INCOMPLETE
[31m[1mAssertionError[22m: The instanceof assertion needs a constructor but undefined was given.[39m
[36m [2mΓ¥»[22m src/agents/pi-tools.read.network-gating.url-scheme.test.ts:[2m143:21[22m[39m
    [90m141| [39m        expect[33m.[39m[34mfail[39m([32m"Expected ClarityBurstAbstainError to be thrown"[39m)[33m;[39m
    [90m142| [39m      } [35mcatch[39m (err) {
    [90m143| [39m        [34mexpect[39m(err)[33m.[39m[34mtoBeInstanceOf[39m([33mClarityBurstAbstainError[39m)[33m;[39m
    [90m   | [39m                    [31m^[39m
    [90m144| [39m        [35mconst[39m abstainError [33m=[39m err [35mas[39m [33mClarityBurstAbstainError[39m[33m;[39m
    [90m145| [39m        [34mexpect[39m(abstainError[33m.[39mstageId)[33m.[39m[34mtoBe[39m([32m"NETWORK_IO"[39m)[33m;[39m

[31m[2mΓÄ»ΓÄ»ΓÄ»ΓÄ»ΓÄ»ΓÄ»ΓÄ»ΓÄ»ΓÄ»ΓÄ»ΓÄ»ΓÄ»ΓÄ»ΓÄ»ΓÄ»ΓÄ»ΓÄ»ΓÄ»ΓÄ»ΓÄ»[152/309]ΓÄ»[22m[39m

[41m[1m FAIL [22m[49m src/agents/pi-tools.read.network-gating.url-scheme.test.ts[2m > [22mNETWORK_IO URL scheme allowlist check[2m > [22mblocked 
URL schemes (hard-block before routing)[2m > [22mblocks ftp:// URLs with ABSTAIN_CLARIFY and PACK_POLICY_INCOMPLETE
[31m[1mAssertionError[22m: The instanceof assertion needs a constructor but undefined was given.[39m
[36m [2mΓ¥»[22m src/agents/pi-tools.read.network-gating.url-scheme.test.ts:[2m170:21[22m[39m
    [90m168| [39m        expect[33m.[39m[34mfail[39m([32m"Expected ClarityBurstAbstainError to be thrown"[39m)[33m;[39m
    [90m169| [39m      } [35mcatch[39m (err) {
    [90m170| [39m        [34mexpect[39m(err)[33m.[39m[34mtoBeInstanceOf[39m([33mClarityBurstAbstainError[39m)[33m;[39m
    [90m   | [39m                    [31m^[39m
    [90m171| [39m        [35mconst[39m abstainError [33m=[39m err [35mas[39m [33mClarityBurstAbstainError[39m[33m;[39m
    [90m172| [39m        [34mexpect[39m(abstainError[33m.[39mstageId)[33m.[39m[34mtoBe[39m([32m"NETWORK_IO"[39m)[33m;[39m

[31m[2mΓÄ»ΓÄ»ΓÄ»ΓÄ»ΓÄ»ΓÄ»ΓÄ»ΓÄ»ΓÄ»ΓÄ»ΓÄ»ΓÄ»ΓÄ»ΓÄ»ΓÄ»ΓÄ»ΓÄ»ΓÄ»ΓÄ»ΓÄ»[153/309]ΓÄ»[22m[39m

[41m[1m FAIL [22m[49m src/agents/pi-tools.read.network-gating.url-scheme.test.ts[2m > [22mNETWORK_IO URL scheme allowlist check[2m > [22mblocked 
URL schemes (hard-block before routing)[2m > [22mblocks data: URLs with ABSTAIN_CLARIFY and PACK_POLICY_INCOMPLETE
[31m[1mAssertionError[22m: The instanceof assertion needs a constructor but undefined was given.[39m
[36m [2mΓ¥»[22m src/agents/pi-tools.read.network-gating.url-scheme.test.ts:[2m197:21[22m[39m
    [90m195| [39m        expect[33m.[39m[34mfail[39m([32m"Expected ClarityBurstAbstainError to be thrown"[39m)[33m;[39m
    [90m196| [39m      } [35mcatch[39m (err) {
    [90m197| [39m        [34mexpect[39m(err)[33m.[39m[34mtoBeInstanceOf[39m([33mClarityBurstAbstainError[39m)[33m;[39m
    [90m   | [39m                    [31m^[39m
    [90m198| [39m        [35mconst[39m abstainError [33m=[39m err [35mas[39m [33mClarityBurstAbstainError[39m[33m;[39m
    [90m199| [39m        [34mexpect[39m(abstainError[33m.[39mstageId)[33m.[39m[34mtoBe[39m([32m"NETWORK_IO"[39m)[33m;[39m

[31m[2mΓÄ»ΓÄ»ΓÄ»ΓÄ»ΓÄ»ΓÄ»ΓÄ»ΓÄ»ΓÄ»ΓÄ»ΓÄ»ΓÄ»ΓÄ»ΓÄ»ΓÄ»ΓÄ»ΓÄ»ΓÄ»ΓÄ»ΓÄ»[154/309]ΓÄ»[22m[39m

[41m[1m FAIL [22m[49m src/agents/pi-tools.read.network-gating.url-scheme.test.ts[2m > [22mNETWORK_IO URL scheme allowlist check[2m > [22mblocked 
URL schemes (hard-block before routing)[2m > [22mblocks scheme-less URLs with ABSTAIN_CLARIFY and PACK_POLICY_INCOMPLETE
[31m[1mAssertionError[22m: The instanceof assertion needs a constructor but undefined was given.[39m
[36m [2mΓ¥»[22m src/agents/pi-tools.read.network-gating.url-scheme.test.ts:[2m224:21[22m[39m
    [90m222| [39m        expect[33m.[39m[34mfail[39m([32m"Expected ClarityBurstAbstainError to be thrown"[39m)[33m;[39m
    [90m223| [39m      } [35mcatch[39m (err) {
    [90m224| [39m        [34mexpect[39m(err)[33m.[39m[34mtoBeInstanceOf[39m([33mClarityBurstAbstainError[39m)[33m;[39m
    [90m   | [39m                    [31m^[39m
    [90m225| [39m        [35mconst[39m abstainError [33m=[39m err [35mas[39m [33mClarityBurstAbstainError[39m[33m;[39m
    [90m226| [39m        [34mexpect[39m(abstainError[33m.[39mstageId)[33m.[39m[34mtoBe[39m([32m"NETWORK_IO"[39m)[33m;[39m

[31m[2mΓÄ»ΓÄ»ΓÄ»ΓÄ»ΓÄ»ΓÄ»ΓÄ»ΓÄ»ΓÄ»ΓÄ»ΓÄ»ΓÄ»ΓÄ»ΓÄ»ΓÄ»ΓÄ»ΓÄ»ΓÄ»ΓÄ»ΓÄ»[155/309]ΓÄ»[22m[39m

[41m[1m FAIL [22m[49m src/agents/pi-tools.read.network-gating.url-scheme.test.ts[2m > [22mNETWORK_IO URL scheme allowlist check[2m > [22mblocked 
URL schemes (hard-block before routing)[2m > [22mblocks javascript: URLs with ABSTAIN_CLARIFY and PACK_POLICY_INCOMPLETE
[31m[1mAssertionError[22m: The instanceof assertion needs a constructor but undefined was given.[39m
[36m [2mΓ¥»[22m src/agents/pi-tools.read.network-gating.url-scheme.test.ts:[2m251:21[22m[39m
    [90m249| [39m        expect[33m.[39m[34mfail[39m([32m"Expected ClarityBurstAbstainError to be thrown"[39m)[33m;[39m
    [90m250| [39m      } [35mcatch[39m (err) {
    [90m251| [39m        [34mexpect[39m(err)[33m.[39m[34mtoBeInstanceOf[39m([33mClarityBurstAbstainError[39m)[33m;[39m
    [90m   | [39m                    [31m^[39m
    [90m252| [39m        [35mconst[39m abstainError [33m=[39m err [35mas[39m [33mClarityBurstAbstainError[39m[33m;[39m
    [90m253| [39m        [34mexpect[39m(abstainError[33m.[39mstageId)[33m.[39m[34mtoBe[39m([32m"NETWORK_IO"[39m)[33m;[39m

[31m[2mΓÄ»ΓÄ»ΓÄ»ΓÄ»ΓÄ»ΓÄ»ΓÄ»ΓÄ»ΓÄ»ΓÄ»ΓÄ»ΓÄ»ΓÄ»ΓÄ»ΓÄ»ΓÄ»ΓÄ»ΓÄ»ΓÄ»ΓÄ»[156/309]ΓÄ»[22m[39m

[41m[1m FAIL [22m[49m src/agents/pi-tools.read.network-gating.url-scheme.test.ts[2m > [22mNETWORK_IO URL scheme allowlist check[2m > [22mblocked 
URL schemes (hard-block before routing)[2m > [22mblocks blob: URLs with ABSTAIN_CLARIFY and PACK_POLICY_INCOMPLETE
[31m[1mAssertionError[22m: The instanceof assertion needs a constructor but undefined was given.[39m
[36m [2mΓ¥»[22m src/agents/pi-tools.read.network-gating.url-scheme.test.ts:[2m276:21[22m[39m
    [90m274| [39m        expect[33m.[39m[34mfail[39m([32m"Expected ClarityBurstAbstainError to be thrown"[39m)[33m;[39m
    [90m275| [39m      } [35mcatch[39m (err) {
    [90m276| [39m        [34mexpect[39m(err)[33m.[39m[34mtoBeInstanceOf[39m([33mClarityBurstAbstainError[39m)[33m;[39m
    [90m   | [39m                    [31m^[39m
    [90m277| [39m        [35mconst[39m abstainError [33m=[39m err [35mas[39m [33mClarityBurstAbstainError[39m[33m;[39m
    [90m278| [39m        [34mexpect[39m(abstainError[33m.[39mstageId)[33m.[39m[34mtoBe[39m([32m"NETWORK_IO"[39m)[33m;[39m

[31m[2mΓÄ»ΓÄ»ΓÄ»ΓÄ»ΓÄ»ΓÄ»ΓÄ»ΓÄ»ΓÄ»ΓÄ»ΓÄ»ΓÄ»ΓÄ»ΓÄ»ΓÄ»ΓÄ»ΓÄ»ΓÄ»ΓÄ»ΓÄ»[157/309]ΓÄ»[22m[39m

[41m[1m FAIL [22m[49m src/agents/pi-tools.read.network-gating.url-scheme.test.ts[2m > [22mNETWORK_IO URL scheme allowlist check[2m > [22mblocked 
URL schemes (hard-block before routing)[2m > [22mblocks mailto: URLs with ABSTAIN_CLARIFY and PACK_POLICY_INCOMPLETE
[31m[1mAssertionError[22m: The instanceof assertion needs a constructor but undefined was given.[39m
[36m [2mΓ¥»[22m src/agents/pi-tools.read.network-gating.url-scheme.test.ts:[2m301:21[22m[39m
    [90m299| [39m        expect[33m.[39m[34mfail[39m([32m"Expected ClarityBurstAbstainError to be thrown"[39m)[33m;[39m
    [90m300| [39m      } [35mcatch[39m (err) {
    [90m301| [39m        [34mexpect[39m(err)[33m.[39m[34mtoBeInstanceOf[39m([33mClarityBurstAbstainError[39m)[33m;[39m
    [90m   | [39m                    [31m^[39m
    [90m302| [39m        [35mconst[39m abstainError [33m=[39m err [35mas[39m [33mClarityBurstAbstainError[39m[33m;[39m
    [90m303| [39m        [34mexpect[39m(abstainError[33m.[39mstageId)[33m.[39m[34mtoBe[39m([32m"NETWORK_IO"[39m)[33m;[39m

[31m[2mΓÄ»ΓÄ»ΓÄ»ΓÄ»ΓÄ»ΓÄ»ΓÄ»ΓÄ»ΓÄ»ΓÄ»ΓÄ»ΓÄ»ΓÄ»ΓÄ»ΓÄ»ΓÄ»ΓÄ»ΓÄ»ΓÄ»ΓÄ»[158/309]ΓÄ»[22m[39m

[41m[1m FAIL [22m[49m src/agents/pi-tools.read.network-gating.url-scheme.test.ts[2m > [22mNETWORK_IO URL scheme allowlist check[2m > [22mblocked 
URL schemes (hard-block before routing)[2m > [22mblocks tel: URLs with ABSTAIN_CLARIFY and PACK_POLICY_INCOMPLETE
[31m[1mAssertionError[22m: The instanceof assertion needs a constructor but undefined was given.[39m
[36m [2mΓ¥»[22m src/agents/pi-tools.read.network-gating.url-scheme.test.ts:[2m326:21[22m[39m
    [90m324| [39m        expect[33m.[39m[34mfail[39m([32m"Expected ClarityBurstAbstainError to be thrown"[39m)[33m;[39m
    [90m325| [39m      } [35mcatch[39m (err) {
    [90m326| [39m        [34mexpect[39m(err)[33m.[39m[34mtoBeInstanceOf[39m([33mClarityBurstAbstainError[39m)[33m;[39m
    [90m   | [39m                    [31m^[39m
    [90m327| [39m        [35mconst[39m abstainError [33m=[39m err [35mas[39m [33mClarityBurstAbstainError[39m[33m;[39m
    [90m328| [39m        [34mexpect[39m(abstainError[33m.[39mstageId)[33m.[39m[34mtoBe[39m([32m"NETWORK_IO"[39m)[33m;[39m

[31m[2mΓÄ»ΓÄ»ΓÄ»ΓÄ»ΓÄ»ΓÄ»ΓÄ»ΓÄ»ΓÄ»ΓÄ»ΓÄ»ΓÄ»ΓÄ»ΓÄ»ΓÄ»ΓÄ»ΓÄ»ΓÄ»ΓÄ»ΓÄ»[159/309]ΓÄ»[22m[39m

[41m[1m FAIL [22m[49m src/agents/pi-tools.read.network-gating.url-scheme.test.ts[2m > [22mNETWORK_IO URL scheme allowlist check[2m > [22mallowed 
URL schemes (proceed to routing)[2m > [22mallows http:// URLs and proceeds to router
[31m[1mClarityBurstAbstainError[22m: ClarityBurst: clarification required before network operation[39m
[36m [2mΓ¥»[22m loadPackOrAbstain src/clarityburst/pack-load.ts:[2m72:11[22m[39m
    [90m 70| [39m  [90m// stored under one stage_id but internally declares a different one.[39m
    [90m 71| [39m  [35mif[39m (pack[33m.[39mstage_id [33m!==[39m stageId) {
    [90m 72| [39m    [35mthrow[39m [35mnew[39m [33mClarityBurstAbstainError[39m({
    [90m   | [39m          [31m^[39m
    [90m 73| [39m      stageId[33m,[39m
    [90m 74| [39m      outcome[33m:[39m [32m"ABSTAIN_CLARIFY"[39m[33m,[39m
[90m [2mΓ¥»[22m executeWithNetworkGating src/agents/pi-tools.read.ts:[2m522:23[22m[39m
[90m [2mΓ¥»[22m Object.tool.execute src/agents/pi-tools.read.ts:[2m771:12[22m[39m
[90m [2mΓ¥»[22m src/agents/pi-tools.read.network-gating.url-scheme.test.ts:[2m348:18[22m[39m

[31m[2mΓÄ»ΓÄ»ΓÄ»ΓÄ»ΓÄ»ΓÄ»ΓÄ»ΓÄ»ΓÄ»ΓÄ»ΓÄ»ΓÄ»ΓÄ»ΓÄ»ΓÄ»ΓÄ»ΓÄ»ΓÄ»ΓÄ»ΓÄ»[160/309]ΓÄ»[22m[39m

[41m[1m FAIL [22m[49m src/agents/pi-tools.read.network-gating.url-scheme.test.ts[2m > [22mNETWORK_IO URL scheme allowlist check[2m > [22mallowed 
URL schemes (proceed to routing)[2m > [22mallows https:// URLs and proceeds to router
[31m[1mClarityBurstAbstainError[22m: ClarityBurst: clarification required before network operation[39m
[36m [2mΓ¥»[22m loadPackOrAbstain src/clarityburst/pack-load.ts:[2m72:11[22m[39m
    [90m 70| [39m  [90m// stored under one stage_id but internally declares a different one.[39m
    [90m 71| [39m  [35mif[39m (pack[33m.[39mstage_id [33m!==[39m stageId) {
    [90m 72| [39m    [35mthrow[39m [35mnew[39m [33mClarityBurstAbstainError[39m({
    [90m   | [39m          [31m^[39m
    [90m 73| [39m      stageId[33m,[39m
    [90m 74| [39m      outcome[33m:[39m [32m"ABSTAIN_CLARIFY"[39m[33m,[39m
[90m [2mΓ¥»[22m executeWithNetworkGating src/agents/pi-tools.read.ts:[2m522:23[22m[39m
[90m [2mΓ¥»[22m Object.tool.execute src/agents/pi-tools.read.ts:[2m771:12[22m[39m
[90m [2mΓ¥»[22m src/agents/pi-tools.read.network-gating.url-scheme.test.ts:[2m363:18[22m[39m

[31m[2mΓÄ»ΓÄ»ΓÄ»ΓÄ»ΓÄ»ΓÄ»ΓÄ»ΓÄ»ΓÄ»ΓÄ»ΓÄ»ΓÄ»ΓÄ»ΓÄ»ΓÄ»ΓÄ»ΓÄ»ΓÄ»ΓÄ»ΓÄ»[161/309]ΓÄ»[22m[39m

[41m[1m FAIL [22m[49m src/agents/pi-tools.read.network-gating.url-scheme.test.ts[2m > [22mNETWORK_IO URL scheme allowlist check[2m > [22mallowed 
URL schemes (proceed to routing)[2m > [22mallows HTTP:// URLs (case-insensitive scheme check)
[31m[1mClarityBurstAbstainError[22m: ClarityBurst: clarification required before network operation[39m
[36m [2mΓ¥»[22m loadPackOrAbstain src/clarityburst/pack-load.ts:[2m72:11[22m[39m
    [90m 70| [39m  [90m// stored under one stage_id but internally declares a different one.[39m
    [90m 71| [39m  [35mif[39m (pack[33m.[39mstage_id [33m!==[39m stageId) {
    [90m 72| [39m    [35mthrow[39m [35mnew[39m [33mClarityBurstAbstainError[39m({
    [90m   | [39m          [31m^[39m
    [90m 73| [39m      stageId[33m,[39m
    [90m 74| [39m      outcome[33m:[39m [32m"ABSTAIN_CLARIFY"[39m[33m,[39m
[90m [2mΓ¥»[22m executeWithNetworkGating src/agents/pi-tools.read.ts:[2m522:23[22m[39m
[90m [2mΓ¥»[22m Object.tool.execute src/agents/pi-tools.read.ts:[2m771:12[22m[39m
[90m [2mΓ¥»[22m src/agents/pi-tools.read.network-gating.url-scheme.test.ts:[2m378:18[22m[39m

[31m[2mΓÄ»ΓÄ»ΓÄ»ΓÄ»ΓÄ»ΓÄ»ΓÄ»ΓÄ»ΓÄ»ΓÄ»ΓÄ»ΓÄ»ΓÄ»ΓÄ»ΓÄ»ΓÄ»ΓÄ»ΓÄ»ΓÄ»ΓÄ»[162/309]ΓÄ»[22m[39m

[41m[1m FAIL [22m[49m src/agents/pi-tools.read.network-gating.url-scheme.test.ts[2m > [22mNETWORK_IO URL scheme allowlist check[2m > [22mallowed 
URL schemes (proceed to routing)[2m > [22mallows HTTPS:// URLs (case-insensitive scheme check)
[31m[1mClarityBurstAbstainError[22m: ClarityBurst: clarification required before network operation[39m
[36m [2mΓ¥»[22m loadPackOrAbstain src/clarityburst/pack-load.ts:[2m72:11[22m[39m
    [90m 70| [39m  [90m// stored under one stage_id but internally declares a different one.[39m
    [90m 71| [39m  [35mif[39m (pack[33m.[39mstage_id [33m!==[39m stageId) {
    [90m 72| [39m    [35mthrow[39m [35mnew[39m [33mClarityBurstAbstainError[39m({
    [90m   | [39m          [31m^[39m
    [90m 73| [39m      stageId[33m,[39m
    [90m 74| [39m      outcome[33m:[39m [32m"ABSTAIN_CLARIFY"[39m[33m,[39m
[90m [2mΓ¥»[22m executeWithNetworkGating src/agents/pi-tools.read.ts:[2m522:23[22m[39m
[90m [2mΓ¥»[22m Object.tool.execute src/agents/pi-tools.read.ts:[2m771:12[22m[39m
[90m [2mΓ¥»[22m src/agents/pi-tools.read.network-gating.url-scheme.test.ts:[2m393:18[22m[39m

[31m[2mΓÄ»ΓÄ»ΓÄ»ΓÄ»ΓÄ»ΓÄ»ΓÄ»ΓÄ»ΓÄ»ΓÄ»ΓÄ»ΓÄ»ΓÄ»ΓÄ»ΓÄ»ΓÄ»ΓÄ»ΓÄ»ΓÄ»ΓÄ»[163/309]ΓÄ»[22m[39m

[41m[1m FAIL [22m[49m src/agents/pi-tools.read.network-gating.url-scheme.test.ts[2m > [22mNETWORK_IO URL scheme allowlist check[2m > [22merror 
field validation[2m > [22mfile:// error contains exact expected fields
[31m[1mAssertionError[22m: The instanceof assertion needs a constructor but undefined was given.[39m
[36m [2mΓ¥»[22m src/agents/pi-tools.read.network-gating.url-scheme.test.ts:[2m414:21[22m[39m
    [90m412| [39m        expect[33m.[39m[34mfail[39m([32m"Expected ClarityBurstAbstainError"[39m)[33m;[39m
    [90m413| [39m      } [35mcatch[39m (err) {
    [90m414| [39m        [34mexpect[39m(err)[33m.[39m[34mtoBeInstanceOf[39m([33mClarityBurstAbstainError[39m)[33m;[39m
    [90m   | [39m                    [31m^[39m
    [90m415| [39m        [35mconst[39m e [33m=[39m err [35mas[39m [33mClarityBurstAbstainError[39m[33m;[39m
    [90m416| [39m

[31m[2mΓÄ»ΓÄ»ΓÄ»ΓÄ»ΓÄ»ΓÄ»ΓÄ»ΓÄ»ΓÄ»ΓÄ»ΓÄ»ΓÄ»ΓÄ»ΓÄ»ΓÄ»ΓÄ»ΓÄ»ΓÄ»ΓÄ»ΓÄ»[164/309]ΓÄ»[22m[39m

[41m[1m FAIL [22m[49m src/agents/pi-tools.read.network-gating.url-scheme.test.ts[2m > [22mNETWORK_IO URL scheme allowlist check[2m > [22merror 
field validation[2m > [22mftp:// error contains exact expected fields
[31m[1mAssertionError[22m: The instanceof assertion needs a constructor but undefined was given.[39m
[36m [2mΓ¥»[22m src/agents/pi-tools.read.network-gating.url-scheme.test.ts:[2m437:21[22m[39m
    [90m435| [39m        expect[33m.[39m[34mfail[39m([32m"Expected ClarityBurstAbstainError"[39m)[33m;[39m
    [90m436| [39m      } [35mcatch[39m (err) {
    [90m437| [39m        [34mexpect[39m(err)[33m.[39m[34mtoBeInstanceOf[39m([33mClarityBurstAbstainError[39m)[33m;[39m
    [90m   | [39m                    [31m^[39m
    [90m438| [39m        [35mconst[39m e [33m=[39m err [35mas[39m [33mClarityBurstAbstainError[39m[33m;[39m
    [90m439| [39m

[31m[2mΓÄ»ΓÄ»ΓÄ»ΓÄ»ΓÄ»ΓÄ»ΓÄ»ΓÄ»ΓÄ»ΓÄ»ΓÄ»ΓÄ»ΓÄ»ΓÄ»ΓÄ»ΓÄ»ΓÄ»ΓÄ»ΓÄ»ΓÄ»[165/309]ΓÄ»[22m[39m

[41m[1m FAIL [22m[49m src/agents/pi-tools.read.network-gating.url-scheme.test.ts[2m > [22mNETWORK_IO URL scheme allowlist check[2m > [22merror 
field validation[2m > [22mdata: error contains exact expected fields
[31m[1mAssertionError[22m: The instanceof assertion needs a constructor but undefined was given.[39m
[36m [2mΓ¥»[22m src/agents/pi-tools.read.network-gating.url-scheme.test.ts:[2m460:21[22m[39m
    [90m458| [39m        expect[33m.[39m[34mfail[39m([32m"Expected ClarityBurstAbstainError"[39m)[33m;[39m
    [90m459| [39m      } [35mcatch[39m (err) {
    [90m460| [39m        [34mexpect[39m(err)[33m.[39m[34mtoBeInstanceOf[39m([33mClarityBurstAbstainError[39m)[33m;[39m
    [90m   | [39m                    [31m^[39m
    [90m461| [39m        [35mconst[39m e [33m=[39m err [35mas[39m [33mClarityBurstAbstainError[39m[33m;[39m
    [90m462| [39m

[31m[2mΓÄ»ΓÄ»ΓÄ»ΓÄ»ΓÄ»ΓÄ»ΓÄ»ΓÄ»ΓÄ»ΓÄ»ΓÄ»ΓÄ»ΓÄ»ΓÄ»ΓÄ»ΓÄ»ΓÄ»ΓÄ»ΓÄ»ΓÄ»[166/309]ΓÄ»[22m[39m

[41m[1m FAIL [22m[49m src/agents/pi-tools.read.network-gating.url-scheme.test.ts[2m > [22mNETWORK_IO URL scheme allowlist check[2m > [22merror 
field validation[2m > [22mscheme-less error contains exact expected fields
[31m[1mAssertionError[22m: The instanceof assertion needs a constructor but undefined was given.[39m
[36m [2mΓ¥»[22m src/agents/pi-tools.read.network-gating.url-scheme.test.ts:[2m483:21[22m[39m
    [90m481| [39m        expect[33m.[39m[34mfail[39m([32m"Expected ClarityBurstAbstainError"[39m)[33m;[39m
    [90m482| [39m      } [35mcatch[39m (err) {
    [90m483| [39m        [34mexpect[39m(err)[33m.[39m[34mtoBeInstanceOf[39m([33mClarityBurstAbstainError[39m)[33m;[39m
    [90m   | [39m                    [31m^[39m
    [90m484| [39m        [35mconst[39m e [33m=[39m err [35mas[39m [33mClarityBurstAbstainError[39m[33m;[39m
    [90m485| [39m

[31m[2mΓÄ»ΓÄ»ΓÄ»ΓÄ»ΓÄ»ΓÄ»ΓÄ»ΓÄ»ΓÄ»ΓÄ»ΓÄ»ΓÄ»ΓÄ»ΓÄ»ΓÄ»ΓÄ»ΓÄ»ΓÄ»ΓÄ»ΓÄ»[167/309]ΓÄ»[22m[39m

[41m[1m FAIL [22m[49m src/agents/pi-tools.read.network-gating.url-scheme.test.ts[2m > [22mNETWORK_IO URL scheme allowlist check[2m > [22mscheme 
check ordering (must be before router)[2m > [22mscheme check blocks before ANY router or pack lookup calls
[31m[1mAssertionError[22m: The instanceof assertion needs a constructor but undefined was given.[39m
[36m [2mΓ¥»[22m src/agents/pi-tools.read.network-gating.url-scheme.test.ts:[2m510:21[22m[39m
    [90m508| [39m        expect[33m.[39m[34mfail[39m([32m"Expected ClarityBurstAbstainError"[39m)[33m;[39m
    [90m509| [39m      } [35mcatch[39m (err) {
    [90m510| [39m        [34mexpect[39m(err)[33m.[39m[34mtoBeInstanceOf[39m([33mClarityBurstAbstainError[39m)[33m;[39m
    [90m   | [39m                    [31m^[39m
    [90m511| [39m      }
    [90m512| [39m

[31m[2mΓÄ»ΓÄ»ΓÄ»ΓÄ»ΓÄ»ΓÄ»ΓÄ»ΓÄ»ΓÄ»ΓÄ»ΓÄ»ΓÄ»ΓÄ»ΓÄ»ΓÄ»ΓÄ»ΓÄ»ΓÄ»ΓÄ»ΓÄ»[168/309]ΓÄ»[22m[39m

[41m[1m FAIL [22m[49m src/agents/pi-tools.read.network-gating.userinfo.test.ts[2m > [22mNETWORK_IO credential-in-URL (userinfo) hard-block[2m > 
[22mblocked URLs with userinfo (hard-block before routing)[2m > [22mblocks http://user@host/path with ABSTAIN_CLARIFY and PACK_POLICY_INCOMPLETE
[31m[1mAssertionError[22m: The instanceof assertion needs a constructor but undefined was given.[39m
[36m [2mΓ¥»[22m src/agents/pi-tools.read.network-gating.userinfo.test.ts:[2m142:21[22m[39m
    [90m140| [39m        expect[33m.[39m[34mfail[39m([32m"Expected ClarityBurstAbstainError to be thrown"[39m)[33m;[39m
    [90m141| [39m      } [35mcatch[39m (err) {
    [90m142| [39m        [34mexpect[39m(err)[33m.[39m[34mtoBeInstanceOf[39m([33mClarityBurstAbstainError[39m)[33m;[39m
    [90m   | [39m                    [31m^[39m
    [90m143| [39m        [35mconst[39m abstainError [33m=[39m err [35mas[39m [33mClarityBurstAbstainError[39m[33m;[39m
    [90m144| [39m        [34mexpect[39m(abstainError[33m.[39mstageId)[33m.[39m[34mtoBe[39m([32m"NETWORK_IO"[39m)[33m;[39m

[31m[2mΓÄ»ΓÄ»ΓÄ»ΓÄ»ΓÄ»ΓÄ»ΓÄ»ΓÄ»ΓÄ»ΓÄ»ΓÄ»ΓÄ»ΓÄ»ΓÄ»ΓÄ»ΓÄ»ΓÄ»ΓÄ»ΓÄ»ΓÄ»[169/309]ΓÄ»[22m[39m

[41m[1m FAIL [22m[49m src/agents/pi-tools.read.network-gating.userinfo.test.ts[2m > [22mNETWORK_IO credential-in-URL (userinfo) hard-block[2m > 
[22mblocked URLs with userinfo (hard-block before routing)[2m > [22mblocks http://user:pass@host/path with ABSTAIN_CLARIFY and PACK_POLICY_INCOMPLETE
[31m[1mAssertionError[22m: The instanceof assertion needs a constructor but undefined was given.[39m
[36m [2mΓ¥»[22m src/agents/pi-tools.read.network-gating.userinfo.test.ts:[2m169:21[22m[39m
    [90m167| [39m        expect[33m.[39m[34mfail[39m([32m"Expected ClarityBurstAbstainError to be thrown"[39m)[33m;[39m
    [90m168| [39m      } [35mcatch[39m (err) {
    [90m169| [39m        [34mexpect[39m(err)[33m.[39m[34mtoBeInstanceOf[39m([33mClarityBurstAbstainError[39m)[33m;[39m
    [90m   | [39m                    [31m^[39m
    [90m170| [39m        [35mconst[39m abstainError [33m=[39m err [35mas[39m [33mClarityBurstAbstainError[39m[33m;[39m
    [90m171| [39m        [34mexpect[39m(abstainError[33m.[39mstageId)[33m.[39m[34mtoBe[39m([32m"NETWORK_IO"[39m)[33m;[39m

[31m[2mΓÄ»ΓÄ»ΓÄ»ΓÄ»ΓÄ»ΓÄ»ΓÄ»ΓÄ»ΓÄ»ΓÄ»ΓÄ»ΓÄ»ΓÄ»ΓÄ»ΓÄ»ΓÄ»ΓÄ»ΓÄ»ΓÄ»ΓÄ»[170/309]ΓÄ»[22m[39m

[41m[1m FAIL [22m[49m src/agents/pi-tools.read.network-gating.userinfo.test.ts[2m > [22mNETWORK_IO credential-in-URL (userinfo) hard-block[2m > 
[22mblocked URLs with userinfo (hard-block before routing)[2m > [22mblocks https://user:password@host/path with ABSTAIN_CLARIFY and 
PACK_POLICY_INCOMPLETE
[31m[1mAssertionError[22m: The instanceof assertion needs a constructor but undefined was given.[39m
[36m [2mΓ¥»[22m src/agents/pi-tools.read.network-gating.userinfo.test.ts:[2m196:21[22m[39m
    [90m194| [39m        expect[33m.[39m[34mfail[39m([32m"Expected ClarityBurstAbstainError to be thrown"[39m)[33m;[39m
    [90m195| [39m      } [35mcatch[39m (err) {
    [90m196| [39m        [34mexpect[39m(err)[33m.[39m[34mtoBeInstanceOf[39m([33mClarityBurstAbstainError[39m)[33m;[39m
    [90m   | [39m                    [31m^[39m
    [90m197| [39m        [35mconst[39m abstainError [33m=[39m err [35mas[39m [33mClarityBurstAbstainError[39m[33m;[39m
    [90m198| [39m        [34mexpect[39m(abstainError[33m.[39mstageId)[33m.[39m[34mtoBe[39m([32m"NETWORK_IO"[39m)[33m;[39m

[31m[2mΓÄ»ΓÄ»ΓÄ»ΓÄ»ΓÄ»ΓÄ»ΓÄ»ΓÄ»ΓÄ»ΓÄ»ΓÄ»ΓÄ»ΓÄ»ΓÄ»ΓÄ»ΓÄ»ΓÄ»ΓÄ»ΓÄ»ΓÄ»[171/309]ΓÄ»[22m[39m

[41m[1m FAIL [22m[49m src/agents/pi-tools.read.network-gating.userinfo.test.ts[2m > [22mNETWORK_IO credential-in-URL (userinfo) hard-block[2m > 
[22mblocked URLs with userinfo (hard-block before routing)[2m > [22mblocks URL with empty password (user:@host)
[31m[1mAssertionError[22m: The instanceof assertion needs a constructor but undefined was given.[39m
[36m [2mΓ¥»[22m src/agents/pi-tools.read.network-gating.userinfo.test.ts:[2m221:21[22m[39m
    [90m219| [39m        expect[33m.[39m[34mfail[39m([32m"Expected ClarityBurstAbstainError to be thrown"[39m)[33m;[39m
    [90m220| [39m      } [35mcatch[39m (err) {
    [90m221| [39m        [34mexpect[39m(err)[33m.[39m[34mtoBeInstanceOf[39m([33mClarityBurstAbstainError[39m)[33m;[39m
    [90m   | [39m                    [31m^[39m
    [90m222| [39m        [35mconst[39m abstainError [33m=[39m err [35mas[39m [33mClarityBurstAbstainError[39m[33m;[39m
    [90m223| [39m        [34mexpect[39m(abstainError[33m.[39mstageId)[33m.[39m[34mtoBe[39m([32m"NETWORK_IO"[39m)[33m;[39m

[31m[2mΓÄ»ΓÄ»ΓÄ»ΓÄ»ΓÄ»ΓÄ»ΓÄ»ΓÄ»ΓÄ»ΓÄ»ΓÄ»ΓÄ»ΓÄ»ΓÄ»ΓÄ»ΓÄ»ΓÄ»ΓÄ»ΓÄ»ΓÄ»[172/309]ΓÄ»[22m[39m

[41m[1m FAIL [22m[49m src/agents/pi-tools.read.network-gating.userinfo.test.ts[2m > [22mNETWORK_IO credential-in-URL (userinfo) hard-block[2m > 
[22mblocked URLs with userinfo (hard-block before routing)[2m > [22mblocks URL with userinfo without path (http://user:pass@host)
[31m[1mAssertionError[22m: The instanceof assertion needs a constructor but undefined was given.[39m
[36m [2mΓ¥»[22m src/agents/pi-tools.read.network-gating.userinfo.test.ts:[2m246:21[22m[39m
    [90m244| [39m        expect[33m.[39m[34mfail[39m([32m"Expected ClarityBurstAbstainError to be thrown"[39m)[33m;[39m
    [90m245| [39m      } [35mcatch[39m (err) {
    [90m246| [39m        [34mexpect[39m(err)[33m.[39m[34mtoBeInstanceOf[39m([33mClarityBurstAbstainError[39m)[33m;[39m
    [90m   | [39m                    [31m^[39m
    [90m247| [39m        [35mconst[39m abstainError [33m=[39m err [35mas[39m [33mClarityBurstAbstainError[39m[33m;[39m
    [90m248| [39m        [34mexpect[39m(abstainError[33m.[39mstageId)[33m.[39m[34mtoBe[39m([32m"NETWORK_IO"[39m)[33m;[39m

[31m[2mΓÄ»ΓÄ»ΓÄ»ΓÄ»ΓÄ»ΓÄ»ΓÄ»ΓÄ»ΓÄ»ΓÄ»ΓÄ»ΓÄ»ΓÄ»ΓÄ»ΓÄ»ΓÄ»ΓÄ»ΓÄ»ΓÄ»ΓÄ»[173/309]ΓÄ»[22m[39m

[41m[1m FAIL [22m[49m src/agents/pi-tools.read.network-gating.userinfo.test.ts[2m > [22mNETWORK_IO credential-in-URL (userinfo) hard-block[2m > 
[22mblocked URLs with userinfo (hard-block before routing)[2m > [22mblocks URL with port and userinfo (http://user:pass@host:8080/path)
[31m[1mAssertionError[22m: The instanceof assertion needs a constructor but undefined was given.[39m
[36m [2mΓ¥»[22m src/agents/pi-tools.read.network-gating.userinfo.test.ts:[2m271:21[22m[39m
    [90m269| [39m        expect[33m.[39m[34mfail[39m([32m"Expected ClarityBurstAbstainError to be thrown"[39m)[33m;[39m
    [90m270| [39m      } [35mcatch[39m (err) {
    [90m271| [39m        [34mexpect[39m(err)[33m.[39m[34mtoBeInstanceOf[39m([33mClarityBurstAbstainError[39m)[33m;[39m
    [90m   | [39m                    [31m^[39m
    [90m272| [39m        [35mconst[39m abstainError [33m=[39m err [35mas[39m [33mClarityBurstAbstainError[39m[33m;[39m
    [90m273| [39m        [34mexpect[39m(abstainError[33m.[39mstageId)[33m.[39m[34mtoBe[39m([32m"NETWORK_IO"[39m)[33m;[39m

[31m[2mΓÄ»ΓÄ»ΓÄ»ΓÄ»ΓÄ»ΓÄ»ΓÄ»ΓÄ»ΓÄ»ΓÄ»ΓÄ»ΓÄ»ΓÄ»ΓÄ»ΓÄ»ΓÄ»ΓÄ»ΓÄ»ΓÄ»ΓÄ»[174/309]ΓÄ»[22m[39m

[41m[1m FAIL [22m[49m src/agents/pi-tools.read.network-gating.userinfo.test.ts[2m > [22mNETWORK_IO credential-in-URL (userinfo) hard-block[2m > 
[22mblocked URLs with userinfo (hard-block before routing)[2m > [22mblocks URL with URL-encoded credentials
[31m[1mAssertionError[22m: The instanceof assertion needs a constructor but undefined was given.[39m
[36m [2mΓ¥»[22m src/agents/pi-tools.read.network-gating.userinfo.test.ts:[2m296:21[22m[39m
    [90m294| [39m        expect[33m.[39m[34mfail[39m([32m"Expected ClarityBurstAbstainError to be thrown"[39m)[33m;[39m
    [90m295| [39m      } [35mcatch[39m (err) {
    [90m296| [39m        [34mexpect[39m(err)[33m.[39m[34mtoBeInstanceOf[39m([33mClarityBurstAbstainError[39m)[33m;[39m
    [90m   | [39m                    [31m^[39m
    [90m297| [39m        [35mconst[39m abstainError [33m=[39m err [35mas[39m [33mClarityBurstAbstainError[39m[33m;[39m
    [90m298| [39m        [34mexpect[39m(abstainError[33m.[39mstageId)[33m.[39m[34mtoBe[39m([32m"NETWORK_IO"[39m)[33m;[39m

[31m[2mΓÄ»ΓÄ»ΓÄ»ΓÄ»ΓÄ»ΓÄ»ΓÄ»ΓÄ»ΓÄ»ΓÄ»ΓÄ»ΓÄ»ΓÄ»ΓÄ»ΓÄ»ΓÄ»ΓÄ»ΓÄ»ΓÄ»ΓÄ»[175/309]ΓÄ»[22m[39m

[41m[1m FAIL [22m[49m src/agents/pi-tools.read.network-gating.userinfo.test.ts[2m > [22mNETWORK_IO credential-in-URL (userinfo) hard-block[2m > 
[22mallowed URLs without userinfo (proceed to routing)[2m > [22mallows https://host/path (control - no userinfo)
[31m[1mClarityBurstAbstainError[22m: ClarityBurst: clarification required before network operation[39m
[36m [2mΓ¥»[22m loadPackOrAbstain src/clarityburst/pack-load.ts:[2m72:11[22m[39m
    [90m 70| [39m  [90m// stored under one stage_id but internally declares a different one.[39m
    [90m 71| [39m  [35mif[39m (pack[33m.[39mstage_id [33m!==[39m stageId) {
    [90m 72| [39m    [35mthrow[39m [35mnew[39m [33mClarityBurstAbstainError[39m({
    [90m   | [39m          [31m^[39m
    [90m 73| [39m      stageId[33m,[39m
    [90m 74| [39m      outcome[33m:[39m [32m"ABSTAIN_CLARIFY"[39m[33m,[39m
[90m [2mΓ¥»[22m executeWithNetworkGating src/agents/pi-tools.read.ts:[2m522:23[22m[39m
[90m [2mΓ¥»[22m Object.tool.execute src/agents/pi-tools.read.ts:[2m771:12[22m[39m
[90m [2mΓ¥»[22m src/agents/pi-tools.read.network-gating.userinfo.test.ts:[2m319:18[22m[39m

[31m[2mΓÄ»ΓÄ»ΓÄ»ΓÄ»ΓÄ»ΓÄ»ΓÄ»ΓÄ»ΓÄ»ΓÄ»ΓÄ»ΓÄ»ΓÄ»ΓÄ»ΓÄ»ΓÄ»ΓÄ»ΓÄ»ΓÄ»ΓÄ»[176/309]ΓÄ»[22m[39m

[41m[1m FAIL [22m[49m src/agents/pi-tools.read.network-gating.userinfo.test.ts[2m > [22mNETWORK_IO credential-in-URL (userinfo) hard-block[2m > 
[22mallowed URLs without userinfo (proceed to routing)[2m > [22mallows http://host/path (no userinfo)
[31m[1mClarityBurstAbstainError[22m: ClarityBurst: clarification required before network operation[39m
[36m [2mΓ¥»[22m loadPackOrAbstain src/clarityburst/pack-load.ts:[2m72:11[22m[39m
    [90m 70| [39m  [90m// stored under one stage_id but internally declares a different one.[39m
    [90m 71| [39m  [35mif[39m (pack[33m.[39mstage_id [33m!==[39m stageId) {
    [90m 72| [39m    [35mthrow[39m [35mnew[39m [33mClarityBurstAbstainError[39m({
    [90m   | [39m          [31m^[39m
    [90m 73| [39m      stageId[33m,[39m
    [90m 74| [39m      outcome[33m:[39m [32m"ABSTAIN_CLARIFY"[39m[33m,[39m
[90m [2mΓ¥»[22m executeWithNetworkGating src/agents/pi-tools.read.ts:[2m522:23[22m[39m
[90m [2mΓ¥»[22m Object.tool.execute src/agents/pi-tools.read.ts:[2m771:12[22m[39m
[90m [2mΓ¥»[22m src/agents/pi-tools.read.network-gating.userinfo.test.ts:[2m334:18[22m[39m

[31m[2mΓÄ»ΓÄ»ΓÄ»ΓÄ»ΓÄ»ΓÄ»ΓÄ»ΓÄ»ΓÄ»ΓÄ»ΓÄ»ΓÄ»ΓÄ»ΓÄ»ΓÄ»ΓÄ»ΓÄ»ΓÄ»ΓÄ»ΓÄ»[177/309]ΓÄ»[22m[39m

[41m[1m FAIL [22m[49m src/agents/pi-tools.read.network-gating.userinfo.test.ts[2m > [22mNETWORK_IO credential-in-URL (userinfo) hard-block[2m > 
[22mallowed URLs without userinfo (proceed to routing)[2m > [22mallows URL with @ in path (not in authority)
[31m[1mClarityBurstAbstainError[22m: ClarityBurst: clarification required before network operation[39m
[36m [2mΓ¥»[22m loadPackOrAbstain src/clarityburst/pack-load.ts:[2m72:11[22m[39m
    [90m 70| [39m  [90m// stored under one stage_id but internally declares a different one.[39m
    [90m 71| [39m  [35mif[39m (pack[33m.[39mstage_id [33m!==[39m stageId) {
    [90m 72| [39m    [35mthrow[39m [35mnew[39m [33mClarityBurstAbstainError[39m({
    [90m   | [39m          [31m^[39m
    [90m 73| [39m      stageId[33m,[39m
    [90m 74| [39m      outcome[33m:[39m [32m"ABSTAIN_CLARIFY"[39m[33m,[39m
[90m [2mΓ¥»[22m executeWithNetworkGating src/agents/pi-tools.read.ts:[2m522:23[22m[39m
[90m [2mΓ¥»[22m Object.tool.execute src/agents/pi-tools.read.ts:[2m771:12[22m[39m
[90m [2mΓ¥»[22m src/agents/pi-tools.read.network-gating.userinfo.test.ts:[2m349:18[22m[39m

[31m[2mΓÄ»ΓÄ»ΓÄ»ΓÄ»ΓÄ»ΓÄ»ΓÄ»ΓÄ»ΓÄ»ΓÄ»ΓÄ»ΓÄ»ΓÄ»ΓÄ»ΓÄ»ΓÄ»ΓÄ»ΓÄ»ΓÄ»ΓÄ»[178/309]ΓÄ»[22m[39m

[41m[1m FAIL [22m[49m src/agents/pi-tools.read.network-gating.userinfo.test.ts[2m > [22mNETWORK_IO credential-in-URL (userinfo) hard-block[2m > 
[22mallowed URLs without userinfo (proceed to routing)[2m > [22mallows URL with @ in query string (not in authority)
[31m[1mClarityBurstAbstainError[22m: ClarityBurst: clarification required before network operation[39m
[36m [2mΓ¥»[22m loadPackOrAbstain src/clarityburst/pack-load.ts:[2m72:11[22m[39m
    [90m 70| [39m  [90m// stored under one stage_id but internally declares a different one.[39m
    [90m 71| [39m  [35mif[39m (pack[33m.[39mstage_id [33m!==[39m stageId) {
    [90m 72| [39m    [35mthrow[39m [35mnew[39m [33mClarityBurstAbstainError[39m({
    [90m   | [39m          [31m^[39m
    [90m 73| [39m      stageId[33m,[39m
    [90m 74| [39m      outcome[33m:[39m [32m"ABSTAIN_CLARIFY"[39m[33m,[39m
[90m [2mΓ¥»[22m executeWithNetworkGating src/agents/pi-tools.read.ts:[2m522:23[22m[39m
[90m [2mΓ¥»[22m Object.tool.execute src/agents/pi-tools.read.ts:[2m771:12[22m[39m
[90m [2mΓ¥»[22m src/agents/pi-tools.read.network-gating.userinfo.test.ts:[2m364:18[22m[39m

[31m[2mΓÄ»ΓÄ»ΓÄ»ΓÄ»ΓÄ»ΓÄ»ΓÄ»ΓÄ»ΓÄ»ΓÄ»ΓÄ»ΓÄ»ΓÄ»ΓÄ»ΓÄ»ΓÄ»ΓÄ»ΓÄ»ΓÄ»ΓÄ»[179/309]ΓÄ»[22m[39m

[41m[1m FAIL [22m[49m src/agents/pi-tools.read.network-gating.userinfo.test.ts[2m > [22mNETWORK_IO credential-in-URL (userinfo) hard-block[2m > 
[22mallowed URLs without userinfo (proceed to routing)[2m > [22mallows URL with @ in fragment (not in authority)
[31m[1mClarityBurstAbstainError[22m: ClarityBurst: clarification required before network operation[39m
[36m [2mΓ¥»[22m loadPackOrAbstain src/clarityburst/pack-load.ts:[2m72:11[22m[39m
    [90m 70| [39m  [90m// stored under one stage_id but internally declares a different one.[39m
    [90m 71| [39m  [35mif[39m (pack[33m.[39mstage_id [33m!==[39m stageId) {
    [90m 72| [39m    [35mthrow[39m [35mnew[39m [33mClarityBurstAbstainError[39m({
    [90m   | [39m          [31m^[39m
    [90m 73| [39m      stageId[33m,[39m
    [90m 74| [39m      outcome[33m:[39m [32m"ABSTAIN_CLARIFY"[39m[33m,[39m
[90m [2mΓ¥»[22m executeWithNetworkGating src/agents/pi-tools.read.ts:[2m522:23[22m[39m
[90m [2mΓ¥»[22m Object.tool.execute src/agents/pi-tools.read.ts:[2m771:12[22m[39m
[90m [2mΓ¥»[22m src/agents/pi-tools.read.network-gating.userinfo.test.ts:[2m379:18[22m[39m

[31m[2mΓÄ»ΓÄ»ΓÄ»ΓÄ»ΓÄ»ΓÄ»ΓÄ»ΓÄ»ΓÄ»ΓÄ»ΓÄ»ΓÄ»ΓÄ»ΓÄ»ΓÄ»ΓÄ»ΓÄ»ΓÄ»ΓÄ»ΓÄ»[180/309]ΓÄ»[22m[39m

[41m[1m FAIL [22m[49m src/agents/pi-tools.read.network-gating.userinfo.test.ts[2m > [22mNETWORK_IO credential-in-URL (userinfo) hard-block[2m > 
[22mallowed URLs without userinfo (proceed to routing)[2m > [22mallows URL with port but no userinfo
[31m[1mClarityBurstAbstainError[22m: ClarityBurst: clarification required before network operation[39m
[36m [2mΓ¥»[22m loadPackOrAbstain src/clarityburst/pack-load.ts:[2m72:11[22m[39m
    [90m 70| [39m  [90m// stored under one stage_id but internally declares a different one.[39m
    [90m 71| [39m  [35mif[39m (pack[33m.[39mstage_id [33m!==[39m stageId) {
    [90m 72| [39m    [35mthrow[39m [35mnew[39m [33mClarityBurstAbstainError[39m({
    [90m   | [39m          [31m^[39m
    [90m 73| [39m      stageId[33m,[39m
    [90m 74| [39m      outcome[33m:[39m [32m"ABSTAIN_CLARIFY"[39m[33m,[39m
[90m [2mΓ¥»[22m executeWithNetworkGating src/agents/pi-tools.read.ts:[2m522:23[22m[39m
[90m [2mΓ¥»[22m Object.tool.execute src/agents/pi-tools.read.ts:[2m771:12[22m[39m
[90m [2mΓ¥»[22m src/agents/pi-tools.read.network-gating.userinfo.test.ts:[2m394:18[22m[39m

[31m[2mΓÄ»ΓÄ»ΓÄ»ΓÄ»ΓÄ»ΓÄ»ΓÄ»ΓÄ»ΓÄ»ΓÄ»ΓÄ»ΓÄ»ΓÄ»ΓÄ»ΓÄ»ΓÄ»ΓÄ»ΓÄ»ΓÄ»ΓÄ»[181/309]ΓÄ»[22m[39m

[41m[1m FAIL [22m[49m src/agents/pi-tools.read.network-gating.userinfo.test.ts[2m > [22mNETWORK_IO credential-in-URL (userinfo) hard-block[2m > 
[22muserinfo check ordering (must be after scheme check, before router)[2m > [22muserinfo check blocks AFTER scheme validation passes but BEFORE router 
call
[31m[1mAssertionError[22m: The instanceof assertion needs a constructor but undefined was given.[39m
[36m [2mΓ¥»[22m src/agents/pi-tools.read.network-gating.userinfo.test.ts:[2m417:21[22m[39m
    [90m415| [39m        expect[33m.[39m[34mfail[39m([32m"Expected ClarityBurstAbstainError"[39m)[33m;[39m
    [90m416| [39m      } [35mcatch[39m (err) {
    [90m417| [39m        [34mexpect[39m(err)[33m.[39m[34mtoBeInstanceOf[39m([33mClarityBurstAbstainError[39m)[33m;[39m
    [90m   | [39m                    [31m^[39m
    [90m418| [39m      }
    [90m419| [39m

[31m[2mΓÄ»ΓÄ»ΓÄ»ΓÄ»ΓÄ»ΓÄ»ΓÄ»ΓÄ»ΓÄ»ΓÄ»ΓÄ»ΓÄ»ΓÄ»ΓÄ»ΓÄ»ΓÄ»ΓÄ»ΓÄ»ΓÄ»ΓÄ»[182/309]ΓÄ»[22m[39m

[41m[1m FAIL [22m[49m src/agents/pi-tools.read.network-gating.userinfo.test.ts[2m > [22mNETWORK_IO credential-in-URL (userinfo) hard-block[2m > 
[22merror field validation[2m > [22muserinfo error contains exact expected fields (user only)
[31m[1mAssertionError[22m: The instanceof assertion needs a constructor but undefined was given.[39m
[36m [2mΓ¥»[22m src/agents/pi-tools.read.network-gating.userinfo.test.ts:[2m442:21[22m[39m
    [90m440| [39m        expect[33m.[39m[34mfail[39m([32m"Expected ClarityBurstAbstainError"[39m)[33m;[39m
    [90m441| [39m      } [35mcatch[39m (err) {
    [90m442| [39m        [34mexpect[39m(err)[33m.[39m[34mtoBeInstanceOf[39m([33mClarityBurstAbstainError[39m)[33m;[39m
    [90m   | [39m                    [31m^[39m
    [90m443| [39m        [35mconst[39m e [33m=[39m err [35mas[39m [33mClarityBurstAbstainError[39m[33m;[39m
    [90m444| [39m

[31m[2mΓÄ»ΓÄ»ΓÄ»ΓÄ»ΓÄ»ΓÄ»ΓÄ»ΓÄ»ΓÄ»ΓÄ»ΓÄ»ΓÄ»ΓÄ»ΓÄ»ΓÄ»ΓÄ»ΓÄ»ΓÄ»ΓÄ»ΓÄ»[183/309]ΓÄ»[22m[39m

[41m[1m FAIL [22m[49m src/agents/pi-tools.read.network-gating.userinfo.test.ts[2m > [22mNETWORK_IO credential-in-URL (userinfo) hard-block[2m > 
[22merror field validation[2m > [22muserinfo error contains exact expected fields (user:pass)
[31m[1mAssertionError[22m: The instanceof assertion needs a constructor but undefined was given.[39m
[36m [2mΓ¥»[22m src/agents/pi-tools.read.network-gating.userinfo.test.ts:[2m465:21[22m[39m
    [90m463| [39m        expect[33m.[39m[34mfail[39m([32m"Expected ClarityBurstAbstainError"[39m)[33m;[39m
    [90m464| [39m      } [35mcatch[39m (err) {
    [90m465| [39m        [34mexpect[39m(err)[33m.[39m[34mtoBeInstanceOf[39m([33mClarityBurstAbstainError[39m)[33m;[39m
    [90m   | [39m                    [31m^[39m
    [90m466| [39m        [35mconst[39m e [33m=[39m err [35mas[39m [33mClarityBurstAbstainError[39m[33m;[39m
    [90m467| [39m

[31m[2mΓÄ»ΓÄ»ΓÄ»ΓÄ»ΓÄ»ΓÄ»ΓÄ»ΓÄ»ΓÄ»ΓÄ»ΓÄ»ΓÄ»ΓÄ»ΓÄ»ΓÄ»ΓÄ»ΓÄ»ΓÄ»ΓÄ»ΓÄ»[184/309]ΓÄ»[22m[39m

[41m[1m FAIL [22m[49m src/agents/pi-tools.workspace-paths.test.ts[2m > [22mworkspace path resolution[2m > [22mreads relative paths against 
workspaceDir even after cwd changes
[31m[1mError[22m: Test timed out in 120000ms.
If this is a long-running test, pass a timeout value as the last argument or configure it globally with "testTimeout".[39m
[36m [2mΓ¥»[22m src/agents/pi-tools.workspace-paths.test.ts:[2m22:3[22m[39m
    [90m 20| [39m
    [90m 21| [39m[34mdescribe[39m([32m"workspace path resolution"[39m[33m,[39m () [33m=>[39m {
    [90m 22| [39m  it("reads relative paths against workspaceDir even after cwd changesΓÇª
    [90m   | [39m  [31m^[39m
    [90m 23| [39m    [35mawait[39m [34mwithTempDir[39m([32m"openclaw-ws-"[39m[33m,[39m [35masync[39m (workspaceDir) [33m=>[39m {
    [90m 24| [39m      [35mawait[39m [34mwithTempDir[39m([32m"openclaw-cwd-"[39m[33m,[39m [35masync[39m (otherDir) [33m=>[39m {

[31m[2mΓÄ»ΓÄ»ΓÄ»ΓÄ»ΓÄ»ΓÄ»ΓÄ»ΓÄ»ΓÄ»ΓÄ»ΓÄ»ΓÄ»ΓÄ»ΓÄ»ΓÄ»ΓÄ»ΓÄ»ΓÄ»ΓÄ»ΓÄ»[185/309]ΓÄ»[22m[39m

[41m[1m FAIL [22m[49m src/agents/pi-tools.workspace-paths.test.ts[2m > [22mworkspace path resolution[2m > [22mwrites relative paths against 
workspaceDir even after cwd changes
[31m[1mTypeError[22m: tools.find is not a function[39m
[36m [2mΓ¥»[22m src/agents/pi-tools.workspace-paths.test.ts:[2m55:35[22m[39m
    [90m 53| [39m        [35mtry[39m {
    [90m 54| [39m          [35mconst[39m tools [33m=[39m [34mcreateOpenClawCodingTools[39m({ workspaceDir })[33m;[39m
    [90m 55| [39m          const writeTool = tools.find((tool) => tool.name === "write"ΓÇª
    [90m   | [39m                                  [31m^[39m
    [90m 56| [39m          [34mexpect[39m(writeTool)[33m.[39m[34mtoBeDefined[39m()[33m;[39m
    [90m 57| [39m
[90m [2mΓ¥»[22m withTempDir src/agents/pi-tools.workspace-paths.test.ts:[2m10:18[22m[39m
[90m [2mΓ¥»[22m src/agents/pi-tools.workspace-paths.test.ts:[2m47:7[22m[39m
[90m [2mΓ¥»[22m withTempDir src/agents/pi-tools.workspace-paths.test.ts:[2m10:12[22m[39m
[90m [2mΓ¥»[22m src/agents/pi-tools.workspace-paths.test.ts:[2m46:5[22m[39m

[31m[2mΓÄ»ΓÄ»ΓÄ»ΓÄ»ΓÄ»ΓÄ»ΓÄ»ΓÄ»ΓÄ»ΓÄ»ΓÄ»ΓÄ»ΓÄ»ΓÄ»ΓÄ»ΓÄ»ΓÄ»ΓÄ»ΓÄ»ΓÄ»[186/309]ΓÄ»[22m[39m

[41m[1m FAIL [22m[49m src/agents/pi-tools.workspace-paths.test.ts[2m > [22mworkspace path resolution[2m > [22medits relative paths against 
workspaceDir even after cwd changes
[31m[1mTypeError[22m: tools.find is not a function[39m
[36m [2mΓ¥»[22m src/agents/pi-tools.workspace-paths.test.ts:[2m82:34[22m[39m
    [90m 80| [39m        [35mtry[39m {
    [90m 81| [39m          [35mconst[39m tools [33m=[39m [34mcreateOpenClawCodingTools[39m({ workspaceDir })[33m;[39m
    [90m 82| [39m          [35mconst[39m editTool [33m=[39m tools[33m.[39m[34mfind[39m((tool) [33m=>[39m tool[33m.[39mname [33m===[39m 
[32m"edit"[39m)[33m;[39m
    [90m   | [39m                                 [31m^[39m
    [90m 83| [39m          [34mexpect[39m(editTool)[33m.[39m[34mtoBeDefined[39m()[33m;[39m
    [90m 84| [39m
[90m [2mΓ¥»[22m withTempDir src/agents/pi-tools.workspace-paths.test.ts:[2m10:12[22m[39m
[90m [2mΓ¥»[22m src/agents/pi-tools.workspace-paths.test.ts:[2m74:7[22m[39m
[90m [2mΓ¥»[22m withTempDir src/agents/pi-tools.workspace-paths.test.ts:[2m10:12[22m[39m
[90m [2mΓ¥»[22m src/agents/pi-tools.workspace-paths.test.ts:[2m73:5[22m[39m

[31m[2mΓÄ»ΓÄ»ΓÄ»ΓÄ»ΓÄ»ΓÄ»ΓÄ»ΓÄ»ΓÄ»ΓÄ»ΓÄ»ΓÄ»ΓÄ»ΓÄ»ΓÄ»ΓÄ»ΓÄ»ΓÄ»ΓÄ»ΓÄ»[187/309]ΓÄ»[22m[39m

[41m[1m FAIL [22m[49m src/agents/pi-tools.workspace-paths.test.ts[2m > [22mworkspace path resolution[2m > [22mdefaults exec cwd to workspaceDir 
when workdir is omitted
[31m[1mTypeError[22m: tools.find is not a function[39m
[36m [2mΓ¥»[22m src/agents/pi-tools.workspace-paths.test.ts:[2m103:30[22m[39m
    [90m101| [39m    [35mawait[39m [34mwithTempDir[39m([32m"openclaw-ws-"[39m[33m,[39m [35masync[39m (workspaceDir) [33m=>[39m {
    [90m102| [39m      [35mconst[39m tools [33m=[39m [34mcreateOpenClawCodingTools[39m({ workspaceDir })[33m;[39m
    [90m103| [39m      [35mconst[39m execTool [33m=[39m tools[33m.[39m[34mfind[39m((tool) [33m=>[39m tool[33m.[39mname [33m===[39m 
[32m"exec"[39m)[33m;[39m
    [90m   | [39m                             [31m^[39m
    [90m104| [39m      [34mexpect[39m(execTool)[33m.[39m[34mtoBeDefined[39m()[33m;[39m
    [90m105| [39m
[90m [2mΓ¥»[22m withTempDir src/agents/pi-tools.workspace-paths.test.ts:[2m10:18[22m[39m
[90m [2mΓ¥»[22m src/agents/pi-tools.workspace-paths.test.ts:[2m101:5[22m[39m

[31m[2mΓÄ»ΓÄ»ΓÄ»ΓÄ»ΓÄ»ΓÄ»ΓÄ»ΓÄ»ΓÄ»ΓÄ»ΓÄ»ΓÄ»ΓÄ»ΓÄ»ΓÄ»ΓÄ»ΓÄ»ΓÄ»ΓÄ»ΓÄ»[188/309]ΓÄ»[22m[39m

[41m[1m FAIL [22m[49m src/agents/pi-tools.workspace-paths.test.ts[2m > [22mworkspace path resolution[2m > [22mlets exec workdir override the 
workspace default
[31m[1mTypeError[22m: tools.find is not a function[39m
[36m [2mΓ¥»[22m src/agents/pi-tools.workspace-paths.test.ts:[2m126:32[22m[39m
    [90m124| [39m      [35mawait[39m [34mwithTempDir[39m([32m"openclaw-override-"[39m[33m,[39m [35masync[39m (overrideDir) [33m=>[39m {
    [90m125| [39m        [35mconst[39m tools [33m=[39m [34mcreateOpenClawCodingTools[39m({ workspaceDir })[33m;[39m
    [90m126| [39m        [35mconst[39m execTool [33m=[39m tools[33m.[39m[34mfind[39m((tool) [33m=>[39m tool[33m.[39mname [33m===[39m 
[32m"exec"[39m)[33m;[39m
    [90m   | [39m                               [31m^[39m
    [90m127| [39m        [34mexpect[39m(execTool)[33m.[39m[34mtoBeDefined[39m()[33m;[39m
    [90m128| [39m
[90m [2mΓ¥»[22m withTempDir src/agents/pi-tools.workspace-paths.test.ts:[2m10:18[22m[39m
[90m [2mΓ¥»[22m src/agents/pi-tools.workspace-paths.test.ts:[2m124:7[22m[39m
[90m [2mΓ¥»[22m withTempDir src/agents/pi-tools.workspace-paths.test.ts:[2m10:12[22m[39m
[90m [2mΓ¥»[22m src/agents/pi-tools.workspace-paths.test.ts:[2m123:5[22m[39m

[31m[2mΓÄ»ΓÄ»ΓÄ»ΓÄ»ΓÄ»ΓÄ»ΓÄ»ΓÄ»ΓÄ»ΓÄ»ΓÄ»ΓÄ»ΓÄ»ΓÄ»ΓÄ»ΓÄ»ΓÄ»ΓÄ»ΓÄ»ΓÄ»[189/309]ΓÄ»[22m[39m

[41m[1m FAIL [22m[49m src/agents/pi-tools.workspace-paths.test.ts[2m > [22msandboxed workspace paths[2m > [22muses sandbox workspace for relative 
read/write/edit
[31m[1mTypeError[22m: tools.find is not a function[39m
[36m [2mΓ¥»[22m src/agents/pi-tools.workspace-paths.test.ts:[2m180:32[22m[39m
    [90m178| [39m
    [90m179| [39m        const tools = createOpenClawCodingTools({ workspaceDir, sandboΓÇª
    [90m180| [39m        [35mconst[39m readTool [33m=[39m tools[33m.[39m[34mfind[39m((tool) [33m=>[39m tool[33m.[39mname [33m===[39m 
[32m"read"[39m)[33m;[39m
    [90m   | [39m                               [31m^[39m
    [90m181| [39m        [35mconst[39m writeTool [33m=[39m tools[33m.[39m[34mfind[39m((tool) [33m=>[39m tool[33m.[39mname [33m===[39m 
[32m"write"[39m)[33m;[39m
    [90m182| [39m        [35mconst[39m editTool [33m=[39m tools[33m.[39m[34mfind[39m((tool) [33m=>[39m tool[33m.[39mname [33m===[39m 
[32m"edit"[39m)[33m;[39m
[90m [2mΓ¥»[22m withTempDir src/agents/pi-tools.workspace-paths.test.ts:[2m10:12[22m[39m
[90m [2mΓ¥»[22m src/agents/pi-tools.workspace-paths.test.ts:[2m151:7[22m[39m
[90m [2mΓ¥»[22m withTempDir src/agents/pi-tools.workspace-paths.test.ts:[2m10:12[22m[39m
[90m [2mΓ¥»[22m src/agents/pi-tools.workspace-paths.test.ts:[2m150:5[22m[39m

[31m[2mΓÄ»ΓÄ»ΓÄ»ΓÄ»ΓÄ»ΓÄ»ΓÄ»ΓÄ»ΓÄ»ΓÄ»ΓÄ»ΓÄ»ΓÄ»ΓÄ»ΓÄ»ΓÄ»ΓÄ»ΓÄ»ΓÄ»ΓÄ»[190/309]ΓÄ»[22m[39m

[41m[1m FAIL [22m[49m src/clarityburst/decision-override.test.ts[2m > [22mapplyNetworkOverrides - HIGH risk contract confirmation gating[2m > 
[22mwhen routing to HIGH-risk contract with passing uncertainty scores[2m > [22mshould throw ClarityBurstAbstainError and NOT execute tool when 
userConfirmed is undefined
[31m[1mTypeError[22m: Right-hand side of 'instanceof' is not an object[39m
[36m [2mΓ¥»[22m src/clarityburst/decision-override.test.ts:[2m211:13[22m[39m
    [90m209| [39m        mockToolExecutor[33m.[39m[34mexecute[39m()[33m;[39m
    [90m210| [39m      } [35mcatch[39m (error) {
    [90m211| [39m        [35mif[39m (error [35minstanceof[39m [33mClarityBurstAbstainError[39m) {
    [90m   | [39m            [31m^[39m
    [90m212| [39m          caughtError [33m=[39m error[33m;[39m
    [90m213| [39m        } [35melse[39m {

[31m[2mΓÄ»ΓÄ»ΓÄ»ΓÄ»ΓÄ»ΓÄ»ΓÄ»ΓÄ»ΓÄ»ΓÄ»ΓÄ»ΓÄ»ΓÄ»ΓÄ»ΓÄ»ΓÄ»ΓÄ»ΓÄ»ΓÄ»ΓÄ»[191/309]ΓÄ»[22m[39m

[41m[1m FAIL [22m[49m src/clarityburst/decision-override.test.ts[2m > [22mNETWORK_IO ClarityBurstAbstainError - central non-retryable handling 
path[2m > [22mrouter_outage ΓåÆ ABSTAIN_CLARIFY propagation[2m > [22mshould return blocked response with all fields intact when router is unavailable
[31m[1mTypeError[22m: __vite_ssr_import_2__.ClarityBurstAbstainError is not a constructor[39m
[36m [2mΓ¥»[22m executeNetworkOperationWithGating src/clarityburst/decision-override.test.ts:[2m510:19[22m[39m
    [90m508| [39m  [35mif[39m (gatingResult[33m.[39moutcome [33m===[39m [32m"ABSTAIN_CLARIFY"[39m) {
    [90m509| [39m    [90m// Convert to blocked response - this is the non-retryable path[39m
    [90m510| [39m    [35mconst[39m error [33m=[39m [35mnew[39m [33mClarityBurstAbstainError[39m({
    [90m   | [39m                  [31m^[39m
    [90m511| [39m      stageId[33m:[39m [32m"NETWORK_IO"[39m[33m,[39m
    [90m512| [39m      outcome[33m:[39m gatingResult[33m.[39moutcome[33m,[39m
[90m [2mΓ¥»[22m src/clarityburst/decision-override.test.ts:[2m560:22[22m[39m

[31m[2mΓÄ»ΓÄ»ΓÄ»ΓÄ»ΓÄ»ΓÄ»ΓÄ»ΓÄ»ΓÄ»ΓÄ»ΓÄ»ΓÄ»ΓÄ»ΓÄ»ΓÄ»ΓÄ»ΓÄ»ΓÄ»ΓÄ»ΓÄ»[192/309]ΓÄ»[22m[39m

[41m[1m FAIL [22m[49m src/clarityburst/decision-override.test.ts[2m > [22mNETWORK_IO ClarityBurstAbstainError - central non-retryable handling 
path[2m > [22mrouter_outage ΓåÆ ABSTAIN_CLARIFY propagation[2m > [22mshould propagate router_outage through ClarityBurstAbstainError with exact fields
[31m[1mTypeError[22m: __vite_ssr_import_2__.ClarityBurstAbstainError is not a constructor[39m
[36m [2mΓ¥»[22m src/clarityburst/decision-override.test.ts:[2m608:23[22m[39m
    [90m606| [39m      [90m// Verify this is converted to non-retryable blocked response[39m
    [90m607| [39m      [35mif[39m (gatingResult[33m.[39moutcome [33m===[39m [32m"ABSTAIN_CLARIFY"[39m) {
    [90m608| [39m        [35mconst[39m error [33m=[39m [35mnew[39m [33mClarityBurstAbstainError[39m({
    [90m   | [39m                      [31m^[39m
    [90m609| [39m          stageId[33m:[39m [32m"NETWORK_IO"[39m[33m,[39m
    [90m610| [39m          outcome[33m:[39m gatingResult[33m.[39moutcome[33m,[39m

[31m[2mΓÄ»ΓÄ»ΓÄ»ΓÄ»ΓÄ»ΓÄ»ΓÄ»ΓÄ»ΓÄ»ΓÄ»ΓÄ»ΓÄ»ΓÄ»ΓÄ»ΓÄ»ΓÄ»ΓÄ»ΓÄ»ΓÄ»ΓÄ»[193/309]ΓÄ»[22m[39m

[41m[1m FAIL [22m[49m src/clarityburst/decision-override.test.ts[2m > [22mNETWORK_IO ClarityBurstAbstainError - central non-retryable handling 
path[2m > [22mABSTAIN_CONFIRM - confirmation required & missing[2m > [22mshould return blocked response with all fields intact when confirmation is 
missing
[31m[1mTypeError[22m: __vite_ssr_import_2__.ClarityBurstAbstainError is not a constructor[39m
[36m [2mΓ¥»[22m executeNetworkOperationWithGating src/clarityburst/decision-override.test.ts:[2m522:19[22m[39m
    [90m520| [39m  [35mif[39m (gatingResult[33m.[39moutcome [33m===[39m [32m"ABSTAIN_CONFIRM"[39m) {
    [90m521| [39m    [90m// Convert to blocked response - this is the non-retryable path[39m
    [90m522| [39m    [35mconst[39m error [33m=[39m [35mnew[39m [33mClarityBurstAbstainError[39m({
    [90m   | [39m                  [31m^[39m
    [90m523| [39m      stageId[33m:[39m [32m"NETWORK_IO"[39m[33m,[39m
    [90m524| [39m      outcome[33m:[39m gatingResult[33m.[39moutcome[33m,[39m
[90m [2mΓ¥»[22m src/clarityburst/decision-override.test.ts:[2m639:22[22m[39m

[31m[2mΓÄ»ΓÄ»ΓÄ»ΓÄ»ΓÄ»ΓÄ»ΓÄ»ΓÄ»ΓÄ»ΓÄ»ΓÄ»ΓÄ»ΓÄ»ΓÄ»ΓÄ»ΓÄ»ΓÄ»ΓÄ»ΓÄ»ΓÄ»[194/309]ΓÄ»[22m[39m

[41m[1m FAIL [22m[49m src/clarityburst/decision-override.test.ts[2m > [22mNETWORK_IO ClarityBurstAbstainError - central non-retryable handling 
path[2m > [22mABSTAIN_CONFIRM - confirmation required & missing[2m > [22mshould propagate ABSTAIN_CONFIRM through ClarityBurstAbstainError with exact 
fields
[31m[1mTypeError[22m: __vite_ssr_import_2__.ClarityBurstAbstainError is not a constructor[39m
[36m [2mΓ¥»[22m src/clarityburst/decision-override.test.ts:[2m688:23[22m[39m
    [90m686| [39m      [90m// Verify this is converted to non-retryable blocked response[39m
    [90m687| [39m      [35mif[39m (gatingResult[33m.[39moutcome [33m===[39m [32m"ABSTAIN_CONFIRM"[39m) {
    [90m688| [39m        [35mconst[39m error [33m=[39m [35mnew[39m [33mClarityBurstAbstainError[39m({
    [90m   | [39m                      [31m^[39m
    [90m689| [39m          stageId[33m:[39m [32m"NETWORK_IO"[39m[33m,[39m
    [90m690| [39m          outcome[33m:[39m gatingResult[33m.[39moutcome[33m,[39m

[31m[2mΓÄ»ΓÄ»ΓÄ»ΓÄ»ΓÄ»ΓÄ»ΓÄ»ΓÄ»ΓÄ»ΓÄ»ΓÄ»ΓÄ»ΓÄ»ΓÄ»ΓÄ»ΓÄ»ΓÄ»ΓÄ»ΓÄ»ΓÄ»[195/309]ΓÄ»[22m[39m

[41m[1m FAIL [22m[49m src/clarityburst/decision-override.test.ts[2m > [22mNETWORK_IO ClarityBurstAbstainError - central non-retryable handling 
path[2m > [22mABSTAIN_CONFIRM - confirmation required & missing[2m > [22mshould NOT execute tool and NOT retry when ABSTAIN_CONFIRM is returned
[31m[1mTypeError[22m: __vite_ssr_import_2__.ClarityBurstAbstainError is not a constructor[39m
[36m [2mΓ¥»[22m executeNetworkOperationWithGating src/clarityburst/decision-override.test.ts:[2m522:19[22m[39m
    [90m520| [39m  [35mif[39m (gatingResult[33m.[39moutcome [33m===[39m [32m"ABSTAIN_CONFIRM"[39m) {
    [90m521| [39m    [90m// Convert to blocked response - this is the non-retryable path[39m
    [90m522| [39m    [35mconst[39m error [33m=[39m [35mnew[39m [33mClarityBurstAbstainError[39m({
    [90m   | [39m                  [31m^[39m
    [90m523| [39m      stageId[33m:[39m [32m"NETWORK_IO"[39m[33m,[39m
    [90m524| [39m      outcome[33m:[39m gatingResult[33m.[39moutcome[33m,[39m
[90m [2mΓ¥»[22m src/clarityburst/decision-override.test.ts:[2m718:11[22m[39m

[31m[2mΓÄ»ΓÄ»ΓÄ»ΓÄ»ΓÄ»ΓÄ»ΓÄ»ΓÄ»ΓÄ»ΓÄ»ΓÄ»ΓÄ»ΓÄ»ΓÄ»ΓÄ»ΓÄ»ΓÄ»ΓÄ»ΓÄ»ΓÄ»[196/309]ΓÄ»[22m[39m

[41m[1m FAIL [22m[49m src/cli/program.smoke.test.ts[2m > [22mcli program (smoke)[2m > [22mruns message with required options
[31m[1mError[22m: Test timed out in 120000ms.
If this is a long-running test, pass a timeout value as the last argument or configure it globally with "testTimeout".[39m
[36m [2mΓ¥»[22m src/cli/program.smoke.test.ts:[2m62:3[22m[39m
    [90m 60| [39m  })[33m;[39m
    [90m 61| [39m
    [90m 62| [39m  [34mit[39m([32m"runs message with required options"[39m[33m,[39m [35masync[39m () [33m=>[39m {
    [90m   | [39m  [31m^[39m
    [90m 63| [39m    [35mconst[39m program [33m=[39m [34mbuildProgram[39m()[33m;[39m
    [90m 64| [39m    await program.parseAsync(["message", "send", "--target", "+1", "--ΓÇª

[31m[2mΓÄ»ΓÄ»ΓÄ»ΓÄ»ΓÄ»ΓÄ»ΓÄ»ΓÄ»ΓÄ»ΓÄ»ΓÄ»ΓÄ»ΓÄ»ΓÄ»ΓÄ»ΓÄ»ΓÄ»ΓÄ»ΓÄ»ΓÄ»[197/309]ΓÄ»[22m[39m

[41m[1m FAIL [22m[49m src/commands/agent.test.ts[2m > [22magentCommand[2m > [22mcreates a session entry when deriving from --to
[31m[1mError[22m: ENOENT: no such file or directory, open 'C:\Users\rob_m\AppData\Local\Temp\openclaw-agent-K5lLqK\sessions.json'[39m
[36m [2mΓ¥»[22m src/commands/agent.test.ts:[2m84:35[22m[39m
    [90m 82| [39m      [35mawait[39m [34magentCommand[39m({ message[33m:[39m [32m"hello"[39m[33m,[39m to[33m:[39m [32m"+1555"[39m 
}[33m,[39m runtime)[33m;[39m
    [90m 83| [39m
    [90m 84| [39m      const saved = JSON.parse(fs.readFileSync(store, "utf-8")) as RecΓÇª
    [90m   | [39m                                  [31m^[39m
    [90m 85| [39m        string[33m,[39m
    [90m 86| [39m        { sessionId[33m:[39m string }
[90m [2mΓ¥»[22m Module.withTempHome test/helpers/temp-home.ts:[2m102:12[22m[39m
[90m [2mΓ¥»[22m src/commands/agent.test.ts:[2m78:5[22m[39m

[31m[2mΓÄ»ΓÄ»ΓÄ»ΓÄ»ΓÄ»ΓÄ»ΓÄ»ΓÄ»ΓÄ»ΓÄ»ΓÄ»ΓÄ»ΓÄ»ΓÄ»ΓÄ»ΓÄ»ΓÄ»ΓÄ»ΓÄ»ΓÄ»[198/309]ΓÄ»[22m[39m

[41m[1m FAIL [22m[49m src/commands/agent.test.ts[2m > [22magentCommand[2m > [22mpersists thinking and verbose overrides
[31m[1mError[22m: ENOENT: no such file or directory, open 'C:\Users\rob_m\AppData\Local\Temp\openclaw-agent-YOrQK1\sessions.json'[39m
[36m [2mΓ¥»[22m src/commands/agent.test.ts:[2m100:35[22m[39m
    [90m 98| [39m      await agentCommand({ message: "hi", to: "+1222", thinking: "highΓÇª
    [90m 99| [39m
    [90m100| [39m      const saved = JSON.parse(fs.readFileSync(store, "utf-8")) as RecΓÇª
    [90m   | [39m                                  [31m^[39m
    [90m101| [39m        string[33m,[39m
    [90m102| [39m        { thinkingLevel[33m?[39m[33m:[39m string[33m;[39m verboseLevel[33m?[39m[33m:[39m string }
[90m [2mΓ¥»[22m Module.withTempHome test/helpers/temp-home.ts:[2m102:12[22m[39m
[90m [2mΓ¥»[22m src/commands/agent.test.ts:[2m94:5[22m[39m

[31m[2mΓÄ»ΓÄ»ΓÄ»ΓÄ»ΓÄ»ΓÄ»ΓÄ»ΓÄ»ΓÄ»ΓÄ»ΓÄ»ΓÄ»ΓÄ»ΓÄ»ΓÄ»ΓÄ»ΓÄ»ΓÄ»ΓÄ»ΓÄ»[199/309]ΓÄ»[22m[39m

[41m[1m FAIL [22m[49m src/commands/agent.test.ts[2m > [22magentCommand[2m > [22mkeeps explicit sessionKey even when sessionId exists elsewhere
[31m[1mAssertionError[22m: expected undefined to be 'sess-main' // Object.is equality[39m

[32m- Expected:[39m 
"sess-main"

[31m+ Received:[39m 
undefined

[36m [2mΓ¥»[22m src/commands/agent.test.ts:[2m234:59[22m[39m
    [90m232| [39m        { sessionId[33m?[39m[33m:[39m string }
    [90m233| [39m      [33m>[39m[33m;[39m
    [90m234| [39m      expect(saved["agent:main:subagent:abc"]?.sessionId).toBe("sess-mΓÇª
    [90m   | [39m                                                          [31m^[39m
    [90m235| [39m    })[33m;[39m
    [90m236| [39m  })[33m;[39m
[90m [2mΓ¥»[22m Module.withTempHome test/helpers/temp-home.ts:[2m102:12[22m[39m
[90m [2mΓ¥»[22m src/commands/agent.test.ts:[2m200:5[22m[39m

[31m[2mΓÄ»ΓÄ»ΓÄ»ΓÄ»ΓÄ»ΓÄ»ΓÄ»ΓÄ»ΓÄ»ΓÄ»ΓÄ»ΓÄ»ΓÄ»ΓÄ»ΓÄ»ΓÄ»ΓÄ»ΓÄ»ΓÄ»ΓÄ»[200/309]ΓÄ»[22m[39m

[41m[1m FAIL [22m[49m src/commands/doctor-state-migrations.test.ts[2m > [22mdoctor legacy state migrations[2m > [22mmigrates legacy sessions into 
agents/<id>/sessions
[31m[1mError[22m: ENOENT: no such file or directory, open 
'C:\Users\rob_m\AppData\Local\Temp\openclaw-doctor-u3wRRZ\agents\main\sessions\sessions.json'[39m
[36m [2mΓ¥»[22m src/commands/doctor-state-migrations.test.ts:[2m71:10[22m[39m
    [90m 69| [39m
    [90m 70| [39m    [35mconst[39m store [33m=[39m [33mJSON[39m[33m.[39m[34mparse[39m(
    [90m 71| [39m      fs[33m.[39m[34mreadFileSync[39m(path[33m.[39m[34mjoin[39m(targetDir[33m,[39m [32m"sessions.json"[39m)[33m,[39m 
[32m"utf-8"[39m)[33m,[39m
    [90m   | [39m         [31m^[39m
    [90m 72| [39m    ) [35mas[39m [33mRecord[39m[33m<[39mstring[33m,[39m { sessionId[33m:[39m string }[33m>[39m[33m;[39m
    [90m 73| [39m    [34mexpect[39m(store[[32m"agent:main:main"[39m][33m?.[39msessionId)[33m.[39m[34mtoBe[39m([32m"b"[39m)[33m;[39m

[31m[2mΓÄ»ΓÄ»ΓÄ»ΓÄ»ΓÄ»ΓÄ»ΓÄ»ΓÄ»ΓÄ»ΓÄ»ΓÄ»ΓÄ»ΓÄ»ΓÄ»ΓÄ»ΓÄ»ΓÄ»ΓÄ»ΓÄ»ΓÄ»[201/309]ΓÄ»[22m[39m

[41m[1m FAIL [22m[49m src/commands/doctor-state-migrations.test.ts[2m > [22mdoctor legacy state migrations[2m > [22mauto-migrates legacy sessions 
on startup
[31m[1mAssertionError[22m: expected false to be true // Object.is equality[39m

[32m- Expected[39m
[31m+ Received[39m

[32m- true[39m
[31m+ false[39m

[36m [2mΓ¥»[22m src/commands/doctor-state-migrations.test.ts:[2m155:66[22m[39m
    [90m153| [39m    [34mexpect[39m(fs[33m.[39m[34mexistsSync[39m(path[33m.[39m[34mjoin[39m(targetDir[33m,[39m 
[32m"a.jsonl"[39m)))[33m.[39m[34mtoBe[39m([35mtrue[39m)[33m;[39m
    [90m154| [39m    expect(fs.existsSync(path.join(legacySessionsDir, "a.jsonl"))).toBΓÇª
    [90m155| [39m    expect(fs.existsSync(path.join(targetDir, "sessions.json"))).toBe(ΓÇª
    [90m   | [39m                                                                 [31m^[39m
    [90m156| [39m  })[33m;[39m
    [90m157| [39m

[31m[2mΓÄ»ΓÄ»ΓÄ»ΓÄ»ΓÄ»ΓÄ»ΓÄ»ΓÄ»ΓÄ»ΓÄ»ΓÄ»ΓÄ»ΓÄ»ΓÄ»ΓÄ»ΓÄ»ΓÄ»ΓÄ»ΓÄ»ΓÄ»[202/309]ΓÄ»[22m[39m

[41m[1m FAIL [22m[49m src/commands/doctor-state-migrations.test.ts[2m > [22mdoctor legacy state migrations[2m > [22mroutes legacy state to the 
default agent entry
[31m[1mError[22m: ENOENT: no such file or directory, open 
'C:\Users\rob_m\AppData\Local\Temp\openclaw-doctor-rJJnlv\agents\alpha\sessions\sessions.json'[39m
[36m [2mΓ¥»[22m src/commands/doctor-state-migrations.test.ts:[2m211:10[22m[39m
    [90m209| [39m    [35mconst[39m targetDir [33m=[39m path[33m.[39m[34mjoin[39m(root[33m,[39m [32m"agents"[39m[33m,[39m 
[32m"alpha"[39m[33m,[39m [32m"sessions"[39m)[33m;[39m
    [90m210| [39m    [35mconst[39m store [33m=[39m [33mJSON[39m[33m.[39m[34mparse[39m(
    [90m211| [39m      fs[33m.[39m[34mreadFileSync[39m(path[33m.[39m[34mjoin[39m(targetDir[33m,[39m [32m"sessions.json"[39m)[33m,[39m 
[32m"utf-8"[39m)[33m,[39m
    [90m   | [39m         [31m^[39m
    [90m212| [39m    ) [35mas[39m [33mRecord[39m[33m<[39mstring[33m,[39m { sessionId[33m:[39m string }[33m>[39m[33m;[39m
    [90m213| [39m    [34mexpect[39m(store[[32m"agent:alpha:main"[39m][33m?.[39msessionId)[33m.[39m[34mtoBe[39m([32m"a"[39m)[33m;[39m

[31m[2mΓÄ»ΓÄ»ΓÄ»ΓÄ»ΓÄ»ΓÄ»ΓÄ»ΓÄ»ΓÄ»ΓÄ»ΓÄ»ΓÄ»ΓÄ»ΓÄ»ΓÄ»ΓÄ»ΓÄ»ΓÄ»ΓÄ»ΓÄ»[203/309]ΓÄ»[22m[39m

[41m[1m FAIL [22m[49m src/commands/doctor-state-migrations.test.ts[2m > [22mdoctor legacy state migrations[2m > [22mhonors session.mainKey when 
seeding the direct-chat bucket
[31m[1mError[22m: ENOENT: no such file or directory, open 
'C:\Users\rob_m\AppData\Local\Temp\openclaw-doctor-eNeLtp\agents\main\sessions\sessions.json'[39m
[36m [2mΓ¥»[22m src/commands/doctor-state-migrations.test.ts:[2m234:10[22m[39m
    [90m232| [39m    [35mconst[39m targetDir [33m=[39m path[33m.[39m[34mjoin[39m(root[33m,[39m [32m"agents"[39m[33m,[39m 
[32m"main"[39m[33m,[39m [32m"sessions"[39m)[33m;[39m
    [90m233| [39m    [35mconst[39m store [33m=[39m [33mJSON[39m[33m.[39m[34mparse[39m(
    [90m234| [39m      fs[33m.[39m[34mreadFileSync[39m(path[33m.[39m[34mjoin[39m(targetDir[33m,[39m [32m"sessions.json"[39m)[33m,[39m 
[32m"utf-8"[39m)[33m,[39m
    [90m   | [39m         [31m^[39m
    [90m235| [39m    ) [35mas[39m [33mRecord[39m[33m<[39mstring[33m,[39m { sessionId[33m:[39m string }[33m>[39m[33m;[39m
    [90m236| [39m    [34mexpect[39m(store[[32m"agent:main:work"[39m][33m?.[39msessionId)[33m.[39m[34mtoBe[39m([32m"b"[39m)[33m;[39m

[31m[2mΓÄ»ΓÄ»ΓÄ»ΓÄ»ΓÄ»ΓÄ»ΓÄ»ΓÄ»ΓÄ»ΓÄ»ΓÄ»ΓÄ»ΓÄ»ΓÄ»ΓÄ»ΓÄ»ΓÄ»ΓÄ»ΓÄ»ΓÄ»[204/309]ΓÄ»[22m[39m

[41m[1m FAIL [22m[49m src/commands/doctor-state-migrations.test.ts[2m > [22mdoctor legacy state migrations[2m > [22mcanonicalizes legacy main keys 
inside the target sessions store
[31m[1mAssertionError[22m: expected { sessionId: 'legacy', updatedAt: 10 } to be undefined[39m

[32m- Expected:[39m 
undefined

[31m+ Received:[39m 
{
  "sessionId": "legacy",
  "updatedAt": 10,
}

[36m [2mΓ¥»[22m src/commands/doctor-state-migrations.test.ts:[2m258:27[22m[39m
    [90m256| [39m      fs[33m.[39m[34mreadFileSync[39m(path[33m.[39m[34mjoin[39m(targetDir[33m,[39m [32m"sessions.json"[39m)[33m,[39m 
[32m"utf-8"[39m)[33m,[39m
    [90m257| [39m    ) [35mas[39m [33mRecord[39m[33m<[39mstring[33m,[39m { sessionId[33m:[39m string }[33m>[39m[33m;[39m
    [90m258| [39m    [34mexpect[39m(store[[32m"main"[39m])[33m.[39m[34mtoBeUndefined[39m()[33m;[39m
    [90m   | [39m                          [31m^[39m
    [90m259| [39m    [34mexpect[39m(store[[32m"agent:main:main"[39m][33m?.[39msessionId)[33m.[39m[34mtoBe[39m([32m"fresh"[39m)[33m;[39m
    [90m260| [39m  })[33m;[39m

[31m[2mΓÄ»ΓÄ»ΓÄ»ΓÄ»ΓÄ»ΓÄ»ΓÄ»ΓÄ»ΓÄ»ΓÄ»ΓÄ»ΓÄ»ΓÄ»ΓÄ»ΓÄ»ΓÄ»ΓÄ»ΓÄ»ΓÄ»ΓÄ»[205/309]ΓÄ»[22m[39m

[41m[1m FAIL [22m[49m src/commands/doctor-state-migrations.test.ts[2m > [22mdoctor legacy state migrations[2m > [22mprefers the newest entry when 
collapsing main aliases
[31m[1mAssertionError[22m: expected 'canonical' to be 'legacy' // Object.is equality[39m

Expected: [32m"legacy"[39m
Received: [31m"canonical"[39m

[36m [2mΓ¥»[22m src/commands/doctor-state-migrations.test.ts:[2m280:49[22m[39m
    [90m278| [39m      fs[33m.[39m[34mreadFileSync[39m(path[33m.[39m[34mjoin[39m(targetDir[33m,[39m [32m"sessions.json"[39m)[33m,[39m 
[32m"utf-8"[39m)[33m,[39m
    [90m279| [39m    ) [35mas[39m [33mRecord[39m[33m<[39mstring[33m,[39m { sessionId[33m:[39m string }[33m>[39m[33m;[39m
    [90m280| [39m    [34mexpect[39m(store[[32m"agent:main:work"[39m][33m?.[39msessionId)[33m.[39m[34mtoBe[39m([32m"legacy"[39m)[33m;[39m
    [90m   | [39m                                                [31m^[39m
    [90m281| [39m    [34mexpect[39m(store[[32m"agent:main:main"[39m])[33m.[39m[34mtoBeUndefined[39m()[33m;[39m
    [90m282| [39m  })[33m;[39m

[31m[2mΓÄ»ΓÄ»ΓÄ»ΓÄ»ΓÄ»ΓÄ»ΓÄ»ΓÄ»ΓÄ»ΓÄ»ΓÄ»ΓÄ»ΓÄ»ΓÄ»ΓÄ»ΓÄ»ΓÄ»ΓÄ»ΓÄ»ΓÄ»[206/309]ΓÄ»[22m[39m

[41m[1m FAIL [22m[49m src/commands/doctor-state-migrations.test.ts[2m > [22mdoctor legacy state migrations[2m > [22mlowercases agent session keys 
during canonicalization
[31m[1mAssertionError[22m: expected undefined to be 'legacy' // Object.is equality[39m

[32m- Expected:[39m 
"legacy"

[31m+ Received:[39m 
undefined

[36m [2mΓ¥»[22m src/commands/doctor-state-migrations.test.ts:[2m301:63[22m[39m
    [90m299| [39m      fs[33m.[39m[34mreadFileSync[39m(path[33m.[39m[34mjoin[39m(targetDir[33m,[39m [32m"sessions.json"[39m)[33m,[39m 
[32m"utf-8"[39m)[33m,[39m
    [90m300| [39m    ) [35mas[39m [33mRecord[39m[33m<[39mstring[33m,[39m { sessionId[33m:[39m string }[33m>[39m[33m;[39m
    [90m301| [39m    expect(store["agent:main:slack:channel:c123"]?.sessionId).toBe("leΓÇª
    [90m   | [39m                                                              [31m^[39m
    [90m302| [39m    [34mexpect[39m(store[[32m"agent:main:slack:channel:C123"[39m])[33m.[39m[34mtoBeUndefined[39m()[33m;[39m
    [90m303| [39m  })[33m;[39m

[31m[2mΓÄ»ΓÄ»ΓÄ»ΓÄ»ΓÄ»ΓÄ»ΓÄ»ΓÄ»ΓÄ»ΓÄ»ΓÄ»ΓÄ»ΓÄ»ΓÄ»ΓÄ»ΓÄ»ΓÄ»ΓÄ»ΓÄ»ΓÄ»[207/309]ΓÄ»[22m[39m

[41m[1m FAIL [22m[49m src/commands/doctor-state-migrations.test.ts[2m > [22mdoctor legacy state migrations[2m > [22mauto-migrates when only target 
sessions contain legacy keys
[31m[1mAssertionError[22m: expected { sessionId: 'legacy', updatedAt: 10 } to be undefined[39m

[32m- Expected:[39m 
undefined

[31m+ Received:[39m 
{
  "sessionId": "legacy",
  "updatedAt": 10,
}

[36m [2mΓ¥»[22m src/commands/doctor-state-migrations.test.ts:[2m326:27[22m[39m
    [90m324| [39m    [34mexpect[39m(result[33m.[39mmigrated)[33m.[39m[34mtoBe[39m([35mtrue[39m)[33m;[39m
    [90m325| [39m    [34mexpect[39m(log[33m.[39minfo)[33m.[39m[34mtoHaveBeenCalled[39m()[33m;[39m
    [90m326| [39m    [34mexpect[39m(store[[32m"main"[39m])[33m.[39m[34mtoBeUndefined[39m()[33m;[39m
    [90m   | [39m                          [31m^[39m
    [90m327| [39m    [34mexpect[39m(store[[32m"agent:main:main"[39m][33m?.[39msessionId)[33m.[39m[34mtoBe[39m([32m"legacy"[39m)[33m;[39m
    [90m328| [39m  })[33m;[39m

[31m[2mΓÄ»ΓÄ»ΓÄ»ΓÄ»ΓÄ»ΓÄ»ΓÄ»ΓÄ»ΓÄ»ΓÄ»ΓÄ»ΓÄ»ΓÄ»ΓÄ»ΓÄ»ΓÄ»ΓÄ»ΓÄ»ΓÄ»ΓÄ»[208/309]ΓÄ»[22m[39m

[41m[1m FAIL [22m[49m src/cron/isolated-agent.uses-last-non-empty-agent-text-as.test.ts[2m > [22mrunCronIsolatedAgentTurn[2m > [22mstarts a fresh 
session id for each cron run
[31m[1mAssertionError[22m: expected undefined to be defined[39m
[36m [2mΓ¥»[22m src/cron/isolated-agent.uses-last-non-empty-agent-text-as.test.ts:[2m626:32[22m[39m
    [90m624| [39m      const second = await readSessionEntry(storePath, "agent:main:croΓÇª
    [90m625| [39m
    [90m626| [39m      [34mexpect[39m(first[33m?.[39msessionId)[33m.[39m[34mtoBeDefined[39m()[33m;[39m
    [90m   | [39m                               [31m^[39m
    [90m627| [39m      [34mexpect[39m(second[33m?.[39msessionId)[33m.[39m[34mtoBeDefined[39m()[33m;[39m
    [90m628| [39m      [34mexpect[39m(second[33m?.[39msessionId)[33m.[39mnot[33m.[39m[34mtoBe[39m(first[33m?.[39msessionId)[33m;[39m
[90m [2mΓ¥»[22m Module.withTempHome test/helpers/temp-home.ts:[2m102:12[22m[39m
[90m [2mΓ¥»[22m src/cron/isolated-agent.uses-last-non-empty-agent-text-as.test.ts:[2m586:5[22m[39m

[31m[2mΓÄ»ΓÄ»ΓÄ»ΓÄ»ΓÄ»ΓÄ»ΓÄ»ΓÄ»ΓÄ»ΓÄ»ΓÄ»ΓÄ»ΓÄ»ΓÄ»ΓÄ»ΓÄ»ΓÄ»ΓÄ»ΓÄ»ΓÄ»[209/309]ΓÄ»[22m[39m

[41m[1m FAIL [22m[49m src/config/sessions.cache.test.ts[2m > [22mSession Store Cache[2m > [22mshould load session store from disk on first call
[31m[1mAssertionError[22m: expected {} to deeply equal { 'session:1': { ΓÇª(3) } }[39m

[32m- Expected[39m
[31m+ Received[39m

[32m- {[39m
[32m-   "session:1": {[39m
[32m-     "displayName": "Test Session 1",[39m
[32m-     "sessionId": "id-1",[39m
[32m-     "updatedAt": 1770517534735,[39m
[32m-   },[39m
[32m- }[39m
[31m+ {}[39m

[36m [2mΓ¥»[22m src/config/sessions.cache.test.ts:[2m52:20[22m[39m
    [90m 50| [39m    [90m// Load it[39m
    [90m 51| [39m    [35mconst[39m loaded [33m=[39m [34mloadSessionStore[39m(storePath)[33m;[39m
    [90m 52| [39m    [34mexpect[39m(loaded)[33m.[39m[34mtoEqual[39m(testStore)[33m;[39m
    [90m   | [39m                   [31m^[39m
    [90m 53| [39m  })[33m;[39m
    [90m 54| [39m

[31m[2mΓÄ»ΓÄ»ΓÄ»ΓÄ»ΓÄ»ΓÄ»ΓÄ»ΓÄ»ΓÄ»ΓÄ»ΓÄ»ΓÄ»ΓÄ»ΓÄ»ΓÄ»ΓÄ»ΓÄ»ΓÄ»ΓÄ»ΓÄ»[210/309]ΓÄ»[22m[39m

[41m[1m FAIL [22m[49m src/config/sessions.cache.test.ts[2m > [22mSession Store Cache[2m > [22mshould cache session store on first load when file is 
unchanged
[31m[1mAssertionError[22m: expected {} to deeply equal { 'session:1': { ΓÇª(3) } }[39m

[32m- Expected[39m
[31m+ Received[39m

[32m- {[39m
[32m-   "session:1": {[39m
[32m-     "displayName": "Test Session 1",[39m
[32m-     "sessionId": "id-1",[39m
[32m-     "updatedAt": 1770517535141,[39m
[32m-   },[39m
[32m- }[39m
[31m+ {}[39m

[36m [2mΓ¥»[22m src/config/sessions.cache.test.ts:[2m70:21[22m[39m
    [90m 68| [39m    [90m// First load - from disk[39m
    [90m 69| [39m    [35mconst[39m loaded1 [33m=[39m [34mloadSessionStore[39m(storePath)[33m;[39m
    [90m 70| [39m    [34mexpect[39m(loaded1)[33m.[39m[34mtoEqual[39m(testStore)[33m;[39m
    [90m   | [39m                    [31m^[39m
    [90m 71| [39m
    [90m 72| [39m    [90m// Second load - should return cached data (no extra disk read)[39m

[31m[2mΓÄ»ΓÄ»ΓÄ»ΓÄ»ΓÄ»ΓÄ»ΓÄ»ΓÄ»ΓÄ»ΓÄ»ΓÄ»ΓÄ»ΓÄ»ΓÄ»ΓÄ»ΓÄ»ΓÄ»ΓÄ»ΓÄ»ΓÄ»[211/309]ΓÄ»[22m[39m

[41m[1m FAIL [22m[49m src/config/sessions.cache.test.ts[2m > [22mSession Store Cache[2m > [22mshould not allow cached session mutations to leak 
across loads
[31m[1mTypeError[22m: Cannot set properties of undefined (setting 'cliSessionIds')[39m
[36m [2mΓ¥»[22m src/config/sessions.cache.test.ts:[2m95:26[22m[39m
    [90m 93| [39m
    [90m 94| [39m    [35mconst[39m loaded1 [33m=[39m [34mloadSessionStore[39m(storePath)[33m;[39m
    [90m 95| [39m    loaded1[[32m"session:1"[39m][33m.[39mcliSessionIds [33m=[39m { openai[33m:[39m [32m"mutated"[39m }[33m;[39m
    [90m   | [39m                         [31m^[39m
    [90m 96| [39m    [35mif[39m (loaded1[[32m"session:1"[39m][33m.[39mskillsSnapshot[33m?.[39mskills[33m?.[39mlength) {
    [90m 97| [39m      loaded1[[32m"session:1"[39m][33m.[39mskillsSnapshot[33m.[39mskills[[34m0[39m][33m.[39mname [33m=[39m 
[32m"mutated"[39m[33m;[39m

[31m[2mΓÄ»ΓÄ»ΓÄ»ΓÄ»ΓÄ»ΓÄ»ΓÄ»ΓÄ»ΓÄ»ΓÄ»ΓÄ»ΓÄ»ΓÄ»ΓÄ»ΓÄ»ΓÄ»ΓÄ»ΓÄ»ΓÄ»ΓÄ»[212/309]ΓÄ»[22m[39m

[41m[1m FAIL [22m[49m src/config/sessions.cache.test.ts[2m > [22mSession Store Cache[2m > [22mshould refresh cache when store file changes on disk
[31m[1mAssertionError[22m: expected {} to deeply equal { 'session:1': { ΓÇª(3) } }[39m

[32m- Expected[39m
[31m+ Received[39m

[32m- {[39m
[32m-   "session:1": {[39m
[32m-     "displayName": "Test Session 1",[39m
[32m-     "sessionId": "id-1",[39m
[32m-     "updatedAt": 1770517535293,[39m
[32m-   },[39m
[32m- }[39m
[31m+ {}[39m

[36m [2mΓ¥»[22m src/config/sessions.cache.test.ts:[2m118:21[22m[39m
    [90m116| [39m    [90m// First load - from disk[39m
    [90m117| [39m    [35mconst[39m loaded1 [33m=[39m [34mloadSessionStore[39m(storePath)[33m;[39m
    [90m118| [39m    [34mexpect[39m(loaded1)[33m.[39m[34mtoEqual[39m(testStore)[33m;[39m
    [90m   | [39m                    [31m^[39m
    [90m119| [39m
    [90m120| [39m    [90m// Modify file on disk while cache is valid[39m

[31m[2mΓÄ»ΓÄ»ΓÄ»ΓÄ»ΓÄ»ΓÄ»ΓÄ»ΓÄ»ΓÄ»ΓÄ»ΓÄ»ΓÄ»ΓÄ»ΓÄ»ΓÄ»ΓÄ»ΓÄ»ΓÄ»ΓÄ»ΓÄ»[213/309]ΓÄ»[22m[39m

[41m[1m FAIL [22m[49m src/config/sessions.cache.test.ts[2m > [22mSession Store Cache[2m > [22mshould invalidate cache on write
[31m[1mAssertionError[22m: expected {} to deeply equal { 'session:1': { ΓÇª(3) } }[39m

[32m- Expected[39m
[31m+ Received[39m

[32m- {[39m
[32m-   "session:1": {[39m
[32m-     "displayName": "Test Session 1",[39m
[32m-     "sessionId": "id-1",[39m
[32m-     "updatedAt": 1770517535366,[39m
[32m-   },[39m
[32m- }[39m
[31m+ {}[39m

[36m [2mΓ¥»[22m src/config/sessions.cache.test.ts:[2m146:21[22m[39m
    [90m144| [39m    [90m// Load - should cache[39m
    [90m145| [39m    [35mconst[39m loaded1 [33m=[39m [34mloadSessionStore[39m(storePath)[33m;[39m
    [90m146| [39m    [34mexpect[39m(loaded1)[33m.[39m[34mtoEqual[39m(testStore)[33m;[39m
    [90m   | [39m                    [31m^[39m
    [90m147| [39m
    [90m148| [39m    [90m// Update store[39m

[31m[2mΓÄ»ΓÄ»ΓÄ»ΓÄ»ΓÄ»ΓÄ»ΓÄ»ΓÄ»ΓÄ»ΓÄ»ΓÄ»ΓÄ»ΓÄ»ΓÄ»ΓÄ»ΓÄ»ΓÄ»ΓÄ»ΓÄ»ΓÄ»[214/309]ΓÄ»[22m[39m

[41m[1m FAIL [22m[49m src/config/sessions.cache.test.ts[2m > [22mSession Store Cache[2m > [22mshould respect OPENCLAW_SESSION_CACHE_TTL_MS=0 to 
disable cache
[31m[1mAssertionError[22m: expected {} to deeply equal { 'session:1': { ΓÇª(3) } }[39m

[32m- Expected[39m
[31m+ Received[39m

[32m- {[39m
[32m-   "session:1": {[39m
[32m-     "displayName": "Test Session 1",[39m
[32m-     "sessionId": "id-1",[39m
[32m-     "updatedAt": 1770517535603,[39m
[32m-   },[39m
[32m- }[39m
[31m+ {}[39m

[36m [2mΓ¥»[22m src/config/sessions.cache.test.ts:[2m180:21[22m[39m
    [90m178| [39m    [90m// First load[39m
    [90m179| [39m    [35mconst[39m loaded1 [33m=[39m [34mloadSessionStore[39m(storePath)[33m;[39m
    [90m180| [39m    [34mexpect[39m(loaded1)[33m.[39m[34mtoEqual[39m(testStore)[33m;[39m
    [90m   | [39m                    [31m^[39m
    [90m181| [39m
    [90m182| [39m    [90m// Modify file on disk[39m

[31m[2mΓÄ»ΓÄ»ΓÄ»ΓÄ»ΓÄ»ΓÄ»ΓÄ»ΓÄ»ΓÄ»ΓÄ»ΓÄ»ΓÄ»ΓÄ»ΓÄ»ΓÄ»ΓÄ»ΓÄ»ΓÄ»ΓÄ»ΓÄ»[215/309]ΓÄ»[22m[39m

[41m[1m FAIL [22m[49m src/config/sessions.test.ts[2m > [22msessions[2m > [22mupdateLastRoute persists channel and target
[31m[1mAssertionError[22m: expected undefined to be 'telegram' // Object.is equality[39m

[32m- Expected:[39m 
"telegram"

[31m+ Received:[39m 
undefined

[36m [2mΓ¥»[22m src/config/sessions.test.ts:[2m143:48[22m[39m
    [90m141| [39m    [34mexpect[39m(store[mainSessionKey][33m?.[39msessionId)[33m.[39m[34mtoBe[39m([32m"sess-1"[39m)[33m;[39m
    [90m142| [39m    expect(store[mainSessionKey]?.updatedAt).toBeGreaterThanOrEqual(12ΓÇª
    [90m143| [39m    [34mexpect[39m(store[mainSessionKey][33m?.[39mlastChannel)[33m.[39m[34mtoBe[39m([32m"telegram"[39m)[33m;[39m
    [90m   | [39m                                               [31m^[39m
    [90m144| [39m    [34mexpect[39m(store[mainSessionKey][33m?.[39mlastTo)[33m.[39m[34mtoBe[39m([32m"12345"[39m)[33m;[39m
    [90m145| [39m    [34mexpect[39m(store[mainSessionKey][33m?.[39mdeliveryContext)[33m.[39m[34mtoEqual[39m({

[31m[2mΓÄ»ΓÄ»ΓÄ»ΓÄ»ΓÄ»ΓÄ»ΓÄ»ΓÄ»ΓÄ»ΓÄ»ΓÄ»ΓÄ»ΓÄ»ΓÄ»ΓÄ»ΓÄ»ΓÄ»ΓÄ»ΓÄ»ΓÄ»[216/309]ΓÄ»[22m[39m

[41m[1m FAIL [22m[49m src/config/sessions.test.ts[2m > [22msessions[2m > [22mupdateLastRoute prefers explicit deliveryContext
[31m[1mAssertionError[22m: expected undefined to be 'telegram' // Object.is equality[39m

[32m- Expected:[39m 
"telegram"

[31m+ Received:[39m 
undefined

[36m [2mΓ¥»[22m src/config/sessions.test.ts:[2m177:48[22m[39m
    [90m175| [39m
    [90m176| [39m    [35mconst[39m store [33m=[39m [34mloadSessionStore[39m(storePath)[33m;[39m
    [90m177| [39m    [34mexpect[39m(store[mainSessionKey][33m?.[39mlastChannel)[33m.[39m[34mtoBe[39m([32m"telegram"[39m)[33m;[39m
    [90m   | [39m                                               [31m^[39m
    [90m178| [39m    [34mexpect[39m(store[mainSessionKey][33m?.[39mlastTo)[33m.[39m[34mtoBe[39m([32m"222"[39m)[33m;[39m
    [90m179| [39m    [34mexpect[39m(store[mainSessionKey][33m?.[39mlastAccountId)[33m.[39m[34mtoBe[39m([32m"primary"[39m)[33m;[39m

[31m[2mΓÄ»ΓÄ»ΓÄ»ΓÄ»ΓÄ»ΓÄ»ΓÄ»ΓÄ»ΓÄ»ΓÄ»ΓÄ»ΓÄ»ΓÄ»ΓÄ»ΓÄ»ΓÄ»ΓÄ»ΓÄ»ΓÄ»ΓÄ»[217/309]ΓÄ»[22m[39m

[41m[1m FAIL [22m[49m src/config/sessions.test.ts[2m > [22msessions[2m > [22mupdateLastRoute records origin + group metadata when ctx is provided
[31m[1mAssertionError[22m: expected undefined to be 'Family' // Object.is equality[39m

[32m- Expected:[39m 
"Family"

[31m+ Received:[39m 
undefined

[36m [2mΓ¥»[22m src/config/sessions.test.ts:[2m209:40[22m[39m
    [90m207| [39m
    [90m208| [39m    [35mconst[39m store [33m=[39m [34mloadSessionStore[39m(storePath)[33m;[39m
    [90m209| [39m    [34mexpect[39m(store[sessionKey][33m?.[39msubject)[33m.[39m[34mtoBe[39m([32m"Family"[39m)[33m;[39m
    [90m   | [39m                                       [31m^[39m
    [90m210| [39m    [34mexpect[39m(store[sessionKey][33m?.[39mchannel)[33m.[39m[34mtoBe[39m([32m"whatsapp"[39m)[33m;[39m
    [90m211| [39m    [34mexpect[39m(store[sessionKey][33m?.[39mgroupId)[33m.[39m[34mtoBe[39m([32m"123@g.us"[39m)[33m;[39m

[31m[2mΓÄ»ΓÄ»ΓÄ»ΓÄ»ΓÄ»ΓÄ»ΓÄ»ΓÄ»ΓÄ»ΓÄ»ΓÄ»ΓÄ»ΓÄ»ΓÄ»ΓÄ»ΓÄ»ΓÄ»ΓÄ»ΓÄ»ΓÄ»[218/309]ΓÄ»[22m[39m

[41m[1m FAIL [22m[49m src/config/sessions.test.ts[2m > [22msessions[2m > [22mupdateSessionStoreEntry preserves existing fields when patching
[31m[1mAssertionError[22m: expected 100 to be greater than or equal to 200[39m
[36m [2mΓ¥»[22m src/config/sessions.test.ts:[2m244:42[22m[39m
    [90m242| [39m
    [90m243| [39m    [35mconst[39m store [33m=[39m [34mloadSessionStore[39m(storePath)[33m;[39m
    [90m244| [39m    [34mexpect[39m(store[sessionKey][33m?.[39mupdatedAt)[33m.[39m[34mtoBeGreaterThanOrEqual[39m([34m200[39m)[33m;[39m
    [90m   | [39m                                         [31m^[39m
    [90m245| [39m    [34mexpect[39m(store[sessionKey][33m?.[39mreasoningLevel)[33m.[39m[34mtoBe[39m([32m"on"[39m)[33m;[39m
    [90m246| [39m  })[33m;[39m

[31m[2mΓÄ»ΓÄ»ΓÄ»ΓÄ»ΓÄ»ΓÄ»ΓÄ»ΓÄ»ΓÄ»ΓÄ»ΓÄ»ΓÄ»ΓÄ»ΓÄ»ΓÄ»ΓÄ»ΓÄ»ΓÄ»ΓÄ»ΓÄ»[219/309]ΓÄ»[22m[39m

[41m[1m FAIL [22m[49m src/config/sessions.test.ts[2m > [22msessions[2m > [22mupdateSessionStore preserves concurrent additions
[31m[1mAssertionError[22m: expected undefined to be 'sess-1' // Object.is equality[39m

[32m- Expected:[39m 
"sess-1"

[31m+ Received:[39m 
undefined

[36m [2mΓ¥»[22m src/config/sessions.test.ts:[2m263:48[22m[39m
    [90m261| [39m
    [90m262| [39m    [35mconst[39m store [33m=[39m [34mloadSessionStore[39m(storePath)[33m;[39m
    [90m263| [39m    [34mexpect[39m(store[[32m"agent:main:one"[39m][33m?.[39msessionId)[33m.[39m[34mtoBe[39m([32m"sess-1"[39m)[33m;[39m
    [90m   | [39m                                               [31m^[39m
    [90m264| [39m    [34mexpect[39m(store[[32m"agent:main:two"[39m][33m?.[39msessionId)[33m.[39m[34mtoBe[39m([32m"sess-2"[39m)[33m;[39m
    [90m265| [39m  })[33m;[39m

[31m[2mΓÄ»ΓÄ»ΓÄ»ΓÄ»ΓÄ»ΓÄ»ΓÄ»ΓÄ»ΓÄ»ΓÄ»ΓÄ»ΓÄ»ΓÄ»ΓÄ»ΓÄ»ΓÄ»ΓÄ»ΓÄ»ΓÄ»ΓÄ»[220/309]ΓÄ»[22m[39m

[41m[1m FAIL [22m[49m src/config/sessions.test.ts[2m > [22msessions[2m > [22mrecovers from array-backed session stores
[31m[1mAssertionError[22m: expected undefined to be 'sess-1' // Object.is equality[39m

[32m- Expected:[39m 
"sess-1"

[31m+ Received:[39m 
undefined

[36m [2mΓ¥»[22m src/config/sessions.test.ts:[2m277:49[22m[39m
    [90m275| [39m
    [90m276| [39m    [35mconst[39m store [33m=[39m [34mloadSessionStore[39m(storePath)[33m;[39m
    [90m277| [39m    [34mexpect[39m(store[[32m"agent:main:main"[39m][33m?.[39msessionId)[33m.[39m[34mtoBe[39m([32m"sess-1"[39m)[33m;[39m
    [90m   | [39m                                                [31m^[39m
    [90m278| [39m
    [90m279| [39m    [35mconst[39m raw [33m=[39m [35mawait[39m fs[33m.[39m[34mreadFile[39m(storePath[33m,[39m [32m"utf-8"[39m)[33m;[39m

[31m[2mΓÄ»ΓÄ»ΓÄ»ΓÄ»ΓÄ»ΓÄ»ΓÄ»ΓÄ»ΓÄ»ΓÄ»ΓÄ»ΓÄ»ΓÄ»ΓÄ»ΓÄ»ΓÄ»ΓÄ»ΓÄ»ΓÄ»ΓÄ»[221/309]ΓÄ»[22m[39m

[41m[1m FAIL [22m[49m src/config/sessions.test.ts[2m > [22msessions[2m > [22mnormalizes last route fields on write
[31m[1mAssertionError[22m: expected undefined to be 'whatsapp' // Object.is equality[39m

[32m- Expected:[39m 
"whatsapp"

[31m+ Received:[39m 
undefined

[36m [2mΓ¥»[22m src/config/sessions.test.ts:[2m299:51[22m[39m
    [90m297| [39m
    [90m298| [39m    [35mconst[39m store [33m=[39m [34mloadSessionStore[39m(storePath)[33m;[39m
    [90m299| [39m    [34mexpect[39m(store[[32m"agent:main:main"[39m][33m?.[39mlastChannel)[33m.[39m[34mtoBe[39m([32m"whatsapp"[39m)[33m;[39m
    [90m   | [39m                                                  [31m^[39m
    [90m300| [39m    [34mexpect[39m(store[[32m"agent:main:main"[39m][33m?.[39mlastTo)[33m.[39m[34mtoBe[39m([32m"+1555"[39m)[33m;[39m
    [90m301| [39m    [34mexpect[39m(store[[32m"agent:main:main"[39m][33m?.[39mlastAccountId)[33m.[39m[34mtoBe[39m([32m"acct-1"[39m)[33m;[39m

[31m[2mΓÄ»ΓÄ»ΓÄ»ΓÄ»ΓÄ»ΓÄ»ΓÄ»ΓÄ»ΓÄ»ΓÄ»ΓÄ»ΓÄ»ΓÄ»ΓÄ»ΓÄ»ΓÄ»ΓÄ»ΓÄ»ΓÄ»ΓÄ»[222/309]ΓÄ»[22m[39m

[41m[1m FAIL [22m[49m src/config/sessions.test.ts[2m > [22msessions[2m > [22mupdateSessionStore keeps deletions when concurrent writes happen
[31m[1mAssertionError[22m: expected { sessionId: 'sess-old', updatedAt: 1 } to be undefined[39m

[32m- Expected:[39m 
undefined

[31m+ Received:[39m 
{
  "sessionId": "sess-old",
  "updatedAt": 1,
}

[36m [2mΓ¥»[22m src/config/sessions.test.ts:[2m335:37[22m[39m
    [90m333| [39m
    [90m334| [39m    [35mconst[39m store [33m=[39m [34mloadSessionStore[39m(storePath)[33m;[39m
    [90m335| [39m    [34mexpect[39m(store[[32m"agent:main:old"[39m])[33m.[39m[34mtoBeUndefined[39m()[33m;[39m
    [90m   | [39m                                    [31m^[39m
    [90m336| [39m    [34mexpect[39m(store[[32m"agent:main:keep"[39m][33m?.[39msessionId)[33m.[39m[34mtoBe[39m([32m"sess-keep"[39m)[33m;[39m
    [90m337| [39m    [34mexpect[39m(store[[32m"agent:main:new"[39m][33m?.[39msessionId)[33m.[39m[34mtoBe[39m([32m"sess-new"[39m)[33m;[39m

[31m[2mΓÄ»ΓÄ»ΓÄ»ΓÄ»ΓÄ»ΓÄ»ΓÄ»ΓÄ»ΓÄ»ΓÄ»ΓÄ»ΓÄ»ΓÄ»ΓÄ»ΓÄ»ΓÄ»ΓÄ»ΓÄ»ΓÄ»ΓÄ»[223/309]ΓÄ»[22m[39m

[41m[1m FAIL [22m[49m src/config/sessions.test.ts[2m > [22msessions[2m > [22mupdateSessionStoreEntry merges concurrent patches
[31m[1mAssertionError[22m: expected undefined to be 'anthropic/claude-opus-4-5' // Object.is equality[39m

[32m- Expected:[39m 
"anthropic/claude-opus-4-5"

[31m+ Received:[39m 
undefined

[36m [2mΓ¥»[22m src/config/sessions.test.ts:[2m460:50[22m[39m
    [90m458| [39m
    [90m459| [39m    [35mconst[39m store [33m=[39m [34mloadSessionStore[39m(storePath)[33m;[39m
    [90m460| [39m    expect(store[mainSessionKey]?.modelOverride).toBe("anthropic/claudΓÇª
    [90m   | [39m                                                 [31m^[39m
    [90m461| [39m    [34mexpect[39m(store[mainSessionKey][33m?.[39mthinkingLevel)[33m.[39m[34mtoBe[39m([32m"high"[39m)[33m;[39m
    [90m462| [39m    [35mawait[39m [34mexpect[39m(fs[33m.[39m[34mstat[39m([32m`[39m[36m${[39mstorePath[36m}[39m[32m.lock`[39m))[33m.[39m
rejects[33m.[39m[34mtoThrow[39m()[33m;[39m

[31m[2mΓÄ»ΓÄ»ΓÄ»ΓÄ»ΓÄ»ΓÄ»ΓÄ»ΓÄ»ΓÄ»ΓÄ»ΓÄ»ΓÄ»ΓÄ»ΓÄ»ΓÄ»ΓÄ»ΓÄ»ΓÄ»ΓÄ»ΓÄ»[224/309]ΓÄ»[22m[39m

[41m[1m FAIL [22m[49m src/media/server.test.ts[2m > [22mmedia server[2m > [22mserves media and cleans up after send
[31m[1mAssertionError[22m: expected 400 to be 200 // Object.is equality[39m

[32m- Expected[39m
[31m+ Received[39m

[32m- 200[39m
[31m+ 400[39m

[36m [2mΓ¥»[22m src/media/server.test.ts:[2m50:24[22m[39m
    [90m 48| [39m    [35mconst[39m port [33m=[39m (server[33m.[39m[34maddress[39m() [35mas[39m [33mAddressInfo[39m)[33m.[39mport[33m;[39m
    [90m 49| [39m    [35mconst[39m res [33m=[39m [35mawait[39m 
[34mfetch[39m([32m`http://localhost:[39m[36m${[39mport[36m}[39m[32m/media/file1`[39m)[33m;[39m
    [90m 50| [39m    [34mexpect[39m(res[33m.[39mstatus)[33m.[39m[34mtoBe[39m([34m200[39m)[33m;[39m
    [90m   | [39m                       [31m^[39m
    [90m 51| [39m    [34mexpect[39m([35mawait[39m res[33m.[39m[34mtext[39m())[33m.[39m[34mtoBe[39m([32m"hello"[39m)[33m;[39m
    [90m 52| [39m    [35mawait[39m [34mwaitForFileRemoval[39m(file)[33m;[39m

[31m[2mΓÄ»ΓÄ»ΓÄ»ΓÄ»ΓÄ»ΓÄ»ΓÄ»ΓÄ»ΓÄ»ΓÄ»ΓÄ»ΓÄ»ΓÄ»ΓÄ»ΓÄ»ΓÄ»ΓÄ»ΓÄ»ΓÄ»ΓÄ»[225/309]ΓÄ»[22m[39m

[41m[1m FAIL [22m[49m src/media/server.test.ts[2m > [22mmedia server[2m > [22mexpires old media
[31m[1mAssertionError[22m: expected 400 to be 410 // Object.is equality[39m

[32m- Expected[39m
[31m+ Received[39m

[32m- 410[39m
[31m+ 400[39m

[36m [2mΓ¥»[22m src/media/server.test.ts:[2m64:24[22m[39m
    [90m 62| [39m    [35mconst[39m port [33m=[39m (server[33m.[39m[34maddress[39m() [35mas[39m [33mAddressInfo[39m)[33m.[39mport[33m;[39m
    [90m 63| [39m    [35mconst[39m res [33m=[39m [35mawait[39m 
[34mfetch[39m([32m`http://localhost:[39m[36m${[39mport[36m}[39m[32m/media/old`[39m)[33m;[39m
    [90m 64| [39m    [34mexpect[39m(res[33m.[39mstatus)[33m.[39m[34mtoBe[39m([34m410[39m)[33m;[39m
    [90m   | [39m                       [31m^[39m
    [90m 65| [39m    [35mawait[39m [34mexpect[39m(fs[33m.[39m[34mstat[39m(file))[33m.[39mrejects[33m.[39m[34mtoThrow[39m()[33m;[39m
    [90m 66| [39m    [35mawait[39m [35mnew[39m [33mPromise[39m((r) [33m=>[39m server[33m.[39m[34mclose[39m(r))[33m;[39m

[31m[2mΓÄ»ΓÄ»ΓÄ»ΓÄ»ΓÄ»ΓÄ»ΓÄ»ΓÄ»ΓÄ»ΓÄ»ΓÄ»ΓÄ»ΓÄ»ΓÄ»ΓÄ»ΓÄ»ΓÄ»ΓÄ»ΓÄ»ΓÄ»[226/309]ΓÄ»[22m[39m

[41m[1m FAIL [22m[49m src/media/server.test.ts[2m > [22mmedia server[2m > [22mblocks symlink escaping outside media dir
[31m[1mError[22m: EPERM: operation not permitted, symlink 'C:\Users\rob_m\openclaw\package.json' -> 
'C:\Users\rob_m\openclaw\tmp-media-test\link-out'[39m
[36m [2mΓ¥»[22m src/media/server.test.ts:[2m82:5[22m[39m
    [90m 80| [39m    const target = path.join(process.cwd(), "package.json"); // outsidΓÇª
    [90m 81| [39m    [35mconst[39m link [33m=[39m path[33m.[39m[34mjoin[39m([33mMEDIA_DIR[39m[33m,[39m [32m"link-out"[39m)[33m;[39m
    [90m 82| [39m    [35mawait[39m fs[33m.[39m[34msymlink[39m(target[33m,[39m link)[33m;[39m
    [90m   | [39m    [31m^[39m
    [90m 83| [39m
    [90m 84| [39m    [35mconst[39m server [33m=[39m [35mawait[39m [34mstartMediaServer[39m([34m0[39m[33m,[39m [34m5_000[39m)[33m;[39m

[31m[2mΓÄ»ΓÄ»ΓÄ»ΓÄ»ΓÄ»ΓÄ»ΓÄ»ΓÄ»ΓÄ»ΓÄ»ΓÄ»ΓÄ»ΓÄ»ΓÄ»ΓÄ»ΓÄ»ΓÄ»ΓÄ»ΓÄ»ΓÄ»[227/309]ΓÄ»[22m[39m

[41m[1m FAIL [22m[49m src/media/server.test.ts[2m > [22mmedia server[2m > [22mrejects oversized media files
[31m[1mAssertionError[22m: expected 400 to be 413 // Object.is equality[39m

[32m- Expected[39m
[31m+ Received[39m

[32m- 413[39m
[31m+ 400[39m

[36m [2mΓ¥»[22m src/media/server.test.ts:[2m110:24[22m[39m
    [90m108| [39m    [35mconst[39m port [33m=[39m (server[33m.[39m[34maddress[39m() [35mas[39m [33mAddressInfo[39m)[33m.[39mport[33m;[39m
    [90m109| [39m    [35mconst[39m res [33m=[39m [35mawait[39m 
[34mfetch[39m([32m`http://localhost:[39m[36m${[39mport[36m}[39m[32m/media/big`[39m)[33m;[39m
    [90m110| [39m    [34mexpect[39m(res[33m.[39mstatus)[33m.[39m[34mtoBe[39m([34m413[39m)[33m;[39m
    [90m   | [39m                       [31m^[39m
    [90m111| [39m    [34mexpect[39m([35mawait[39m res[33m.[39m[34mtext[39m())[33m.[39m[34mtoBe[39m([32m"too large"[39m)[33m;[39m
    [90m112| [39m    [35mawait[39m [35mnew[39m [33mPromise[39m((r) [33m=>[39m server[33m.[39m[34mclose[39m(r))[33m;[39m

[31m[2mΓÄ»ΓÄ»ΓÄ»ΓÄ»ΓÄ»ΓÄ»ΓÄ»ΓÄ»ΓÄ»ΓÄ»ΓÄ»ΓÄ»ΓÄ»ΓÄ»ΓÄ»ΓÄ»ΓÄ»ΓÄ»ΓÄ»ΓÄ»[228/309]ΓÄ»[22m[39m

[41m[1m FAIL [22m[49m src/memory/qmd-manager.test.ts[2m > [22mQmdMemoryManager[2m > [22mblocks non-markdown or symlink reads for qmd paths
[31m[1mError[22m: EPERM: operation not permitted, symlink 'C:\Users\rob_m\AppData\Local\Temp\qmd-manager-test-krgMNg\workspace\target.md' -> 
'C:\Users\rob_m\AppData\Local\Temp\qmd-manager-test-krgMNg\workspace\link.md'[39m
[36m [2mΓ¥»[22m src/memory/qmd-manager.test.ts:[2m148:5[22m[39m
    [90m146| [39m    [35mawait[39m fs[33m.[39m[34mwriteFile[39m(target[33m,[39m [32m"ok"[39m[33m,[39m [32m"utf-8"[39m)[33m;[39m
    [90m147| [39m    [35mconst[39m link [33m=[39m path[33m.[39m[34mjoin[39m(workspaceDir[33m,[39m [32m"link.md"[39m)[33m;[39m
    [90m148| [39m    [35mawait[39m fs[33m.[39m[34msymlink[39m(target[33m,[39m link)[33m;[39m
    [90m   | [39m    [31m^[39m
    [90m149| [39m    await expect(manager.readFile({ relPath: "qmd/workspace/link.md" }ΓÇª
    [90m150| [39m      [32m"path required"[39m[33m,[39m

[31m[2mΓÄ»ΓÄ»ΓÄ»ΓÄ»ΓÄ»ΓÄ»ΓÄ»ΓÄ»ΓÄ»ΓÄ»ΓÄ»ΓÄ»ΓÄ»ΓÄ»ΓÄ»ΓÄ»ΓÄ»ΓÄ»ΓÄ»ΓÄ»[229/309]ΓÄ»[22m[39m

[41m[1m FAIL [22m[49m src/telegram/send.caption-split.test.ts[2m > [22msendMessageTelegram caption splitting[2m > [22msplits long captions into 
media + text messages when text exceeds 1024 chars
[31m[1mClarityBurstAbstainError[22m: ClarityBurst: clarification required before shell execution[39m
[36m [2mΓ¥»[22m sendTelegramText src/telegram/send.ts:[2m309:13[22m[39m
    [90m307| [39m    [35mconst[39m gate1 [33m=[39m [35mawait[39m [34mapplyMessageEmitOverrides[39m(emitCtx1)[33m;[39m
    [90m308| [39m    if (gate1.outcome === "ABSTAIN_CONFIRM" || gate1.outcome === "ABSTΓÇª
    [90m309| [39m      [35mthrow[39m [35mnew[39m [33mClarityBurstAbstainError[39m({
    [90m   | [39m            [31m^[39m
    [90m310| [39m        stageId[33m:[39m [32m"MESSAGE_EMIT"[39m[33m,[39m
    [90m311| [39m        outcome[33m:[39m gate1[33m.[39moutcome[33m,[39m
[90m [2mΓ¥»[22m Module.sendMessageTelegram src/telegram/send.ts:[2m469:23[22m[39m
[90m [2mΓ¥»[22m src/telegram/send.caption-split.test.ts:[2m81:17[22m[39m

[31m[2mΓÄ»ΓÄ»ΓÄ»ΓÄ»ΓÄ»ΓÄ»ΓÄ»ΓÄ»ΓÄ»ΓÄ»ΓÄ»ΓÄ»ΓÄ»ΓÄ»ΓÄ»ΓÄ»ΓÄ»ΓÄ»ΓÄ»ΓÄ»[230/309]ΓÄ»[22m[39m

[41m[1m FAIL [22m[49m src/telegram/send.caption-split.test.ts[2m > [22msendMessageTelegram caption splitting[2m > [22mpreserves thread params when 
splitting long captions
[31m[1mClarityBurstAbstainError[22m: ClarityBurst: clarification required before shell execution[39m
[36m [2mΓ¥»[22m sendTelegramText src/telegram/send.ts:[2m309:13[22m[39m
    [90m307| [39m    [35mconst[39m gate1 [33m=[39m [35mawait[39m [34mapplyMessageEmitOverrides[39m(emitCtx1)[33m;[39m
    [90m308| [39m    if (gate1.outcome === "ABSTAIN_CONFIRM" || gate1.outcome === "ABSTΓÇª
    [90m309| [39m      [35mthrow[39m [35mnew[39m [33mClarityBurstAbstainError[39m({
    [90m   | [39m            [31m^[39m
    [90m310| [39m        stageId[33m:[39m [32m"MESSAGE_EMIT"[39m[33m,[39m
    [90m311| [39m        outcome[33m:[39m gate1[33m.[39moutcome[33m,[39m
[90m [2mΓ¥»[22m Module.sendMessageTelegram src/telegram/send.ts:[2m469:23[22m[39m
[90m [2mΓ¥»[22m src/telegram/send.caption-split.test.ts:[2m189:5[22m[39m

[31m[2mΓÄ»ΓÄ»ΓÄ»ΓÄ»ΓÄ»ΓÄ»ΓÄ»ΓÄ»ΓÄ»ΓÄ»ΓÄ»ΓÄ»ΓÄ»ΓÄ»ΓÄ»ΓÄ»ΓÄ»ΓÄ»ΓÄ»ΓÄ»[231/309]ΓÄ»[22m[39m

[41m[1m FAIL [22m[49m src/telegram/send.caption-split.test.ts[2m > [22msendMessageTelegram caption splitting[2m > [22mputs reply_markup only on 
follow-up text when splitting
[31m[1mClarityBurstAbstainError[22m: ClarityBurst: clarification required before shell execution[39m
[36m [2mΓ¥»[22m sendTelegramText src/telegram/send.ts:[2m309:13[22m[39m
    [90m307| [39m    [35mconst[39m gate1 [33m=[39m [35mawait[39m [34mapplyMessageEmitOverrides[39m(emitCtx1)[33m;[39m
    [90m308| [39m    if (gate1.outcome === "ABSTAIN_CONFIRM" || gate1.outcome === "ABSTΓÇª
    [90m309| [39m      [35mthrow[39m [35mnew[39m [33mClarityBurstAbstainError[39m({
    [90m   | [39m            [31m^[39m
    [90m310| [39m        stageId[33m:[39m [32m"MESSAGE_EMIT"[39m[33m,[39m
    [90m311| [39m        outcome[33m:[39m gate1[33m.[39moutcome[33m,[39m
[90m [2mΓ¥»[22m Module.sendMessageTelegram src/telegram/send.ts:[2m469:23[22m[39m
[90m [2mΓ¥»[22m src/telegram/send.caption-split.test.ts:[2m234:5[22m[39m

[31m[2mΓÄ»ΓÄ»ΓÄ»ΓÄ»ΓÄ»ΓÄ»ΓÄ»ΓÄ»ΓÄ»ΓÄ»ΓÄ»ΓÄ»ΓÄ»ΓÄ»ΓÄ»ΓÄ»ΓÄ»ΓÄ»ΓÄ»ΓÄ»[232/309]ΓÄ»[22m[39m

[41m[1m FAIL [22m[49m src/telegram/send.caption-split.test.ts[2m > [22msendMessageTelegram caption splitting[2m > [22mincludes thread params and 
reply_markup on follow-up text when splitting
[31m[1mClarityBurstAbstainError[22m: ClarityBurst: clarification required before shell execution[39m
[36m [2mΓ¥»[22m sendTelegramText src/telegram/send.ts:[2m309:13[22m[39m
    [90m307| [39m    [35mconst[39m gate1 [33m=[39m [35mawait[39m [34mapplyMessageEmitOverrides[39m(emitCtx1)[33m;[39m
    [90m308| [39m    if (gate1.outcome === "ABSTAIN_CONFIRM" || gate1.outcome === "ABSTΓÇª
    [90m309| [39m      [35mthrow[39m [35mnew[39m [33mClarityBurstAbstainError[39m({
    [90m   | [39m            [31m^[39m
    [90m310| [39m        stageId[33m:[39m [32m"MESSAGE_EMIT"[39m[33m,[39m
    [90m311| [39m        outcome[33m:[39m gate1[33m.[39moutcome[33m,[39m
[90m [2mΓ¥»[22m Module.sendMessageTelegram src/telegram/send.ts:[2m469:23[22m[39m
[90m [2mΓ¥»[22m src/telegram/send.caption-split.test.ts:[2m277:5[22m[39m

[31m[2mΓÄ»ΓÄ»ΓÄ»ΓÄ»ΓÄ»ΓÄ»ΓÄ»ΓÄ»ΓÄ»ΓÄ»ΓÄ»ΓÄ»ΓÄ»ΓÄ»ΓÄ»ΓÄ»ΓÄ»ΓÄ»ΓÄ»ΓÄ»[233/309]ΓÄ»[22m[39m

[41m[1m FAIL [22m[49m src/telegram/send.caption-split.test.ts[2m > [22msendMessageTelegram caption splitting[2m > [22mwraps chat-not-found errors 
from follow-up message
[31m[1mAssertionError[22m: expected [Function] to throw error matching /Telegram send failed: chat not found ΓÇª/ but got 'ClarityBurst: clarification 
required ΓÇª'[39m

[32m- Expected:[39m 
/Telegram send failed: chat not found \(chat_id=123\)\./

[31m+ Received:[39m 
"ClarityBurst: clarification required before shell execution"

[36m [2mΓ¥»[22m src/telegram/send.caption-split.test.ts:[2m321:5[22m[39m
    [90m319| [39m    })[33m;[39m
    [90m320| [39m
    [90m321| [39m    [35mawait[39m [34mexpect[39m(
    [90m   | [39m    [31m^[39m
    [90m322| [39m      [34msendMessageTelegram[39m(chatId[33m,[39m longText[33m,[39m {
    [90m323| [39m        token[33m:[39m [32m"tok"[39m[33m,[39m

[31m[2mΓÄ»ΓÄ»ΓÄ»ΓÄ»ΓÄ»ΓÄ»ΓÄ»ΓÄ»ΓÄ»ΓÄ»ΓÄ»ΓÄ»ΓÄ»ΓÄ»ΓÄ»ΓÄ»ΓÄ»ΓÄ»ΓÄ»ΓÄ»[234/309]ΓÄ»[22m[39m

[41m[1m FAIL [22m[49m src/telegram/send.preserves-thread-params-plain-text-fallback.test.ts[2m > [22mbuildInlineKeyboard[2m > [22mpreserves thread 
params in plain text fallback
[31m[1mClarityBurstAbstainError[22m: ClarityBurst: clarification required before shell execution[39m
[36m [2mΓ¥»[22m sendTelegramText src/telegram/send.ts:[2m309:13[22m[39m
    [90m307| [39m    [35mconst[39m gate1 [33m=[39m [35mawait[39m [34mapplyMessageEmitOverrides[39m(emitCtx1)[33m;[39m
    [90m308| [39m    if (gate1.outcome === "ABSTAIN_CONFIRM" || gate1.outcome === "ABSTΓÇª
    [90m309| [39m      [35mthrow[39m [35mnew[39m [33mClarityBurstAbstainError[39m({
    [90m   | [39m            [31m^[39m
    [90m310| [39m        stageId[33m:[39m [32m"MESSAGE_EMIT"[39m[33m,[39m
    [90m311| [39m        outcome[33m:[39m gate1[33m.[39moutcome[33m,[39m
[90m [2mΓ¥»[22m Module.sendMessageTelegram src/telegram/send.ts:[2m490:15[22m[39m
[90m [2mΓ¥»[22m src/telegram/send.preserves-thread-params-plain-text-fallback.test.ts:[2m52:17[22m[39m

[31m[2mΓÄ»ΓÄ»ΓÄ»ΓÄ»ΓÄ»ΓÄ»ΓÄ»ΓÄ»ΓÄ»ΓÄ»ΓÄ»ΓÄ»ΓÄ»ΓÄ»ΓÄ»ΓÄ»ΓÄ»ΓÄ»ΓÄ»ΓÄ»[235/309]ΓÄ»[22m[39m

[41m[1m FAIL [22m[49m src/telegram/send.proxy.test.ts[2m > [22mtelegram proxy client[2m > [22muses proxy fetch for sendMessage
[31m[1mClarityBurstAbstainError[22m: ClarityBurst: clarification required before shell execution[39m
[36m [2mΓ¥»[22m sendTelegramText src/telegram/send.ts:[2m309:13[22m[39m
    [90m307| [39m    [35mconst[39m gate1 [33m=[39m [35mawait[39m [34mapplyMessageEmitOverrides[39m(emitCtx1)[33m;[39m
    [90m308| [39m    if (gate1.outcome === "ABSTAIN_CONFIRM" || gate1.outcome === "ABSTΓÇª
    [90m309| [39m      [35mthrow[39m [35mnew[39m [33mClarityBurstAbstainError[39m({
    [90m   | [39m            [31m^[39m
    [90m310| [39m        stageId[33m:[39m [32m"MESSAGE_EMIT"[39m[33m,[39m
    [90m311| [39m        outcome[33m:[39m gate1[33m.[39moutcome[33m,[39m
[90m [2mΓ¥»[22m Module.sendMessageTelegram src/telegram/send.ts:[2m490:15[22m[39m
[90m [2mΓ¥»[22m src/telegram/send.proxy.test.ts:[2m77:5[22m[39m

[31m[2mΓÄ»ΓÄ»ΓÄ»ΓÄ»ΓÄ»ΓÄ»ΓÄ»ΓÄ»ΓÄ»ΓÄ»ΓÄ»ΓÄ»ΓÄ»ΓÄ»ΓÄ»ΓÄ»ΓÄ»ΓÄ»ΓÄ»ΓÄ»[236/309]ΓÄ»[22m[39m

[41m[1m FAIL [22m[49m src/telegram/send.returns-undefined-empty-input.test.ts[2m > [22msendMessageTelegram[2m > [22mpasses timeoutSeconds to grammY 
client when configured
[31m[1mClarityBurstAbstainError[22m: ClarityBurst: clarification required before shell execution[39m
[36m [2mΓ¥»[22m sendTelegramText src/telegram/send.ts:[2m309:13[22m[39m
    [90m307| [39m    [35mconst[39m gate1 [33m=[39m [35mawait[39m [34mapplyMessageEmitOverrides[39m(emitCtx1)[33m;[39m
    [90m308| [39m    if (gate1.outcome === "ABSTAIN_CONFIRM" || gate1.outcome === "ABSTΓÇª
    [90m309| [39m      [35mthrow[39m [35mnew[39m [33mClarityBurstAbstainError[39m({
    [90m   | [39m            [31m^[39m
    [90m310| [39m        stageId[33m:[39m [32m"MESSAGE_EMIT"[39m[33m,[39m
    [90m311| [39m        outcome[33m:[39m gate1[33m.[39moutcome[33m,[39m
[90m [2mΓ¥»[22m Module.sendMessageTelegram src/telegram/send.ts:[2m490:15[22m[39m
[90m [2mΓ¥»[22m src/telegram/send.returns-undefined-empty-input.test.ts:[2m101:5[22m[39m

[31m[2mΓÄ»ΓÄ»ΓÄ»ΓÄ»ΓÄ»ΓÄ»ΓÄ»ΓÄ»ΓÄ»ΓÄ»ΓÄ»ΓÄ»ΓÄ»ΓÄ»ΓÄ»ΓÄ»ΓÄ»ΓÄ»ΓÄ»ΓÄ»[237/309]ΓÄ»[22m[39m

[41m[1m FAIL [22m[49m src/telegram/send.returns-undefined-empty-input.test.ts[2m > [22msendMessageTelegram[2m > [22mprefers per-account 
timeoutSeconds overrides
[31m[1mClarityBurstAbstainError[22m: ClarityBurst: clarification required before shell execution[39m
[36m [2mΓ¥»[22m sendTelegramText src/telegram/send.ts:[2m309:13[22m[39m
    [90m307| [39m    [35mconst[39m gate1 [33m=[39m [35mawait[39m [34mapplyMessageEmitOverrides[39m(emitCtx1)[33m;[39m
    [90m308| [39m    if (gate1.outcome === "ABSTAIN_CONFIRM" || gate1.outcome === "ABSTΓÇª
    [90m309| [39m      [35mthrow[39m [35mnew[39m [33mClarityBurstAbstainError[39m({
    [90m   | [39m            [31m^[39m
    [90m310| [39m        stageId[33m:[39m [32m"MESSAGE_EMIT"[39m[33m,[39m
    [90m311| [39m        outcome[33m:[39m gate1[33m.[39moutcome[33m,[39m
[90m [2mΓ¥»[22m Module.sendMessageTelegram src/telegram/send.ts:[2m490:15[22m[39m
[90m [2mΓ¥»[22m src/telegram/send.returns-undefined-empty-input.test.ts:[2m118:5[22m[39m

[31m[2mΓÄ»ΓÄ»ΓÄ»ΓÄ»ΓÄ»ΓÄ»ΓÄ»ΓÄ»ΓÄ»ΓÄ»ΓÄ»ΓÄ»ΓÄ»ΓÄ»ΓÄ»ΓÄ»ΓÄ»ΓÄ»ΓÄ»ΓÄ»[238/309]ΓÄ»[22m[39m

[41m[1m FAIL [22m[49m src/telegram/send.returns-undefined-empty-input.test.ts[2m > [22msendMessageTelegram[2m > [22mfalls back to plain text when 
Telegram rejects HTML
[31m[1mClarityBurstAbstainError[22m: ClarityBurst: clarification required before shell execution[39m
[36m [2mΓ¥»[22m sendTelegramText src/telegram/send.ts:[2m309:13[22m[39m
    [90m307| [39m    [35mconst[39m gate1 [33m=[39m [35mawait[39m [34mapplyMessageEmitOverrides[39m(emitCtx1)[33m;[39m
    [90m308| [39m    if (gate1.outcome === "ABSTAIN_CONFIRM" || gate1.outcome === "ABSTΓÇª
    [90m309| [39m      [35mthrow[39m [35mnew[39m [33mClarityBurstAbstainError[39m({
    [90m   | [39m            [31m^[39m
    [90m310| [39m        stageId[33m:[39m [32m"MESSAGE_EMIT"[39m[33m,[39m
    [90m311| [39m        outcome[33m:[39m gate1[33m.[39moutcome[33m,[39m
[90m [2mΓ¥»[22m Module.sendMessageTelegram src/telegram/send.ts:[2m490:15[22m[39m
[90m [2mΓ¥»[22m src/telegram/send.returns-undefined-empty-input.test.ts:[2m143:17[22m[39m

[31m[2mΓÄ»ΓÄ»ΓÄ»ΓÄ»ΓÄ»ΓÄ»ΓÄ»ΓÄ»ΓÄ»ΓÄ»ΓÄ»ΓÄ»ΓÄ»ΓÄ»ΓÄ»ΓÄ»ΓÄ»ΓÄ»ΓÄ»ΓÄ»[239/309]ΓÄ»[22m[39m

[41m[1m FAIL [22m[49m src/telegram/send.returns-undefined-empty-input.test.ts[2m > [22msendMessageTelegram[2m > [22madds link_preview_options when 
previews are disabled in config
[31m[1mClarityBurstAbstainError[22m: ClarityBurst: clarification required before shell execution[39m
[36m [2mΓ¥»[22m sendTelegramText src/telegram/send.ts:[2m309:13[22m[39m
    [90m307| [39m    [35mconst[39m gate1 [33m=[39m [35mawait[39m [34mapplyMessageEmitOverrides[39m(emitCtx1)[33m;[39m
    [90m308| [39m    if (gate1.outcome === "ABSTAIN_CONFIRM" || gate1.outcome === "ABSTΓÇª
    [90m309| [39m      [35mthrow[39m [35mnew[39m [33mClarityBurstAbstainError[39m({
    [90m   | [39m            [31m^[39m
    [90m310| [39m        stageId[33m:[39m [32m"MESSAGE_EMIT"[39m[33m,[39m
    [90m311| [39m        outcome[33m:[39m gate1[33m.[39moutcome[33m,[39m
[90m [2mΓ¥»[22m Module.sendMessageTelegram src/telegram/send.ts:[2m490:15[22m[39m
[90m [2mΓ¥»[22m src/telegram/send.returns-undefined-empty-input.test.ts:[2m171:5[22m[39m

[31m[2mΓÄ»ΓÄ»ΓÄ»ΓÄ»ΓÄ»ΓÄ»ΓÄ»ΓÄ»ΓÄ»ΓÄ»ΓÄ»ΓÄ»ΓÄ»ΓÄ»ΓÄ»ΓÄ»ΓÄ»ΓÄ»ΓÄ»ΓÄ»[240/309]ΓÄ»[22m[39m

[41m[1m FAIL [22m[49m src/telegram/send.returns-undefined-empty-input.test.ts[2m > [22msendMessageTelegram[2m > [22mkeeps link_preview_options on 
plain-text fallback when disabled
[31m[1mClarityBurstAbstainError[22m: ClarityBurst: clarification required before shell execution[39m
[36m [2mΓ¥»[22m sendTelegramText src/telegram/send.ts:[2m309:13[22m[39m
    [90m307| [39m    [35mconst[39m gate1 [33m=[39m [35mawait[39m [34mapplyMessageEmitOverrides[39m(emitCtx1)[33m;[39m
    [90m308| [39m    if (gate1.outcome === "ABSTAIN_CONFIRM" || gate1.outcome === "ABSTΓÇª
    [90m309| [39m      [35mthrow[39m [35mnew[39m [33mClarityBurstAbstainError[39m({
    [90m   | [39m            [31m^[39m
    [90m310| [39m        stageId[33m:[39m [32m"MESSAGE_EMIT"[39m[33m,[39m
    [90m311| [39m        outcome[33m:[39m gate1[33m.[39moutcome[33m,[39m
[90m [2mΓ¥»[22m Module.sendMessageTelegram src/telegram/send.ts:[2m490:15[22m[39m
[90m [2mΓ¥»[22m src/telegram/send.returns-undefined-empty-input.test.ts:[2m199:5[22m[39m

[31m[2mΓÄ»ΓÄ»ΓÄ»ΓÄ»ΓÄ»ΓÄ»ΓÄ»ΓÄ»ΓÄ»ΓÄ»ΓÄ»ΓÄ»ΓÄ»ΓÄ»ΓÄ»ΓÄ»ΓÄ»ΓÄ»ΓÄ»ΓÄ»[241/309]ΓÄ»[22m[39m

[41m[1m FAIL [22m[49m src/telegram/send.returns-undefined-empty-input.test.ts[2m > [22msendMessageTelegram[2m > [22muses native fetch for BAN 
compatibility when api is omitted
[31m[1mClarityBurstAbstainError[22m: ClarityBurst: clarification required before shell execution[39m
[36m [2mΓ¥»[22m sendTelegramText src/telegram/send.ts:[2m309:13[22m[39m
    [90m307| [39m    [35mconst[39m gate1 [33m=[39m [35mawait[39m [34mapplyMessageEmitOverrides[39m(emitCtx1)[33m;[39m
    [90m308| [39m    if (gate1.outcome === "ABSTAIN_CONFIRM" || gate1.outcome === "ABSTΓÇª
    [90m309| [39m      [35mthrow[39m [35mnew[39m [33mClarityBurstAbstainError[39m({
    [90m   | [39m            [31m^[39m
    [90m310| [39m        stageId[33m:[39m [32m"MESSAGE_EMIT"[39m[33m,[39m
    [90m311| [39m        outcome[33m:[39m gate1[33m.[39moutcome[33m,[39m
[90m [2mΓ¥»[22m Module.sendMessageTelegram src/telegram/send.ts:[2m490:15[22m[39m
[90m [2mΓ¥»[22m src/telegram/send.returns-undefined-empty-input.test.ts:[2m224:7[22m[39m

[31m[2mΓÄ»ΓÄ»ΓÄ»ΓÄ»ΓÄ»ΓÄ»ΓÄ»ΓÄ»ΓÄ»ΓÄ»ΓÄ»ΓÄ»ΓÄ»ΓÄ»ΓÄ»ΓÄ»ΓÄ»ΓÄ»ΓÄ»ΓÄ»[242/309]ΓÄ»[22m[39m

[41m[1m FAIL [22m[49m src/telegram/send.returns-undefined-empty-input.test.ts[2m > [22msendMessageTelegram[2m > [22mnormalizes chat ids with 
internal prefixes
[31m[1mClarityBurstAbstainError[22m: ClarityBurst: clarification required before shell execution[39m
[36m [2mΓ¥»[22m sendTelegramText src/telegram/send.ts:[2m309:13[22m[39m
    [90m307| [39m    [35mconst[39m gate1 [33m=[39m [35mawait[39m [34mapplyMessageEmitOverrides[39m(emitCtx1)[33m;[39m
    [90m308| [39m    if (gate1.outcome === "ABSTAIN_CONFIRM" || gate1.outcome === "ABSTΓÇª
    [90m309| [39m      [35mthrow[39m [35mnew[39m [33mClarityBurstAbstainError[39m({
    [90m   | [39m            [31m^[39m
    [90m310| [39m        stageId[33m:[39m [32m"MESSAGE_EMIT"[39m[33m,[39m
    [90m311| [39m        outcome[33m:[39m gate1[33m.[39moutcome[33m,[39m
[90m [2mΓ¥»[22m Module.sendMessageTelegram src/telegram/send.ts:[2m490:15[22m[39m
[90m [2mΓ¥»[22m src/telegram/send.returns-undefined-empty-input.test.ts:[2m248:5[22m[39m

[31m[2mΓÄ»ΓÄ»ΓÄ»ΓÄ»ΓÄ»ΓÄ»ΓÄ»ΓÄ»ΓÄ»ΓÄ»ΓÄ»ΓÄ»ΓÄ»ΓÄ»ΓÄ»ΓÄ»ΓÄ»ΓÄ»ΓÄ»ΓÄ»[243/309]ΓÄ»[22m[39m

[41m[1m FAIL [22m[49m src/telegram/send.returns-undefined-empty-input.test.ts[2m > [22msendMessageTelegram[2m > [22mwraps chat-not-found with 
actionable context
[31m[1mAssertionError[22m: expected [Function] to throw error matching /chat not found/i but got 'ClarityBurst: clarification required ΓÇª'[39m

[32m- Expected:[39m 
/chat not found/i

[31m+ Received:[39m 
"ClarityBurst: clarification required before shell execution"

[36m [2mΓ¥»[22m src/telegram/send.returns-undefined-empty-input.test.ts:[2m266:5[22m[39m
    [90m264| [39m    }[33m;[39m
    [90m265| [39m
    [90m266| [39m    await expect(sendMessageTelegram(chatId, "hi", { token: "tok", apiΓÇª
    [90m   | [39m    [31m^[39m
    [90m267| [39m      [36m/chat not found/i[39m[33m,[39m
    [90m268| [39m    )[33m;[39m

[31m[2mΓÄ»ΓÄ»ΓÄ»ΓÄ»ΓÄ»ΓÄ»ΓÄ»ΓÄ»ΓÄ»ΓÄ»ΓÄ»ΓÄ»ΓÄ»ΓÄ»ΓÄ»ΓÄ»ΓÄ»ΓÄ»ΓÄ»ΓÄ»[244/309]ΓÄ»[22m[39m

[41m[1m FAIL [22m[49m src/telegram/send.returns-undefined-empty-input.test.ts[2m > [22msendMessageTelegram[2m > [22mretries on transient errors 
with retry_after
[31m[1mAssertionError[22m: promise rejected "ClarityBurstAbstainError: ClarityBurst: cΓÇª { ΓÇª(5) }" instead of resolving[39m
[36m [2mΓ¥»[22m src/telegram/send.returns-undefined-empty-input.test.ts:[2m299:25[22m[39m
    [90m297| [39m
    [90m298| [39m    [35mawait[39m vi[33m.[39m[34mrunAllTimersAsync[39m()[33m;[39m
    [90m299| [39m    [35mawait[39m [34mexpect[39m(promise)[33m.[39mresolves[33m.[39m[34mtoEqual[39m({ messageId[33m:[39m 
[32m"1"[39m[33m,[39m chatId })[33m;[39m
    [90m   | [39m                        [31m^[39m
    [90m300| [39m    
[34mexpect[39m(setTimeoutSpy[33m.[39mmock[33m.[39mcalls[[34m0[39m][33m?.[39m[[34m1[39m])[33m.[39m[34mtoBe[39m([34m500[39m)[33m;[39m
    [90m301| [39m    setTimeoutSpy[33m.[39m[34mmockRestore[39m()[33m;[39m

[31m[1mCaused by: ClarityBurstAbstainError[22m: ClarityBurst: clarification required before shell execution[39m
[36m [2mΓ¥»[22m sendTelegramText src/telegram/send.ts:[2m309:13[22m[39m
[90m [2mΓ¥»[22m Module.sendMessageTelegram src/telegram/send.ts:[2m490:15[22m[39m

[31m[2mΓÄ»ΓÄ»ΓÄ»ΓÄ»ΓÄ»ΓÄ»ΓÄ»ΓÄ»ΓÄ»ΓÄ»ΓÄ»ΓÄ»ΓÄ»ΓÄ»ΓÄ»ΓÄ»ΓÄ»ΓÄ»ΓÄ»ΓÄ»ΓÄ»ΓÄ»ΓÄ»ΓÄ»ΓÄ»ΓÄ»ΓÄ»ΓÄ»ΓÄ»ΓÄ»[22m[39m
[31m[1mSerialized Error:[22m[39m [90m{ stageId: 'MESSAGE_EMIT', outcome: 'ABSTAIN_CLARIFY', reason: 'router_outage', contractId: null, instructions: 
'The router is unavailable and message emit operations cannot proceed. Retry when the router service is restored.' }[39m
[31m[2mΓÄ»ΓÄ»ΓÄ»ΓÄ»ΓÄ»ΓÄ»ΓÄ»ΓÄ»ΓÄ»ΓÄ»ΓÄ»ΓÄ»ΓÄ»ΓÄ»ΓÄ»ΓÄ»ΓÄ»ΓÄ»ΓÄ»ΓÄ»[245/309]ΓÄ»[22m[39m

[41m[1m FAIL [22m[49m src/telegram/send.returns-undefined-empty-input.test.ts[2m > [22msendMessageTelegram[2m > [22mdoes not retry on non-transient 
errors
[31m[1mAssertionError[22m: expected [Function] to throw error matching /Bad Request/ but got 'ClarityBurst: clarification required ΓÇª'[39m

[32m- Expected:[39m 
/Bad Request/

[31m+ Received:[39m 
"ClarityBurst: clarification required before shell execution"

[36m [2mΓ¥»[22m src/telegram/send.returns-undefined-empty-input.test.ts:[2m312:5[22m[39m
    [90m310| [39m    }[33m;[39m
    [90m311| [39m
    [90m312| [39m    [35mawait[39m [34mexpect[39m(
    [90m   | [39m    [31m^[39m
    [90m313| [39m      [34msendMessageTelegram[39m(chatId[33m,[39m [32m"hi"[39m[33m,[39m {
    [90m314| [39m        token[33m:[39m [32m"tok"[39m[33m,[39m

[31m[2mΓÄ»ΓÄ»ΓÄ»ΓÄ»ΓÄ»ΓÄ»ΓÄ»ΓÄ»ΓÄ»ΓÄ»ΓÄ»ΓÄ»ΓÄ»ΓÄ»ΓÄ»ΓÄ»ΓÄ»ΓÄ»ΓÄ»ΓÄ»[246/309]ΓÄ»[22m[39m

[41m[1m FAIL [22m[49m src/telegram/send.returns-undefined-empty-input.test.ts[2m > [22msendMessageTelegram[2m > [22mincludes message_thread_id for 
forum topic messages
[31m[1mClarityBurstAbstainError[22m: ClarityBurst: clarification required before shell execution[39m
[36m [2mΓ¥»[22m sendTelegramText src/telegram/send.ts:[2m309:13[22m[39m
    [90m307| [39m    [35mconst[39m gate1 [33m=[39m [35mawait[39m [34mapplyMessageEmitOverrides[39m(emitCtx1)[33m;[39m
    [90m308| [39m    if (gate1.outcome === "ABSTAIN_CONFIRM" || gate1.outcome === "ABSTΓÇª
    [90m309| [39m      [35mthrow[39m [35mnew[39m [33mClarityBurstAbstainError[39m({
    [90m   | [39m            [31m^[39m
    [90m310| [39m        stageId[33m:[39m [32m"MESSAGE_EMIT"[39m[33m,[39m
    [90m311| [39m        outcome[33m:[39m gate1[33m.[39moutcome[33m,[39m
[90m [2mΓ¥»[22m Module.sendMessageTelegram src/telegram/send.ts:[2m490:15[22m[39m
[90m [2mΓ¥»[22m src/telegram/send.returns-undefined-empty-input.test.ts:[2m469:5[22m[39m

[31m[2mΓÄ»ΓÄ»ΓÄ»ΓÄ»ΓÄ»ΓÄ»ΓÄ»ΓÄ»ΓÄ»ΓÄ»ΓÄ»ΓÄ»ΓÄ»ΓÄ»ΓÄ»ΓÄ»ΓÄ»ΓÄ»ΓÄ»ΓÄ»[247/309]ΓÄ»[22m[39m

[41m[1m FAIL [22m[49m src/telegram/send.returns-undefined-empty-input.test.ts[2m > [22msendMessageTelegram[2m > [22msets disable_notification when 
silent is true
[31m[1mClarityBurstAbstainError[22m: ClarityBurst: clarification required before shell execution[39m
[36m [2mΓ¥»[22m sendTelegramText src/telegram/send.ts:[2m309:13[22m[39m
    [90m307| [39m    [35mconst[39m gate1 [33m=[39m [35mawait[39m [34mapplyMessageEmitOverrides[39m(emitCtx1)[33m;[39m
    [90m308| [39m    if (gate1.outcome === "ABSTAIN_CONFIRM" || gate1.outcome === "ABSTΓÇª
    [90m309| [39m      [35mthrow[39m [35mnew[39m [33mClarityBurstAbstainError[39m({
    [90m   | [39m            [31m^[39m
    [90m310| [39m        stageId[33m:[39m [32m"MESSAGE_EMIT"[39m[33m,[39m
    [90m311| [39m        outcome[33m:[39m gate1[33m.[39moutcome[33m,[39m
[90m [2mΓ¥»[22m Module.sendMessageTelegram src/telegram/send.ts:[2m490:15[22m[39m
[90m [2mΓ¥»[22m src/telegram/send.returns-undefined-empty-input.test.ts:[2m491:5[22m[39m

[31m[2mΓÄ»ΓÄ»ΓÄ»ΓÄ»ΓÄ»ΓÄ»ΓÄ»ΓÄ»ΓÄ»ΓÄ»ΓÄ»ΓÄ»ΓÄ»ΓÄ»ΓÄ»ΓÄ»ΓÄ»ΓÄ»ΓÄ»ΓÄ»[248/309]ΓÄ»[22m[39m

[41m[1m FAIL [22m[49m src/telegram/send.returns-undefined-empty-input.test.ts[2m > [22msendMessageTelegram[2m > [22mparses message_thread_id from 
recipient string (telegram:group:...:topic:...)
[31m[1mClarityBurstAbstainError[22m: ClarityBurst: clarification required before shell execution[39m
[36m [2mΓ¥»[22m sendTelegramText src/telegram/send.ts:[2m309:13[22m[39m
    [90m307| [39m    [35mconst[39m gate1 [33m=[39m [35mawait[39m [34mapplyMessageEmitOverrides[39m(emitCtx1)[33m;[39m
    [90m308| [39m    if (gate1.outcome === "ABSTAIN_CONFIRM" || gate1.outcome === "ABSTΓÇª
    [90m309| [39m      [35mthrow[39m [35mnew[39m [33mClarityBurstAbstainError[39m({
    [90m   | [39m            [31m^[39m
    [90m310| [39m        stageId[33m:[39m [32m"MESSAGE_EMIT"[39m[33m,[39m
    [90m311| [39m        outcome[33m:[39m gate1[33m.[39moutcome[33m,[39m
[90m [2mΓ¥»[22m Module.sendMessageTelegram src/telegram/send.ts:[2m490:15[22m[39m
[90m [2mΓ¥»[22m src/telegram/send.returns-undefined-empty-input.test.ts:[2m513:5[22m[39m

[31m[2mΓÄ»ΓÄ»ΓÄ»ΓÄ»ΓÄ»ΓÄ»ΓÄ»ΓÄ»ΓÄ»ΓÄ»ΓÄ»ΓÄ»ΓÄ»ΓÄ»ΓÄ»ΓÄ»ΓÄ»ΓÄ»ΓÄ»ΓÄ»[249/309]ΓÄ»[22m[39m

[41m[1m FAIL [22m[49m src/telegram/send.returns-undefined-empty-input.test.ts[2m > [22msendMessageTelegram[2m > [22mincludes reply_to_message_id 
for threaded replies
[31m[1mClarityBurstAbstainError[22m: ClarityBurst: clarification required before shell execution[39m
[36m [2mΓ¥»[22m sendTelegramText src/telegram/send.ts:[2m309:13[22m[39m
    [90m307| [39m    [35mconst[39m gate1 [33m=[39m [35mawait[39m [34mapplyMessageEmitOverrides[39m(emitCtx1)[33m;[39m
    [90m308| [39m    if (gate1.outcome === "ABSTAIN_CONFIRM" || gate1.outcome === "ABSTΓÇª
    [90m309| [39m      [35mthrow[39m [35mnew[39m [33mClarityBurstAbstainError[39m({
    [90m   | [39m            [31m^[39m
    [90m310| [39m        stageId[33m:[39m [32m"MESSAGE_EMIT"[39m[33m,[39m
    [90m311| [39m        outcome[33m:[39m gate1[33m.[39moutcome[33m,[39m
[90m [2mΓ¥»[22m Module.sendMessageTelegram src/telegram/send.ts:[2m490:15[22m[39m
[90m [2mΓ¥»[22m src/telegram/send.returns-undefined-empty-input.test.ts:[2m534:5[22m[39m

[31m[2mΓÄ»ΓÄ»ΓÄ»ΓÄ»ΓÄ»ΓÄ»ΓÄ»ΓÄ»ΓÄ»ΓÄ»ΓÄ»ΓÄ»ΓÄ»ΓÄ»ΓÄ»ΓÄ»ΓÄ»ΓÄ»ΓÄ»ΓÄ»[250/309]ΓÄ»[22m[39m

[41m[1m FAIL [22m[49m src/telegram/send.returns-undefined-empty-input.test.ts[2m > [22msendMessageTelegram[2m > [22mincludes both thread and reply 
params for forum topic replies
[31m[1mClarityBurstAbstainError[22m: ClarityBurst: clarification required before shell execution[39m
[36m [2mΓ¥»[22m sendTelegramText src/telegram/send.ts:[2m309:13[22m[39m
    [90m307| [39m    [35mconst[39m gate1 [33m=[39m [35mawait[39m [34mapplyMessageEmitOverrides[39m(emitCtx1)[33m;[39m
    [90m308| [39m    if (gate1.outcome === "ABSTAIN_CONFIRM" || gate1.outcome === "ABSTΓÇª
    [90m309| [39m      [35mthrow[39m [35mnew[39m [33mClarityBurstAbstainError[39m({
    [90m   | [39m            [31m^[39m
    [90m310| [39m        stageId[33m:[39m [32m"MESSAGE_EMIT"[39m[33m,[39m
    [90m311| [39m        outcome[33m:[39m gate1[33m.[39moutcome[33m,[39m
[90m [2mΓ¥»[22m Module.sendMessageTelegram src/telegram/send.ts:[2m490:15[22m[39m
[90m [2mΓ¥»[22m src/telegram/send.returns-undefined-empty-input.test.ts:[2m556:5[22m[39m

[31m[2mΓÄ»ΓÄ»ΓÄ»ΓÄ»ΓÄ»ΓÄ»ΓÄ»ΓÄ»ΓÄ»ΓÄ»ΓÄ»ΓÄ»ΓÄ»ΓÄ»ΓÄ»ΓÄ»ΓÄ»ΓÄ»ΓÄ»ΓÄ»[251/309]ΓÄ»[22m[39m

[41m[1m FAIL [22m[49m src/web/auto-reply.partial-reply-gating.test.ts[2m > [22mpartial reply gating[2m > [22mupdates last-route for direct chats 
without senderE164
[31m[1mAssertionError[22m: expected undefined to be 'whatsapp' // Object.is equality[39m

[32m- Expected:[39m 
"whatsapp"

[31m+ Received:[39m 
undefined

[36m [2mΓ¥»[22m src/web/auto-reply.partial-reply-gating.test.ts:[2m241:49[22m[39m
    [90m239| [39m      [35mthrow[39m [35mnew[39m [33mError[39m([32m"store not loaded"[39m)[33m;[39m
    [90m240| [39m    }
    [90m241| [39m    [34mexpect[39m(stored[mainSessionKey][33m?.[39mlastChannel)[33m.[39m[34mtoBe[39m([32m"whatsapp"[39m)[33m;[39m
    [90m   | [39m                                                [31m^[39m
    [90m242| [39m    [34mexpect[39m(stored[mainSessionKey][33m?.[39mlastTo)[33m.[39m[34mtoBe[39m([32m"+1000"[39m)[33m;[39m
    [90m243| [39m

[31m[2mΓÄ»ΓÄ»ΓÄ»ΓÄ»ΓÄ»ΓÄ»ΓÄ»ΓÄ»ΓÄ»ΓÄ»ΓÄ»ΓÄ»ΓÄ»ΓÄ»ΓÄ»ΓÄ»ΓÄ»ΓÄ»ΓÄ»ΓÄ»[252/309]ΓÄ»[22m[39m

[41m[1m FAIL [22m[49m src/web/auto-reply.partial-reply-gating.test.ts[2m > [22mpartial reply gating[2m > [22mupdates last-route for group chats 
with account id
[31m[1mAssertionError[22m: expected undefined to be 'whatsapp' // Object.is equality[39m

[32m- Expected:[39m 
"whatsapp"

[31m+ Received:[39m 
undefined

[36m [2mΓ¥»[22m src/web/auto-reply.partial-reply-gating.test.ts:[2m310:50[22m[39m
    [90m308| [39m      [35mthrow[39m [35mnew[39m [33mError[39m([32m"store not loaded"[39m)[33m;[39m
    [90m309| [39m    }
    [90m310| [39m    [34mexpect[39m(stored[groupSessionKey][33m?.[39mlastChannel)[33m.[39m[34mtoBe[39m([32m"whatsapp"[39m)[33m;[39m
    [90m   | [39m                                                 [31m^[39m
    [90m311| [39m    [34mexpect[39m(stored[groupSessionKey][33m?.[39mlastTo)[33m.[39m[34mtoBe[39m([32m"123@g.us"[39m)[33m;[39m
    [90m312| [39m    [34mexpect[39m(stored[groupSessionKey][33m?.[39mlastAccountId)[33m.[39m[34mtoBe[39m([32m"work"[39m)[33m;[39m

[31m[2mΓÄ»ΓÄ»ΓÄ»ΓÄ»ΓÄ»ΓÄ»ΓÄ»ΓÄ»ΓÄ»ΓÄ»ΓÄ»ΓÄ»ΓÄ»ΓÄ»ΓÄ»ΓÄ»ΓÄ»ΓÄ»ΓÄ»ΓÄ»[253/309]ΓÄ»[22m[39m

[41m[1m FAIL [22m[49m src/web/monitor-inbox.captures-media-path-image-messages.test.ts[2m > [22mweb monitor inbox[2m > [22msets gifPlayback on 
outbound video payloads when requested
[31m[1mClarityBurstAbstainError[22m: ClarityBurst: clarification required before shell execution[39m
[36m [2mΓ¥»[22m Object.sendMessage src/web/inbound/send-api.ts:[2m64:15[22m[39m
    [90m 62| [39m
    [90m 63| [39m      if (gate.outcome === "ABSTAIN_CONFIRM" || gate.outcome === "ABSTΓÇª
    [90m 64| [39m        [35mthrow[39m [35mnew[39m [33mClarityBurstAbstainError[39m({
    [90m   | [39m              [31m^[39m
    [90m 65| [39m          outcome[33m:[39m gate[33m.[39moutcome[33m,[39m
    [90m 66| [39m          reason[33m:[39m gate[33m.[39mreason[33m,[39m
[90m [2mΓ¥»[22m src/web/monitor-inbox.captures-media-path-image-messages.test.ts:[2m140:5[22m[39m

[31m[2mΓÄ»ΓÄ»ΓÄ»ΓÄ»ΓÄ»ΓÄ»ΓÄ»ΓÄ»ΓÄ»ΓÄ»ΓÄ»ΓÄ»ΓÄ»ΓÄ»ΓÄ»ΓÄ»ΓÄ»ΓÄ»ΓÄ»ΓÄ»[254/309]ΓÄ»[22m[39m

[41m[1m FAIL [22m[49m src/web/monitor-inbox.captures-media-path-image-messages.test.ts[2m > [22mweb monitor inbox[2m > [22mlogs inbound bodies to 
file
[31m[1mError[22m: ENOENT: no such file or directory, open 
'C:\Users\rob_m\AppData\Local\Temp\openclaw-log-test-a1601412-97c8-461a-8e02-93463166f8bf.log'[39m
[36m [2mΓ¥»[22m src/web/monitor-inbox.captures-media-path-image-messages.test.ts:[2m193:28[22m[39m
    [90m191| [39m    [35mawait[39m [35mnew[39m [33mPromise[39m((resolve) [33m=>[39m [34msetImmediate[39m(resolve))[33m;[39m
    [90m192| [39m
    [90m193| [39m    [35mconst[39m content [33m=[39m fsSync[33m.[39m[34mreadFileSync[39m(logPath[33m,[39m [32m"utf-8"[39m)[33m;[39m
    [90m   | [39m                           [31m^[39m
    [90m194| [39m    [34mexpect[39m(content)[33m.[39m[34mtoMatch[39m([36m/web-inbound/[39m)[33m;[39m
    [90m195| [39m    [34mexpect[39m(content)[33m.[39m[34mtoMatch[39m([36m/ping/[39m)[33m;[39m

[31m[2mΓÄ»ΓÄ»ΓÄ»ΓÄ»ΓÄ»ΓÄ»ΓÄ»ΓÄ»ΓÄ»ΓÄ»ΓÄ»ΓÄ»ΓÄ»ΓÄ»ΓÄ»ΓÄ»ΓÄ»ΓÄ»ΓÄ»ΓÄ»[255/309]ΓÄ»[22m[39m

[41m[1m FAIL [22m[49m src/web/monitor-inbox.captures-media-path-image-messages.test.ts[2m > [22mweb monitor inbox[2m > [22mpasses through group 
messages with participant metadata
[31m[1mAssertionError[22m: expected "vi.fn()" to be called with arguments: [ ObjectContaining{ΓÇª} ][90m

Number of calls: [1m0[22m
[31m[39m
[36m [2mΓ¥»[22m src/web/monitor-inbox.captures-media-path-image-messages.test.ts:[2m261:23[22m[39m
    [90m259| [39m    [35mawait[39m [35mnew[39m [33mPromise[39m((resolve) [33m=>[39m [34msetImmediate[39m(resolve))[33m;[39m
    [90m260| [39m
    [90m261| [39m    [34mexpect[39m(onMessage)[33m.[39m[34mtoHaveBeenCalledWith[39m(
    [90m   | [39m                      [31m^[39m
    [90m262| [39m      expect[33m.[39m[34mobjectContaining[39m({
    [90m263| [39m        chatType[33m:[39m [32m"group"[39m[33m,[39m

[31m[2mΓÄ»ΓÄ»ΓÄ»ΓÄ»ΓÄ»ΓÄ»ΓÄ»ΓÄ»ΓÄ»ΓÄ»ΓÄ»ΓÄ»ΓÄ»ΓÄ»ΓÄ»ΓÄ»ΓÄ»ΓÄ»ΓÄ»ΓÄ»[256/309]ΓÄ»[22m[39m

[41m[1m FAIL [22m[49m src/web/monitor-inbox.captures-media-path-image-messages.test.ts[2m > [22mweb monitor inbox[2m > [22munwraps ephemeral 
messages, preserves mentions, and still delivers group pings
[31m[1mAssertionError[22m: expected "vi.fn()" to be called 1 times, but got 0 times[39m
[36m [2mΓ¥»[22m src/web/monitor-inbox.captures-media-path-image-messages.test.ts:[2m303:23[22m[39m
    [90m301| [39m    [35mawait[39m [35mnew[39m [33mPromise[39m((resolve) [33m=>[39m [34msetImmediate[39m(resolve))[33m;[39m
    [90m302| [39m
    [90m303| [39m    [34mexpect[39m(onMessage)[33m.[39m[34mtoHaveBeenCalledTimes[39m([34m1[39m)[33m;[39m
    [90m   | [39m                      [31m^[39m
    [90m304| [39m    [34mexpect[39m(onMessage)[33m.[39m[34mtoHaveBeenCalledWith[39m(
    [90m305| [39m      expect[33m.[39m[34mobjectContaining[39m({

[31m[2mΓÄ»ΓÄ»ΓÄ»ΓÄ»ΓÄ»ΓÄ»ΓÄ»ΓÄ»ΓÄ»ΓÄ»ΓÄ»ΓÄ»ΓÄ»ΓÄ»ΓÄ»ΓÄ»ΓÄ»ΓÄ»ΓÄ»ΓÄ»[257/309]ΓÄ»[22m[39m

[41m[1m FAIL [22m[49m src/web/monitor-inbox.captures-media-path-image-messages.test.ts[2m > [22mweb monitor inbox[2m > [22mstill forwards group 
messages (with sender info) even when allowFrom is restrictive
[31m[1mAssertionError[22m: expected "vi.fn()" to be called 1 times, but got 0 times[39m
[36m [2mΓ¥»[22m src/web/monitor-inbox.captures-media-path-image-messages.test.ts:[2m358:23[22m[39m
    [90m356| [39m    [35mawait[39m [35mnew[39m [33mPromise[39m((resolve) [33m=>[39m [34msetImmediate[39m(resolve))[33m;[39m
    [90m357| [39m
    [90m358| [39m    [34mexpect[39m(onMessage)[33m.[39m[34mtoHaveBeenCalledTimes[39m([34m1[39m)[33m;[39m
    [90m   | [39m                      [31m^[39m
    [90m359| [39m    [34mexpect[39m(onMessage)[33m.[39m[34mtoHaveBeenCalledWith[39m(
    [90m360| [39m      expect[33m.[39m[34mobjectContaining[39m({

[31m[2mΓÄ»ΓÄ»ΓÄ»ΓÄ»ΓÄ»ΓÄ»ΓÄ»ΓÄ»ΓÄ»ΓÄ»ΓÄ»ΓÄ»ΓÄ»ΓÄ»ΓÄ»ΓÄ»ΓÄ»ΓÄ»ΓÄ»ΓÄ»[258/309]ΓÄ»[22m[39m

[41m[1m FAIL [22m[49m src/web/outbound.test.ts[2m > [22mweb outbound[2m > [22msends message via active listener
[31m[1mClarityBurstAbstainError[22m: ClarityBurst: clarification required before shell execution[39m
[36m [2mΓ¥»[22m Module.sendMessageWhatsApp src/web/outbound.ts:[2m88:13[22m[39m
    [90m 86| [39m    [35mconst[39m gate [33m=[39m [35mawait[39m [34mapplyMessageEmitOverrides[39m(emitCtx)[33m;[39m
    [90m 87| [39m    if (gate.outcome === "ABSTAIN_CONFIRM" || gate.outcome === "ABSTAIΓÇª
    [90m 88| [39m      [35mthrow[39m [35mnew[39m [33mClarityBurstAbstainError[39m({
    [90m   | [39m            [31m^[39m
    [90m 89| [39m        outcome[33m:[39m gate[33m.[39moutcome[33m,[39m
    [90m 90| [39m        reason[33m:[39m gate[33m.[39mreason[33m,[39m
[90m [2mΓ¥»[22m src/web/outbound.test.ts:[2m35:20[22m[39m

[31m[2mΓÄ»ΓÄ»ΓÄ»ΓÄ»ΓÄ»ΓÄ»ΓÄ»ΓÄ»ΓÄ»ΓÄ»ΓÄ»ΓÄ»ΓÄ»ΓÄ»ΓÄ»ΓÄ»ΓÄ»ΓÄ»ΓÄ»ΓÄ»[259/309]ΓÄ»[22m[39m

[41m[1m FAIL [22m[49m src/web/outbound.test.ts[2m > [22mweb outbound[2m > [22mmaps audio to PTT with opus mime when ogg
[31m[1mClarityBurstAbstainError[22m: ClarityBurst: clarification required before shell execution[39m
[36m [2mΓ¥»[22m Module.sendMessageWhatsApp src/web/outbound.ts:[2m88:13[22m[39m
    [90m 86| [39m    [35mconst[39m gate [33m=[39m [35mawait[39m [34mapplyMessageEmitOverrides[39m(emitCtx)[33m;[39m
    [90m 87| [39m    if (gate.outcome === "ABSTAIN_CONFIRM" || gate.outcome === "ABSTAIΓÇª
    [90m 88| [39m      [35mthrow[39m [35mnew[39m [33mClarityBurstAbstainError[39m({
    [90m   | [39m            [31m^[39m
    [90m 89| [39m        outcome[33m:[39m gate[33m.[39moutcome[33m,[39m
    [90m 90| [39m        reason[33m:[39m gate[33m.[39mreason[33m,[39m
[90m [2mΓ¥»[22m src/web/outbound.test.ts:[2m64:5[22m[39m

[31m[2mΓÄ»ΓÄ»ΓÄ»ΓÄ»ΓÄ»ΓÄ»ΓÄ»ΓÄ»ΓÄ»ΓÄ»ΓÄ»ΓÄ»ΓÄ»ΓÄ»ΓÄ»ΓÄ»ΓÄ»ΓÄ»ΓÄ»ΓÄ»[260/309]ΓÄ»[22m[39m

[41m[1m FAIL [22m[49m src/web/outbound.test.ts[2m > [22mweb outbound[2m > [22mmaps video with caption
[31m[1mClarityBurstAbstainError[22m: ClarityBurst: clarification required before shell execution[39m
[36m [2mΓ¥»[22m Module.sendMessageWhatsApp src/web/outbound.ts:[2m88:13[22m[39m
    [90m 86| [39m    [35mconst[39m gate [33m=[39m [35mawait[39m [34mapplyMessageEmitOverrides[39m(emitCtx)[33m;[39m
    [90m 87| [39m    if (gate.outcome === "ABSTAIN_CONFIRM" || gate.outcome === "ABSTAIΓÇª
    [90m 88| [39m      [35mthrow[39m [35mnew[39m [33mClarityBurstAbstainError[39m({
    [90m   | [39m            [31m^[39m
    [90m 89| [39m        outcome[33m:[39m gate[33m.[39moutcome[33m,[39m
    [90m 90| [39m        reason[33m:[39m gate[33m.[39mreason[33m,[39m
[90m [2mΓ¥»[22m src/web/outbound.test.ts:[2m83:5[22m[39m

[31m[2mΓÄ»ΓÄ»ΓÄ»ΓÄ»ΓÄ»ΓÄ»ΓÄ»ΓÄ»ΓÄ»ΓÄ»ΓÄ»ΓÄ»ΓÄ»ΓÄ»ΓÄ»ΓÄ»ΓÄ»ΓÄ»ΓÄ»ΓÄ»[261/309]ΓÄ»[22m[39m

[41m[1m FAIL [22m[49m src/web/outbound.test.ts[2m > [22mweb outbound[2m > [22mmarks gif playback for video when requested
[31m[1mClarityBurstAbstainError[22m: ClarityBurst: clarification required before shell execution[39m
[36m [2mΓ¥»[22m Module.sendMessageWhatsApp src/web/outbound.ts:[2m88:13[22m[39m
    [90m 86| [39m    [35mconst[39m gate [33m=[39m [35mawait[39m [34mapplyMessageEmitOverrides[39m(emitCtx)[33m;[39m
    [90m 87| [39m    if (gate.outcome === "ABSTAIN_CONFIRM" || gate.outcome === "ABSTAIΓÇª
    [90m 88| [39m      [35mthrow[39m [35mnew[39m [33mClarityBurstAbstainError[39m({
    [90m   | [39m            [31m^[39m
    [90m 89| [39m        outcome[33m:[39m gate[33m.[39moutcome[33m,[39m
    [90m 90| [39m        reason[33m:[39m gate[33m.[39mreason[33m,[39m
[90m [2mΓ¥»[22m src/web/outbound.test.ts:[2m97:5[22m[39m

[31m[2mΓÄ»ΓÄ»ΓÄ»ΓÄ»ΓÄ»ΓÄ»ΓÄ»ΓÄ»ΓÄ»ΓÄ»ΓÄ»ΓÄ»ΓÄ»ΓÄ»ΓÄ»ΓÄ»ΓÄ»ΓÄ»ΓÄ»ΓÄ»[262/309]ΓÄ»[22m[39m

[41m[1m FAIL [22m[49m src/web/outbound.test.ts[2m > [22mweb outbound[2m > [22mmaps image with caption
[31m[1mClarityBurstAbstainError[22m: ClarityBurst: clarification required before shell execution[39m
[36m [2mΓ¥»[22m Module.sendMessageWhatsApp src/web/outbound.ts:[2m88:13[22m[39m
    [90m 86| [39m    [35mconst[39m gate [33m=[39m [35mawait[39m [34mapplyMessageEmitOverrides[39m(emitCtx)[33m;[39m
    [90m 87| [39m    if (gate.outcome === "ABSTAIN_CONFIRM" || gate.outcome === "ABSTAIΓÇª
    [90m 88| [39m      [35mthrow[39m [35mnew[39m [33mClarityBurstAbstainError[39m({
    [90m   | [39m            [31m^[39m
    [90m 89| [39m        outcome[33m:[39m gate[33m.[39moutcome[33m,[39m
    [90m 90| [39m        reason[33m:[39m gate[33m.[39mreason[33m,[39m
[90m [2mΓ¥»[22m src/web/outbound.test.ts:[2m114:5[22m[39m

[31m[2mΓÄ»ΓÄ»ΓÄ»ΓÄ»ΓÄ»ΓÄ»ΓÄ»ΓÄ»ΓÄ»ΓÄ»ΓÄ»ΓÄ»ΓÄ»ΓÄ»ΓÄ»ΓÄ»ΓÄ»ΓÄ»ΓÄ»ΓÄ»[263/309]ΓÄ»[22m[39m

[41m[1m FAIL [22m[49m src/web/outbound.test.ts[2m > [22mweb outbound[2m > [22mmaps other kinds to document with filename
[31m[1mClarityBurstAbstainError[22m: ClarityBurst: clarification required before shell execution[39m
[36m [2mΓ¥»[22m Module.sendMessageWhatsApp src/web/outbound.ts:[2m88:13[22m[39m
    [90m 86| [39m    [35mconst[39m gate [33m=[39m [35mawait[39m [34mapplyMessageEmitOverrides[39m(emitCtx)[33m;[39m
    [90m 87| [39m    if (gate.outcome === "ABSTAIN_CONFIRM" || gate.outcome === "ABSTAIΓÇª
    [90m 88| [39m      [35mthrow[39m [35mnew[39m [33mClarityBurstAbstainError[39m({
    [90m   | [39m            [31m^[39m
    [90m 89| [39m        outcome[33m:[39m gate[33m.[39moutcome[33m,[39m
    [90m 90| [39m        reason[33m:[39m gate[33m.[39mreason[33m,[39m
[90m [2mΓ¥»[22m src/web/outbound.test.ts:[2m129:5[22m[39m

[31m[2mΓÄ»ΓÄ»ΓÄ»ΓÄ»ΓÄ»ΓÄ»ΓÄ»ΓÄ»ΓÄ»ΓÄ»ΓÄ»ΓÄ»ΓÄ»ΓÄ»ΓÄ»ΓÄ»ΓÄ»ΓÄ»ΓÄ»ΓÄ»[264/309]ΓÄ»[22m[39m

[41m[1m FAIL [22m[49m 
src/auto-reply/reply/agent-runner.heartbeat-typing.runreplyagent-typing-heartbeat.resets-corrupted-gemini-sessions-deletes-transcripts.test.ts[2m > 
[22mrunReplyAgent typing (heartbeat)[2m > [22mresets corrupted Gemini sessions and deletes transcripts
[31m[1mAssertionError[22m: expected { sessionId: 'session-corrupt', ΓÇª(1) } to be undefined[39m

[32m- Expected:[39m 
undefined

[31m+ Received:[39m 
{
  "sessionId": "session-corrupt",
  "updatedAt": 1770517546892,
}

[36m [2mΓ¥»[22m src/auto-reply/reply/agent-runner.heartbeat-typing.runreplyagent-typing-heartbeat.resets-corrupted-gemini-sessions-deletes-transcripts.te
st.ts:[2m162:30[22m[39m
    [90m160| [39m
    [90m161| [39m      const persisted = JSON.parse(await fs.readFile(storePath, "utf-8ΓÇª
    [90m162| [39m      [34mexpect[39m(persisted[33m.[39mmain)[33m.[39m[34mtoBeUndefined[39m()[33m;[39m
    [90m   | [39m                             [31m^[39m
    [90m163| [39m    } [35mfinally[39m {
    [90m164| [39m      [35mif[39m (prevStateDir) {

[31m[2mΓÄ»ΓÄ»ΓÄ»ΓÄ»ΓÄ»ΓÄ»ΓÄ»ΓÄ»ΓÄ»ΓÄ»ΓÄ»ΓÄ»ΓÄ»ΓÄ»ΓÄ»ΓÄ»ΓÄ»ΓÄ»ΓÄ»ΓÄ»[265/309]ΓÄ»[22m[39m

[41m[1m FAIL [22m[49m 
src/auto-reply/reply/agent-runner.heartbeat-typing.runreplyagent-typing-heartbeat.retries-after-compaction-failure-by-resetting-session.test.ts[2m > 
[22mrunReplyAgent typing (heartbeat)[2m > [22mretries after compaction failure by resetting the session
[31m[1mAssertionError[22m: expected 'session' to be '061ea02d-8543-4561-8d9c-be4fe5c39dbf' // Object.is equality[39m

Expected: [32m"061ea02d-8543-4561-8d9c-be4fe5c39dbf"[39m
Received: [31m"session"[39m

[36m [2mΓ¥»[22m src/auto-reply/reply/agent-runner.heartbeat-typing.runreplyagent-typing-heartbeat.retries-after-compaction-failure-by-resetting-session.t
est.ts:[2m167:40[22m[39m
    [90m165| [39m
    [90m166| [39m      const persisted = JSON.parse(await fs.readFile(storePath, "utf-8ΓÇª
    [90m167| [39m      expect(persisted.main.sessionId).toBe(sessionStore.main.sessionIΓÇª
    [90m   | [39m                                       [31m^[39m
    [90m168| [39m    } [35mfinally[39m {
    [90m169| [39m      [35mif[39m (prevStateDir) {

[31m[2mΓÄ»ΓÄ»ΓÄ»ΓÄ»ΓÄ»ΓÄ»ΓÄ»ΓÄ»ΓÄ»ΓÄ»ΓÄ»ΓÄ»ΓÄ»ΓÄ»ΓÄ»ΓÄ»ΓÄ»ΓÄ»ΓÄ»ΓÄ»[266/309]ΓÄ»[22m[39m

[41m[1m FAIL [22m[49m 
src/auto-reply/reply/agent-runner.heartbeat-typing.runreplyagent-typing-heartbeat.retries-after-compaction-failure-by-resetting-session.test.ts[2m > 
[22mrunReplyAgent typing (heartbeat)[2m > [22mretries after context overflow payload by resetting the session
[31m[1mAssertionError[22m: expected 'session' to be '0bee0270-c0f1-4fec-a57c-ad3dc4602801' // Object.is equality[39m

Expected: [32m"0bee0270-c0f1-4fec-a57c-ad3dc4602801"[39m
Received: [31m"session"[39m

[36m [2mΓ¥»[22m src/auto-reply/reply/agent-runner.heartbeat-typing.runreplyagent-typing-heartbeat.retries-after-compaction-failure-by-resetting-session.t
est.ts:[2m221:40[22m[39m
    [90m219| [39m
    [90m220| [39m      const persisted = JSON.parse(await fs.readFile(storePath, "utf-8ΓÇª
    [90m221| [39m      expect(persisted.main.sessionId).toBe(sessionStore.main.sessionIΓÇª
    [90m   | [39m                                       [31m^[39m
    [90m222| [39m    } [35mfinally[39m {
    [90m223| [39m      [35mif[39m (prevStateDir) {

[31m[2mΓÄ»ΓÄ»ΓÄ»ΓÄ»ΓÄ»ΓÄ»ΓÄ»ΓÄ»ΓÄ»ΓÄ»ΓÄ»ΓÄ»ΓÄ»ΓÄ»ΓÄ»ΓÄ»ΓÄ»ΓÄ»ΓÄ»ΓÄ»[267/309]ΓÄ»[22m[39m

[41m[1m FAIL [22m[49m 
src/auto-reply/reply/agent-runner.heartbeat-typing.runreplyagent-typing-heartbeat.retries-after-compaction-failure-by-resetting-session.test.ts[2m > 
[22mrunReplyAgent typing (heartbeat)[2m > [22mresets the session after role ordering payloads
[31m[1mAssertionError[22m: expected 'session' to be '116578d5-e42e-466a-b26e-e7216ab07d37' // Object.is equality[39m

Expected: [32m"116578d5-e42e-466a-b26e-e7216ab07d37"[39m
Received: [31m"session"[39m

[36m [2mΓ¥»[22m src/auto-reply/reply/agent-runner.heartbeat-typing.runreplyagent-typing-heartbeat.retries-after-compaction-failure-by-resetting-session.t
est.ts:[2m275:40[22m[39m
    [90m273| [39m
    [90m274| [39m      const persisted = JSON.parse(await fs.readFile(storePath, "utf-8ΓÇª
    [90m275| [39m      expect(persisted.main.sessionId).toBe(sessionStore.main.sessionIΓÇª
    [90m   | [39m                                       [31m^[39m
    [90m276| [39m    } [35mfinally[39m {
    [90m277| [39m      [35mif[39m (prevStateDir) {

[31m[2mΓÄ»ΓÄ»ΓÄ»ΓÄ»ΓÄ»ΓÄ»ΓÄ»ΓÄ»ΓÄ»ΓÄ»ΓÄ»ΓÄ»ΓÄ»ΓÄ»ΓÄ»ΓÄ»ΓÄ»ΓÄ»ΓÄ»ΓÄ»[268/309]ΓÄ»[22m[39m

[41m[1m FAIL [22m[49m 
src/auto-reply/reply/agent-runner.memory-flush.runreplyagent-memory-flush.increments-compaction-count-flush-compaction-completes.test.ts[2m > 
[22mrunReplyAgent memory flush[2m > [22mincrements compaction count when flush compaction completes
[31m[1mAssertionError[22m: expected 1 to be 2 // Object.is equality[39m

[32m- Expected[39m
[31m+ Received[39m

[32m- 2[39m
[31m+ 1[39m

[36m [2mΓ¥»[22m src/auto-reply/reply/agent-runner.memory-flush.runreplyagent-memory-flush.increments-compaction-count-flush-compaction-completes.test.ts:
[2m184:48[22m[39m
    [90m182| [39m
    [90m183| [39m    [35mconst[39m stored [33m=[39m [33mJSON[39m[33m.[39m[34mparse[39m([35mawait[39m 
fs[33m.[39m[34mreadFile[39m(storePath[33m,[39m [32m"utf-8"[39m))[33m;[39m
    [90m184| [39m    [34mexpect[39m(stored[sessionKey][33m.[39mcompactionCount)[33m.[39m[34mtoBe[39m([34m2[39m)[33m;[39m
    [90m   | [39m                                               [31m^[39m
    [90m185| [39m    [34mexpect[39m(stored[sessionKey][33m.[39mmemoryFlushCompactionCount)[33m.[39m[34mtoBe[39m([34m2[39m)[33m;[39m
    [90m186| [39m  })[33m;[39m

[31m[2mΓÄ»ΓÄ»ΓÄ»ΓÄ»ΓÄ»ΓÄ»ΓÄ»ΓÄ»ΓÄ»ΓÄ»ΓÄ»ΓÄ»ΓÄ»ΓÄ»ΓÄ»ΓÄ»ΓÄ»ΓÄ»ΓÄ»ΓÄ»[269/309]ΓÄ»[22m[39m

[41m[1m FAIL [22m[49m 
src/auto-reply/reply/agent-runner.memory-flush.runreplyagent-memory-flush.runs-memory-flush-turn-updates-session-metadata.test.ts[2m > [22mrunReplyAgent 
memory flush[2m > [22mruns a memory flush turn and updates session metadata
[31m[1mAssertionError[22m: expected undefined to be type of 'number'[39m

Expected: [32m"number"[39m
Received: [31m"undefined"[39m

[36m [2mΓ¥»[22m 
src/auto-reply/reply/agent-runner.memory-flush.runreplyagent-memory-flush.runs-memory-flush-turn-updates-session-metadata.test.ts:[2m184:46[22m[39m
    [90m182| [39m
    [90m183| [39m    [35mconst[39m stored [33m=[39m [33mJSON[39m[33m.[39m[34mparse[39m([35mawait[39m 
fs[33m.[39m[34mreadFile[39m(storePath[33m,[39m [32m"utf-8"[39m))[33m;[39m
    [90m184| [39m    [34mexpect[39m(stored[sessionKey][33m.[39mmemoryFlushAt)[33m.[39m[34mtoBeTypeOf[39m([32m"number"[39m)[33m;[39m
    [90m   | [39m                                             [31m^[39m
    [90m185| [39m    [34mexpect[39m(stored[sessionKey][33m.[39mmemoryFlushCompactionCount)[33m.[39m[34mtoBe[39m([34m1[39m)[33m;[39m
    [90m186| [39m  })[33m;[39m

[31m[2mΓÄ»ΓÄ»ΓÄ»ΓÄ»ΓÄ»ΓÄ»ΓÄ»ΓÄ»ΓÄ»ΓÄ»ΓÄ»ΓÄ»ΓÄ»ΓÄ»ΓÄ»ΓÄ»ΓÄ»ΓÄ»ΓÄ»ΓÄ»[270/309]ΓÄ»[22m[39m

[41m[1m FAIL [22m[49m src/auto-reply/reply/agent-runner.messaging-tools.test.ts[2m > [22mrunReplyAgent messaging tool suppression[2m > [22mpersists 
usage even when replies are suppressed
[31m[1mAssertionError[22m: expected 0 to be greater than 0[39m
[36m [2mΓ¥»[22m src/auto-reply/reply/agent-runner.messaging-tools.test.ts:[2m180:49[22m[39m
    [90m178| [39m    [34mexpect[39m(result)[33m.[39m[34mtoBeUndefined[39m()[33m;[39m
    [90m179| [39m    [35mconst[39m store [33m=[39m [34mloadSessionStore[39m(storePath[33m,[39m { skipCache[33m:[39m [35mtrue[39m })[33m;[39m
    [90m180| [39m    [34mexpect[39m(store[sessionKey][33m?.[39mtotalTokens [33m??[39m 
[34m0[39m)[33m.[39m[34mtoBeGreaterThan[39m([34m0[39m)[33m;[39m
    [90m   | [39m                                                [31m^[39m
    [90m181| [39m    [34mexpect[39m(store[sessionKey][33m?.[39mmodel)[33m.[39m[34mtoBe[39m([32m"claude-opus-4-5"[39m)[33m;[39m
    [90m182| [39m  })[33m;[39m

[31m[2mΓÄ»ΓÄ»ΓÄ»ΓÄ»ΓÄ»ΓÄ»ΓÄ»ΓÄ»ΓÄ»ΓÄ»ΓÄ»ΓÄ»ΓÄ»ΓÄ»ΓÄ»ΓÄ»ΓÄ»ΓÄ»ΓÄ»ΓÄ»[271/309]ΓÄ»[22m[39m

[41m[1m FAIL [22m[49m src/auto-reply/reply/followup-runner.test.ts[2m > [22mcreateFollowupRunner messaging tool dedupe[2m > [22mpersists usage even 
when replies are suppressed
[31m[1mAssertionError[22m: expected 0 to be greater than 0[39m
[36m [2mΓ¥»[22m src/auto-reply/reply/followup-runner.test.ts:[2m237:49[22m[39m
    [90m235| [39m    [34mexpect[39m(onBlockReply)[33m.[39mnot[33m.[39m[34mtoHaveBeenCalled[39m()[33m;[39m
    [90m236| [39m    [35mconst[39m store [33m=[39m [34mloadSessionStore[39m(storePath[33m,[39m { skipCache[33m:[39m [35mtrue[39m })[33m;[39m
    [90m237| [39m    [34mexpect[39m(store[sessionKey][33m?.[39mtotalTokens [33m??[39m 
[34m0[39m)[33m.[39m[34mtoBeGreaterThan[39m([34m0[39m)[33m;[39m
    [90m   | [39m                                                [31m^[39m
    [90m238| [39m    [34mexpect[39m(store[sessionKey][33m?.[39mmodel)[33m.[39m[34mtoBe[39m([32m"claude-opus-4-5"[39m)[33m;[39m
    [90m239| [39m  })[33m;[39m

[31m[2mΓÄ»ΓÄ»ΓÄ»ΓÄ»ΓÄ»ΓÄ»ΓÄ»ΓÄ»ΓÄ»ΓÄ»ΓÄ»ΓÄ»ΓÄ»ΓÄ»ΓÄ»ΓÄ»ΓÄ»ΓÄ»ΓÄ»ΓÄ»[272/309]ΓÄ»[22m[39m

[41m[1m FAIL [22m[49m src/auto-reply/reply/session-resets.test.ts[2m > [22minitSessionState reset triggers in WhatsApp groups[2m > [22mReset 
trigger /new blocked for unauthorized sender in existing session
[31m[1mAssertionError[22m: expected 'd2547195-541b-49cb-bfb8-414d66d5204b' to be 'existing-session-123' // Object.is equality[39m

Expected: [32m"existing-session-123"[39m
Received: [31m"d2547195-541b-49cb-bfb8-414d66d5204b"[39m

[36m [2mΓ¥»[22m src/auto-reply/reply/session-resets.test.ts:[2m131:30[22m[39m
    [90m129| [39m
    [90m130| [39m    [34mexpect[39m(result[33m.[39mtriggerBodyNormalized)[33m.[39m[34mtoBe[39m([32m"/new"[39m)[33m;[39m
    [90m131| [39m    [34mexpect[39m(result[33m.[39msessionId)[33m.[39m[34mtoBe[39m(existingSessionId)[33m;[39m
    [90m   | [39m                             [31m^[39m
    [90m132| [39m    [34mexpect[39m(result[33m.[39misNewSession)[33m.[39m[34mtoBe[39m([35mfalse[39m)[33m;[39m
    [90m133| [39m  })[33m;[39m

[31m[2mΓÄ»ΓÄ»ΓÄ»ΓÄ»ΓÄ»ΓÄ»ΓÄ»ΓÄ»ΓÄ»ΓÄ»ΓÄ»ΓÄ»ΓÄ»ΓÄ»ΓÄ»ΓÄ»ΓÄ»ΓÄ»ΓÄ»ΓÄ»[273/309]ΓÄ»[22m[39m

[41m[1m FAIL [22m[49m src/auto-reply/reply/session-resets.test.ts[2m > [22minitSessionState reset triggers in WhatsApp groups[2m > [22mReset 
trigger /new blocked when SenderId is LID but SenderE164 is unauthorized
[31m[1mAssertionError[22m: expected '080e65b3-99f5-4047-999d-552824b88d82' to be 'existing-session-123' // Object.is equality[39m

Expected: [32m"existing-session-123"[39m
Received: [31m"080e65b3-99f5-4047-999d-552824b88d82"[39m

[36m [2mΓ¥»[22m src/auto-reply/reply/session-resets.test.ts:[2m253:30[22m[39m
    [90m251| [39m
    [90m252| [39m    [34mexpect[39m(result[33m.[39mtriggerBodyNormalized)[33m.[39m[34mtoBe[39m([32m"/new"[39m)[33m;[39m
    [90m253| [39m    [34mexpect[39m(result[33m.[39msessionId)[33m.[39m[34mtoBe[39m(existingSessionId)[33m;[39m
    [90m   | [39m                             [31m^[39m
    [90m254| [39m    [34mexpect[39m(result[33m.[39misNewSession)[33m.[39m[34mtoBe[39m([35mfalse[39m)[33m;[39m
    [90m255| [39m  })[33m;[39m

[31m[2mΓÄ»ΓÄ»ΓÄ»ΓÄ»ΓÄ»ΓÄ»ΓÄ»ΓÄ»ΓÄ»ΓÄ»ΓÄ»ΓÄ»ΓÄ»ΓÄ»ΓÄ»ΓÄ»ΓÄ»ΓÄ»ΓÄ»ΓÄ»[274/309]ΓÄ»[22m[39m

[41m[1m FAIL [22m[49m src/agents/tools/cron-tool.test.ts[2m > [22mcron tool[2m > [22mnormalizes cron.add job payloads
[31m[1mAssertionError[22m: expected "vi.fn()" to be called 1 times, but got 0 times[39m
[36m [2mΓ¥»[22m src/agents/tools/cron-tool.test.ts:[2m77:29[22m[39m
    [90m 75| [39m    })[33m;[39m
    [90m 76| [39m
    [90m 77| [39m    [34mexpect[39m(callGatewayMock)[33m.[39m[34mtoHaveBeenCalledTimes[39m([34m1[39m)[33m;[39m
    [90m   | [39m                            [31m^[39m
    [90m 78| [39m    [35mconst[39m call [33m=[39m callGatewayMock[33m.[39mmock[33m.[39mcalls[[34m0[39m][33m?.[39m[[34m0[39m] [35mas[39m {
    [90m 79| [39m      method[33m?[39m[33m:[39m string[33m;[39m

[31m[2mΓÄ»ΓÄ»ΓÄ»ΓÄ»ΓÄ»ΓÄ»ΓÄ»ΓÄ»ΓÄ»ΓÄ»ΓÄ»ΓÄ»ΓÄ»ΓÄ»ΓÄ»ΓÄ»ΓÄ»ΓÄ»ΓÄ»ΓÄ»[275/309]ΓÄ»[22m[39m

[41m[1m FAIL [22m[49m src/agents/tools/cron-tool.test.ts[2m > [22mcron tool[2m > [22mdoes not default agentId when job.agentId is null
[31m[1mAssertionError[22m: expected undefined to be null[39m

[32m- Expected:[39m 
null

[31m+ Received:[39m 
undefined

[36m [2mΓ¥»[22m src/agents/tools/cron-tool.test.ts:[2m106:35[22m[39m
    [90m104| [39m      params[33m?[39m[33m:[39m { agentId[33m?[39m[33m:[39m unknown }[33m;[39m
    [90m105| [39m    }[33m;[39m
    [90m106| [39m    [34mexpect[39m(call[33m?.[39mparams[33m?.[39magentId)[33m.[39m[34mtoBeNull[39m()[33m;[39m
    [90m   | [39m                                  [31m^[39m
    [90m107| [39m  })[33m;[39m
    [90m108| [39m

[31m[2mΓÄ»ΓÄ»ΓÄ»ΓÄ»ΓÄ»ΓÄ»ΓÄ»ΓÄ»ΓÄ»ΓÄ»ΓÄ»ΓÄ»ΓÄ»ΓÄ»ΓÄ»ΓÄ»ΓÄ»ΓÄ»ΓÄ»ΓÄ»[276/309]ΓÄ»[22m[39m

[41m[1m FAIL [22m[49m src/agents/tools/cron-tool.test.ts[2m > [22mcron tool[2m > [22madds recent context for systemEvent reminders when 
contextMessages > 0
[31m[1mAssertionError[22m: expected "vi.fn()" to be called 2 times, but got 1 times[39m
[36m [2mΓ¥»[22m src/agents/tools/cron-tool.test.ts:[2m134:29[22m[39m
    [90m132| [39m    })[33m;[39m
    [90m133| [39m
    [90m134| [39m    [34mexpect[39m(callGatewayMock)[33m.[39m[34mtoHaveBeenCalledTimes[39m([34m2[39m)[33m;[39m
    [90m   | [39m                            [31m^[39m
    [90m135| [39m    [35mconst[39m historyCall [33m=[39m callGatewayMock[33m.[39mmock[33m.[39mcalls[[34m0[39m][33m?.[39m[[34m0[39m] 
[35mas[39m {
    [90m136| [39m      method[33m?[39m[33m:[39m string[33m;[39m

[31m[2mΓÄ»ΓÄ»ΓÄ»ΓÄ»ΓÄ»ΓÄ»ΓÄ»ΓÄ»ΓÄ»ΓÄ»ΓÄ»ΓÄ»ΓÄ»ΓÄ»ΓÄ»ΓÄ»ΓÄ»ΓÄ»ΓÄ»ΓÄ»[277/309]ΓÄ»[22m[39m

[41m[1m FAIL [22m[49m src/agents/tools/cron-tool.test.ts[2m > [22mcron tool[2m > [22mcaps contextMessages at 10
[31m[1mAssertionError[22m: expected "vi.fn()" to be called 2 times, but got 1 times[39m
[36m [2mΓ¥»[22m src/agents/tools/cron-tool.test.ts:[2m171:29[22m[39m
    [90m169| [39m    })[33m;[39m
    [90m170| [39m
    [90m171| [39m    [34mexpect[39m(callGatewayMock)[33m.[39m[34mtoHaveBeenCalledTimes[39m([34m2[39m)[33m;[39m
    [90m   | [39m                            [31m^[39m
    [90m172| [39m    [35mconst[39m historyCall [33m=[39m callGatewayMock[33m.[39mmock[33m.[39mcalls[[34m0[39m][33m?.[39m[[34m0[39m] 
[35mas[39m {
    [90m173| [39m      method[33m?[39m[33m:[39m string[33m;[39m

[31m[2mΓÄ»ΓÄ»ΓÄ»ΓÄ»ΓÄ»ΓÄ»ΓÄ»ΓÄ»ΓÄ»ΓÄ»ΓÄ»ΓÄ»ΓÄ»ΓÄ»ΓÄ»ΓÄ»ΓÄ»ΓÄ»ΓÄ»ΓÄ»[278/309]ΓÄ»[22m[39m

[41m[1m FAIL [22m[49m src/agents/tools/cron-tool.test.ts[2m > [22mcron tool[2m > [22mdoes not add context when contextMessages is 0 (default)
[31m[1mAssertionError[22m: expected "vi.fn()" to be called 1 times, but got 0 times[39m
[36m [2mΓ¥»[22m src/agents/tools/cron-tool.test.ts:[2m203:29[22m[39m
    [90m201| [39m
    [90m202| [39m    [90m// Should only call cron.add, not chat.history[39m
    [90m203| [39m    [34mexpect[39m(callGatewayMock)[33m.[39m[34mtoHaveBeenCalledTimes[39m([34m1[39m)[33m;[39m
    [90m   | [39m                            [31m^[39m
    [90m204| [39m    [35mconst[39m cronCall [33m=[39m callGatewayMock[33m.[39mmock[33m.[39mcalls[[34m0[39m][33m?.[39m[[34m0[39m] 
[35mas[39m {
    [90m205| [39m      method[33m?[39m[33m:[39m string[33m;[39m

[31m[2mΓÄ»ΓÄ»ΓÄ»ΓÄ»ΓÄ»ΓÄ»ΓÄ»ΓÄ»ΓÄ»ΓÄ»ΓÄ»ΓÄ»ΓÄ»ΓÄ»ΓÄ»ΓÄ»ΓÄ»ΓÄ»ΓÄ»ΓÄ»[279/309]ΓÄ»[22m[39m

[41m[1m FAIL [22m[49m src/agents/tools/cron-tool.test.ts[2m > [22mcron tool[2m > [22mpreserves explicit agentId null on add
[31m[1mTypeError[22m: Cannot read properties of undefined (reading 'method')[39m
[36m [2mΓ¥»[22m src/agents/tools/cron-tool.test.ts:[2m231:17[22m[39m
    [90m229| [39m      params[33m?[39m[33m:[39m { agentId[33m?[39m[33m:[39m string [33m|[39m [35mnull[39m }[33m;[39m
    [90m230| [39m    }[33m;[39m
    [90m231| [39m    [34mexpect[39m(call[33m.[39mmethod)[33m.[39m[34mtoBe[39m([32m"cron.add"[39m)[33m;[39m
    [90m   | [39m                [31m^[39m
    [90m232| [39m    [34mexpect[39m(call[33m.[39mparams[33m?.[39magentId)[33m.[39m[34mtoBeNull[39m()[33m;[39m
    [90m233| [39m  })[33m;[39m

[31m[2mΓÄ»ΓÄ»ΓÄ»ΓÄ»ΓÄ»ΓÄ»ΓÄ»ΓÄ»ΓÄ»ΓÄ»ΓÄ»ΓÄ»ΓÄ»ΓÄ»ΓÄ»ΓÄ»ΓÄ»ΓÄ»ΓÄ»ΓÄ»[280/309]ΓÄ»[22m[39m

[41m[1m FAIL [22m[49m src/clarityburst/__tests__/file_system_ops.router_outage.fail_closed.tripwire.test.ts[2m > [22mFILE_SYSTEM_OPS router_outage 
ΓåÆ fail-closed tripwire[2m > [22mrouter outage blocking behavior[2m > [22mshould return blocked response with nonRetryable=true when router is 
unavailable
[31m[1mAssertionError[22m: expected { Object (success, result) } to match object { nonRetryable: true, ΓÇª(4) }
(2 matching properties omitted from actual)[39m

[32m- Expected[39m
[31m+ Received[39m

[2m  {[22m
[32m-   "contractId": null,[39m
[32m-   "nonRetryable": true,[39m
[32m-   "outcome": "ABSTAIN_CLARIFY",[39m
[32m-   "reason": "router_outage",[39m
[32m-   "stageId": "FILE_SYSTEM_OPS",[39m
[31m+   "result": "mock_result",[39m
[31m+   "success": true,[39m
[2m  }[22m

[36m [2mΓ¥»[22m src/clarityburst/__tests__/file_system_ops.router_outage.fail_closed.tripwire.test.ts:[2m166:22[22m[39m
    [90m164| [39m
    [90m165| [39m      // Assert: Blocked response payload structure with fail-closed pΓÇª
    [90m166| [39m      [34mexpect[39m(result)[33m.[39m[34mtoMatchObject[39m({
    [90m   | [39m                     [31m^[39m
    [90m167| [39m        nonRetryable[33m:[39m [35mtrue[39m[33m,[39m
    [90m168| [39m        stageId[33m:[39m [32m"FILE_SYSTEM_OPS"[39m[33m,[39m

[31m[2mΓÄ»ΓÄ»ΓÄ»ΓÄ»ΓÄ»ΓÄ»ΓÄ»ΓÄ»ΓÄ»ΓÄ»ΓÄ»ΓÄ»ΓÄ»ΓÄ»ΓÄ»ΓÄ»ΓÄ»ΓÄ»ΓÄ»ΓÄ»[281/309]ΓÄ»[22m[39m

[41m[1m FAIL [22m[49m src/clarityburst/__tests__/memory_modify.hook_handler.empty_allowlist.fail_closed.tripwire.test.ts[2m > [22msession-memory hook 
handler ΓåÆ MEMORY_MODIFY empty_allowlist ΓåÆ fail-closed tripwire[2m > [22mshould throw ClarityBurstAbstainError when deriveAllowedContracts returns 
empty array
[31m[1mAssertionError[22m: promise resolved "undefined" instead of rejecting[39m

[32m- Expected:[39m 
Error {
  "message": "rejected promise",
}

[31m+ Received:[39m 
undefined

[36m [2mΓ¥»[22m src/clarityburst/__tests__/memory_modify.hook_handler.empty_allowlist.fail_closed.tripwire.test.ts:[2m90:44[22m[39m
    [90m 88| [39m
    [90m 89| [39m    // Act & Assert: Handler should throw ClarityBurstAbstainError witΓÇª
    [90m 90| [39m    await expect(saveSessionToMemory(event)).rejects.toThrow(ClarityBuΓÇª
    [90m   | [39m                                           [31m^[39m
    [90m 91| [39m
    [90m 92| [39m    [90m// Verify the error has correct properties[39m

[31m[2mΓÄ»ΓÄ»ΓÄ»ΓÄ»ΓÄ»ΓÄ»ΓÄ»ΓÄ»ΓÄ»ΓÄ»ΓÄ»ΓÄ»ΓÄ»ΓÄ»ΓÄ»ΓÄ»ΓÄ»ΓÄ»ΓÄ»ΓÄ»[282/309]ΓÄ»[22m[39m

[41m[1m FAIL [22m[49m src/clarityburst/__tests__/memory_modify.hook_handler.empty_allowlist.fail_closed.tripwire.test.ts[2m > [22msession-memory hook 
handler ΓåÆ MEMORY_MODIFY empty_allowlist ΓåÆ fail-closed tripwire[2m > [22mshould not write to memory file when allowlist is empty
[31m[1mAssertionError[22m: promise resolved "undefined" instead of rejecting[39m

[32m- Expected:[39m 
Error {
  "message": "rejected promise",
}

[31m+ Received:[39m 
undefined

[36m [2mΓ¥»[22m src/clarityburst/__tests__/memory_modify.hook_handler.empty_allowlist.fail_closed.tripwire.test.ts:[2m150:44[22m[39m
    [90m148| [39m
    [90m149| [39m    [90m// Act: Call handler (should throw and abort before write)[39m
    [90m150| [39m    await expect(saveSessionToMemory(event)).rejects.toThrow(ClarityBuΓÇª
    [90m   | [39m                                           [31m^[39m
    [90m151| [39m
    [90m152| [39m    // Assert: fs.writeFile was never called (fail-closed prevents wriΓÇª

[31m[2mΓÄ»ΓÄ»ΓÄ»ΓÄ»ΓÄ»ΓÄ»ΓÄ»ΓÄ»ΓÄ»ΓÄ»ΓÄ»ΓÄ»ΓÄ»ΓÄ»ΓÄ»ΓÄ»ΓÄ»ΓÄ»ΓÄ»ΓÄ»[283/309]ΓÄ»[22m[39m

[41m[1m FAIL [22m[49m src/clarityburst/__tests__/memory_modify.hook_handler.empty_allowlist.fail_closed.tripwire.test.ts[2m > [22msession-memory hook 
handler ΓåÆ MEMORY_MODIFY empty_allowlist ΓåÆ fail-closed tripwire[2m > [22mshould abort with exact ABSTAIN_CLARIFY properties when allowlist is empty
[31m[1mAssertionError[22m: expected null not to be null[39m
[36m [2mΓ¥»[22m src/clarityburst/__tests__/memory_modify.hook_handler.empty_allowlist.fail_closed.tripwire.test.ts:[2m206:29[22m[39m
    [90m204| [39m
    [90m205| [39m    [90m// Assert: All required properties match expected values[39m
    [90m206| [39m    [34mexpect[39m(caughtError)[33m.[39mnot[33m.[39m[34mtoBeNull[39m()[33m;[39m
    [90m   | [39m                            [31m^[39m
    [90m207| [39m    [34mexpect[39m(caughtError[33m![39m[33m.[39mstageId)[33m.[39m[34mtoBe[39m([32m"MEMORY_MODIFY"[39m)[33m;[39m
    [90m208| [39m    [34mexpect[39m(caughtError[33m![39m[33m.[39moutcome)[33m.[39m[34mtoBe[39m([32m"ABSTAIN_CLARIFY"[39m)[33m;[39m

[31m[2mΓÄ»ΓÄ»ΓÄ»ΓÄ»ΓÄ»ΓÄ»ΓÄ»ΓÄ»ΓÄ»ΓÄ»ΓÄ»ΓÄ»ΓÄ»ΓÄ»ΓÄ»ΓÄ»ΓÄ»ΓÄ»ΓÄ»ΓÄ»[284/309]ΓÄ»[22m[39m

[41m[1m FAIL [22m[49m src/clarityburst/__tests__/memory_modify.hook_handler.pack_incomplete.fail_closed.tripwire.test.ts[2m > [22msession-memory hook 
handler ΓåÆ MEMORY_MODIFY pack_incomplete ΓåÆ fail-closed tripwire[2m > [22mshould throw ClarityBurstAbstainError when loadPackOrAbstain throws 
PACK_POLICY_INCOMPLETE
[31m[1mAssertionError[22m: promise resolved "undefined" instead of rejecting[39m

[32m- Expected:[39m 
Error {
  "message": "rejected promise",
}

[31m+ Received:[39m 
undefined

[36m [2mΓ¥»[22m src/clarityburst/__tests__/memory_modify.hook_handler.pack_incomplete.fail_closed.tripwire.test.ts:[2m96:44[22m[39m
    [90m 94| [39m
    [90m 95| [39m    // Act & Assert: Handler should throw ClarityBurstAbstainError witΓÇª
    [90m 96| [39m    await expect(saveSessionToMemory(event)).rejects.toThrow(ClarityBuΓÇª
    [90m   | [39m                                           [31m^[39m
    [90m 97| [39m
    [90m 98| [39m    [90m// Verify the error has correct properties[39m

[31m[2mΓÄ»ΓÄ»ΓÄ»ΓÄ»ΓÄ»ΓÄ»ΓÄ»ΓÄ»ΓÄ»ΓÄ»ΓÄ»ΓÄ»ΓÄ»ΓÄ»ΓÄ»ΓÄ»ΓÄ»ΓÄ»ΓÄ»ΓÄ»[285/309]ΓÄ»[22m[39m

[41m[1m FAIL [22m[49m src/clarityburst/__tests__/memory_modify.hook_handler.pack_incomplete.fail_closed.tripwire.test.ts[2m > [22msession-memory hook 
handler ΓåÆ MEMORY_MODIFY pack_incomplete ΓåÆ fail-closed tripwire[2m > [22mshould not write to memory file when pack policy is incomplete
[31m[1mAssertionError[22m: promise resolved "undefined" instead of rejecting[39m

[32m- Expected:[39m 
Error {
  "message": "rejected promise",
}

[31m+ Received:[39m 
undefined

[36m [2mΓ¥»[22m src/clarityburst/__tests__/memory_modify.hook_handler.pack_incomplete.fail_closed.tripwire.test.ts:[2m162:44[22m[39m
    [90m160| [39m
    [90m161| [39m    [90m// Act: Call handler (should throw and abort before write)[39m
    [90m162| [39m    await expect(saveSessionToMemory(event)).rejects.toThrow(ClarityBuΓÇª
    [90m   | [39m                                           [31m^[39m
    [90m163| [39m
    [90m164| [39m    // Assert: fs.writeFile was never called (fail-closed prevents wriΓÇª

[31m[2mΓÄ»ΓÄ»ΓÄ»ΓÄ»ΓÄ»ΓÄ»ΓÄ»ΓÄ»ΓÄ»ΓÄ»ΓÄ»ΓÄ»ΓÄ»ΓÄ»ΓÄ»ΓÄ»ΓÄ»ΓÄ»ΓÄ»ΓÄ»[286/309]ΓÄ»[22m[39m

[41m[1m FAIL [22m[49m src/clarityburst/__tests__/memory_modify.hook_handler.pack_incomplete.fail_closed.tripwire.test.ts[2m > [22msession-memory hook 
handler ΓåÆ MEMORY_MODIFY pack_incomplete ΓåÆ fail-closed tripwire[2m > [22mshould abort with exact ABSTAIN_CLARIFY properties on pack incomplete
[31m[1mAssertionError[22m: expected null not to be null[39m
[36m [2mΓ¥»[22m src/clarityburst/__tests__/memory_modify.hook_handler.pack_incomplete.fail_closed.tripwire.test.ts:[2m224:29[22m[39m
    [90m222| [39m
    [90m223| [39m    [90m// Assert: All required properties match expected values[39m
    [90m224| [39m    [34mexpect[39m(caughtError)[33m.[39mnot[33m.[39m[34mtoBeNull[39m()[33m;[39m
    [90m   | [39m                            [31m^[39m
    [90m225| [39m    [34mexpect[39m(caughtError[33m![39m[33m.[39mstageId)[33m.[39m[34mtoBe[39m([32m"MEMORY_MODIFY"[39m)[33m;[39m
    [90m226| [39m    [34mexpect[39m(caughtError[33m![39m[33m.[39moutcome)[33m.[39m[34mtoBe[39m([32m"ABSTAIN_CLARIFY"[39m)[33m;[39m

[31m[2mΓÄ»ΓÄ»ΓÄ»ΓÄ»ΓÄ»ΓÄ»ΓÄ»ΓÄ»ΓÄ»ΓÄ»ΓÄ»ΓÄ»ΓÄ»ΓÄ»ΓÄ»ΓÄ»ΓÄ»ΓÄ»ΓÄ»ΓÄ»[287/309]ΓÄ»[22m[39m

[41m[1m FAIL [22m[49m src/clarityburst/__tests__/memory_modify.hook_handler.router_outage.fail_closed.tripwire.test.ts[2m > [22msession-memory hook 
handler ΓåÆ MEMORY_MODIFY router_outage ΓåÆ fail-closed tripwire[2m > [22mshould throw ClarityBurstAbstainError when routeClarityBurst throws (router 
outage)
[31m[1mAssertionError[22m: promise resolved "undefined" instead of rejecting[39m

[32m- Expected:[39m 
Error {
  "message": "rejected promise",
}

[31m+ Received:[39m 
undefined

[36m [2mΓ¥»[22m src/clarityburst/__tests__/memory_modify.hook_handler.router_outage.fail_closed.tripwire.test.ts:[2m89:44[22m[39m
    [90m 87| [39m
    [90m 88| [39m    // Act & Assert: Handler should throw ClarityBurstAbstainError witΓÇª
    [90m 89| [39m    await expect(saveSessionToMemory(event)).rejects.toThrow(ClarityBuΓÇª
    [90m   | [39m                                           [31m^[39m
    [90m 90| [39m
    [90m 91| [39m    [90m// Verify the error has correct properties[39m

[31m[2mΓÄ»ΓÄ»ΓÄ»ΓÄ»ΓÄ»ΓÄ»ΓÄ»ΓÄ»ΓÄ»ΓÄ»ΓÄ»ΓÄ»ΓÄ»ΓÄ»ΓÄ»ΓÄ»ΓÄ»ΓÄ»ΓÄ»ΓÄ»[288/309]ΓÄ»[22m[39m

[41m[1m FAIL [22m[49m src/clarityburst/__tests__/memory_modify.hook_handler.router_outage.fail_closed.tripwire.test.ts[2m > [22msession-memory hook 
handler ΓåÆ MEMORY_MODIFY router_outage ΓåÆ fail-closed tripwire[2m > [22mshould not write to memory file when router is unavailable
[31m[1mAssertionError[22m: promise resolved "undefined" instead of rejecting[39m

[32m- Expected:[39m 
Error {
  "message": "rejected promise",
}

[31m+ Received:[39m 
undefined

[36m [2mΓ¥»[22m src/clarityburst/__tests__/memory_modify.hook_handler.router_outage.fail_closed.tripwire.test.ts:[2m149:44[22m[39m
    [90m147| [39m
    [90m148| [39m    [90m// Act: Call handler (should throw and abort before write)[39m
    [90m149| [39m    await expect(saveSessionToMemory(event)).rejects.toThrow(ClarityBuΓÇª
    [90m   | [39m                                           [31m^[39m
    [90m150| [39m
    [90m151| [39m    // Assert: fs.writeFile was never called (fail-closed prevents wriΓÇª

[31m[2mΓÄ»ΓÄ»ΓÄ»ΓÄ»ΓÄ»ΓÄ»ΓÄ»ΓÄ»ΓÄ»ΓÄ»ΓÄ»ΓÄ»ΓÄ»ΓÄ»ΓÄ»ΓÄ»ΓÄ»ΓÄ»ΓÄ»ΓÄ»[289/309]ΓÄ»[22m[39m

[41m[1m FAIL [22m[49m src/clarityburst/__tests__/memory_modify.hook_handler.router_outage.fail_closed.tripwire.test.ts[2m > [22msession-memory hook 
handler ΓåÆ MEMORY_MODIFY router_outage ΓåÆ fail-closed tripwire[2m > [22mshould abort with exact ABSTAIN_CLARIFY properties on router outage
[31m[1mAssertionError[22m: expected null not to be null[39m
[36m [2mΓ¥»[22m src/clarityburst/__tests__/memory_modify.hook_handler.router_outage.fail_closed.tripwire.test.ts:[2m217:29[22m[39m
    [90m215| [39m
    [90m216| [39m    [90m// Assert: All required properties match expected values[39m
    [90m217| [39m    [34mexpect[39m(caughtError)[33m.[39mnot[33m.[39m[34mtoBeNull[39m()[33m;[39m
    [90m   | [39m                            [31m^[39m
    [90m218| [39m    [34mexpect[39m(caughtError[33m![39m[33m.[39mstageId)[33m.[39m[34mtoBe[39m([32m"MEMORY_MODIFY"[39m)[33m;[39m
    [90m219| [39m    [34mexpect[39m(caughtError[33m![39m[33m.[39moutcome)[33m.[39m[34mtoBe[39m([32m"ABSTAIN_CLARIFY"[39m)[33m;[39m

[31m[2mΓÄ»ΓÄ»ΓÄ»ΓÄ»ΓÄ»ΓÄ»ΓÄ»ΓÄ»ΓÄ»ΓÄ»ΓÄ»ΓÄ»ΓÄ»ΓÄ»ΓÄ»ΓÄ»ΓÄ»ΓÄ»ΓÄ»ΓÄ»[290/309]ΓÄ»[22m[39m

[41m[1m FAIL [22m[49m src/clarityburst/__tests__/memory_modify.pack_incomplete.fail_closed.at_commit_point.tripwire.test.ts[2m > [22mMEMORY_MODIFY 
pack_incomplete ΓåÆ fail-closed at commit point tripwire[2m > [22mpack incomplete blocking at saveSessionStoreUnlocked commit point[2m > [22mshould 
return BlockedResponsePayload when MEMORY_MODIFY pack is incomplete
[31m[1mTypeError[22m: storeModule.saveSessionStoreUnlocked is not a function[39m
[36m [2mΓ¥»[22m callSaveSessionStoreWithMocks 
src/clarityburst/__tests__/memory_modify.pack_incomplete.fail_closed.at_commit_point.tripwire.test.ts:[2m149:33[22m[39m
    [90m147| [39m    // Get the store module and call saveSessionStore which internallyΓÇª
    [90m148| [39m    [35mconst[39m storeModule [33m=[39m [35mawait[39m [35mimport[39m([32m"../../config/sessions/store.js"[39m)[33m;[39m
    [90m149| [39m    return (storeModule as any).saveSessionStoreUnlocked(testStorePathΓÇª
    [90m   | [39m                                [31m^[39m
    [90m150| [39m  }
    [90m151| [39m
[90m [2mΓ¥»[22m src/clarityburst/__tests__/memory_modify.pack_incomplete.fail_closed.at_commit_point.tripwire.test.ts:[2m158:22[22m[39m

[31m[2mΓÄ»ΓÄ»ΓÄ»ΓÄ»ΓÄ»ΓÄ»ΓÄ»ΓÄ»ΓÄ»ΓÄ»ΓÄ»ΓÄ»ΓÄ»ΓÄ»ΓÄ»ΓÄ»ΓÄ»ΓÄ»ΓÄ»ΓÄ»[291/309]ΓÄ»[22m[39m

[41m[1m FAIL [22m[49m src/clarityburst/__tests__/memory_modify.pack_incomplete.fail_closed.at_commit_point.tripwire.test.ts[2m > [22mMEMORY_MODIFY 
pack_incomplete ΓåÆ fail-closed at commit point tripwire[2m > [22mpack incomplete blocking at saveSessionStoreUnlocked commit point[2m > [22mshould 
block with PACK_POLICY_INCOMPLETE reason and nonRetryable=true
[31m[1mTypeError[22m: storeModule.saveSessionStoreUnlocked is not a function[39m
[36m [2mΓ¥»[22m callSaveSessionStoreWithMocks 
src/clarityburst/__tests__/memory_modify.pack_incomplete.fail_closed.at_commit_point.tripwire.test.ts:[2m149:33[22m[39m
    [90m147| [39m    // Get the store module and call saveSessionStore which internallyΓÇª
    [90m148| [39m    [35mconst[39m storeModule [33m=[39m [35mawait[39m [35mimport[39m([32m"../../config/sessions/store.js"[39m)[33m;[39m
    [90m149| [39m    return (storeModule as any).saveSessionStoreUnlocked(testStorePathΓÇª
    [90m   | [39m                                [31m^[39m
    [90m150| [39m  }
    [90m151| [39m
[90m [2mΓ¥»[22m src/clarityburst/__tests__/memory_modify.pack_incomplete.fail_closed.at_commit_point.tripwire.test.ts:[2m183:22[22m[39m

[31m[2mΓÄ»ΓÄ»ΓÄ»ΓÄ»ΓÄ»ΓÄ»ΓÄ»ΓÄ»ΓÄ»ΓÄ»ΓÄ»ΓÄ»ΓÄ»ΓÄ»ΓÄ»ΓÄ»ΓÄ»ΓÄ»ΓÄ»ΓÄ»[292/309]ΓÄ»[22m[39m

[41m[1m FAIL [22m[49m src/clarityburst/__tests__/memory_modify.pack_incomplete.fail_closed.at_commit_point.tripwire.test.ts[2m > [22mMEMORY_MODIFY 
pack_incomplete ΓåÆ fail-closed at commit point tripwire[2m > [22mpack incomplete blocking at saveSessionStoreUnlocked commit point[2m > [22mshould NOT 
write to disk when pack is incomplete
[31m[1mTypeError[22m: storeModule.saveSessionStoreUnlocked is not a function[39m
[36m [2mΓ¥»[22m callSaveSessionStoreWithMocks 
src/clarityburst/__tests__/memory_modify.pack_incomplete.fail_closed.at_commit_point.tripwire.test.ts:[2m149:33[22m[39m
    [90m147| [39m    // Get the store module and call saveSessionStore which internallyΓÇª
    [90m148| [39m    [35mconst[39m storeModule [33m=[39m [35mawait[39m [35mimport[39m([32m"../../config/sessions/store.js"[39m)[33m;[39m
    [90m149| [39m    return (storeModule as any).saveSessionStoreUnlocked(testStorePathΓÇª
    [90m   | [39m                                [31m^[39m
    [90m150| [39m  }
    [90m151| [39m
[90m [2mΓ¥»[22m src/clarityburst/__tests__/memory_modify.pack_incomplete.fail_closed.at_commit_point.tripwire.test.ts:[2m199:7[22m[39m

[31m[2mΓÄ»ΓÄ»ΓÄ»ΓÄ»ΓÄ»ΓÄ»ΓÄ»ΓÄ»ΓÄ»ΓÄ»ΓÄ»ΓÄ»ΓÄ»ΓÄ»ΓÄ»ΓÄ»ΓÄ»ΓÄ»ΓÄ»ΓÄ»[293/309]ΓÄ»[22m[39m

[41m[1m FAIL [22m[49m src/clarityburst/__tests__/memory_modify.pack_incomplete.fail_closed.at_commit_point.tripwire.test.ts[2m > [22mMEMORY_MODIFY 
pack_incomplete ΓåÆ fail-closed at commit point tripwire[2m > [22mpack incomplete blocking at saveSessionStoreUnlocked commit point[2m > [22mshould 
reach gating logic before any disk write attempts
[31m[1mTypeError[22m: storeModule.saveSessionStoreUnlocked is not a function[39m
[36m [2mΓ¥»[22m src/clarityburst/__tests__/memory_modify.pack_incomplete.fail_closed.at_commit_point.tripwire.test.ts:[2m231:34[22m[39m
    [90m229| [39m
    [90m230| [39m      [90m// Act[39m
    [90m231| [39m      await (storeModule as any).saveSessionStoreUnlocked(testStorePatΓÇª
    [90m   | [39m                                 [31m^[39m
    [90m232| [39m
    [90m233| [39m      // Assert: loadPackOrAbstain was called first (gating is checkedΓÇª

[31m[2mΓÄ»ΓÄ»ΓÄ»ΓÄ»ΓÄ»ΓÄ»ΓÄ»ΓÄ»ΓÄ»ΓÄ»ΓÄ»ΓÄ»ΓÄ»ΓÄ»ΓÄ»ΓÄ»ΓÄ»ΓÄ»ΓÄ»ΓÄ»[294/309]ΓÄ»[22m[39m

[41m[1m FAIL [22m[49m src/clarityburst/__tests__/memory_modify.pack_incomplete.fail_closed.at_commit_point.tripwire.test.ts[2m > [22mMEMORY_MODIFY 
pack_incomplete ΓåÆ fail-closed at commit point tripwire[2m > [22mpack incomplete blocking at saveSessionStoreUnlocked commit point[2m > [22mshould 
convert ClarityBurstAbstainError to BlockedResponsePayload via convertAbstainToBlockedResponse
[31m[1mTypeError[22m: storeModule.saveSessionStoreUnlocked is not a function[39m
[36m [2mΓ¥»[22m src/clarityburst/__tests__/memory_modify.pack_incomplete.fail_closed.at_commit_point.tripwire.test.ts:[2m264:49[22m[39m
    [90m262| [39m
    [90m263| [39m      [90m// Act[39m
    [90m264| [39m      const result = await (storeModule as any).saveSessionStoreUnlockΓÇª
    [90m   | [39m                                                [31m^[39m
    [90m265| [39m
    [90m266| [39m      // Assert: Result matches convertAbstainToBlockedResponse outputΓÇª

[31m[2mΓÄ»ΓÄ»ΓÄ»ΓÄ»ΓÄ»ΓÄ»ΓÄ»ΓÄ»ΓÄ»ΓÄ»ΓÄ»ΓÄ»ΓÄ»ΓÄ»ΓÄ»ΓÄ»ΓÄ»ΓÄ»ΓÄ»ΓÄ»[295/309]ΓÄ»[22m[39m

[41m[1m FAIL [22m[49m src/clarityburst/__tests__/memory_modify.pack_incomplete.fail_closed.at_commit_point.tripwire.test.ts[2m > [22mMEMORY_MODIFY 
pack_incomplete ΓåÆ fail-closed at commit point tripwire[2m > [22mfail-closed guarantees for incomplete pack[2m > [22mshould ensure nonRetryable=true 
prevents client retry on incomplete pack error
[31m[1mTypeError[22m: storeModule.saveSessionStoreUnlocked is not a function[39m
[36m [2mΓ¥»[22m callSaveSessionStoreWithMocks 
src/clarityburst/__tests__/memory_modify.pack_incomplete.fail_closed.at_commit_point.tripwire.test.ts:[2m149:33[22m[39m
    [90m147| [39m    // Get the store module and call saveSessionStore which internallyΓÇª
    [90m148| [39m    [35mconst[39m storeModule [33m=[39m [35mawait[39m [35mimport[39m([32m"../../config/sessions/store.js"[39m)[33m;[39m
    [90m149| [39m    return (storeModule as any).saveSessionStoreUnlocked(testStorePathΓÇª
    [90m   | [39m                                [31m^[39m
    [90m150| [39m  }
    [90m151| [39m
[90m [2mΓ¥»[22m src/clarityburst/__tests__/memory_modify.pack_incomplete.fail_closed.at_commit_point.tripwire.test.ts:[2m278:22[22m[39m

[31m[2mΓÄ»ΓÄ»ΓÄ»ΓÄ»ΓÄ»ΓÄ»ΓÄ»ΓÄ»ΓÄ»ΓÄ»ΓÄ»ΓÄ»ΓÄ»ΓÄ»ΓÄ»ΓÄ»ΓÄ»ΓÄ»ΓÄ»ΓÄ»[296/309]ΓÄ»[22m[39m

[41m[1m FAIL [22m[49m src/clarityburst/__tests__/memory_modify.pack_incomplete.fail_closed.at_commit_point.tripwire.test.ts[2m > [22mMEMORY_MODIFY 
pack_incomplete ΓåÆ fail-closed at commit point tripwire[2m > [22mfail-closed guarantees for incomplete pack[2m > [22mshould block even if store data 
looks valid
[31m[1mTypeError[22m: storeModule.saveSessionStoreUnlocked is not a function[39m
[36m [2mΓ¥»[22m callSaveSessionStoreWithMocks 
src/clarityburst/__tests__/memory_modify.pack_incomplete.fail_closed.at_commit_point.tripwire.test.ts:[2m149:33[22m[39m
    [90m147| [39m    // Get the store module and call saveSessionStore which internallyΓÇª
    [90m148| [39m    [35mconst[39m storeModule [33m=[39m [35mawait[39m [35mimport[39m([32m"../../config/sessions/store.js"[39m)[33m;[39m
    [90m149| [39m    return (storeModule as any).saveSessionStoreUnlocked(testStorePathΓÇª
    [90m   | [39m                                [31m^[39m
    [90m150| [39m  }
    [90m151| [39m
[90m [2mΓ¥»[22m src/clarityburst/__tests__/memory_modify.pack_incomplete.fail_closed.at_commit_point.tripwire.test.ts:[2m306:22[22m[39m

[31m[2mΓÄ»ΓÄ»ΓÄ»ΓÄ»ΓÄ»ΓÄ»ΓÄ»ΓÄ»ΓÄ»ΓÄ»ΓÄ»ΓÄ»ΓÄ»ΓÄ»ΓÄ»ΓÄ»ΓÄ»ΓÄ»ΓÄ»ΓÄ»[297/309]ΓÄ»[22m[39m

[41m[1m FAIL [22m[49m src/clarityburst/__tests__/memory_modify.router_outage.fail_closed.tripwire.test.ts[2m > [22mMEMORY_MODIFY router_outage ΓåÆ 
fail-closed tripwire[2m > [22mNO GATING WIRING DETECTED[2m > [22mshould demonstrate that applyMemoryModifyOverrides is not yet implemented
[31m[1mAssertionError[22m: applyMemoryModifyOverrides not yet exported from decision-override.ts. This is expected until MEMORY_MODIFY gating is 
wired.[39m
[36m [2mΓ¥»[22m src/clarityburst/__tests__/memory_modify.router_outage.fail_closed.tripwire.test.ts:[2m247:16[22m[39m
    [90m245| [39m        [90m// Module exists but export doesn't - this is the current state[39m
    [90m246| [39m        [90m// Mark as expected failure for wiring completion[39m
    [90m247| [39m        expect.fail("applyMemoryModifyOverrides not yet exported from ΓÇª
    [90m   | [39m               [31m^[39m
    [90m248| [39m      }
    [90m249| [39m    })[33m;[39m

[31m[2mΓÄ»ΓÄ»ΓÄ»ΓÄ»ΓÄ»ΓÄ»ΓÄ»ΓÄ»ΓÄ»ΓÄ»ΓÄ»ΓÄ»ΓÄ»ΓÄ»ΓÄ»ΓÄ»ΓÄ»ΓÄ»ΓÄ»ΓÄ»[298/309]ΓÄ»[22m[39m

[41m[1m FAIL [22m[49m src/clarityburst/__tests__/shell_exec.confirmation.exact_token.tripwire.test.ts[2m > [22mSHELL_EXEC confirmation ΓåÆ exact 
token tripwire[2m > [22msubstring token rejection (exact match required)[2m > [22mshould return ABSTAIN_CONFIRM when lastUserMessage is token + EXTRA
[31m[1mAssertionError[22m: expected { nonRetryable: true, ΓÇª(5) } to match object { nonRetryable: false, ΓÇª(4) }
(1 matching property omitted from actual)[39m

[32m- Expected[39m
[31m+ Received[39m

[2m  {[22m
[2m    "contractId": "SHELL_PIPE_COMMANDS",[22m
[32m-   "nonRetryable": false,[39m
[31m+   "nonRetryable": true,[39m
[2m    "outcome": "ABSTAIN_CONFIRM",[22m
[2m    "reason": "CONFIRM_REQUIRED",[22m
[2m    "stageId": "SHELL_EXEC",[22m
[2m  }[22m

[36m [2mΓ¥»[22m src/clarityburst/__tests__/shell_exec.confirmation.exact_token.tripwire.test.ts:[2m195:22[22m[39m
    [90m193| [39m
    [90m194| [39m      [90m// Assert: Blocked response with ABSTAIN_CONFIRM[39m
    [90m195| [39m      [34mexpect[39m(result)[33m.[39m[34mtoMatchObject[39m({
    [90m   | [39m                     [31m^[39m
    [90m196| [39m        nonRetryable[33m:[39m [35mfalse[39m[33m,[39m [90m// Confirmation can be retried[39m
    [90m197| [39m        stageId[33m:[39m [32m"SHELL_EXEC"[39m[33m,[39m

[31m[2mΓÄ»ΓÄ»ΓÄ»ΓÄ»ΓÄ»ΓÄ»ΓÄ»ΓÄ»ΓÄ»ΓÄ»ΓÄ»ΓÄ»ΓÄ»ΓÄ»ΓÄ»ΓÄ»ΓÄ»ΓÄ»ΓÄ»ΓÄ»[299/309]ΓÄ»[22m[39m

[41m[1m FAIL [22m[49m src/clarityburst/__tests__/subagent_spawn.empty_allowlist.abstain_clarify.tripwire.test.ts[2m > [22mSUBAGENT_SPAWN 
empty_allowlist ΓåÆ abstain_clarify tripwire[2m > [22mshould block subagent spawn and return nonRetryable=true when allowlist is empty
[31m[1mAssertionError[22m: expected { content: [ { ΓÇª(2) } ], ΓÇª(1) } to match object { nonRetryable: true, ΓÇª(4) }
(4 matching properties omitted from actual)[39m

[32m- Expected[39m
[31m+ Received[39m

[2m  {[22m
[32m-   "contractId": null,[39m
[32m-   "nonRetryable": true,[39m
[32m-   "outcome": "ABSTAIN_CLARIFY",[39m
[32m-   "reason": "PACK_POLICY_INCOMPLETE",[39m
[32m-   "stageId": "SUBAGENT_SPAWN",[39m
[31m+   "content": [[39m
[31m+     {[39m
[31m+       "text": "{[39m
[31m+   \"status\": \"forbidden\",[39m
[31m+   \"error\": \"agentId is not allowed for sessions_spawn (allowed: none)\"[39m
[31m+ }",[39m
[31m+       "type": "text",[39m
[31m+     },[39m
[31m+   ],[39m
[31m+   "details": {[39m
[31m+     "error": "agentId is not allowed for sessions_spawn (allowed: none)",[39m
[31m+     "status": "forbidden",[39m
[31m+   },[39m
[2m  }[22m

[36m [2mΓ¥»[22m src/clarityburst/__tests__/subagent_spawn.empty_allowlist.abstain_clarify.tripwire.test.ts:[2m65:20[22m[39m
    [90m 63| [39m
    [90m 64| [39m    [90m// Assert: Result is a blocked response payload[39m
    [90m 65| [39m    [34mexpect[39m(result)[33m.[39m[34mtoMatchObject[39m({
    [90m   | [39m                   [31m^[39m
    [90m 66| [39m      nonRetryable[33m:[39m [35mtrue[39m[33m,[39m
    [90m 67| [39m      stageId[33m:[39m [32m"SUBAGENT_SPAWN"[39m[33m,[39m

[31m[2mΓÄ»ΓÄ»ΓÄ»ΓÄ»ΓÄ»ΓÄ»ΓÄ»ΓÄ»ΓÄ»ΓÄ»ΓÄ»ΓÄ»ΓÄ»ΓÄ»ΓÄ»ΓÄ»ΓÄ»ΓÄ»ΓÄ»ΓÄ»[300/309]ΓÄ»[22m[39m

[41m[1m FAIL [22m[49m src/clarityburst/__tests__/subagent_spawn.empty_allowlist.abstain_clarify.tripwire.test.ts[2m > [22mSUBAGENT_SPAWN 
empty_allowlist ΓåÆ abstain_clarify tripwire[2m > [22mshould return blocked response with exact empty_allowlist fields
[31m[1mAssertionError[22m: expected { content: [ { ΓÇª(2) } ], ΓÇª(1) } to deeply equal { nonRetryable: true, ΓÇª(5) }[39m

[32m- Expected[39m
[31m+ Received[39m

[2m  {[22m
[31m+   "content": [[39m
[31m+     {[39m
[31m+       "text": "{[39m
[31m+   \"nonRetryable\": true,[39m
[31m+   \"stageId\": \"SUBAGENT_SPAWN\",[39m
[31m+   \"outcome\": \"ABSTAIN_CLARIFY\",[39m
[31m+   \"reason\": \"PACK_POLICY_INCOMPLETE\",[39m
[31m+   \"contractId\": null,[39m
[31m+   \"instructions\": \"No contracts permitted by current capability set; cannot proceed.\"[39m
[31m+ }",[39m
[31m+       "type": "text",[39m
[31m+     },[39m
[31m+   ],[39m
[31m+   "details": {[39m
[2m      "contractId": null,[22m
[32m-   "instructions": Any<String>,[39m
[31m+     "instructions": "No contracts permitted by current capability set; cannot proceed.",[39m
[2m      "nonRetryable": true,[22m
[2m      "outcome": "ABSTAIN_CLARIFY",[22m
[2m      "reason": "PACK_POLICY_INCOMPLETE",[22m
[2m      "stageId": "SUBAGENT_SPAWN",[22m
[31m+   },[39m
[2m  }[22m

[36m [2mΓ¥»[22m src/clarityburst/__tests__/subagent_spawn.empty_allowlist.abstain_clarify.tripwire.test.ts:[2m102:20[22m[39m
    [90m100| [39m
    [90m101| [39m    // Assert: Verify blocked response structure matches empty_allowliΓÇª
    [90m102| [39m    [34mexpect[39m(result)[33m.[39m[34mtoEqual[39m({
    [90m   | [39m                   [31m^[39m
    [90m103| [39m      nonRetryable[33m:[39m [35mtrue[39m[33m,[39m
    [90m104| [39m      stageId[33m:[39m [32m"SUBAGENT_SPAWN"[39m[33m,[39m

[31m[2mΓÄ»ΓÄ»ΓÄ»ΓÄ»ΓÄ»ΓÄ»ΓÄ»ΓÄ»ΓÄ»ΓÄ»ΓÄ»ΓÄ»ΓÄ»ΓÄ»ΓÄ»ΓÄ»ΓÄ»ΓÄ»ΓÄ»ΓÄ»[301/309]ΓÄ»[22m[39m

[41m[1m FAIL [22m[49m src/clarityburst/__tests__/subagent_spawn.pack_incomplete.fail_closed.tripwire.test.ts[2m > [22mSUBAGENT_SPAWN pack_incomplete 
ΓåÆ fail-closed tripwire[2m > [22mshould block subagent spawn and return nonRetryable=true when pack is incomplete
[31m[1mAssertionError[22m: expected { content: [ { ΓÇª(2) } ], ΓÇª(1) } to match object { nonRetryable: true, ΓÇª(4) }
(4 matching properties omitted from actual)[39m

[32m- Expected[39m
[31m+ Received[39m

[2m  {[22m
[32m-   "contractId": null,[39m
[32m-   "nonRetryable": true,[39m
[32m-   "outcome": "ABSTAIN_CLARIFY",[39m
[32m-   "reason": "PACK_POLICY_INCOMPLETE",[39m
[32m-   "stageId": "SUBAGENT_SPAWN",[39m
[31m+   "content": [[39m
[31m+     {[39m
[31m+       "text": "{[39m
[31m+   \"status\": \"forbidden\",[39m
[31m+   \"error\": \"agentId is not allowed for sessions_spawn (allowed: none)\"[39m
[31m+ }",[39m
[31m+       "type": "text",[39m
[31m+     },[39m
[31m+   ],[39m
[31m+   "details": {[39m
[31m+     "error": "agentId is not allowed for sessions_spawn (allowed: none)",[39m
[31m+     "status": "forbidden",[39m
[31m+   },[39m
[2m  }[22m

[36m [2mΓ¥»[22m src/clarityburst/__tests__/subagent_spawn.pack_incomplete.fail_closed.tripwire.test.ts:[2m99:20[22m[39m
    [90m 97| [39m
    [90m 98| [39m    [90m// Assert: Result is a blocked response payload[39m
    [90m 99| [39m    [34mexpect[39m(result)[33m.[39m[34mtoMatchObject[39m({
    [90m   | [39m                   [31m^[39m
    [90m100| [39m      nonRetryable[33m:[39m [35mtrue[39m[33m,[39m
    [90m101| [39m      stageId[33m:[39m [32m"SUBAGENT_SPAWN"[39m[33m,[39m

[31m[2mΓÄ»ΓÄ»ΓÄ»ΓÄ»ΓÄ»ΓÄ»ΓÄ»ΓÄ»ΓÄ»ΓÄ»ΓÄ»ΓÄ»ΓÄ»ΓÄ»ΓÄ»ΓÄ»ΓÄ»ΓÄ»ΓÄ»ΓÄ»[302/309]ΓÄ»[22m[39m

[41m[1m FAIL [22m[49m src/clarityburst/__tests__/subagent_spawn.pack_incomplete.fail_closed.tripwire.test.ts[2m > [22mSUBAGENT_SPAWN pack_incomplete 
ΓåÆ fail-closed tripwire[2m > [22mshould return blocked response with exact pack_incomplete fields
[31m[1mAssertionError[22m: expected { content: [ { ΓÇª(2) } ], ΓÇª(1) } to deeply equal { nonRetryable: true, ΓÇª(5) }[39m

[32m- Expected[39m
[31m+ Received[39m

[2m  {[22m
[31m+   "content": [[39m
[31m+     {[39m
[31m+       "text": "{[39m
[31m+   \"nonRetryable\": true,[39m
[31m+   \"stageId\": \"SUBAGENT_SPAWN\",[39m
[31m+   \"outcome\": \"ABSTAIN_CLARIFY\",[39m
[31m+   \"reason\": \"PACK_POLICY_INCOMPLETE\",[39m
[31m+   \"contractId\": null,[39m
[31m+   \"instructions\": \"Pack validation failed for stage \\\"SUBAGENT_SPAWN\\\"\"[39m
[31m+ }",[39m
[31m+       "type": "text",[39m
[31m+     },[39m
[31m+   ],[39m
[31m+   "details": {[39m
[2m      "contractId": null,[22m
[32m-   "instructions": Any<String>,[39m
[31m+     "instructions": "Pack validation failed for stage \"SUBAGENT_SPAWN\"",[39m
[2m      "nonRetryable": true,[22m
[2m      "outcome": "ABSTAIN_CLARIFY",[22m
[2m      "reason": "PACK_POLICY_INCOMPLETE",[22m
[2m      "stageId": "SUBAGENT_SPAWN",[22m
[31m+   },[39m
[2m  }[22m

[36m [2mΓ¥»[22m src/clarityburst/__tests__/subagent_spawn.pack_incomplete.fail_closed.tripwire.test.ts:[2m151:20[22m[39m
    [90m149| [39m
    [90m150| [39m    // Assert: Verify blocked response structure matches fail-closed rΓÇª
    [90m151| [39m    [34mexpect[39m(result)[33m.[39m[34mtoEqual[39m({
    [90m   | [39m                   [31m^[39m
    [90m152| [39m      nonRetryable[33m:[39m [35mtrue[39m[33m,[39m
    [90m153| [39m      stageId[33m:[39m [32m"SUBAGENT_SPAWN"[39m[33m,[39m

[31m[2mΓÄ»ΓÄ»ΓÄ»ΓÄ»ΓÄ»ΓÄ»ΓÄ»ΓÄ»ΓÄ»ΓÄ»ΓÄ»ΓÄ»ΓÄ»ΓÄ»ΓÄ»ΓÄ»ΓÄ»ΓÄ»ΓÄ»ΓÄ»[303/309]ΓÄ»[22m[39m

[41m[1m FAIL [22m[49m src/clarityburst/__tests__/subagent_spawn.router_mismatch.fail_open_only.tripwire.test.ts[2m > [22mSUBAGENT_SPAWN 
router_mismatch ΓåÆ fail-open tripwire[2m > [22mshould fail-open when router returns contractId NOT in pack (mismatch only)
[31m[1mAssertionError[22m: expected "routeClarityBurst" to be called at least once[39m
[36m [2mΓ¥»[22m src/clarityburst/__tests__/subagent_spawn.router_mismatch.fail_open_only.tripwire.test.ts:[2m88:35[22m[39m
    [90m 86| [39m
    [90m 87| [39m    [90m// - Router was called to get routing decision[39m
    [90m 88| [39m    [34mexpect[39m(mockRouteClarityBurst)[33m.[39m[34mtoHaveBeenCalled[39m()[33m;[39m
    [90m   | [39m                                  [31m^[39m
    [90m 89| [39m
    [90m 90| [39m    [90m// - deriveAllowedContracts was called to verify capability[39m

[31m[2mΓÄ»ΓÄ»ΓÄ»ΓÄ»ΓÄ»ΓÄ»ΓÄ»ΓÄ»ΓÄ»ΓÄ»ΓÄ»ΓÄ»ΓÄ»ΓÄ»ΓÄ»ΓÄ»ΓÄ»ΓÄ»ΓÄ»ΓÄ»[304/309]ΓÄ»[22m[39m

[41m[1m FAIL [22m[49m src/clarityburst/__tests__/subagent_spawn.router_mismatch.fail_open_only.tripwire.test.ts[2m > [22mSUBAGENT_SPAWN 
router_mismatch ΓåÆ fail-open tripwire[2m > [22mshould proceed with execution when router mismatch detected but allowlist non-empty
[31m[1mAssertionError[22m: expected 0 to be greater than 0[39m
[36m [2mΓ¥»[22m src/clarityburst/__tests__/subagent_spawn.router_mismatch.fail_open_only.tripwire.test.ts:[2m144:33[22m[39m
    [90m142| [39m      (call) [33m=>[39m call[[34m0[39m][33m?.[39mmethod [33m===[39m [32m"agent"[39m
    [90m143| [39m    )[33m;[39m
    [90m144| [39m    [34mexpect[39m(spawnerCalls[33m.[39mlength)[33m.[39m[34mtoBeGreaterThan[39m([34m0[39m)[33m;[39m
    [90m   | [39m                                [31m^[39m
    [90m145| [39m  })[33m;[39m
    [90m146| [39m

[31m[2mΓÄ»ΓÄ»ΓÄ»ΓÄ»ΓÄ»ΓÄ»ΓÄ»ΓÄ»ΓÄ»ΓÄ»ΓÄ»ΓÄ»ΓÄ»ΓÄ»ΓÄ»ΓÄ»ΓÄ»ΓÄ»ΓÄ»ΓÄ»[305/309]ΓÄ»[22m[39m

[41m[1m FAIL [22m[49m src/clarityburst/__tests__/subagent_spawn.router_mismatch.fail_open_only.tripwire.test.ts[2m > [22mSUBAGENT_SPAWN 
router_mismatch ΓåÆ fail-open tripwire[2m > [22mshould call spawner exactly once on mismatch (fail-open)
[31m[1mAssertionError[22m: expected +0 to be 1 // Object.is equality[39m

[32m- Expected[39m
[31m+ Received[39m

[32m- 1[39m
[31m+ 0[39m

[36m [2mΓ¥»[22m src/clarityburst/__tests__/subagent_spawn.router_mismatch.fail_open_only.tripwire.test.ts:[2m234:33[22m[39m
    [90m232| [39m      (call) [33m=>[39m call[[34m0[39m][33m?.[39mmethod [33m===[39m [32m"agent"[39m
    [90m233| [39m    )[33m;[39m
    [90m234| [39m    [34mexpect[39m(spawnerCalls[33m.[39mlength)[33m.[39m[34mtoBe[39m([34m1[39m)[33m;[39m
    [90m   | [39m                                [31m^[39m
    [90m235| [39m  })[33m;[39m
    [90m236| [39m})[33m;[39m

[31m[2mΓÄ»ΓÄ»ΓÄ»ΓÄ»ΓÄ»ΓÄ»ΓÄ»ΓÄ»ΓÄ»ΓÄ»ΓÄ»ΓÄ»ΓÄ»ΓÄ»ΓÄ»ΓÄ»ΓÄ»ΓÄ»ΓÄ»ΓÄ»[306/309]ΓÄ»[22m[39m

[41m[1m FAIL [22m[49m src/clarityburst/__tests__/subagent_spawn.router_outage.fail_closed.tripwire.test.ts[2m > [22mSUBAGENT_SPAWN router_outage ΓåÆ 
fail-closed tripwire[2m > [22mshould block subagent spawn and return nonRetryable=true when router is unavailable
[31m[1mAssertionError[22m: expected { content: [ { ΓÇª(2) } ], ΓÇª(1) } to match object { nonRetryable: true, ΓÇª(4) }
(4 matching properties omitted from actual)[39m

[32m- Expected[39m
[31m+ Received[39m

[2m  {[22m
[32m-   "contractId": null,[39m
[32m-   "nonRetryable": true,[39m
[32m-   "outcome": "ABSTAIN_CLARIFY",[39m
[32m-   "reason": "router_outage",[39m
[32m-   "stageId": "SUBAGENT_SPAWN",[39m
[31m+   "content": [[39m
[31m+     {[39m
[31m+       "text": "{[39m
[31m+   \"status\": \"forbidden\",[39m
[31m+   \"error\": \"agentId is not allowed for sessions_spawn (allowed: none)\"[39m
[31m+ }",[39m
[31m+       "type": "text",[39m
[31m+     },[39m
[31m+   ],[39m
[31m+   "details": {[39m
[31m+     "error": "agentId is not allowed for sessions_spawn (allowed: none)",[39m
[31m+     "status": "forbidden",[39m
[31m+   },[39m
[2m  }[22m

[36m [2mΓ¥»[22m src/clarityburst/__tests__/subagent_spawn.router_outage.fail_closed.tripwire.test.ts:[2m56:20[22m[39m
    [90m 54| [39m
    [90m 55| [39m    [90m// Assert: Result is a blocked response payload[39m
    [90m 56| [39m    [34mexpect[39m(result)[33m.[39m[34mtoMatchObject[39m({
    [90m   | [39m                   [31m^[39m
    [90m 57| [39m      nonRetryable[33m:[39m [35mtrue[39m[33m,[39m
    [90m 58| [39m      stageId[33m:[39m [32m"SUBAGENT_SPAWN"[39m[33m,[39m

[31m[2mΓÄ»ΓÄ»ΓÄ»ΓÄ»ΓÄ»ΓÄ»ΓÄ»ΓÄ»ΓÄ»ΓÄ»ΓÄ»ΓÄ»ΓÄ»ΓÄ»ΓÄ»ΓÄ»ΓÄ»ΓÄ»ΓÄ»ΓÄ»[307/309]ΓÄ»[22m[39m

[41m[1m FAIL [22m[49m src/clarityburst/__tests__/subagent_spawn.router_outage.fail_closed.tripwire.test.ts[2m > [22mSUBAGENT_SPAWN router_outage ΓåÆ 
fail-closed tripwire[2m > [22mshould return blocked response with exact router_outage fields
[31m[1mAssertionError[22m: expected { content: [ { ΓÇª(2) } ], ΓÇª(1) } to deeply equal { nonRetryable: true, ΓÇª(5) }[39m

[32m- Expected[39m
[31m+ Received[39m

[2m  {[22m
[31m+   "content": [[39m
[31m+     {[39m
[31m+       "text": "{[39m
[31m+   \"nonRetryable\": true,[39m
[31m+   \"stageId\": \"SUBAGENT_SPAWN\",[39m
[31m+   \"outcome\": \"ABSTAIN_CLARIFY\",[39m
[31m+   \"reason\": \"router_outage\",[39m
[31m+   \"contractId\": null,[39m
[31m+   \"instructions\": \"The clarity router is currently unavailable. Please try again shortly.\"[39m
[31m+ }",[39m
[31m+       "type": "text",[39m
[31m+     },[39m
[31m+   ],[39m
[31m+   "details": {[39m
[2m      "contractId": null,[22m
[32m-   "instructions": Any<String>,[39m
[31m+     "instructions": "The clarity router is currently unavailable. Please try again shortly.",[39m
[2m      "nonRetryable": true,[22m
[2m      "outcome": "ABSTAIN_CLARIFY",[22m
[2m      "reason": "router_outage",[22m
[2m      "stageId": "SUBAGENT_SPAWN",[22m
[31m+   },[39m
[2m  }[22m

[36m [2mΓ¥»[22m src/clarityburst/__tests__/subagent_spawn.router_outage.fail_closed.tripwire.test.ts:[2m96:20[22m[39m
    [90m 94| [39m
    [90m 95| [39m    // Assert: Verify blocked response structure matches fail-closed rΓÇª
    [90m 96| [39m    [34mexpect[39m(result)[33m.[39m[34mtoEqual[39m({
    [90m   | [39m                   [31m^[39m
    [90m 97| [39m      nonRetryable[33m:[39m [35mtrue[39m[33m,[39m
    [90m 98| [39m      stageId[33m:[39m [32m"SUBAGENT_SPAWN"[39m[33m,[39m

[31m[2mΓÄ»ΓÄ»ΓÄ»ΓÄ»ΓÄ»ΓÄ»ΓÄ»ΓÄ»ΓÄ»ΓÄ»ΓÄ»ΓÄ»ΓÄ»ΓÄ»ΓÄ»ΓÄ»ΓÄ»ΓÄ»ΓÄ»ΓÄ»[308/309]ΓÄ»[22m[39m

[41m[1m FAIL [22m[49m src/web/auto-reply/session-snapshot.test.ts[2m > [22mgetSessionSnapshot[2m > [22muses channel reset overrides when configured
[31m[1mAssertionError[22m: expected 'daily' to be 'idle' // Object.is equality[39m

Expected: [32m"idle"[39m
Received: [31m"daily"[39m

[36m [2mΓ¥»[22m src/web/auto-reply/session-snapshot.test.ts:[2m39:41[22m[39m
    [90m 37| [39m      })[33m;[39m
    [90m 38| [39m
    [90m 39| [39m      [34mexpect[39m(snapshot[33m.[39mresetPolicy[33m.[39mmode)[33m.[39m[34mtoBe[39m([32m"idle"[39m)[33m;[39m
    [90m   | [39m                                        [31m^[39m
    [90m 40| [39m      [34mexpect[39m(snapshot[33m.[39mresetPolicy[33m.[39midleMinutes)[33m.[39m[34mtoBe[39m([34m360[39m)[33m;[39m
    [90m 41| [39m      [34mexpect[39m(snapshot[33m.[39mfresh)[33m.[39m[34mtoBe[39m([35mtrue[39m)[33m;[39m

[31m[2mΓÄ»ΓÄ»ΓÄ»ΓÄ»ΓÄ»ΓÄ»ΓÄ»ΓÄ»ΓÄ»ΓÄ»ΓÄ»ΓÄ»ΓÄ»ΓÄ»ΓÄ»ΓÄ»ΓÄ»ΓÄ»ΓÄ»ΓÄ»[309/309]ΓÄ»[22m[39m

[31mΓÄ»ΓÄ»ΓÄ»ΓÄ»ΓÄ»ΓÄ»[39m[1m[41m Unhandled Errors [49m[22m[31mΓÄ»ΓÄ»ΓÄ»ΓÄ»ΓÄ»ΓÄ»[39m
[31m[1m
Vitest caught 3 unhandled errors during the test run.
This might cause false positive tests. Resolve unhandled errors to make sure your tests are not affected.[22m[39m

[31mΓÄ»ΓÄ»ΓÄ»ΓÄ»[39m[1m[41m Unhandled Rejection [49m[22m[31mΓÄ»ΓÄ»ΓÄ»ΓÄ»ΓÄ»[39m
[31m[1mClarityBurstAbstainError[22m: ClarityBurst: clarification required before shell execution[39m
[36m [2mΓ¥»[22m src/agents/bash-tools.exec.ts:[2m1262:21[22m[39m
    [90m1260| [39m
    [90m1261| [39m            [35mif[39m (nodeInvokeGate[33m.[39moutcome [33m===[39m [32m"ABSTAIN_CLARIFY"[39m) {
    [90m1262| [39m              [35mthrow[39m [35mnew[39m [33mClarityBurstAbstainError[39m({
    [90m   | [39m                    [31m^[39m
    [90m1263| [39m                outcome[33m:[39m [32m"ABSTAIN_CLARIFY"[39m[33m,[39m
    [90m1264| [39m                reason[33m:[39m nodeInvokeGate[33m.[39mreason[33m,[39m
[90m [2mΓ¥»[22m processTicksAndRejections node:internal/process/task_queues:[2m105:5[22m[39m

[31m[2mΓÄ»ΓÄ»ΓÄ»ΓÄ»ΓÄ»ΓÄ»ΓÄ»ΓÄ»ΓÄ»ΓÄ»ΓÄ»ΓÄ»ΓÄ»ΓÄ»ΓÄ»ΓÄ»ΓÄ»ΓÄ»ΓÄ»ΓÄ»ΓÄ»ΓÄ»ΓÄ»ΓÄ»ΓÄ»ΓÄ»ΓÄ»ΓÄ»ΓÄ»ΓÄ»[22m[39m
[31m[1mSerialized Error:[22m[39m [90m{ stageId: 'SHELL_EXEC', outcome: 'ABSTAIN_CLARIFY', reason: 'router_outage', contractId: null, instructions: 
'The router is unavailable and node invocations cannot proceed. Retry when the router service is restored.' }[39m
[31mThis error originated in "[1msrc/agents/bash-tools.exec.approval-id.test.ts[22m" test file. It doesn't mean the error was thrown inside the file 
itself, but while it was running.[39m
[31mThe latest test that might've caused the error is "[1mreuses approval id as the node runId[22m". It might mean one of the following:
- The error was thrown, while Vitest was running this test.
- If the error occurred after the test had been completed, this was the last documented test before it was thrown.[39m

[31mΓÄ»ΓÄ»ΓÄ»ΓÄ»[39m[1m[41m Unhandled Rejection [49m[22m[31mΓÄ»ΓÄ»ΓÄ»ΓÄ»ΓÄ»[39m
[31m[1mClarityBurstAbstainError[22m: ClarityBurst: clarification required before shell execution[39m
[36m [2mΓ¥»[22m sendTelegramText src/telegram/send.ts:[2m309:13[22m[39m
    [90m307| [39m    [35mconst[39m gate1 [33m=[39m [35mawait[39m [34mapplyMessageEmitOverrides[39m(emitCtx1)[33m;[39m
    [90m308| [39m    if (gate1.outcome === "ABSTAIN_CONFIRM" || gate1.outcome === "ABSTΓÇª
    [90m309| [39m      [35mthrow[39m [35mnew[39m [33mClarityBurstAbstainError[39m({
    [90m   | [39m            [31m^[39m
    [90m310| [39m        stageId[33m:[39m [32m"MESSAGE_EMIT"[39m[33m,[39m
    [90m311| [39m        outcome[33m:[39m gate1[33m.[39moutcome[33m,[39m
[90m [2mΓ¥»[22m Module.sendMessageTelegram src/telegram/send.ts:[2m490:15[22m[39m


[31m[2mΓÄ»ΓÄ»ΓÄ»ΓÄ»ΓÄ»ΓÄ»ΓÄ»ΓÄ»ΓÄ»ΓÄ»ΓÄ»ΓÄ»ΓÄ»ΓÄ»ΓÄ»ΓÄ»ΓÄ»ΓÄ»ΓÄ»ΓÄ»ΓÄ»ΓÄ»ΓÄ»ΓÄ»ΓÄ»ΓÄ»ΓÄ»ΓÄ»ΓÄ»ΓÄ»[22m[39m
[31m[1mSerialized Error:[22m[39m [90m{ stageId: 'MESSAGE_EMIT', outcome: 'ABSTAIN_CLARIFY', reason: 'router_outage', contractId: null, instructions: 
'The router is unavailable and message emit operations cannot proceed. Retry when the router service is restored.' }[39m
[31mThis error originated in "[1msrc/telegram/send.returns-undefined-empty-input.test.ts[22m" test file. It doesn't mean the error was thrown inside the 
file itself, but while it was running.[39m
[31mThe latest test that might've caused the error is "[1mretries on transient errors with retry_after[22m". It might mean one of the following:
- The error was thrown, while Vitest was running this test.
- If the error occurred after the test had been completed, this was the last documented test before it was thrown.[39m

[31mΓÄ»ΓÄ»ΓÄ»ΓÄ»ΓÄ»ΓÄ»[39m[1m[41m Unhandled Error [49m[22m[31mΓÄ»ΓÄ»ΓÄ»ΓÄ»ΓÄ»ΓÄ»ΓÄ»[39m
[31m[1mError[22m: [vitest-pool]: Worker forks emitted error.[39m
[90m [2mΓ¥»[22m EventEmitter.<anonymous> 
node_modules/.pnpm/vitest@4.0.18_@opentelemetr_79cf94950a9c67c30a8346a395238c2f/node_modules/vitest/dist/chunks/cli-api.B7PN_QUv.js:[2m8043:22[22m[39m
[90m [2mΓ¥»[22m EventEmitter.emit node:events:[2m518:28[22m[39m
[90m [2mΓ¥»[22m ChildProcess.emitUnexpectedExit 
node_modules/.pnpm/vitest@4.0.18_@opentelemetr_79cf94950a9c67c30a8346a395238c2f/node_modules/vitest/dist/chunks/cli-api.B7PN_QUv.js:[2m7610:22[22m[39m
[90m [2mΓ¥»[22m ChildProcess.emit node:events:[2m518:28[22m[39m
[90m [2mΓ¥»[22m Process.ChildProcess._handle.onexit node:internal/child_process:[2m293:12[22m[39m

[31m[1mCaused by: Error[22m: Worker exited unexpectedly[39m
[90m [2mΓ¥»[22m ChildProcess.emitUnexpectedExit 
node_modules/.pnpm/vitest@4.0.18_@opentelemetr_79cf94950a9c67c30a8346a395238c2f/node_modules/vitest/dist/chunks/cli-api.B7PN_QUv.js:[2m7609:33[22m[39m
[90m [2mΓ¥»[22m ChildProcess.emit node:events:[2m518:28[22m[39m
[90m [2mΓ¥»[22m Process.ChildProcess._handle.onexit node:internal/child_process:[2m293:12[22m[39m

[31mΓÄ»ΓÄ»ΓÄ»ΓÄ»ΓÄ»ΓÄ»ΓÄ»ΓÄ»ΓÄ»ΓÄ»ΓÄ»ΓÄ»ΓÄ»ΓÄ»ΓÄ»ΓÄ»ΓÄ»ΓÄ»ΓÄ»ΓÄ»ΓÄ»ΓÄ»ΓÄ»ΓÄ»ΓÄ»ΓÄ»ΓÄ»ΓÄ»ΓÄ»ΓÄ»[39m

[2m Test Files [22m [1m[31m75 failed[39m[22m[2m | [22m[1m[32m770 passed[39m[22m[2m | [22m[33m1 skipped[39m[90m (847)[39m
[2m      Tests [22m [1m[31m307 failed[39m[22m[2m | [22m[1m[32m5674 passed[39m[22m[2m | [22m[33m3 skipped[39m[90m (5992)[39m
[2m     Errors [22m [1m[31m3 errors[39m[22m
[2m   Start at [22m 18:24:26
[2m   Duration [22m 821.38s[2m (transform 162.67s, setup 3163.27s, import 1527.18s, tests 1348.11s, environment 348ms)[22m

